12-30 16:41:03.351 D/AndroidRuntime(17444): Calling main entry com.android.commands.input.Input
12-30 16:41:03.351 I/SendKeyEvent(17444): 3
12-30 16:41:03.359 D/WindowManager( 1468): interceptKeyTi keyCode=3 down=true repeatCount=0 keyguardOn=false mHomePressed=false
12-30 16:41:03.359 I/WindowManager( 1468): interceptKeyTi().hapticsEnabled = false
12-30 16:41:03.359 D/WindowManager( 1468): interceptKeyTi keyCode=3 down=false repeatCount=0 keyguardOn=false mHomePressed=true
12-30 16:41:03.359 I/WindowManager( 1468): interceptKeyTi().hapticsEnabled = false
12-30 16:41:03.359 D/PowerManagerService( 1468): userActivity mLastEventTime=443492833 time=443493433 mUserActivityAllowed=true mUserState=0x3 mWakeLockState=0x3 mProximitySensorActive=false timeoutOverride=-1 force=false
12-30 16:41:03.359 D/PowerManagerService( 1468): reactivateScreenLocksLocked mProxIgnoredBecauseScreenTurnedOff=false
12-30 16:41:03.359 D/PowerManagerService( 1468): setPowerState: mPowerState=0x3 newState=0x3 noChangeLights=false reason=2
12-30 16:41:03.359 D/PowerManagerService( 1468): setTimeoutLocked now=443493433 timeoutOverride=-1 nextState=3 when=443499433
12-30 16:41:03.375 I/ActivityManager( 1468): Starting: Intent { act=android.intent.action.MAIN cat=[android.intent.category.HOME] flg=0x10200000 cmp=net.qihoo.launcher/.Launcher } from pid 1468
12-30 16:41:03.398 D/AndroidRuntime(17444): Shutting down VM
12-30 16:41:03.406 D/dalvikvm(17444): GC_CONCURRENT freed 98K, 72% free 290K/1024K, external 0K/0K, paused 1ms+1ms
12-30 16:41:03.406 D/jdwp    (17444): adbd disconnected
12-30 16:41:03.406 I/AndroidRuntime(17444): NOTE: attach of thread 'Binder Thread #2' failed
12-30 16:41:03.468 W/WindowManager( 1468): updateFocusedWindowLocked newFocus=Window{40880818 net.qihoo.launcher/net.qihoo.launcher.Launcher paused=false} mode=3 mCurrentFocus = Window{40880818 net.qihoo.launcher/net.qihoo.launcher.Launcher paused=false}
12-30 16:41:03.476 I/WindowManager( 1468): force=false top=Window{40880818 net.qihoo.launcher/net.qihoo.launcher.Launcher paused=false}
12-30 16:41:03.476 V/WindowManager( 1468): finishLayoutLw::mHideKeyguard=false
12-30 16:41:03.476 D/KeyguardViewMediator( 1468): setHidden false
12-30 16:41:03.484 I/ConnectivityService( 1468): [getActiveNetworkInfo] mActiveDefaultNetwork = 1
12-30 16:41:03.500 D/PowerManagerService( 1468): setScreenBrightnessOverride -1
12-30 16:41:03.500 I/WindowManager( 1468): force=false top=Window{40880818 net.qihoo.launcher/net.qihoo.launcher.Launcher paused=false}
12-30 16:41:03.500 D/PowerManagerService( 1468): setButtonBrightnessOverride -1
12-30 16:41:03.507 V/WindowManager( 1468): finishLayoutLw::mHideKeyguard=false
12-30 16:41:03.507 D/KeyguardViewMediator( 1468): setHidden false
12-30 16:41:03.507 D/PowerManagerService( 1468): setScreenBrightnessOverride -1
12-30 16:41:03.507 D/PowerManagerService( 1468): setButtonBrightnessOverride -1
12-30 16:41:03.507 W/WindowManager( 1468): updateFocusedWindowLocked newFocus=Window{40880818 net.qihoo.launcher/net.qihoo.launcher.Launcher paused=false} mode=0 mCurrentFocus = Window{40880818 net.qihoo.launcher/net.qihoo.launcher.Launcher paused=false}
12-30 16:41:03.734 D/dalvikvm(11098): GC_EXTERNAL_ALLOC freed 26K, 52% free 4720K/9671K, external 15584K/15593K, paused 136ms
12-30 16:41:03.984 W/AudioService( 1468): stream: 3 was already muted by this client
12-30 16:41:04.007 D/AndroidRuntime(17453):
12-30 16:41:04.007 D/AndroidRuntime(17453): >>>>>> AndroidRuntime START com.android.internal.os.RuntimeInit <<<<<<
12-30 16:41:04.015 D/AndroidRuntime(17453): CheckJNI is OFF
12-30 16:41:04.281 D/android_net_wifi_Twapi(17453): --- register_android_net_wifi_TwNative---
12-30 16:41:04.281 E/TwNative_Jni(17453): register_android_net_wifi_TwNative
12-30 16:41:04.281 D/android_net_wifi_Twapi(17453): ---ret =0
12-30 16:41:04.367 D/AndroidRuntime(17453): Calling main entry com.android.commands.am.Am
12-30 16:41:04.390 D/AndroidRuntime(17453): Shutting down VM
12-30 16:41:04.390 D/dalvikvm(17453): GC_CONCURRENT freed 100K, 69% free 320K/1024K, external 0K/0K, paused 0ms+1ms
12-30 16:41:04.398 D/jdwp    (17453): adbd disconnected
12-30 16:41:04.398 I/AndroidRuntime(17453): NOTE: attach of thread 'Binder Thread #3' failed
12-30 16:41:04.992 W/AudioService( 1468): stream: 3 was already muted by this client
12-30 16:41:04.992 I/TestinExternalLog(1): <<<<<<< Starting Package com.giant.brizzle >>>>>>>
12-30 16:41:05.664 D/AndroidRuntime(17463):
12-30 16:41:05.664 D/AndroidRuntime(17463): >>>>>> AndroidRuntime START com.android.internal.os.RuntimeInit <<<<<<
12-30 16:41:05.664 D/AndroidRuntime(17463): CheckJNI is OFF
12-30 16:41:05.929 D/android_net_wifi_Twapi(17463): --- register_android_net_wifi_TwNative---
12-30 16:41:05.929 E/TwNative_Jni(17463): register_android_net_wifi_TwNative
12-30 16:41:05.929 D/android_net_wifi_Twapi(17463): ---ret =0
12-30 16:41:05.984 W/AudioService( 1468): stream: 3 was already muted by this client
12-30 16:41:06.015 D/AndroidRuntime(17463): Calling main entry com.android.commands.am.Am
12-30 16:41:06.031 D/ActivityThread( 1468): test selfappwidget  getPackageInfo,packageInfo 111,b=false
12-30 16:41:06.031 I/ActivityManager( 1468): Starting: Intent { act=android.intent.action.MAIN flg=0x10000000 cmp=com.giant.brizzle/.Brizzle } from pid 17463
12-30 16:41:06.039 D/PowerManagerService( 1468): acquireWakeLock flags=0x1 tag=ActivityManager-Launch
12-30 16:41:06.062 I/ActivityManager( 1468): Start proc com.giant.brizzle for activity com.giant.brizzle/.Brizzle: pid=17471 uid=10038 gids={3003}
12-30 16:41:06.109 D/PowerManagerService( 1468): setKeyboardVisibility: false
12-30 16:41:06.117 W/WindowManager( 1468): updateFocusedWindowLocked newFocus=null mode=0 mCurrentFocus = Window{40880818 net.qihoo.launcher/net.qihoo.launcher.Launcher paused=false}
12-30 16:41:06.132 I/WindowManager( 1468): force=false top=null
12-30 16:41:06.132 V/WindowManager( 1468): finishLayoutLw::mHideKeyguard=false
12-30 16:41:06.132 D/KeyguardViewMediator( 1468): setHidden false
12-30 16:41:06.132 D/PowerManagerService( 1468): setScreenBrightnessOverride -1
12-30 16:41:06.132 D/PowerManagerService( 1468): setButtonBrightnessOverride -1
12-30 16:41:06.140 D/ActivityThread(17471): test selfappwidget  getPackageInfo,packageInfo 111,b=true
12-30 16:41:06.140 D/ActivityThread(17471): test selfappwidget  handleBindApplication,packageInfo 000=android.app.LoadedApk@40513c70
12-30 16:41:06.187 D/ActivityThread(17471): test selfappwidget  getPackageInfo,packageInfo 000=android.app.LoadedApk@40513c70
12-30 16:41:06.234 D/Cocos2dxActivity(17471): model=ZTE-T U880
12-30 16:41:06.234 D/Cocos2dxActivity(17471): product=U880
12-30 16:41:06.234 D/Cocos2dxActivity(17471): isEmulator=false
12-30 16:41:06.273 I/WindowManager( 1468): force=false top=null
12-30 16:41:06.273 W/WindowManager( 1468): updateFocusedWindowLocked newFocus=Window{40815630 com.giant.brizzle/com.giant.brizzle.Brizzle paused=false} mode=3 mCurrentFocus = null
12-30 16:41:06.281 V/WindowManager( 1468): finishLayoutLw::mHideKeyguard=false
12-30 16:41:06.281 D/KeyguardViewMediator( 1468): setHidden false
12-30 16:41:06.289 D/PowerManagerService( 1468): setScreenBrightnessOverride -1
12-30 16:41:06.289 D/PowerManagerService( 1468): setButtonBrightnessOverride -1
12-30 16:41:06.304 I/WindowManager( 1468): force=false top=null
12-30 16:41:06.304 V/WindowManager( 1468): finishLayoutLw::mHideKeyguard=false
12-30 16:41:06.304 D/KeyguardViewMediator( 1468): setHidden false
12-30 16:41:06.312 D/PowerManagerService( 1468): setScreenBrightnessOverride -1
12-30 16:41:06.312 D/PowerManagerService( 1468): setButtonBrightnessOverride -1
12-30 16:41:06.334 V/kernel  (17190): <6>[443496.403198] pmem: valid master_file(0xc6ff4c20)
12-30 16:41:06.343 I/WindowManager( 1468): force=false top=null
12-30 16:41:06.343 V/WindowManager( 1468): finishLayoutLw::mHideKeyguard=false
12-30 16:41:06.343 W/WindowManager( 1468): updateFocusedWindowLocked newFocus=Window{40815630 com.giant.brizzle/com.giant.brizzle.Brizzle paused=false} mode=3 mCurrentFocus = Window{40815630 com.giant.brizzle/com.giant.brizzle.Brizzle paused=false}
12-30 16:41:06.351 D/KeyguardViewMediator( 1468): setHidden false
12-30 16:41:06.351 D/PowerManagerService( 1468): setScreenBrightnessOverride -1
12-30 16:41:06.351 D/PowerManagerService( 1468): setButtonBrightnessOverride -1
12-30 16:41:06.359 D/libEGL  (17471): loaded /system/lib/egl/libEGL_MRVL.so
12-30 16:41:06.367 I/WindowManager( 1468): force=false top=null
12-30 16:41:06.367 V/WindowManager( 1468): finishLayoutLw::mHideKeyguard=false
12-30 16:41:06.367 D/KeyguardViewMediator( 1468): setHidden false
12-30 16:41:06.375 I/WindowManager( 1468): force=false top=Window{40815630 com.giant.brizzle/com.giant.brizzle.Brizzle paused=false}
12-30 16:41:06.375 D/PowerManagerService( 1468): setScreenBrightnessOverride -1
12-30 16:41:06.375 D/PowerManagerService( 1468): setButtonBrightnessOverride -1
12-30 16:41:06.382 V/WindowManager( 1468): finishLayoutLw::mHideKeyguard=false
12-30 16:41:06.382 D/KeyguardViewMediator( 1468): setHidden false
12-30 16:41:06.398 D/libEGL  (17471): loaded /system/lib/egl/libGLESv1_CM_MRVL.so
12-30 16:41:06.406 W/WindowManager( 1468): updateFocusedWindowLocked newFocus=Window{40815630 com.giant.brizzle/com.giant.brizzle.Brizzle paused=false} mode=2 mCurrentFocus = Window{40815630 com.giant.brizzle/com.giant.brizzle.Brizzle paused=false}
12-30 16:41:06.406 W/WindowManager( 1468): updateFocusedWindowLocked newFocus=Window{40815630 com.giant.brizzle/com.giant.brizzle.Brizzle paused=false} mode=2 mCurrentFocus = Window{40815630 com.giant.brizzle/com.giant.brizzle.Brizzle paused=false}
12-30 16:41:06.414 I/WindowManager( 1468): force=false top=Window{40815630 com.giant.brizzle/com.giant.brizzle.Brizzle paused=false}
12-30 16:41:06.414 V/WindowManager( 1468): finishLayoutLw::mHideKeyguard=false
12-30 16:41:06.414 D/KeyguardViewMediator( 1468): setHidden false
12-30 16:41:06.421 D/PowerManagerService( 1468): setScreenBrightnessOverride -1
12-30 16:41:06.421 I/WindowManager( 1468): force=false top=Window{40815630 com.giant.brizzle/com.giant.brizzle.Brizzle paused=false}
12-30 16:41:06.421 V/WindowManager( 1468): finishLayoutLw::mHideKeyguard=false
12-30 16:41:06.421 D/KeyguardViewMediator( 1468): setHidden false
12-30 16:41:06.421 D/PowerManagerService( 1468): setButtonBrightnessOverride -1
12-30 16:41:06.429 I/WindowManager( 1468): force=false top=Window{40815630 com.giant.brizzle/com.giant.brizzle.Brizzle paused=false}
12-30 16:41:06.429 V/WindowManager( 1468): finishLayoutLw::mHideKeyguard=false
12-30 16:41:06.429 D/PowerManagerService( 1468): setScreenBrightnessOverride -1
12-30 16:41:06.429 D/PowerManagerService( 1468): setButtonBrightnessOverride -1
12-30 16:41:06.429 W/WindowManager( 1468): updateFocusedWindowLocked newFocus=Window{40815630 com.giant.brizzle/com.giant.brizzle.Brizzle paused=false} mode=3 mCurrentFocus = Window{40815630 com.giant.brizzle/com.giant.brizzle.Brizzle paused=false}
12-30 16:41:06.437 D/KeyguardViewMediator( 1468): setHidden false
12-30 16:41:06.437 D/PowerManagerService( 1468): setScreenBrightnessOverride -1
12-30 16:41:06.437 D/PowerManagerService( 1468): setButtonBrightnessOverride -1
12-30 16:41:06.445 I/ActivityManager( 1468): Displayed com.giant.brizzle/.Brizzle: +391ms
12-30 16:41:06.453 D/AndroidRuntime(17463): Shutting down VM
12-30 16:41:06.453 I/WindowManager( 1468): force=false top=Window{40815630 com.giant.brizzle/com.giant.brizzle.Brizzle paused=false}
12-30 16:41:06.453 V/WindowManager( 1468): finishLayoutLw::mHideKeyguard=false
12-30 16:41:06.453 D/KeyguardViewMediator( 1468): setHidden false
12-30 16:41:06.475 V/kernel  (17190): <6>[443496.544708] pmem: valid master_file(0xded834e0)
12-30 16:41:06.481 V/kernel  (17190): <6>[443496.550170] pmem: valid master_file(0xca64cf60)
12-30 16:41:06.476 D/PowerManagerService( 1468): setScreenBrightnessOverride -1
12-30 16:41:06.476 I/WindowManager( 1468): force=false top=Window{40815630 com.giant.brizzle/com.giant.brizzle.Brizzle paused=false}
12-30 16:41:06.476 V/WindowManager( 1468): finishLayoutLw::mHideKeyguard=false
12-30 16:41:06.476 D/KeyguardViewMediator( 1468): setHidden false
12-30 16:41:06.476 D/PowerManagerService( 1468): setButtonBrightnessOverride -1
12-30 16:41:06.484 D/dalvikvm(17463): GC_CONCURRENT freed 102K, 69% free 324K/1024K, external 0K/0K, paused 0ms+1ms
12-30 16:41:06.484 D/jdwp    (17463): adbd disconnected
12-30 16:41:06.500 D/PowerManagerService( 1468): setScreenBrightnessOverride -1
12-30 16:41:06.500 D/PowerManagerService( 1468): setButtonBrightnessOverride -1
12-30 16:41:06.523 I/WindowManager( 1468): force=false top=Window{40815630 com.giant.brizzle/com.giant.brizzle.Brizzle paused=false}
12-30 16:41:06.523 V/WindowManager( 1468): finishLayoutLw::mHideKeyguard=false
12-30 16:41:06.523 W/WindowManager( 1468): updateFocusedWindowLocked newFocus=Window{40815630 com.giant.brizzle/com.giant.brizzle.Brizzle paused=false} mode=3 mCurrentFocus = Window{40815630 com.giant.brizzle/com.giant.brizzle.Brizzle paused=false}
12-30 16:41:06.531 D/KeyguardViewMediator( 1468): setHidden false
12-30 16:41:06.546 D/libEGL  (17471): loaded /system/lib/egl/libGLESv2_MRVL.so
12-30 16:41:06.546 I/AndroidRuntime(17463): NOTE: attach of thread 'Binder Thread #3' failed
12-30 16:41:06.562 D/PowerManagerService( 1468): setScreenBrightnessOverride -1
12-30 16:41:06.562 I/WindowManager( 1468): force=false top=Window{40815630 com.giant.brizzle/com.giant.brizzle.Brizzle paused=false}
12-30 16:41:06.562 V/WindowManager( 1468): finishLayoutLw::mHideKeyguard=false
12-30 16:41:06.562 D/KeyguardViewMediator( 1468): setHidden false
12-30 16:41:06.562 D/PowerManagerService( 1468): setButtonBrightnessOverride -1
12-30 16:41:06.578 D/PowerManagerService( 1468): setScreenBrightnessOverride -1
12-30 16:41:06.578 D/PowerManagerService( 1468): setButtonBrightnessOverride -1
12-30 16:41:06.585 I/WindowManager( 1468): force=false top=Window{40815630 com.giant.brizzle/com.giant.brizzle.Brizzle paused=false}
12-30 16:41:06.593 V/WindowManager( 1468): finishLayoutLw::mHideKeyguard=false
12-30 16:41:06.593 D/KeyguardViewMediator( 1468): setHidden false
12-30 16:41:06.593 I/WindowManager( 1468): force=false top=Window{40815630 com.giant.brizzle/com.giant.brizzle.Brizzle paused=false}
12-30 16:41:06.593 V/WindowManager( 1468): finishLayoutLw::mHideKeyguard=false
12-30 16:41:06.593 D/KeyguardViewMediator( 1468): setHidden false
12-30 16:41:06.593 D/PowerManagerService( 1468): setScreenBrightnessOverride -1
12-30 16:41:06.593 D/PowerManagerService( 1468): setButtonBrightnessOverride -1
12-30 16:41:06.609 D/PowerManagerService( 1468): setScreenBrightnessOverride -1
12-30 16:41:06.609 D/PowerManagerService( 1468): setButtonBrightnessOverride -1
12-30 16:41:06.617 I/WindowManager( 1468): force=false top=Window{40815630 com.giant.brizzle/com.giant.brizzle.Brizzle paused=false}
12-30 16:41:06.617 W/WindowManager( 1468): updateFocusedWindowLocked newFocus=Window{40815630 com.giant.brizzle/com.giant.brizzle.Brizzle paused=false} mode=0 mCurrentFocus = Window{40815630 com.giant.brizzle/com.giant.brizzle.Brizzle paused=false}
12-30 16:41:06.617 V/WindowManager( 1468): finishLayoutLw::mHideKeyguard=false
12-30 16:41:06.617 D/PowerManagerService( 1468): setScreenBrightnessOverride -1
12-30 16:41:06.617 D/KeyguardViewMediator( 1468): setHidden false
12-30 16:41:06.617 I/TestinExternalLog(1): Displayed com.giant.brizzle/com.giant.brizzle.Brizzle: +391ms
12-30 16:41:06.617 D/PowerManagerService( 1468): setButtonBrightnessOverride -1
12-30 16:41:06.632 I/WindowManager( 1468): force=false top=Window{40815630 com.giant.brizzle/com.giant.brizzle.Brizzle paused=false}
12-30 16:41:06.632 V/WindowManager( 1468): finishLayoutLw::mHideKeyguard=false
12-30 16:41:06.632 D/KeyguardViewMediator( 1468): setHidden false
12-30 16:41:06.640 D/PowerManagerService( 1468): setScreenBrightnessOverride -1
12-30 16:41:06.640 D/PowerManagerService( 1468): setButtonBrightnessOverride -1
12-30 16:41:06.641 V/kernel  (17190): <6>[443496.710784] pmem: valid master_file(0xc6bf8ac0)
12-30 16:41:06.648 I/WindowManager( 1468): force=false top=Window{40815630 com.giant.brizzle/com.giant.brizzle.Brizzle paused=false}
12-30 16:41:06.648 V/WindowManager( 1468): finishLayoutLw::mHideKeyguard=false
12-30 16:41:06.648 D/KeyguardViewMediator( 1468): setHidden false
12-30 16:41:06.664 D/PowerManagerService( 1468): setScreenBrightnessOverride -1
12-30 16:41:06.664 D/PowerManagerService( 1468): setButtonBrightnessOverride -1
12-30 16:41:06.695 D/GC      (17471): <tid=17479> GC Version   : GC Ver0.8.0.4026-TD-Gingerbread-Beta5-SP4
12-30 16:41:06.695 D/GC      (17471):
12-30 16:41:06.726 D/cocos2d-x debug info(17471):
12-30 16:41:06.726 D/cocos2d-x debug info(17471): <dict>
12-30 16:41:06.726 D/cocos2d-x debug info(17471): 	cocos2d.x.version: 2.2.1
12-30 16:41:06.726 D/cocos2d-x debug info(17471): 	cocos2d.x.compiled_with_profiler: false
12-30 16:41:06.726 D/cocos2d-x debug info(17471): 	cocos2d.x.compiled_with_gl_state_cache: true
12-30 16:41:06.726 D/cocos2d-x debug info(17471): 	gl.vendor: Marvell Technology Group Ltd
12-30 16:41:06.726 D/cocos2d-x debug info(17471): 	gl.renderer: GC530 core
12-30 16:41:06.726 D/cocos2d-x debug info(17471): 	gl.version: OpenGL ES 2.0
12-30 16:41:06.726 D/cocos2d-x debug info(17471): 	gl.max_texture_size: 2048
12-30 16:41:06.726 D/cocos2d-x debug info(17471): 	gl.max_texture_units: 8
12-30 16:41:06.726 D/cocos2d-x debug info(17471): 	gl.supports_PVRTC: false
12-30 16:41:06.726 D/cocos2d-x debug info(17471): 	gl.supports_NPOT: true
12-30 16:41:06.726 D/cocos2d-x debug info(17471): 	gl.supports_BGRA8888: false
12-30 16:41:06.726 D/cocos2d-x debug info(17471): 	gl.supports_discard_framebuffer: false
12-30 16:41:06.726 D/cocos2d-x debug info(17471): 	gl.supports_vertex_array_object: false
12-30 16:41:06.726 D/cocos2d-x debug info(17471): </dict>
12-30 16:41:06.734 D/PowerManagerService( 1468): releaseWakeLock flags=0x1 tag=ActivityManager-Launch
12-30 16:41:06.992 W/AudioService( 1468): stream: 3 was already muted by this client
12-30 16:41:07.164 D/AndroidRuntime(17485):
12-30 16:41:07.164 D/AndroidRuntime(17485): >>>>>> AndroidRuntime START com.android.internal.os.RuntimeInit <<<<<<
12-30 16:41:07.164 D/AndroidRuntime(17485): CheckJNI is OFF
12-30 16:41:07.367 D/cocos2d-x debug info(17471): cocos2d: CCTextureCache: texture: cc_fps_images
12-30 16:41:07.375 D/cocos2d-x debug info(17471): cocos2d: CCSpriteFrameCache: Trying to use file images/main_menu/main_bg_a_RETINA.png as texture
12-30 16:41:07.585 D/android_net_wifi_Twapi(17485): --- register_android_net_wifi_TwNative---
12-30 16:41:07.593 E/TwNative_Jni(17485): register_android_net_wifi_TwNative
12-30 16:41:07.593 D/android_net_wifi_Twapi(17485): ---ret =0
12-30 16:41:07.757 D/AndroidRuntime(17485): Calling main entry com.android.commands.am.Am
12-30 16:41:07.796 D/ActivityThread( 2027): test selfappwidget  getPackageInfo,packageInfo 000=android.app.LoadedApk@405138f8
12-30 16:41:07.796 D/ActivityThread( 2027): test selfappwidget handleReceiver,packageInfo 000=android.app.LoadedApk@405138f8
12-30 16:41:07.796 I/iTestin ( 2027): recv broadcast>>>itestin.service.CMD_AllService
12-30 16:41:07.820 D/AndroidRuntime(17485): Shutting down VM
12-30 16:41:07.820 D/dalvikvm(17485): GC_CONCURRENT freed 101K, 69% free 325K/1024K, external 0K/0K, paused 1ms+1ms
12-30 16:41:07.828 D/jdwp    (17485): adbd disconnected
12-30 16:41:07.835 I/AndroidRuntime(17485): NOTE: attach of thread 'Binder Thread #3' failed
12-30 16:41:07.835 I/TestinExternalLog(1): <<<<<<< StartTest launcher Package com.giant.brizzle >>>>>>>
12-30 16:41:07.992 W/AudioService( 1468): stream: 3 was already muted by this client
12-30 16:41:08.093 D/dalvikvm( 2027): GC_CONCURRENT freed 546K, 59% free 2895K/6919K, external 1900K/2113K, paused 3ms+7ms
12-30 16:41:08.179 I/TestinExternalLog( 2027): Mem>>>> Avalable:163632KB, com.giant.brizzle(17471) used:11631KB
12-30 16:41:08.312 D/cocos2d-x debug info(17471): cocos2d: CCSpriteFrameCache: Trying to use file images/main_menu/main_bg_b_RETINA.png as texture
12-30 16:41:08.546 D/cocos2d-x debug info(17471): cocos2d: CCSpriteFrameCache: Trying to use file images/main_menu/mainmenu_a_RETINA.png as texture
12-30 16:41:08.984 D/cocos2d-x debug info(17471): cocos2d: CCSpriteFrameCache: Trying to use file images/main_menu/mainmenu_b_CN_RETINA.png as texture
12-30 16:41:08.992 W/AudioService( 1468): stream: 3 was already muted by this client
12-30 16:41:09.195 D/cocos2d-x debug info(17471): cocos2d: CCSpriteFrameCache: Trying to use file images/main_menu/mainmenu_a_CN_RETINA.png as texture
12-30 16:41:09.273 D/PluginFactory(17471): Java class name of plugin AdsAdmob is : org/cocos2dx/plugin/AdsAdmob
12-30 16:41:09.273 I/PluginWrapper(17471): class name : ----org/cocos2dx/plugin/AdsAdmob----
12-30 16:41:09.273 D/PluginFactory(17471): The type of plugin AdsAdmob is : 1
12-30 16:41:09.273 D/ProtocolAds(17471): Class name : org/cocos2dx/plugin/AdsAdmob
12-30 16:41:09.359 D/PowerManagerService( 1468): user activity timeout timed out nextState=3
12-30 16:41:09.359 D/PowerManagerService( 1468): setPowerState: mPowerState=0x3 newState=0x3 noChangeLights=false reason=3
12-30 16:41:09.359 D/PowerManagerService( 1468): setTimeoutLocked now=443499439 timeoutOverride=-1 nextState=0 when=2590983086
12-30 16:41:09.773 D/dalvikvm(17471): GC_EXTERNAL_ALLOC freed 286K, 49% free 2885K/5639K, external 1930K/2113K, paused 57ms
12-30 16:41:10.000 W/AudioService( 1468): stream: 3 was already muted by this client
12-30 16:41:10.367 E/ActivityThread(17471): Failed to find provider info for com.google.plus.platform
12-30 16:41:10.406 I/Ads     (17471): To get test ads on this device, call adRequest.addTestDevice("D7E842AAD7EFA5A5909AD1D931BF9955");
12-30 16:41:10.429 I/ConnectivityService( 1468): [getActiveNetworkInfo] mActiveDefaultNetwork = 1
12-30 16:41:10.453 W/WindowManager( 1468): updateFocusedWindowLocked newFocus=Window{40815630 com.giant.brizzle/com.giant.brizzle.Brizzle paused=false} mode=3 mCurrentFocus = Window{40815630 com.giant.brizzle/com.giant.brizzle.Brizzle paused=false}
12-30 16:41:10.460 I/WindowManager( 1468): force=false top=Window{40815630 com.giant.brizzle/com.giant.brizzle.Brizzle paused=false}
12-30 16:41:10.460 V/WindowManager( 1468): finishLayoutLw::mHideKeyguard=false
12-30 16:41:10.460 D/KeyguardViewMediator( 1468): setHidden false
12-30 16:41:10.484 D/PowerManagerService( 1468): setScreenBrightnessOverride -1
12-30 16:41:10.492 D/PowerManagerService( 1468): setButtonBrightnessOverride -1
12-30 16:41:10.515 I/WindowManager( 1468): force=false top=Window{40815630 com.giant.brizzle/com.giant.brizzle.Brizzle paused=false}
12-30 16:41:10.515 V/WindowManager( 1468): finishLayoutLw::mHideKeyguard=false
12-30 16:41:10.515 D/KeyguardViewMediator( 1468): setHidden false
12-30 16:41:10.515 I/WindowManager( 1468): force=false top=Window{40815630 com.giant.brizzle/com.giant.brizzle.Brizzle paused=false}
12-30 16:41:10.523 V/WindowManager( 1468): finishLayoutLw::mHideKeyguard=false
12-30 16:41:10.531 D/KeyguardViewMediator( 1468): setHidden false
12-30 16:41:10.546 D/PowerManagerService( 1468): setScreenBrightnessOverride -1
12-30 16:41:10.546 D/PowerManagerService( 1468): setButtonBrightnessOverride -1
12-30 16:41:10.578 I/Ads     (17471): adRequestUrlHtml: <html><head><script src="http://media.admob.com/sdk-core-v40.js"></script><script>AFMA_getSdkConstants();AFMA_buildAdURL({"preqs":0,"session_id":"14599077801242764918","u_sd":1.5,"seq_num":"1","slotname":"a152c0e2117dbe6","u_w":320,"msid":"com.giant.brizzle","cap":"m,a","js":"afma-sdk-a-v6.3.1","ms":"8EyduX1mMd_EJnqYdQT1YYS5YLvp1rSLPOuaEpcTZZcDuKzKctkIGovDIA7PS-546wwZCcVPMjJDNzdHD5xwBYAlWc8ZvutICKWWk_5HfKs_bD45jzMGDDAyaGY9eroVCujdU3vztJ5ClSvHMrUVYnXgtXhhGUjFjeHmBioHNgGgXf9LP1ySiyx5wgczymYa8o0xap4_DmMUZ_0lCUVjowm_74nVtQpBe29d8RBQr6bzxUZIsf-00eNEE9mQ7GHzbuusdwoCPRxmMBJtrqwd_dLXTiSXV-tbW5kIh1S3SzM3d23cFI9ZH3hh4uYD7MPr2xelsnRJQyHdCi1ADC68CA","isu":"D7E842AAD7EFA5A5909AD1D931BF9955","bas_off":0,"format":"320x50_mb","oar":0,"net":"null","app_name":"1.android.com.giant.brizzle","hl":"zh","ad_pos":{"height":0,"visible":0,"y":0,"x":240,"width":0},"gnt":0,"u_h":533,"pt":1,"bas_on":0,"ptime":0,"u_audio":1});</script></head><body></body></html>
12-30 16:41:10.687 I/http    (17471): RequestHandle queueRequest uri headers = {Referer=http://media.admob.com/, Accept-Language=zh-CN, en-US, User-Agent=ZTE-TU880_TD/1.0 Linux/2.6.32 Android/2.2 Release/5.25.2011 Browser/AppleWebKit533.1 (Mobile; afma-sdk-a-v6.3.1), Accept=*/*, Accept-Charset=utf-8, gb2312, gbk, iso-8859-1, utf-16, *;q=0.7}
12-30 16:41:10.687 I/http    (17471): RequestHandle queueRequest uri url = http://media.admob.com/sdk-core-v40.js
12-30 16:41:11.000 W/AudioService( 1468): stream: 3 was already muted by this client
12-30 16:41:11.281 I/TestinExternalLog( 2027): NetFlow>>>> UpFlow 737715, DownFlow 9790062, TotalFlow 10527777
12-30 16:41:11.304 I/TestinExternalLog( 2027): Battery>>>> Temperature 10.0
12-30 16:41:12.007 W/AudioService( 1468): stream: 3 was already muted by this client
12-30 16:41:12.632 D/GC      ( 1468): <tid=1476> _eglUpdate2DPath : 1996 : dither switch to 0
12-30 16:41:12.632 D/GC      ( 1468):
12-30 16:41:12.960 I/TestinExternalLog( 2027): CPU>>>> User 67%, System 23%, IOW 0%, IRQ 0%, com.giant.brizzle(17471):64%
12-30 16:41:13.015 W/AudioService( 1468): stream: 3 was already muted by this client
12-30 16:41:13.632 W/webcore (17471): Can't get the viewWidth after the first layout
12-30 16:41:13.742 I/Ads     (17471): Received ad url: <url: "http://googleads.g.doubleclick.net:80/mads/gma?preqs=0&session_id=14599077801242764918&u_sd=1.5&seq_num=1&u_w=320&msid=com.giant.brizzle&cap=m%2Ca&js=afma-sdk-a-v6.3.1&ms=8EyduX1mMd_EJnqYdQT1YYS5YLvp1rSLPOuaEpcTZZcDuKzKctkIGovDIA7PS-546wwZCcVPMjJDNzdHD5xwBYAlWc8ZvutICKWWk_5HfKs_bD45jzMGDDAyaGY9eroVCujdU3vztJ5ClSvHMrUVYnXgtXhhGUjFjeHmBioHNgGgXf9LP1ySiyx5wgczymYa8o0xap4_DmMUZ_0lCUVjowm_74nVtQpBe29d8RBQr6bzxUZIsf-00eNEE9mQ7GHzbuusdwoCPRxmMBJtrqwd_dLXTiSXV-tbW5kIh1S3SzM3d23cFI9ZH3hh4uYD7MPr2xelsnRJQyHdCi1ADC68CA&bas_off=0&format=320x50_mb&oar=0&net=null&app_name=1.android.com.giant.brizzle&hl=zh&gnt=0&u_h=533&bas_on=0&ptime=0&u_audio=1&u_so=p&output=html&region=mobile_app&u_tz=600&client_sdk=1&ex=1&slotname=a152c0e2117dbe6&gsb=unkwn&caps=interactiveVideo_th_autoplay_mediation_sdkAdmobApiForAds_di&jsv=66&urll=810" type: "admob" afmaNotifyDt: "null" activationOverlayUrl: "null" useWebViewLoadUrl: "false">
12-30 16:41:13.742 I/Ads     (17471): Request scenario: Online server request.
12-30 16:41:14.023 W/AudioService( 1468): stream: 3 was already muted by this client
12-30 16:41:14.328 I/http    (17471): RequestHandle queueRequest uri headers = {Referer=http://googleads.g.doubleclick.net:80/mads/gma?preqs=0&session_id=14599077801242764918&u_sd=1.5&seq_num=1&u_w=320&msid=com.giant.brizzle&cap=m%2Ca&js=afma-sdk-a-v6.3.1&ms=8EyduX1mMd_EJnqYdQT1YYS5YLvp1rSLPOuaEpcTZZcDuKzKctkIGovDIA7PS-546wwZCcVPMjJDNzdHD5xwBYAlWc8ZvutICKWWk_5HfKs_bD45jzMGDDAyaGY9eroVCujdU3vztJ5ClSvHMrUVYnXgtXhhGUjFjeHmBioHNgGgXf9LP1ySiyx5wgczymYa8o0xap4_DmMUZ_0lCUVjowm_74nVtQpBe29d8RBQr6bzxUZIsf-00eNEE9mQ7GHzbuusdwoCPRxmMBJtrqwd_dLXTiSXV-tbW5kIh1S3SzM3d23cFI9ZH3hh4uYD7MPr2xelsnRJQyHdCi1ADC68CA&bas_off=0&format=320x50_mb&oar=0&net=null&app_name=1.android.com.giant.brizzle&hl=zh&gnt=0&u_h=533&bas_on=0&ptime=0&u_audio=1&u_so=p&output=html&region=mobile_app&u_tz=600&client_sdk=1&ex=1&slotname=a152c0e2117dbe6&gsb=unkwn&caps=interactiveVideo_th_autoplay_mediation_sdkAdmobApiForAds_di&jsv=66&urll=810, Accept-Language=zh-CN, en-US, User-Agent=ZTE-TU880_TD/1.0 Linux/2.6.32 Android/2.2 Release/5.25.2011 Browser/AppleWebKit533.1 (Mobile; afma-sdk-a-v6.3.1), Accept=application/xml,application/vnd.wap.xhtml+xml,application/xhtml+xml;profile='http://www.wapforum.org/xhtml',text/html;q=0.9,text/plain,text/vnd.wap.wml;q=0.8,image/png,*/*;q=0.5, Accept-Charset=utf-8, gb2312, gbk, iso-8859-1, utf-16, *;q=0.7}
12-30 16:41:14.335 I/http    (17471): RequestHandle queueRequest uri url = http://static.googleadsserving.cn/pagead/images/mobile_unified_button_icon_white.png
12-30 16:41:14.367 I/http    (17471): RequestHandle queueRequest uri headers = {Referer=http://googleads.g.doubleclick.net:80/mads/gma?preqs=0&session_id=14599077801242764918&u_sd=1.5&seq_num=1&u_w=320&msid=com.giant.brizzle&cap=m%2Ca&js=afma-sdk-a-v6.3.1&ms=8EyduX1mMd_EJnqYdQT1YYS5YLvp1rSLPOuaEpcTZZcDuKzKctkIGovDIA7PS-546wwZCcVPMjJDNzdHD5xwBYAlWc8ZvutICKWWk_5HfKs_bD45jzMGDDAyaGY9eroVCujdU3vztJ5ClSvHMrUVYnXgtXhhGUjFjeHmBioHNgGgXf9LP1ySiyx5wgczymYa8o0xap4_DmMUZ_0lCUVjowm_74nVtQpBe29d8RBQr6bzxUZIsf-00eNEE9mQ7GHzbuusdwoCPRxmMBJtrqwd_dLXTiSXV-tbW5kIh1S3SzM3d23cFI9ZH3hh4uYD7MPr2xelsnRJQyHdCi1ADC68CA&bas_off=0&format=320x50_mb&oar=0&net=null&app_name=1.android.com.giant.brizzle&hl=zh&gnt=0&u_h=533&bas_on=0&ptime=0&u_audio=1&u_so=p&output=html&region=mobile_app&u_tz=600&client_sdk=1&ex=1&slotname=a152c0e2117dbe6&gsb=unkwn&caps=interactiveVideo_th_autoplay_mediation_sdkAdmobApiForAds_di&jsv=66&urll=810, Accept-Language=zh-CN, en-US, User-Agent=ZTE-TU880_TD/1.0 Linux/2.6.32 Android/2.2 Release/5.25.2011 Browser/AppleWebKit533.1 (Mobile; afma-sdk-a-v6.3.1), Accept=*/*, Accept-Charset=utf-8, gb2312, gbk, iso-8859-1, utf-16, *;q=0.7}
12-30 16:41:14.390 I/http    (17471): RequestHandle queueRequest uri url = http://media.admob.com/formats/attribution.js
12-30 16:41:14.546 W/webcore (17471): Can't get the viewWidth after the first layout
12-30 16:41:14.734 I/http    (17471): RequestHandle queueRequest uri headers = {Referer=http://googleads.g.doubleclick.net:80/mads/gma?preqs=0&session_id=14599077801242764918&u_sd=1.5&seq_num=1&u_w=320&msid=com.giant.brizzle&cap=m%2Ca&js=afma-sdk-a-v6.3.1&ms=8EyduX1mMd_EJnqYdQT1YYS5YLvp1rSLPOuaEpcTZZcDuKzKctkIGovDIA7PS-546wwZCcVPMjJDNzdHD5xwBYAlWc8ZvutICKWWk_5HfKs_bD45jzMGDDAyaGY9eroVCujdU3vztJ5ClSvHMrUVYnXgtXhhGUjFjeHmBioHNgGgXf9LP1ySiyx5wgczymYa8o0xap4_DmMUZ_0lCUVjowm_74nVtQpBe29d8RBQr6bzxUZIsf-00eNEE9mQ7GHzbuusdwoCPRxmMBJtrqwd_dLXTiSXV-tbW5kIh1S3SzM3d23cFI9ZH3hh4uYD7MPr2xelsnRJQyHdCi1ADC68CA&bas_off=0&format=320x50_mb&oar=0&net=null&app_name=1.android.com.giant.brizzle&hl=zh&gnt=0&u_h=533&bas_on=0&ptime=0&u_audio=1&u_so=p&output=html&region=mobile_app&u_tz=600&client_sdk=1&ex=1&slotname=a152c0e2117dbe6&gsb=unkwn&caps=interactiveVideo_th_autoplay_mediation_sdkAdmobApiForAds_di&jsv=66&urll=810, Accept-Language=zh-CN, en-US, User-Agent=ZTE-TU880_TD/1.0 Linux/2.6.32 Android/2.2 Release/5.25.2011 Browser/AppleWebKit533.1 (Mobile; afma-sdk-a-v6.3.1), Accept=application/xml,application/vnd.wap.xhtml+xml,application/xhtml+xml;profile='http://www.wapforum.org/xhtml',text/html;q=0.9,text/plain,text/vnd.wap.wml;q=0.8,image/png,*/*;q=0.5, Accept-Charset=utf-8, gb2312, gbk, iso-8859-1, utf-16, *;q=0.7}
12-30 16:41:14.742 I/http    (17471): RequestHandle queueRequest uri url = http://static.googleadsserving.cn/pagead/images/i.png
12-30 16:41:14.921 D/webviewglue(17471): nativeDestroy view: 0x3ec1a8
12-30 16:41:14.921 I/Ads     (17471): onReceiveAd()
12-30 16:41:14.921 D/AdsAdmob(17471): onReceiveAd invoked
12-30 16:41:14.937 D/ProtocolAds(17471): nativeOnAdsResult(), Get plugin ptr : 0x331c60
12-30 16:41:14.937 D/ProtocolAds(17471): nativeOnAdsResult(), Get plugin name : AdsAdmob
12-30 16:41:14.937 D/ProtocolAds(17471): ProtocolAds::adsResult invoked!
12-30 16:41:14.937 D/cocos2d-x debug info(17471): OnAdsResult, code : 0, msg : Ads request received success!
12-30 16:41:14.945 I/WindowManager( 1468): force=false top=Window{40815630 com.giant.brizzle/com.giant.brizzle.Brizzle paused=false}
12-30 16:41:14.945 V/WindowManager( 1468): finishLayoutLw::mHideKeyguard=false
12-30 16:41:14.945 D/KeyguardViewMediator( 1468): setHidden false
12-30 16:41:14.968 D/PowerManagerService( 1468): setScreenBrightnessOverride -1
12-30 16:41:14.968 D/PowerManagerService( 1468): setButtonBrightnessOverride -1
12-30 16:41:14.997 V/kernel  (17190): <6>[443505.066284] pmem: valid master_file(0xdc964240)
12-30 16:41:15.015 D/GC      ( 1468): <tid=1476> _eglUpdate2DPath : 1996 : dither switch to 1
12-30 16:41:15.015 D/GC      ( 1468):
12-30 16:41:15.031 W/AudioService( 1468): stream: 3 was already muted by this client
12-30 16:41:15.038 V/kernel  (17190): <6>[443505.107116] pmem: valid master_file(0xda3ffa60)
12-30 16:41:15.679 D/dalvikvm(11098): GC_EXPLICIT freed 16K, 52% free 4711K/9671K, external 12772K/14820K, paused 155ms
12-30 16:41:16.039 W/AudioService( 1468): stream: 3 was already muted by this client
12-30 16:41:16.304 I/TestinExternalLog( 2027): Battery>>>> Temperature 10.0
12-30 16:41:16.562 I/TestinExternalLog( 2027): NetFlow>>>> UpFlow 742570, DownFlow 9837745, TotalFlow 10580315
12-30 16:41:17.039 W/AudioService( 1468): stream: 3 was already muted by this client
12-30 16:41:18.046 W/AudioService( 1468): stream: 3 was already muted by this client
12-30 16:41:18.054 I/TestinExternalLog( 2027): Mem>>>> Avalable:164604KB, com.giant.brizzle(17471) used:18274KB
12-30 16:41:19.054 W/AudioService( 1468): stream: 3 was already muted by this client
12-30 16:41:20.054 W/AudioService( 1468): stream: 3 was already muted by this client
12-30 16:41:20.648 D/dalvikvm( 9567): GC_EXPLICIT freed 378K, 47% free 3441K/6471K, external 1920K/2412K, paused 127ms
12-30 16:41:21.062 W/AudioService( 1468): stream: 3 was already muted by this client
12-30 16:41:21.304 I/TestinExternalLog( 2027): Battery>>>> Temperature 10.0
12-30 16:41:21.882 I/TestinExternalLog( 2027): NetFlow>>>> UpFlow 742570, DownFlow 9837745, TotalFlow 10580315
12-30 16:41:22.070 W/AudioService( 1468): stream: 3 was already muted by this client
12-30 16:41:22.523 D/dalvikvm( 2027): GC_CONCURRENT freed 474K, 57% free 3004K/6919K, external 1900K/2113K, paused 10ms+20ms
12-30 16:41:23.078 W/AudioService( 1468): stream: 3 was already muted by this client
12-30 16:41:23.125 D/GC      ( 1468): <tid=1476> _eglUpdate2DPath : 1996 : dither switch to 0
12-30 16:41:23.125 D/GC      ( 1468):
12-30 16:41:23.750 I/TestinExternalLog( 2027): CPU>>>> User 38%, System 15%, IOW 0%, IRQ 0%, com.giant.brizzle(17471):39%
12-30 16:41:24.078 W/AudioService( 1468): stream: 3 was already muted by this client
12-30 16:41:24.117 D/AndroidRuntime(17515):
12-30 16:41:24.117 D/AndroidRuntime(17515): >>>>>> AndroidRuntime START com.android.internal.os.RuntimeInit <<<<<<
12-30 16:41:24.117 D/AndroidRuntime(17515): CheckJNI is OFF
12-30 16:41:24.585 D/android_net_wifi_Twapi(17515): --- register_android_net_wifi_TwNative---
12-30 16:41:24.585 E/TwNative_Jni(17515): register_android_net_wifi_TwNative
12-30 16:41:24.585 D/android_net_wifi_Twapi(17515): ---ret =0
12-30 16:41:24.867 D/GC      ( 1468): <tid=1476> _eglUpdate2DPath : 1996 : dither switch to 1
12-30 16:41:24.867 D/GC      ( 1468):
12-30 16:41:24.960 D/AndroidRuntime(17515): Calling main entry com.android.commands.am.Am
12-30 16:41:25.070 D/ActivityThread( 2027): test selfappwidget  getPackageInfo,packageInfo 000=android.app.LoadedApk@405138f8
12-30 16:41:25.070 D/ActivityThread( 2027): test selfappwidget handleReceiver,packageInfo 000=android.app.LoadedApk@405138f8
12-30 16:41:25.070 I/iTestin ( 2027): recv broadcast>>>itestin.service.CMD_LOG
12-30 16:41:25.085 W/AudioService( 1468): stream: 3 was already muted by this client
12-30 16:41:25.085 I/TestinExternalLog( 2027): <<<<<<< Capturing image (1) >>>>>>>
12-30 16:41:25.093 D/AndroidRuntime(17515): Shutting down VM
12-30 16:41:25.117 D/dalvikvm(17515): GC_CONCURRENT freed 101K, 69% free 324K/1024K, external 0K/0K, paused 1ms+1ms
12-30 16:41:25.117 I/AndroidRuntime(17515): NOTE: attach of thread 'Binder Thread #3' failed
12-30 16:41:25.140 D/jdwp    (17515): adbd disconnected
12-30 16:41:25.164 I/TestinExternalLog(1): <<<<<<< StopTest launcher Package com.giant.brizzle >>>>>>>
12-30 16:41:25.164 I/TestinExternalLog(1): <<<<<<< StartTest ui Package com.giant.brizzle >>>>>>>
12-30 16:41:25.828 D/AndroidRuntime(17525):
12-30 16:41:25.828 D/AndroidRuntime(17525): >>>>>> AndroidRuntime START com.android.internal.os.RuntimeInit <<<<<<
12-30 16:41:25.828 D/AndroidRuntime(17525): CheckJNI is OFF
12-30 16:41:26.093 W/AudioService( 1468): stream: 3 was already muted by this client
12-30 16:41:26.296 D/android_net_wifi_Twapi(17525): --- register_android_net_wifi_TwNative---
12-30 16:41:26.296 E/TwNative_Jni(17525): register_android_net_wifi_TwNative
12-30 16:41:26.296 D/android_net_wifi_Twapi(17525): ---ret =0
12-30 16:41:26.304 I/TestinExternalLog( 2027): Battery>>>> Temperature 10.0
12-30 16:41:26.500 D/AndroidRuntime(17525): Calling main entry com.android.commands.am.Am
12-30 16:41:26.539 I/ActivityManager( 1468): Force stopping package com.giant.brizzle uid=10038
12-30 16:41:26.539 W/WindowManager( 1468): updateFocusedWindowLocked newFocus=null mode=3 mCurrentFocus = Window{40815630 com.giant.brizzle/com.giant.brizzle.Brizzle paused=false}
12-30 16:41:26.554 I/WindowManager( 1468): force=false top=null
12-30 16:41:26.554 V/WindowManager( 1468): finishLayoutLw::mHideKeyguard=false
12-30 16:41:26.554 D/KeyguardViewMediator( 1468): setHidden false
12-30 16:41:26.562 D/PowerManagerService( 1468): setScreenBrightnessOverride -1
12-30 16:41:26.570 D/PowerManagerService( 1468): setButtonBrightnessOverride -1
12-30 16:41:26.570 I/Process ( 1468): Sending signal. PID: 17471 SIG: 9
12-30 16:41:26.570 W/WindowManager( 1468): updateFocusedWindowLocked newFocus=null mode=0 mCurrentFocus = null
12-30 16:41:26.585 I/WindowManager( 1468): force=false top=null
12-30 16:41:26.585 V/WindowManager( 1468): finishLayoutLw::mHideKeyguard=false
12-30 16:41:26.585 D/KeyguardViewMediator( 1468): setHidden false
12-30 16:41:26.585 W/WindowManager( 1468): updateFocusedWindowLocked newFocus=null mode=3 mCurrentFocus = null
12-30 16:41:26.593 D/PowerManagerService( 1468): setScreenBrightnessOverride -1
12-30 16:41:26.601 D/PowerManagerService( 1468): setButtonBrightnessOverride -1
12-30 16:41:26.617 D/PowerManagerService( 1468): setKeyboardVisibility: false
12-30 16:41:26.617 I/WindowManager( 1468): force=false top=null
12-30 16:41:26.617 V/WindowManager( 1468): finishLayoutLw::mHideKeyguard=false
12-30 16:41:26.617 D/KeyguardViewMediator( 1468): setHidden false
12-30 16:41:26.617 W/WindowManager( 1468): updateFocusedWindowLocked newFocus=null mode=0 mCurrentFocus = null
12-30 16:41:26.625 D/PowerManagerService( 1468): setScreenBrightnessOverride -1
12-30 16:41:26.625 D/PowerManagerService( 1468): setButtonBrightnessOverride -1
12-30 16:41:26.640 I/WindowManager( 1468): force=false top=null
12-30 16:41:26.640 V/WindowManager( 1468): finishLayoutLw::mHideKeyguard=false
12-30 16:41:26.640 D/KeyguardViewMediator( 1468): setHidden false
12-30 16:41:26.640 I/WindowManager( 1468): WIN DEATH: Window{40849870 SurfaceView paused=false}
12-30 16:41:26.656 D/PowerManagerService( 1468): setScreenBrightnessOverride -1
12-30 16:41:26.656 D/PowerManagerService( 1468): setButtonBrightnessOverride -1
12-30 16:41:26.664 I/WindowManager( 1468): force=false top=null
12-30 16:41:26.664 V/WindowManager( 1468): finishLayoutLw::mHideKeyguard=false
12-30 16:41:26.664 D/KeyguardViewMediator( 1468): setHidden false
12-30 16:41:26.664 W/WindowManager( 1468): updateFocusedWindowLocked newFocus=null mode=0 mCurrentFocus = null
12-30 16:41:26.664 I/WindowManager( 1468): WIN DEATH: Window{40815630 com.giant.brizzle/com.giant.brizzle.Brizzle paused=false}
12-30 16:41:26.679 D/PowerManagerService( 1468): setScreenBrightnessOverride -1
12-30 16:41:26.679 D/PowerManagerService( 1468): setButtonBrightnessOverride -1
12-30 16:41:26.679 W/WindowManager( 1468): updateFocusedWindowLocked newFocus=null mode=0 mCurrentFocus = null
12-30 16:41:26.686 V/kernel  (17190): <6>[443516.755523] pmem: valid master_file(0xc6ff4c20)
12-30 16:41:26.687 I/WindowManager( 1468): force=false top=null
12-30 16:41:26.687 V/WindowManager( 1468): finishLayoutLw::mHideKeyguard=false
12-30 16:41:26.687 D/KeyguardViewMediator( 1468): setHidden false
12-30 16:41:26.687 I/WindowManager( 1468): WIN DEATH: Window{408ae818 Panel:com.giant.brizzle/com.giant.brizzle.Brizzle paused=false}
12-30 16:41:26.687 D/PowerManagerService( 1468): setScreenBrightnessOverride -1
12-30 16:41:26.691 V/kernel  (17190): <6>[443516.760803] pmem: valid master_file(0xc6bf8ac0)
12-30 16:41:26.710 D/PowerManagerService( 1468): setButtonBrightnessOverride -1
12-30 16:41:26.718 W/WindowManager( 1468): updateFocusedWindowLocked newFocus=null mode=0 mCurrentFocus = null
12-30 16:41:26.718 I/ActivityManager( 1468): Start proc com.giant.brizzle for added application com.giant.brizzle: pid=17533 uid=10038 gids={3003}
12-30 16:41:26.718 D/PackageManager( 1468): in PMS: clearAppPermissionRecords -uid is : 10038
12-30 16:41:26.718 D/PackageManager( 1468): in PMS: clearAppPermissionRecords - records is null!
12-30 16:41:26.718 D/PackageManager( 1468): in PMS: clearAppPermissionEventRecords -uid is : 10038, pkg is: com.giant.brizzle
12-30 16:41:26.718 D/PackageManager( 1468): in PMS: clearAppPermissionEventRecords - records is null!
12-30 16:41:26.718 D/PackageManager( 1468): in PMS: clearAppRefuseToastRecords -uid is : 10038, pkg is: com.giant.brizzle
12-30 16:41:26.718 D/PackageManager( 1468): in PMS: clearAppRefuseToastRecords - records is null!
12-30 16:41:26.718 I/ActivityManager( 1468): sendAppDiedBroadcast:: com.giant.brizzle, uid is : 10038
12-30 16:41:26.765 V/kernel  (17190): <4>[443516.834350] GC memory usage profile:
12-30 16:41:26.769 V/kernel  (17190): <4>[443516.838043] Used video mem: 16490 KB	 Used Pmem mem: 0 KB	contiguous: 896 KB	virtual: 0 KB
12-30 16:41:26.781 I/ConnectivityService( 1468): [getActiveNetworkInfo] mActiveDefaultNetwork = 1
12-30 16:41:26.808 V/kernel  (17190): <4>[443516.877258] Video memory usage in details:
12-30 16:41:26.820 V/kernel  (17190): <4>[443516.889251] Index: -86 	KB	Vertex: 596 	KB
12-30 16:41:26.824 V/kernel  (17190): <4>[443516.893463] Texture: 10108 	KB	RenderTarget: 766 KB
12-30 16:41:26.859 V/kernel  (17190): <4>[443516.928558] Depth: 750 	KB	Bitmap: 4180 	KB
12-30 16:41:26.867 I/WindowManager( 1468): force=false top=null
12-30 16:41:26.867 V/WindowManager( 1468): finishLayoutLw::mHideKeyguard=false
12-30 16:41:26.867 D/KeyguardViewMediator( 1468): setHidden false
12-30 16:41:26.867 W/WindowManager( 1468): updateFocusedWindowLocked newFocus=Window{40880818 net.qihoo.launcher/net.qihoo.launcher.Launcher paused=false} mode=3 mCurrentFocus = null
12-30 16:41:26.867 V/kernel  (17190): <4>[443516.936248] TileStatus: 12 	KB	Mask: 0 	KB
12-30 16:41:26.871 V/kernel  (17190): <4>[443516.940429] Scissor: 0 	KB	HierarchicalDepth: 0 KB
12-30 16:41:26.906 D/PowerManagerService( 1468): setScreenBrightnessOverride -1
12-30 16:41:26.906 D/PowerManagerService( 1468): setButtonBrightnessOverride -1
12-30 16:41:26.929 D/ActivityThread(17533): test selfappwidget  getPackageInfo,packageInfo 111,b=true
12-30 16:41:26.929 D/ActivityThread(17533): test selfappwidget  handleBindApplication,packageInfo 000=android.app.LoadedApk@40513b10
12-30 16:41:26.984 W/InputManagerService( 1468): Got RemoteException sending setActive(false) notification to pid 17471 uid 10038
12-30 16:41:27.000 I/WindowManager( 1468): force=false top=null
12-30 16:41:27.000 V/WindowManager( 1468): finishLayoutLw::mHideKeyguard=false
12-30 16:41:27.000 D/KeyguardViewMediator( 1468): setHidden false
12-30 16:41:27.000 W/WindowManager( 1468): updateFocusedWindowLocked newFocus=Window{40880818 net.qihoo.launcher/net.qihoo.launcher.Launcher paused=false} mode=3 mCurrentFocus = Window{40880818 net.qihoo.launcher/net.qihoo.launcher.Launcher paused=false}
12-30 16:41:27.039 D/PowerManagerService( 1468): setScreenBrightnessOverride -1
12-30 16:41:27.034 V/kernel  (17190): <6>[443517.103088] pmem: valid master_file(0xca5051c0)
12-30 16:41:27.039 D/PowerManagerService( 1468): setButtonBrightnessOverride -1
12-30 16:41:27.046 I/WindowManager( 1468): force=false top=null
12-30 16:41:27.046 V/WindowManager( 1468): finishLayoutLw::mHideKeyguard=false
12-30 16:41:27.046 D/KeyguardViewMediator( 1468): setHidden false
12-30 16:41:27.046 D/PowerManagerService( 1468): setScreenBrightnessOverride -1
12-30 16:41:27.054 D/PowerManagerService( 1468): setButtonBrightnessOverride -1
12-30 16:41:27.054 W/WindowManager( 1468): updateFocusedWindowLocked newFocus=Window{40880818 net.qihoo.launcher/net.qihoo.launcher.Launcher paused=false} mode=0 mCurrentFocus = Window{40880818 net.qihoo.launcher/net.qihoo.launcher.Launcher paused=false}
12-30 16:41:27.093 W/AudioService( 1468): stream: 3 was already muted by this client
12-30 16:41:27.109 I/TestinExternalLog( 2027): NetFlow>>>> UpFlow 742570, DownFlow 9837745, TotalFlow 10580315
12-30 16:41:27.148 D/ActivityThread(17533): test selfappwidget  getPackageInfo,packageInfo 111,b=false
12-30 16:41:27.187 I/WindowManager( 1468): force=false top=Window{40880818 net.qihoo.launcher/net.qihoo.launcher.Launcher paused=false}
12-30 16:41:27.195 V/WindowManager( 1468): finishLayoutLw::mHideKeyguard=false
12-30 16:41:27.195 D/KeyguardViewMediator( 1468): setHidden false
12-30 16:41:27.195 W/WindowManager( 1468): updateFocusedWindowLocked newFocus=Window{40880818 net.qihoo.launcher/net.qihoo.launcher.Launcher paused=false} mode=2 mCurrentFocus = Window{40880818 net.qihoo.launcher/net.qihoo.launcher.Launcher paused=false}
12-30 16:41:27.195 W/WindowManager( 1468): updateFocusedWindowLocked newFocus=Window{40880818 net.qihoo.launcher/net.qihoo.launcher.Launcher paused=false} mode=2 mCurrentFocus = Window{40880818 net.qihoo.launcher/net.qihoo.launcher.Launcher paused=false}
12-30 16:41:27.203 I/WindowManager( 1468): force=false top=Window{40880818 net.qihoo.launcher/net.qihoo.launcher.Launcher paused=false}
12-30 16:41:27.210 V/WindowManager( 1468): finishLayoutLw::mHideKeyguard=false
12-30 16:41:27.210 D/KeyguardViewMediator( 1468): setHidden false
12-30 16:41:27.226 D/PowerManagerService( 1468): setScreenBrightnessOverride -1
12-30 16:41:27.226 I/WindowManager( 1468): force=false top=Window{40880818 net.qihoo.launcher/net.qihoo.launcher.Launcher paused=false}
12-30 16:41:27.226 V/WindowManager( 1468): finishLayoutLw::mHideKeyguard=false
12-30 16:41:27.226 D/KeyguardViewMediator( 1468): setHidden false
12-30 16:41:27.226 D/PowerManagerService( 1468): setButtonBrightnessOverride -1
12-30 16:41:27.226 D/PowerManagerService( 1468): setScreenBrightnessOverride -1
12-30 16:41:27.226 D/PowerManagerService( 1468): setButtonBrightnessOverride -1
12-30 16:41:27.242 I/WindowManager( 1468): force=false top=Window{40880818 net.qihoo.launcher/net.qihoo.launcher.Launcher paused=false}
12-30 16:41:27.242 V/WindowManager( 1468): finishLayoutLw::mHideKeyguard=false
12-30 16:41:27.242 D/KeyguardViewMediator( 1468): setHidden false
12-30 16:41:27.242 D/PowerManagerService( 1468): setScreenBrightnessOverride -1
12-30 16:41:27.242 D/PowerManagerService( 1468): setButtonBrightnessOverride -1
12-30 16:41:27.257 I/WindowManager( 1468): force=false top=Window{40880818 net.qihoo.launcher/net.qihoo.launcher.Launcher paused=false}
12-30 16:41:27.257 V/WindowManager( 1468): finishLayoutLw::mHideKeyguard=false
12-30 16:41:27.257 D/KeyguardViewMediator( 1468): setHidden false
12-30 16:41:27.257 D/PowerManagerService( 1468): setScreenBrightnessOverride -1
12-30 16:41:27.257 D/PowerManagerService( 1468): setButtonBrightnessOverride -1
12-30 16:41:27.273 I/WindowManager( 1468): force=false top=Window{40880818 net.qihoo.launcher/net.qihoo.launcher.Launcher paused=false}
12-30 16:41:27.273 V/WindowManager( 1468): finishLayoutLw::mHideKeyguard=false
12-30 16:41:27.273 D/KeyguardViewMediator( 1468): setHidden false
12-30 16:41:27.273 D/PowerManagerService( 1468): setScreenBrightnessOverride -1
12-30 16:41:27.273 D/PowerManagerService( 1468): setButtonBrightnessOverride -1
12-30 16:41:27.289 I/WindowManager( 1468): force=false top=Window{40880818 net.qihoo.launcher/net.qihoo.launcher.Launcher paused=false}
12-30 16:41:27.289 V/WindowManager( 1468): finishLayoutLw::mHideKeyguard=false
12-30 16:41:27.289 D/KeyguardViewMediator( 1468): setHidden false
12-30 16:41:27.289 D/PowerManagerService( 1468): setScreenBrightnessOverride -1
12-30 16:41:27.289 D/PowerManagerService( 1468): setButtonBrightnessOverride -1
12-30 16:41:27.304 I/WindowManager( 1468): force=false top=Window{40880818 net.qihoo.launcher/net.qihoo.launcher.Launcher paused=false}
12-30 16:41:27.304 V/WindowManager( 1468): finishLayoutLw::mHideKeyguard=false
12-30 16:41:27.304 D/KeyguardViewMediator( 1468): setHidden false
12-30 16:41:27.304 D/PowerManagerService( 1468): setScreenBrightnessOverride -1
12-30 16:41:27.312 D/PowerManagerService( 1468): setButtonBrightnessOverride -1
12-30 16:41:27.320 I/WindowManager( 1468): force=false top=Window{40880818 net.qihoo.launcher/net.qihoo.launcher.Launcher paused=false}
12-30 16:41:27.320 V/WindowManager( 1468): finishLayoutLw::mHideKeyguard=false
12-30 16:41:27.320 D/KeyguardViewMediator( 1468): setHidden false
12-30 16:41:27.328 D/PowerManagerService( 1468): setScreenBrightnessOverride -1
12-30 16:41:27.328 D/PowerManagerService( 1468): setButtonBrightnessOverride -1
12-30 16:41:27.335 I/WindowManager( 1468): force=false top=Window{40880818 net.qihoo.launcher/net.qihoo.launcher.Launcher paused=false}
12-30 16:41:27.335 V/WindowManager( 1468): finishLayoutLw::mHideKeyguard=false
12-30 16:41:27.335 D/KeyguardViewMediator( 1468): setHidden false
12-30 16:41:27.343 D/PowerManagerService( 1468): setScreenBrightnessOverride -1
12-30 16:41:27.343 D/PowerManagerService( 1468): setButtonBrightnessOverride -1
12-30 16:41:27.351 I/WindowManager( 1468): force=false top=Window{40880818 net.qihoo.launcher/net.qihoo.launcher.Launcher paused=false}
12-30 16:41:27.351 V/WindowManager( 1468): finishLayoutLw::mHideKeyguard=false
12-30 16:41:27.351 D/KeyguardViewMediator( 1468): setHidden false
12-30 16:41:27.359 D/PowerManagerService( 1468): setScreenBrightnessOverride -1
12-30 16:41:27.359 D/PowerManagerService( 1468): setButtonBrightnessOverride -1
