[ro.secure]: [0]
[ro.allow.mock.location]: [1]
[ro.debuggable]: [1]
[persist.service.adb.enable]: [1]
[ro.factorytest]: [0]
[ro.serialno]: []
[ro.bootmode]: [reboot_normal]
[ro.baseband]: [unknown]
[ro.carrier]: [unknown]
[ro.bootloader]: [unknown]
[ro.hardware]: [pxa910-based]
[ro.revision]: [0]
[dalvik.vm.heapsize]: [48m]
[ro.opengles.version]: [131072]
[wifi.interface]: [mlan0]
[persist.service.gps.support]: [0]
[ro.build.id]: [GWK74]
[ro.build.display.id]: [GWK74]
[ro.build.version.incremental]: [eng.root.20111220.165842]
[ro.build.version.sdk]: [10]
[ro.build.version.codename]: [REL]
[ro.build.version.release]: [2.3.7]
[ro.build.date]: [2011年 12月 20日 星期二 16:59:30 CST]
[ro.build.date.utc]: [1324371570]
[ro.build.type]: [user]
[ro.build.user]: [root]
[ro.build.host]: [ubuntu-10]
[ro.build.tags]: [release-keys]
[ro.product.model]: [ZTE-T U880]
[ro.product.brand]: [ZTE]
[ro.product.name]: [U880]
[ro.product.device]: [U880]
[ro.product.board]: [U880]
[ro.product.cpu.abi]: [armeabi]
[ro.product.manufacturer]: [ZTE]
[ro.product.locale.language]: [zh]
[ro.product.locale.region]: [CN]
[ro.wifi.channels]: []
[ro.board.platform]: []
[ro.build.product]: [U880]
[ro.build.description]: [U880-user 2.3.7 GWK74 eng.root.20111220.165842 release-keys]
[ro.build.fingerprint]: [ZTE/U880/U880:2.3.7/GWK74/eng.root.20111220.165842:user/release-keys]
[ro.config.notification_sound]: [OnTheHunt.ogg]
[ro.config.alarm_alert]: [Alarm_Classic.ogg]
[persist.sys.timezone]: [Asia/Vladivostok]
[media.stagefright.enable-player]: [true]
[media.stagefright.enable-meta]: [true]
[media.stagefright.enable-scan]: [true]
[media.stagefright.enable-http]: [true]
[ro.build.sw_internal_version]: [U880V1.0.1B07]
[ro.build.sw_internal_time]: [201112201658]
[apps.setting.product.release]: [U880V1.0.1B02]
[ro.sf.lcd_density]: [240]
[ro.build.sw_release_time]: [1324371304]
[ro.config.ringtone]: [Light_Your_Smart_World.ogg]
[ro.product.customize]: [U880]
[ro.product.internal_model]: [U880]
[net.bt.name]: [Android]
[net.change]: [net.dnschange]
[dalvik.vm.stack-trace-file]: [/data/anr/traces.txt]
[ro.service.swiqi.supported]: [true]
[persist.service.swiqi.enable]: [1]
[persist.sys.localevar]: []
[persist.sys.country]: [CN]
[persist.sys.language]: [zh]
[persist.power.ring]: [1]
[persist.radio.radiolog.enable]: [1]
[ro.FOREGROUND_APP_ADJ]: [0]
[ro.VISIBLE_APP_ADJ]: [1]
[ro.PERCEPTIBLE_APP_ADJ]: [2]
[ro.HEAVY_WEIGHT_APP_ADJ]: [3]
[ro.SECONDARY_SERVER_ADJ]: [4]
[ro.BACKUP_APP_ADJ]: [5]
[ro.HOME_APP_ADJ]: [6]
[ro.HIDDEN_APP_MIN_ADJ]: [7]
[ro.EMPTY_APP_ADJ]: [15]
[ro.FOREGROUND_APP_MEM]: [2048]
[ro.VISIBLE_APP_MEM]: [3072]
[ro.PERCEPTIBLE_APP_MEM]: [4096]
[ro.HEAVY_WEIGHT_APP_MEM]: [4096]
[ro.SECONDARY_SERVER_MEM]: [6144]
[ro.BACKUP_APP_MEM]: [6144]
[ro.HOME_APP_MEM]: [6144]
[ro.HIDDEN_APP_MEM]: [7168]
[ro.EMPTY_APP_MEM]: [8192]
[net.tcp.buffersize.default]: [4096,87380,110208,4096,16384,110208]
[net.tcp.buffersize.wifi]: [4095,87380,110208,4096,16384,110208]
[net.tcp.buffersize.umts]: [4094,87380,110208,4096,16384,110208]
[net.tcp.buffersize.edge]: [4093,26280,35040,4096,16384,35040]
[net.tcp.buffersize.gprs]: [4092,8760,11680,4096,8760,11680]
[init.svc.console]: [running]
[init.svc.crashhookd]: [running]
[init.svc.servicemanager]: [running]
[init.svc.vold]: [running]
[init.svc.netd]: [running]
[init.svc.debuggerd]: [running]
[init.svc.ril-daemon]: [running]
[init.svc.zygote]: [running]
[init.svc.media]: [running]
[init.svc.dbus]: [running]
[init.svc.installd]: [running]
[init.svc.firewalld]: [running]
[init.svc.keystore]: [running]
[init.svc.compass_daemon]: [running]
[init.svc.cpufreqd]: [running]
[init.svc.marvelltel]: [stopped]
[init.svc.FMRadiod]: [running]
[init.svc.mwirelessd]: [running]
[init.svc.filemonitor]: [running]
[init.svc.batterycali]: [running]
[init.svc.vtengineserver]: [running]
[init.svc.labtool]: [running]
[init.svc.ztebackupserver]: [running]
[video.accelerate.hw]: [gc]
[service.rotate.engine]: [ire]
[service.camera.af]: [1]
[service.camera.id]: [0]
[service.camera.hw]: [base]
[ro.mrvl.h264.dec.cap]: [3]
[ro.media.gst.enabled]: [1]
[overlay.dump.frame]: [0]
[ro.media.enc.vid.m4v.width]: [176,720]
[ro.media.enc.vid.m4v.height]: [144,576]
[ro.media.enc.vid.m4v.bps]: [48000,1600000]
[ro.media.enc.vid.m4v.fps]: [5,25]
[ro.media.enc.vid.h264.width]: [176,720]
[ro.media.enc.vid.h264.height]: [144,576]
[ro.media.enc.vid.h264.bps]: [48000,1600000]
[ro.media.enc.vid.h264.fps]: [5,25]
[ro.media.enc.vid.h263.width]: [176,352]
[ro.media.enc.vid.h263.height]: [144,288]
[ro.media.enc.vid.h263.fps]: [5,25]
[ro.nfc.port]: [I2C]
[init.svc.logcat]: [running]
[init.svc.logcat_radio]: [running]
[init.svc.logcat_events]: [running]
[init.svc.adbd]: [running]
[marvell.ril.ppp.enabled]: [0]
[log.tag.Mms:transaction]: [V]
[log.tag.Mms:app]: [V]
[log.tag.Mms:threadcache]: [V]
[hw.keyboards.65537.devname]: [88pm860x_on]
[hw.keyboards.0.devname]: [pxa27x-keypad]
[hw.keyboards.65538.devname]: [pxa27x-keypad]
[init.svc.bootanim]: [stopped]
[net.hostname]: [android_3edc2b672ea49ac6]
[dev.bootcomplete]: [1]
[wlan.driver.status]: [ok]
[init.svc.wpa_supplicant]: [running]
[gsm.version.ril-impl]: [Marvell Ril 1.0]
[gsm.sim.state]: [ABSENT]
[gsm.sim.operator.numeric]: []
[gsm.sim.operator.alpha]: []
[gsm.sim.operator.iso-country]: []
[gsm.current.phone-type]: [1]
[net.dnschange]: [20]
[gsm.operator.alpha]: []
[gsm.operator.numeric]: []
[gsm.operator.iso-country]: []
[gsm.operator.isroaming]: [false]
[gsm.version.baseband]: [TTD_CP_01.06.056_P1:TTD_TVRTD_MSA_1.08.049_P2]
[init.svc.dhcpcd_mlan0]: [running]
[dhcp.mlan0.result]: [ok]
[sys.boot_completed]: [1]
[ro.runtime.firstboot]: [1387942239131]
[dhcp.mlan0.pid]: [9040]
[dhcp.mlan0.reason]: [RENEW]
[dhcp.mlan0.dns1]: [202.106.196.115]
[dhcp.mlan0.dns2]: [192.168.13.254]
[dhcp.mlan0.dns3]: []
[dhcp.mlan0.dns4]: []
[dhcp.mlan0.ipaddress]: [192.168.13.11]
[dhcp.mlan0.gateway]: [192.168.13.254]
[dhcp.mlan0.mask]: [255.255.255.0]
[dhcp.mlan0.leasetime]: [86400]
[dhcp.mlan0.server]: [192.168.13.254]
[net.dns1]: [202.106.196.115]
[net.dns2]: [192.168.13.254]
[ro.monkey]: [true]
[sys.settings_system_version]: [646]
[sys.settings_secure_version]: [6]

--------- tester 1
12-30 16:39:50.476 I/TestinExternalLog( 2027): <<<<<<< d3df4dd9896376e5204d375a0203a8a6 >>>>>>>
12-30 16:39:50.476 D/AndroidRuntime(17189): Shutting down VM
12-30 16:39:50.492 D/dalvikvm(17189): GC_CONCURRENT freed 101K, 69% free 324K/1024K, external 0K/0K, paused 1ms+1ms
12-30 16:39:50.492 D/jdwp    (17189): adbd disconnected
12-30 16:39:50.500 I/AndroidRuntime(17189): NOTE: attach of thread 'Binder Thread #3' failed
12-30 16:39:50.718 W/AudioService( 1468): stream: 3 was already muted by this client
12-30 16:39:51.718 W/AudioService( 1468): stream: 3 was already muted by this client
12-30 16:39:51.742 D/AndroidRuntime(17200):
12-30 16:39:51.742 D/AndroidRuntime(17200): >>>>>> AndroidRuntime START com.android.internal.os.RuntimeInit <<<<<<
12-30 16:39:51.742 D/AndroidRuntime(17200): CheckJNI is OFF
--------- beginning of /dev/log/system
12-30 16:39:51.820 D/PowerManagerService( 1468): user activity timeout timed out nextState=3
12-30 16:39:51.820 D/PowerManagerService( 1468): setPowerState: mPowerState=0x3 newState=0x3 noChangeLights=false reason=3
12-30 16:39:51.820 D/PowerManagerService( 1468): setTimeoutLocked now=443421899 timeoutOverride=-1 nextState=0 when=2590905546
12-30 16:39:52.000 D/android_net_wifi_Twapi(17200): --- register_android_net_wifi_TwNative---
12-30 16:39:52.000 E/TwNative_Jni(17200): register_android_net_wifi_TwNative
12-30 16:39:52.000 D/android_net_wifi_Twapi(17200): ---ret =0
12-30 16:39:52.085 D/AndroidRuntime(17200): Calling main entry com.android.commands.am.Am
12-30 16:39:52.109 D/ActivityThread( 2027): test selfappwidget  getPackageInfo,packageInfo 000=android.app.LoadedApk@405138f8
12-30 16:39:52.109 D/ActivityThread( 2027): test selfappwidget handleReceiver,packageInfo 000=android.app.LoadedApk@405138f8
12-30 16:39:52.109 I/iTestin ( 2027): recv broadcast>>>itestin.service.CMD_PrintDeviceTime
12-30 16:39:52.125 I/TestinExternalLog( 2027): <<<<<<< DateTime 2013-12-30 16:39:52.125 >>>>>>>
12-30 16:39:52.125 D/AndroidRuntime(17200): Shutting down VM
12-30 16:39:52.132 D/dalvikvm(17200): GC_CONCURRENT freed 101K, 69% free 322K/1024K, external 0K/0K, paused 1ms+1ms
12-30 16:39:52.132 D/jdwp    (17200): adbd disconnected
12-30 16:39:52.140 I/AndroidRuntime(17200): NOTE: attach of thread 'Binder Thread #3' failed
12-30 16:39:52.460 D/AndroidRuntime(17210):
12-30 16:39:52.460 D/AndroidRuntime(17210): >>>>>> AndroidRuntime START com.android.internal.os.RuntimeInit <<<<<<
12-30 16:39:52.468 D/AndroidRuntime(17210): CheckJNI is OFF
12-30 16:39:52.679 D/android_net_wifi_Twapi(17210): --- register_android_net_wifi_TwNative---
12-30 16:39:52.679 E/TwNative_Jni(17210): register_android_net_wifi_TwNative
12-30 16:39:52.679 D/android_net_wifi_Twapi(17210): ---ret =0
12-30 16:39:52.718 W/AudioService( 1468): stream: 3 was already muted by this client
12-30 16:39:52.765 D/AndroidRuntime(17210): Calling main entry com.android.commands.pm.Pm
12-30 16:39:52.781 W/PackageManager( 1468): Package named 'com.giant.brizzle' doesn't exist.
12-30 16:39:52.875 D/dalvikvm( 1468): GC_EXPLICIT freed 348K, 69% free 6082K/19015K, external 16568K/17844K, paused 95ms
12-30 16:39:52.882 D/AndroidRuntime(17210): Shutting down VM
12-30 16:39:52.898 D/dalvikvm(17210): GC_CONCURRENT freed 99K, 72% free 293K/1024K, external 0K/0K, paused 0ms+2ms
12-30 16:39:52.898 D/jdwp    (17210): adbd disconnected
12-30 16:39:52.914 I/AndroidRuntime(17210): NOTE: attach of thread 'Binder Thread #3' failed
12-30 16:39:52.914 I/TestinExternalLog(1): <<<<<<< Begin installing package com.giant.brizzle >>>>>>>
12-30 16:39:53.406 D/AndroidRuntime(17220):
12-30 16:39:53.406 D/AndroidRuntime(17220): >>>>>> AndroidRuntime START com.android.internal.os.RuntimeInit <<<<<<
12-30 16:39:53.406 D/AndroidRuntime(17220): CheckJNI is OFF
12-30 16:39:53.617 D/android_net_wifi_Twapi(17220): --- register_android_net_wifi_TwNative---
12-30 16:39:53.617 E/TwNative_Jni(17220): register_android_net_wifi_TwNative
12-30 16:39:53.617 D/android_net_wifi_Twapi(17220): ---ret =0
12-30 16:39:53.703 D/AndroidRuntime(17220): Calling main entry com.android.commands.am.Am
12-30 16:39:53.718 W/AudioService( 1468): stream: 3 was already muted by this client
12-30 16:39:53.726 D/ActivityThread( 2027): test selfappwidget  getPackageInfo,packageInfo 000=android.app.LoadedApk@405138f8
12-30 16:39:53.726 D/ActivityThread( 2027): test selfappwidget handleReceiver,packageInfo 000=android.app.LoadedApk@405138f8
12-30 16:39:53.726 I/iTestin ( 2027): recv broadcast>>>itestin.service.CMD_GETUSERPACKS
12-30 16:39:53.734 D/AndroidRuntime(17220): Shutting down VM
12-30 16:39:53.742 D/dalvikvm(17220): GC_CONCURRENT freed 101K, 69% free 322K/1024K, external 0K/0K, paused 1ms+1ms
12-30 16:39:53.742 D/jdwp    (17220): adbd disconnected
12-30 16:39:53.750 I/AndroidRuntime(17220): NOTE: attach of thread 'Binder Thread #3' failed
12-30 16:39:54.726 W/AudioService( 1468): stream: 3 was already muted by this client
12-30 16:39:55.726 W/AudioService( 1468): stream: 3 was already muted by this client
12-30 16:39:56.492 D/AndroidRuntime(17235):
12-30 16:39:56.492 D/AndroidRuntime(17235): >>>>>> AndroidRuntime START com.android.internal.os.RuntimeInit <<<<<<
12-30 16:39:56.492 D/AndroidRuntime(17235): CheckJNI is OFF
12-30 16:39:56.710 D/android_net_wifi_Twapi(17235): --- register_android_net_wifi_TwNative---
12-30 16:39:56.710 E/TwNative_Jni(17235): register_android_net_wifi_TwNative
12-30 16:39:56.710 D/android_net_wifi_Twapi(17235): ---ret =0
12-30 16:39:56.734 W/AudioService( 1468): stream: 3 was already muted by this client
12-30 16:39:56.796 D/AndroidRuntime(17235): Calling main entry com.android.commands.pm.Pm
12-30 16:39:56.804 D/AndroidRuntime(17235): Shutting down VM
12-30 16:39:56.804 W/PackageManager( 1468): Not removing package com.appwoo.txtw.activity: has active device admin
12-30 16:39:56.812 D/dalvikvm(17235): GC_CONCURRENT freed 99K, 72% free 293K/1024K, external 0K/0K, paused 1ms+1ms
12-30 16:39:56.812 D/jdwp    (17235): adbd disconnected
12-30 16:39:56.820 I/AndroidRuntime(17235): NOTE: attach of thread 'Binder Thread #2' failed
12-30 16:39:57.125 D/ActivityThread( 1911): test selfappwidget  getPackageInfo,packageInfo 000=android.app.LoadedApk@40512ad0
12-30 16:39:57.125 D/ActivityThread( 1911): test selfappwidget handleReceiver,packageInfo 000=android.app.LoadedApk@40512ad0
12-30 16:39:57.132 D/su      (17244): 0 /system/bin/sh executing 0 /system/bin/sh using shell /system/bin/sh : sh
12-30 16:39:57.140 D/ActivityThread( 1911): test selfappwidget  getPackageInfo,packageInfo 000=android.app.LoadedApk@40512ad0
12-30 16:39:57.140 D/ActivityThread( 1911): test selfappwidget  handleCreateService,packageInfo 000=android.app.LoadedApk@40512ad0
12-30 16:39:57.187 W/WindowManager( 1468): updateFocusedWindowLocked newFocus=Window{40880818 net.qihoo.launcher/net.qihoo.launcher.Launcher paused=false} mode=3 mCurrentFocus = Window{40880818 net.qihoo.launcher/net.qihoo.launcher.Launcher paused=false}
12-30 16:39:57.195 I/WindowManager( 1468): force=false top=Window{40880818 net.qihoo.launcher/net.qihoo.launcher.Launcher paused=false}
12-30 16:39:57.195 V/WindowManager( 1468): finishLayoutLw::mHideKeyguard=false
12-30 16:39:57.195 D/KeyguardViewMediator( 1468): setHidden false
12-30 16:39:57.226 D/PowerManagerService( 1468): acquireWakeLock flags=0xa tag=KEEP_SCREEN_ON_FLAG
12-30 16:39:57.226 D/PowerManagerService( 1468): here mUserState=0x3 mLocks.gatherState()=0x3 mWakeLockState=0x3
12-30 16:39:57.226 D/PowerManagerService( 1468): setPowerState: mPowerState=0x3 newState=0x3 noChangeLights=false reason=3
12-30 16:39:57.226 D/PowerManagerService( 1468): setScreenBrightnessOverride -1
12-30 16:39:57.226 D/PowerManagerService( 1468): setButtonBrightnessOverride -1
12-30 16:39:57.250 I/WindowManager( 1468): force=false top=Window{40880818 net.qihoo.launcher/net.qihoo.launcher.Launcher paused=false}
12-30 16:39:57.250 V/WindowManager( 1468): finishLayoutLw::mHideKeyguard=false
12-30 16:39:57.250 D/KeyguardViewMediator( 1468): setHidden false
12-30 16:39:57.253 V/kernel  (17190): <6>[443427.322326] pmem: valid master_file(0xcd415220)
12-30 16:39:57.273 D/PowerManagerService( 1468): setScreenBrightnessOverride -1
12-30 16:39:57.273 I/WindowManager( 1468): force=false top=Window{40880818 net.qihoo.launcher/net.qihoo.launcher.Launcher paused=false}
12-30 16:39:57.273 V/WindowManager( 1468): finishLayoutLw::mHideKeyguard=false
12-30 16:39:57.273 D/KeyguardViewMediator( 1468): setHidden false
12-30 16:39:57.273 D/PowerManagerService( 1468): setButtonBrightnessOverride -1
12-30 16:39:57.273 D/PowerManagerService( 1468): setScreenBrightnessOverride -1
12-30 16:39:57.273 D/PowerManagerService( 1468): setButtonBrightnessOverride -1
12-30 16:39:57.289 I/WindowManager( 1468): force=false top=Window{40880818 net.qihoo.launcher/net.qihoo.launcher.Launcher paused=false}
12-30 16:39:57.289 V/WindowManager( 1468): finishLayoutLw::mHideKeyguard=false
12-30 16:39:57.289 D/KeyguardViewMediator( 1468): setHidden false
12-30 16:39:57.296 D/PowerManagerService( 1468): setScreenBrightnessOverride -1
12-30 16:39:57.296 D/PowerManagerService( 1468): setButtonBrightnessOverride -1
12-30 16:39:57.304 I/WindowManager( 1468): force=false top=Window{40880818 net.qihoo.launcher/net.qihoo.launcher.Launcher paused=false}
12-30 16:39:57.304 V/WindowManager( 1468): finishLayoutLw::mHideKeyguard=false
12-30 16:39:57.304 D/KeyguardViewMediator( 1468): setHidden false
12-30 16:39:57.304 D/PowerManagerService( 1468): setScreenBrightnessOverride -1
12-30 16:39:57.304 D/PowerManagerService( 1468): setButtonBrightnessOverride -1
12-30 16:39:57.320 I/WindowManager( 1468): force=false top=Window{40880818 net.qihoo.launcher/net.qihoo.launcher.Launcher paused=false}
12-30 16:39:57.320 V/WindowManager( 1468): finishLayoutLw::mHideKeyguard=false
12-30 16:39:57.320 D/KeyguardViewMediator( 1468): setHidden false
12-30 16:39:57.320 D/PowerManagerService( 1468): setScreenBrightnessOverride -1
12-30 16:39:57.320 D/PowerManagerService( 1468): setButtonBrightnessOverride -1
12-30 16:39:57.335 I/WindowManager( 1468): force=false top=Window{40880818 net.qihoo.launcher/net.qihoo.launcher.Launcher paused=false}
12-30 16:39:57.335 V/WindowManager( 1468): finishLayoutLw::mHideKeyguard=false
12-30 16:39:57.335 D/KeyguardViewMediator( 1468): setHidden false
12-30 16:39:57.343 D/PowerManagerService( 1468): setScreenBrightnessOverride -1
12-30 16:39:57.343 D/PowerManagerService( 1468): setButtonBrightnessOverride -1
12-30 16:39:57.351 I/WindowManager( 1468): force=false top=Window{40880818 net.qihoo.launcher/net.qihoo.launcher.Launcher paused=false}
12-30 16:39:57.351 V/WindowManager( 1468): finishLayoutLw::mHideKeyguard=false
12-30 16:39:57.351 D/KeyguardViewMediator( 1468): setHidden false
12-30 16:39:57.359 D/PowerManagerService( 1468): setScreenBrightnessOverride -1
12-30 16:39:57.359 D/PowerManagerService( 1468): setButtonBrightnessOverride -1
12-30 16:39:57.367 I/WindowManager( 1468): force=false top=Window{40880818 net.qihoo.launcher/net.qihoo.launcher.Launcher paused=false}
12-30 16:39:57.367 V/WindowManager( 1468): finishLayoutLw::mHideKeyguard=false
12-30 16:39:57.367 D/KeyguardViewMediator( 1468): setHidden false
12-30 16:39:57.375 D/PowerManagerService( 1468): setScreenBrightnessOverride -1
12-30 16:39:57.375 D/PowerManagerService( 1468): setButtonBrightnessOverride -1
12-30 16:39:57.390 I/WindowManager( 1468): force=false top=Window{40880818 net.qihoo.launcher/net.qihoo.launcher.Launcher paused=false}
12-30 16:39:57.390 V/WindowManager( 1468): finishLayoutLw::mHideKeyguard=false
12-30 16:39:57.390 D/KeyguardViewMediator( 1468): setHidden false
12-30 16:39:57.398 D/PowerManagerService( 1468): setScreenBrightnessOverride -1
12-30 16:39:57.398 D/PowerManagerService( 1468): setButtonBrightnessOverride -1
12-30 16:39:57.406 I/WindowManager( 1468): force=false top=Window{40880818 net.qihoo.launcher/net.qihoo.launcher.Launcher paused=false}
12-30 16:39:57.406 V/WindowManager( 1468): finishLayoutLw::mHideKeyguard=false
12-30 16:39:57.406 D/KeyguardViewMediator( 1468): setHidden false
12-30 16:39:57.406 D/PowerManagerService( 1468): setScreenBrightnessOverride -1
12-30 16:39:57.406 D/PowerManagerService( 1468): setButtonBrightnessOverride -1
12-30 16:39:57.421 I/WindowManager( 1468): force=false top=Window{40880818 net.qihoo.launcher/net.qihoo.launcher.Launcher paused=false}
12-30 16:39:57.421 V/WindowManager( 1468): finishLayoutLw::mHideKeyguard=false
12-30 16:39:57.421 D/KeyguardViewMediator( 1468): setHidden false
12-30 16:39:57.437 D/PowerManagerService( 1468): setScreenBrightnessOverride -1
12-30 16:39:57.437 I/WindowManager( 1468): force=false top=Window{40880818 net.qihoo.launcher/net.qihoo.launcher.Launcher paused=false}
12-30 16:39:57.437 V/WindowManager( 1468): finishLayoutLw::mHideKeyguard=false
12-30 16:39:57.437 D/KeyguardViewMediator( 1468): setHidden false
12-30 16:39:57.437 D/PowerManagerService( 1468): setButtonBrightnessOverride -1
12-30 16:39:57.445 D/PowerManagerService( 1468): setScreenBrightnessOverride -1
12-30 16:39:57.460 I/WindowManager( 1468): force=false top=Window{40880818 net.qihoo.launcher/net.qihoo.launcher.Launcher paused=false}
12-30 16:39:57.460 V/WindowManager( 1468): finishLayoutLw::mHideKeyguard=false
12-30 16:39:57.460 D/KeyguardViewMediator( 1468): setHidden false
12-30 16:39:57.460 D/PowerManagerService( 1468): setButtonBrightnessOverride -1
12-30 16:39:57.484 D/PowerManagerService( 1468): setScreenBrightnessOverride -1
12-30 16:39:57.500 I/WindowManager( 1468): force=false top=Window{40880818 net.qihoo.launcher/net.qihoo.launcher.Launcher paused=false}
12-30 16:39:57.500 V/WindowManager( 1468): finishLayoutLw::mHideKeyguard=false
12-30 16:39:57.500 D/KeyguardViewMediator( 1468): setHidden false
12-30 16:39:57.500 D/PowerManagerService( 1468): setButtonBrightnessOverride -1
12-30 16:39:57.500 D/PowerManagerService( 1468): setScreenBrightnessOverride -1
12-30 16:39:57.500 D/PowerManagerService( 1468): setButtonBrightnessOverride -1
12-30 16:39:57.734 W/AudioService( 1468): stream: 3 was already muted by this client
12-30 16:39:58.203 D/AndroidRuntime(17248):
12-30 16:39:58.203 D/AndroidRuntime(17248): >>>>>> AndroidRuntime START com.android.internal.os.RuntimeInit <<<<<<
12-30 16:39:58.210 D/AndroidRuntime(17248): CheckJNI is OFF
12-30 16:39:58.734 W/AudioService( 1468): stream: 3 was already muted by this client
12-30 16:39:58.820 D/android_net_wifi_Twapi(17248): --- register_android_net_wifi_TwNative---
12-30 16:39:58.828 E/TwNative_Jni(17248): register_android_net_wifi_TwNative
12-30 16:39:58.828 D/android_net_wifi_Twapi(17248): ---ret =0
12-30 16:39:59.062 D/AndroidRuntime(17248): Calling main entry com.android.commands.input.Input
12-30 16:39:59.070 I/SendKeyEvent(17248): 3
12-30 16:39:59.093 D/WindowManager( 1468): interceptKeyTi keyCode=3 down=true repeatCount=0 keyguardOn=false mHomePressed=false
12-30 16:39:59.093 I/WindowManager( 1468): interceptKeyTi().hapticsEnabled = false
12-30 16:39:59.093 D/PowerManagerService( 1468): userActivity mLastEventTime=443415894 time=443429153 mUserActivityAllowed=true mUserState=0x3 mWakeLockState=0x3 mProximitySensorActive=false timeoutOverride=-1 force=false
12-30 16:39:59.093 D/PowerManagerService( 1468): reactivateScreenLocksLocked mProxIgnoredBecauseScreenTurnedOff=false
12-30 16:39:59.093 D/PowerManagerService( 1468): setPowerState: mPowerState=0x3 newState=0x3 noChangeLights=false reason=2
12-30 16:39:59.093 D/PowerManagerService( 1468): setTimeoutLocked now=443429153 timeoutOverride=-1 nextState=3 when=443435153
12-30 16:39:59.101 D/WindowManager( 1468): interceptKeyTi keyCode=3 down=false repeatCount=0 keyguardOn=false mHomePressed=true
12-30 16:39:59.101 I/WindowManager( 1468): interceptKeyTi().hapticsEnabled = false
12-30 16:39:59.117 I/ActivityManager( 1468): Starting: Intent { act=android.intent.action.MAIN cat=[android.intent.category.HOME] flg=0x10200000 cmp=net.qihoo.launcher/.Launcher } from pid 1468
12-30 16:39:59.132 D/AndroidRuntime(17248): Shutting down VM
12-30 16:39:59.148 D/dalvikvm(17248): GC_CONCURRENT freed 98K, 72% free 291K/1024K, external 0K/0K, paused 1ms+0ms
12-30 16:39:59.148 D/jdwp    (17248): adbd disconnected
12-30 16:39:59.148 I/AndroidRuntime(17248): NOTE: attach of thread 'Binder Thread #2' failed
12-30 16:39:59.179 I/WindowManager( 1468): force=false top=Window{40880818 net.qihoo.launcher/net.qihoo.launcher.Launcher paused=false}
12-30 16:39:59.179 V/WindowManager( 1468): finishLayoutLw::mHideKeyguard=false
12-30 16:39:59.179 D/KeyguardViewMediator( 1468): setHidden false
12-30 16:39:59.179 W/WindowManager( 1468): updateFocusedWindowLocked newFocus=Window{40880818 net.qihoo.launcher/net.qihoo.launcher.Launcher paused=false} mode=3 mCurrentFocus = Window{40880818 net.qihoo.launcher/net.qihoo.launcher.Launcher paused=false}
12-30 16:39:59.187 D/PowerManagerService( 1468): setScreenBrightnessOverride -1
12-30 16:39:59.187 D/PowerManagerService( 1468): setButtonBrightnessOverride -1
12-30 16:39:59.195 I/WindowManager( 1468): force=false top=Window{40880818 net.qihoo.launcher/net.qihoo.launcher.Launcher paused=false}
12-30 16:39:59.195 V/WindowManager( 1468): finishLayoutLw::mHideKeyguard=false
12-30 16:39:59.195 D/KeyguardViewMediator( 1468): setHidden false
12-30 16:39:59.195 D/PowerManagerService( 1468): setScreenBrightnessOverride -1
12-30 16:39:59.195 D/PowerManagerService( 1468): setButtonBrightnessOverride -1
12-30 16:39:59.210 I/WindowManager( 1468): force=false top=Window{40880818 net.qihoo.launcher/net.qihoo.launcher.Launcher paused=false}
12-30 16:39:59.210 V/WindowManager( 1468): finishLayoutLw::mHideKeyguard=false
12-30 16:39:59.210 D/KeyguardViewMediator( 1468): setHidden false
12-30 16:39:59.210 D/PowerManagerService( 1468): setScreenBrightnessOverride -1
12-30 16:39:59.210 D/PowerManagerService( 1468): setButtonBrightnessOverride -1
12-30 16:39:59.226 I/WindowManager( 1468): force=false top=Window{40880818 net.qihoo.launcher/net.qihoo.launcher.Launcher paused=false}
12-30 16:39:59.226 V/WindowManager( 1468): finishLayoutLw::mHideKeyguard=false
12-30 16:39:59.226 D/KeyguardViewMediator( 1468): setHidden false
12-30 16:39:59.234 D/PowerManagerService( 1468): setScreenBrightnessOverride -1
12-30 16:39:59.234 D/PowerManagerService( 1468): setButtonBrightnessOverride -1
12-30 16:39:59.242 I/WindowManager( 1468): force=false top=Window{40880818 net.qihoo.launcher/net.qihoo.launcher.Launcher paused=false}
12-30 16:39:59.242 V/WindowManager( 1468): finishLayoutLw::mHideKeyguard=false
12-30 16:39:59.242 D/KeyguardViewMediator( 1468): setHidden false
12-30 16:39:59.250 D/PowerManagerService( 1468): setScreenBrightnessOverride -1
12-30 16:39:59.250 D/PowerManagerService( 1468): setButtonBrightnessOverride -1
12-30 16:39:59.257 I/WindowManager( 1468): force=false top=Window{40880818 net.qihoo.launcher/net.qihoo.launcher.Launcher paused=false}
12-30 16:39:59.257 V/WindowManager( 1468): finishLayoutLw::mHideKeyguard=false
12-30 16:39:59.257 D/KeyguardViewMediator( 1468): setHidden false
12-30 16:39:59.265 D/PowerManagerService( 1468): setScreenBrightnessOverride -1
12-30 16:39:59.265 D/PowerManagerService( 1468): setButtonBrightnessOverride -1
12-30 16:39:59.281 I/WindowManager( 1468): force=false top=Window{40880818 net.qihoo.launcher/net.qihoo.launcher.Launcher paused=false}
12-30 16:39:59.281 V/WindowManager( 1468): finishLayoutLw::mHideKeyguard=false
12-30 16:39:59.281 D/KeyguardViewMediator( 1468): setHidden false
12-30 16:39:59.289 D/PowerManagerService( 1468): setScreenBrightnessOverride -1
12-30 16:39:59.289 D/PowerManagerService( 1468): setButtonBrightnessOverride -1
12-30 16:39:59.296 I/WindowManager( 1468): force=false top=Window{40880818 net.qihoo.launcher/net.qihoo.launcher.Launcher paused=false}
12-30 16:39:59.296 V/WindowManager( 1468): finishLayoutLw::mHideKeyguard=false
12-30 16:39:59.296 D/KeyguardViewMediator( 1468): setHidden false
12-30 16:39:59.296 D/PowerManagerService( 1468): setScreenBrightnessOverride -1
12-30 16:39:59.296 D/PowerManagerService( 1468): setButtonBrightnessOverride -1
12-30 16:39:59.312 I/WindowManager( 1468): force=false top=Window{40880818 net.qihoo.launcher/net.qihoo.launcher.Launcher paused=false}
12-30 16:39:59.312 V/WindowManager( 1468): finishLayoutLw::mHideKeyguard=false
12-30 16:39:59.312 D/KeyguardViewMediator( 1468): setHidden false
12-30 16:39:59.312 D/PowerManagerService( 1468): setScreenBrightnessOverride -1
12-30 16:39:59.312 D/PowerManagerService( 1468): setButtonBrightnessOverride -1
12-30 16:39:59.320 I/ConnectivityService( 1468): [getActiveNetworkInfo] mActiveDefaultNetwork = 1
12-30 16:39:59.328 I/WindowManager( 1468): force=false top=Window{40880818 net.qihoo.launcher/net.qihoo.launcher.Launcher paused=false}
12-30 16:39:59.328 V/WindowManager( 1468): finishLayoutLw::mHideKeyguard=false
12-30 16:39:59.328 D/KeyguardViewMediator( 1468): setHidden false
12-30 16:39:59.335 D/PowerManagerService( 1468): setScreenBrightnessOverride -1
12-30 16:39:59.335 D/PowerManagerService( 1468): setButtonBrightnessOverride -1
12-30 16:39:59.343 I/WindowManager( 1468): force=false top=Window{40880818 net.qihoo.launcher/net.qihoo.launcher.Launcher paused=false}
12-30 16:39:59.343 V/WindowManager( 1468): finishLayoutLw::mHideKeyguard=false
12-30 16:39:59.343 D/KeyguardViewMediator( 1468): setHidden false
12-30 16:39:59.351 D/PowerManagerService( 1468): setScreenBrightnessOverride -1
12-30 16:39:59.351 D/PowerManagerService( 1468): setButtonBrightnessOverride -1
12-30 16:39:59.359 I/WindowManager( 1468): force=false top=Window{40880818 net.qihoo.launcher/net.qihoo.launcher.Launcher paused=false}
12-30 16:39:59.367 V/WindowManager( 1468): finishLayoutLw::mHideKeyguard=false
12-30 16:39:59.367 D/KeyguardViewMediator( 1468): setHidden false
12-30 16:39:59.367 D/PowerManagerService( 1468): setScreenBrightnessOverride -1
12-30 16:39:59.367 D/PowerManagerService( 1468): setButtonBrightnessOverride -1
12-30 16:39:59.375 I/WindowManager( 1468): force=false top=Window{40880818 net.qihoo.launcher/net.qihoo.launcher.Launcher paused=false}
12-30 16:39:59.382 V/WindowManager( 1468): finishLayoutLw::mHideKeyguard=false
12-30 16:39:59.382 D/KeyguardViewMediator( 1468): setHidden false
12-30 16:39:59.382 D/PowerManagerService( 1468): setScreenBrightnessOverride -1
12-30 16:39:59.382 D/PowerManagerService( 1468): setButtonBrightnessOverride -1
12-30 16:39:59.398 I/WindowManager( 1468): force=false top=Window{40880818 net.qihoo.launcher/net.qihoo.launcher.Launcher paused=false}
12-30 16:39:59.398 V/WindowManager( 1468): finishLayoutLw::mHideKeyguard=false
12-30 16:39:59.398 D/KeyguardViewMediator( 1468): setHidden false
12-30 16:39:59.398 I/WindowManager( 1468): force=false top=Window{40880818 net.qihoo.launcher/net.qihoo.launcher.Launcher paused=false}
12-30 16:39:59.398 V/WindowManager( 1468): finishLayoutLw::mHideKeyguard=false
12-30 16:39:59.398 D/KeyguardViewMediator( 1468): setHidden false
12-30 16:39:59.398 D/PowerManagerService( 1468): setScreenBrightnessOverride -1
12-30 16:39:59.398 D/PowerManagerService( 1468): setButtonBrightnessOverride -1
12-30 16:39:59.414 D/PowerManagerService( 1468): userActivity mLastEventTime=443429153 time=443429492 mUserActivityAllowed=true mUserState=0x3 mWakeLockState=0x3 mProximitySensorActive=false timeoutOverride=-1 force=false
12-30 16:39:59.414 D/PowerManagerService( 1468): reactivateScreenLocksLocked mProxIgnoredBecauseScreenTurnedOff=false
12-30 16:39:59.414 D/PowerManagerService( 1468): setPowerState: mPowerState=0x3 newState=0x3 noChangeLights=false reason=2
12-30 16:39:59.414 D/PowerManagerService( 1468): setTimeoutLocked now=443429492 timeoutOverride=-1 nextState=3 when=443435492
12-30 16:39:59.414 D/PowerManagerService( 1468): releaseWakeLock flags=0xa tag=KEEP_SCREEN_ON_FLAG
12-30 16:39:59.414 D/PowerManagerService( 1468): setPowerState: mPowerState=0x3 newState=0x3 noChangeLights=false reason=3
12-30 16:39:59.414 D/PowerManagerService( 1468): setScreenBrightnessOverride -1
12-30 16:39:59.414 D/PowerManagerService( 1468): setButtonBrightnessOverride -1
12-30 16:39:59.742 W/AudioService( 1468): stream: 3 was already muted by this client
12-30 16:39:59.992 D/PowerManagerService( 1468): acquireWakeLock flags=0x1 tag=AlarmManager
12-30 16:40:00.000 D/KeyguardUpdateMonitor( 1468): received broadcast android.intent.action.TIME_TICK
12-30 16:40:00.000 D/KeyguardUpdateMonitor( 1468): handleTimeUpdate
12-30 16:40:00.078 D/PowerManagerService( 1468): releaseWakeLock flags=0x1 tag=AlarmManager
12-30 16:40:00.187 D/dalvikvm( 2027): GC_CONCURRENT freed 532K, 60% free 2809K/6919K, external 1900K/2113K, paused 4ms+4ms
12-30 16:40:00.742 W/AudioService( 1468): stream: 3 was already muted by this client
12-30 16:40:01.742 W/AudioService( 1468): stream: 3 was already muted by this client
12-30 16:40:02.742 W/AudioService( 1468): stream: 3 was already muted by this client
12-30 16:40:03.750 W/AudioService( 1468): stream: 3 was already muted by this client
12-30 16:40:04.750 W/AudioService( 1468): stream: 3 was already muted by this client
12-30 16:40:04.906 D/AndroidRuntime(17258):
12-30 16:40:04.906 D/AndroidRuntime(17258): >>>>>> AndroidRuntime START com.android.internal.os.RuntimeInit <<<<<<
12-30 16:40:04.906 D/AndroidRuntime(17258): CheckJNI is OFF
12-30 16:40:05.414 D/PowerManagerService( 1468): user activity timeout timed out nextState=3
12-30 16:40:05.414 D/PowerManagerService( 1468): setPowerState: mPowerState=0x3 newState=0x3 noChangeLights=false reason=3
12-30 16:40:05.414 D/PowerManagerService( 1468): setTimeoutLocked now=443435493 timeoutOverride=-1 nextState=0 when=2590919140
12-30 16:40:05.593 D/android_net_wifi_Twapi(17258): --- register_android_net_wifi_TwNative---
12-30 16:40:05.601 E/TwNative_Jni(17258): register_android_net_wifi_TwNative
12-30 16:40:05.601 D/android_net_wifi_Twapi(17258): ---ret =0
12-30 16:40:05.757 W/AudioService( 1468): stream: 3 was already muted by this client
12-30 16:40:05.851 D/AndroidRuntime(17258): Calling main entry com.android.commands.input.Input
12-30 16:40:05.851 I/SendKeyEvent(17258): 3
12-30 16:40:05.851 D/WindowManager( 1468): interceptKeyTi keyCode=3 down=true repeatCount=0 keyguardOn=false mHomePressed=false
12-30 16:40:05.851 I/WindowManager( 1468): interceptKeyTi().hapticsEnabled = false
12-30 16:40:05.851 D/PowerManagerService( 1468): userActivity mLastEventTime=443429492 time=443435931 mUserActivityAllowed=true mUserState=0x3 mWakeLockState=0x3 mProximitySensorActive=false timeoutOverride=-1 force=false
12-30 16:40:05.851 D/PowerManagerService( 1468): reactivateScreenLocksLocked mProxIgnoredBecauseScreenTurnedOff=false
12-30 16:40:05.851 D/PowerManagerService( 1468): setPowerState: mPowerState=0x3 newState=0x3 noChangeLights=false reason=2
12-30 16:40:05.851 D/PowerManagerService( 1468): setTimeoutLocked now=443435931 timeoutOverride=-1 nextState=3 when=443441931
12-30 16:40:05.859 D/WindowManager( 1468): interceptKeyTi keyCode=3 down=false repeatCount=0 keyguardOn=false mHomePressed=true
12-30 16:40:05.859 I/WindowManager( 1468): interceptKeyTi().hapticsEnabled = false
12-30 16:40:05.875 I/ActivityManager( 1468): Starting: Intent { act=android.intent.action.MAIN cat=[android.intent.category.HOME] flg=0x10200000 cmp=net.qihoo.launcher/.Launcher } from pid 1468
12-30 16:40:05.890 D/AndroidRuntime(17258): Shutting down VM
12-30 16:40:05.906 D/dalvikvm(17258): GC_CONCURRENT freed 98K, 72% free 291K/1024K, external 0K/0K, paused 0ms+1ms
12-30 16:40:05.906 D/jdwp    (17258): adbd disconnected
12-30 16:40:05.914 I/AndroidRuntime(17258): NOTE: attach of thread 'Binder Thread #2' failed
12-30 16:40:05.968 I/ConnectivityService( 1468): [getActiveNetworkInfo] mActiveDefaultNetwork = 1
12-30 16:40:06.757 W/AudioService( 1468): stream: 3 was already muted by this client
12-30 16:40:07.757 W/AudioService( 1468): stream: 3 was already muted by this client
12-30 16:40:08.765 W/AudioService( 1468): stream: 3 was already muted by this client
12-30 16:40:09.765 W/AudioService( 1468): stream: 3 was already muted by this client
12-30 16:40:10.765 W/AudioService( 1468): stream: 3 was already muted by this client
12-30 16:40:11.531 D/AndroidRuntime(17267):
12-30 16:40:11.531 D/AndroidRuntime(17267): >>>>>> AndroidRuntime START com.android.internal.os.RuntimeInit <<<<<<
12-30 16:40:11.546 D/AndroidRuntime(17267): CheckJNI is OFF
12-30 16:40:11.773 W/AudioService( 1468): stream: 3 was already muted by this client
12-30 16:40:11.851 D/PowerManagerService( 1468): user activity timeout timed out nextState=3
12-30 16:40:11.851 D/PowerManagerService( 1468): setPowerState: mPowerState=0x3 newState=0x3 noChangeLights=false reason=3
12-30 16:40:11.851 D/PowerManagerService( 1468): setTimeoutLocked now=443441931 timeoutOverride=-1 nextState=0 when=2590925578
12-30 16:40:11.968 D/AndroidRuntime(17269):
12-30 16:40:11.968 D/AndroidRuntime(17269): >>>>>> AndroidRuntime START com.android.internal.os.RuntimeInit <<<<<<
12-30 16:40:11.968 D/AndroidRuntime(17269): CheckJNI is OFF
12-30 16:40:12.000 D/android_net_wifi_Twapi(17267): --- register_android_net_wifi_TwNative---
12-30 16:40:12.007 E/TwNative_Jni(17267): register_android_net_wifi_TwNative
12-30 16:40:12.007 D/android_net_wifi_Twapi(17267): ---ret =0
12-30 16:40:12.156 D/AndroidRuntime(17267): Calling main entry com.android.commands.input.Input
12-30 16:40:12.156 I/SendKeyEvent(17267): 3
12-30 16:40:12.164 D/WindowManager( 1468): interceptKeyTi keyCode=3 down=true repeatCount=0 keyguardOn=false mHomePressed=false
12-30 16:40:12.164 I/WindowManager( 1468): interceptKeyTi().hapticsEnabled = false
12-30 16:40:12.164 D/PowerManagerService( 1468): userActivity mLastEventTime=443435931 time=443442241 mUserActivityAllowed=true mUserState=0x3 mWakeLockState=0x3 mProximitySensorActive=false timeoutOverride=-1 force=false
12-30 16:40:12.164 D/PowerManagerService( 1468): reactivateScreenLocksLocked mProxIgnoredBecauseScreenTurnedOff=false
12-30 16:40:12.164 D/PowerManagerService( 1468): setPowerState: mPowerState=0x3 newState=0x3 noChangeLights=false reason=2
12-30 16:40:12.164 D/PowerManagerService( 1468): setTimeoutLocked now=443442241 timeoutOverride=-1 nextState=3 when=443448241
12-30 16:40:12.179 D/WindowManager( 1468): interceptKeyTi keyCode=3 down=false repeatCount=0 keyguardOn=false mHomePressed=true
12-30 16:40:12.179 I/WindowManager( 1468): interceptKeyTi().hapticsEnabled = false
12-30 16:40:12.187 I/ActivityManager( 1468): Starting: Intent { act=android.intent.action.MAIN cat=[android.intent.category.HOME] flg=0x10200000 cmp=net.qihoo.launcher/.Launcher } from pid 1468
12-30 16:40:12.218 D/AndroidRuntime(17267): Shutting down VM
12-30 16:40:12.234 D/dalvikvm(17267): GC_CONCURRENT freed 98K, 72% free 290K/1024K, external 0K/0K, paused 1ms+1ms
12-30 16:40:12.234 D/jdwp    (17267): adbd disconnected
12-30 16:40:12.250 I/AndroidRuntime(17267): NOTE: attach of thread 'Binder Thread #3' failed
12-30 16:40:12.296 I/ConnectivityService( 1468): [getActiveNetworkInfo] mActiveDefaultNetwork = 1
12-30 16:40:12.421 D/android_net_wifi_Twapi(17269): --- register_android_net_wifi_TwNative---
12-30 16:40:12.421 E/TwNative_Jni(17269): register_android_net_wifi_TwNative
12-30 16:40:12.421 D/android_net_wifi_Twapi(17269): ---ret =0
12-30 16:40:12.507 D/AndroidRuntime(17269): Calling main entry com.android.commands.pm.Pm
12-30 16:40:12.523 D/ActivityThread( 2757): test selfappwidget  getPackageInfo,packageInfo 000=android.app.LoadedApk@40514400
12-30 16:40:12.523 D/ActivityThread( 2757): test selfappwidget  handleCreateService,packageInfo 000=android.app.LoadedApk@40514400
12-30 16:40:12.570 D/dalvikvm( 2757): GC_EXPLICIT freed 6K, 58% free 2730K/6471K, external 1900K/2113K, paused 36ms
12-30 16:40:12.578 W/ActivityManager( 1468): No content provider found for:
12-30 16:40:12.781 W/AudioService( 1468): stream: 3 was already muted by this client
12-30 16:40:13.781 W/AudioService( 1468): stream: 3 was already muted by this client
12-30 16:40:14.789 W/AudioService( 1468): stream: 3 was already muted by this client
12-30 16:40:15.789 W/AudioService( 1468): stream: 3 was already muted by this client
12-30 16:40:16.796 W/AudioService( 1468): stream: 3 was already muted by this client
12-30 16:40:17.656 D/AndroidRuntime(17287):
12-30 16:40:17.656 D/AndroidRuntime(17287): >>>>>> AndroidRuntime START com.android.internal.os.RuntimeInit <<<<<<
12-30 16:40:17.656 D/AndroidRuntime(17287): CheckJNI is OFF
12-30 16:40:17.796 W/AudioService( 1468): stream: 3 was already muted by this client
12-30 16:40:17.914 D/android_net_wifi_Twapi(17287): --- register_android_net_wifi_TwNative---
12-30 16:40:17.914 E/TwNative_Jni(17287): register_android_net_wifi_TwNative
12-30 16:40:17.914 D/android_net_wifi_Twapi(17287): ---ret =0
12-30 16:40:18.000 D/AndroidRuntime(17287): Calling main entry com.android.commands.input.Input
12-30 16:40:18.007 I/SendKeyEvent(17287): 3
12-30 16:40:18.007 D/WindowManager( 1468): interceptKeyTi keyCode=3 down=true repeatCount=0 keyguardOn=false mHomePressed=false
12-30 16:40:18.007 I/WindowManager( 1468): interceptKeyTi().hapticsEnabled = false
12-30 16:40:18.007 D/PowerManagerService( 1468): userActivity mLastEventTime=443442241 time=443448086 mUserActivityAllowed=true mUserState=0x3 mWakeLockState=0x3 mProximitySensorActive=false timeoutOverride=-1 force=false
12-30 16:40:18.007 D/PowerManagerService( 1468): reactivateScreenLocksLocked mProxIgnoredBecauseScreenTurnedOff=false
12-30 16:40:18.007 D/PowerManagerService( 1468): setPowerState: mPowerState=0x3 newState=0x3 noChangeLights=false reason=2
12-30 16:40:18.007 D/PowerManagerService( 1468): setTimeoutLocked now=443448086 timeoutOverride=-1 nextState=3 when=443454086
12-30 16:40:18.015 D/WindowManager( 1468): interceptKeyTi keyCode=3 down=false repeatCount=0 keyguardOn=false mHomePressed=true
12-30 16:40:18.015 I/WindowManager( 1468): interceptKeyTi().hapticsEnabled = false
12-30 16:40:18.031 I/ActivityManager( 1468): Starting: Intent { act=android.intent.action.MAIN cat=[android.intent.category.HOME] flg=0x10200000 cmp=net.qihoo.launcher/.Launcher } from pid 1468
12-30 16:40:18.054 D/AndroidRuntime(17287): Shutting down VM
12-30 16:40:18.062 D/dalvikvm(17287): GC_CONCURRENT freed 98K, 72% free 290K/1024K, external 0K/0K, paused 1ms+1ms
12-30 16:40:18.062 D/jdwp    (17287): adbd disconnected
12-30 16:40:18.062 I/AndroidRuntime(17287): NOTE: attach of thread 'Binder Thread #2' failed
12-30 16:40:18.101 I/ConnectivityService( 1468): [getActiveNetworkInfo] mActiveDefaultNetwork = 1
12-30 16:40:18.804 W/AudioService( 1468): stream: 3 was already muted by this client
12-30 16:40:19.804 W/AudioService( 1468): stream: 3 was already muted by this client
12-30 16:40:20.812 W/AudioService( 1468): stream: 3 was already muted by this client
12-30 16:40:21.599 V/kernel  (17190): <4>[443451.668273] tmp volt=4150
12-30 16:40:21.602 V/kernel  (17190): <4>[443451.671051] aval volt=4143
12-30 16:40:21.609 V/kernel  (17190): <4>[443451.678039]
12-30 16:40:21.609 V/kernel  (17190): <4>[443451.678039] display active wakelock
12-30 16:40:21.614 V/kernel  (17190): <4>[443451.683197] lock:pxa3xx_nand_idle
12-30 16:40:21.617 V/kernel  (17190): <4>[443451.686584] lock:CameraHardware
12-30 16:40:21.620 V/kernel  (17190): <4>[443451.689819] lock:main
12-30 16:40:21.623 V/kernel  (17190): <4>[443451.692169] lock:usb_ac_wakelock
12-30 16:40:21.626 V/kernel  (17190): <4>[443451.695465] lock:mv_gadget
12-30 16:40:21.629 V/kernel  (17190): <4>[443451.698242] lock:pxa3xx_nand_idle
12-30 16:40:21.632 V/kernel  (17190): <4>[443451.701660] lock:pxa910_camera_idle
12-30 16:40:21.636 V/kernel  (17190): <4>[443451.705200] lock:pxa168fb_idle
12-30 16:40:21.639 V/kernel  (17190): <4>[443451.708343] lock:mv_gadget_idle
12-30 16:40:21.812 W/AudioService( 1468): stream: 3 was already muted by this client
12-30 16:40:22.820 W/AudioService( 1468): stream: 3 was already muted by this client
12-30 16:40:23.398 D/AndroidRuntime(17296):
12-30 16:40:23.398 D/AndroidRuntime(17296): >>>>>> AndroidRuntime START com.android.internal.os.RuntimeInit <<<<<<
12-30 16:40:23.398 D/AndroidRuntime(17296): CheckJNI is OFF
12-30 16:40:23.664 D/android_net_wifi_Twapi(17296): --- register_android_net_wifi_TwNative---
12-30 16:40:23.664 E/TwNative_Jni(17296): register_android_net_wifi_TwNative
12-30 16:40:23.664 D/android_net_wifi_Twapi(17296): ---ret =0
12-30 16:40:23.757 D/AndroidRuntime(17296): Calling main entry com.android.commands.input.Input
12-30 16:40:23.757 I/SendKeyEvent(17296): 3
12-30 16:40:23.765 D/WindowManager( 1468): interceptKeyTi keyCode=3 down=true repeatCount=0 keyguardOn=false mHomePressed=false
12-30 16:40:23.765 I/WindowManager( 1468): interceptKeyTi().hapticsEnabled = false
12-30 16:40:23.765 D/WindowManager( 1468): interceptKeyTi keyCode=3 down=false repeatCount=0 keyguardOn=false mHomePressed=true
12-30 16:40:23.765 I/WindowManager( 1468): interceptKeyTi().hapticsEnabled = false
12-30 16:40:23.765 D/PowerManagerService( 1468): userActivity mLastEventTime=443448086 time=443453840 mUserActivityAllowed=true mUserState=0x3 mWakeLockState=0x3 mProximitySensorActive=false timeoutOverride=-1 force=false
12-30 16:40:23.765 D/PowerManagerService( 1468): reactivateScreenLocksLocked mProxIgnoredBecauseScreenTurnedOff=false
12-30 16:40:23.765 D/PowerManagerService( 1468): setPowerState: mPowerState=0x3 newState=0x3 noChangeLights=false reason=2
12-30 16:40:23.765 D/PowerManagerService( 1468): setTimeoutLocked now=443453840 timeoutOverride=-1 nextState=3 when=443459840
12-30 16:40:23.781 I/ActivityManager( 1468): Starting: Intent { act=android.intent.action.MAIN cat=[android.intent.category.HOME] flg=0x10200000 cmp=net.qihoo.launcher/.Launcher } from pid 1468
12-30 16:40:23.812 D/AndroidRuntime(17296): Shutting down VM
12-30 16:40:23.820 D/dalvikvm(17296): GC_CONCURRENT freed 98K, 72% free 291K/1024K, external 0K/0K, paused 1ms+0ms
12-30 16:40:23.820 D/jdwp    (17296): adbd disconnected
12-30 16:40:23.835 I/AndroidRuntime(17296): NOTE: attach of thread 'Binder Thread #2' failed
12-30 16:40:23.835 W/AudioService( 1468): stream: 3 was already muted by this client
12-30 16:40:23.867 I/ConnectivityService( 1468): [getActiveNetworkInfo] mActiveDefaultNetwork = 1
12-30 16:40:24.843 W/AudioService( 1468): stream: 3 was already muted by this client
12-30 16:40:25.843 W/AudioService( 1468): stream: 3 was already muted by this client
12-30 16:40:26.851 W/AudioService( 1468): stream: 3 was already muted by this client
12-30 16:40:27.515 W/ActivityManager( 1468): No content provider found for:
12-30 16:40:27.523 D/PackageParser( 1468): Scanning package: /data/app/vmdl1028978895.tmp
12-30 16:40:27.851 W/AudioService( 1468): stream: 3 was already muted by this client
12-30 16:40:28.515 D/dalvikvm( 1468): GC_CONCURRENT freed 1541K, 66% free 6493K/19015K, external 16568K/17844K, paused 6ms+12ms
12-30 16:40:28.859 W/AudioService( 1468): stream: 3 was already muted by this client
12-30 16:40:29.164 D/AndroidRuntime(17305):
12-30 16:40:29.164 D/AndroidRuntime(17305): >>>>>> AndroidRuntime START com.android.internal.os.RuntimeInit <<<<<<
12-30 16:40:29.164 D/AndroidRuntime(17305): CheckJNI is OFF
12-30 16:40:29.406 D/android_net_wifi_Twapi(17305): --- register_android_net_wifi_TwNative---
12-30 16:40:29.406 E/TwNative_Jni(17305): register_android_net_wifi_TwNative
12-30 16:40:29.406 D/android_net_wifi_Twapi(17305): ---ret =0
12-30 16:40:29.500 D/AndroidRuntime(17305): Calling main entry com.android.commands.input.Input
12-30 16:40:29.500 I/SendKeyEvent(17305): 3
12-30 16:40:29.507 D/WindowManager( 1468): interceptKeyTi keyCode=3 down=true repeatCount=0 keyguardOn=false mHomePressed=false
12-30 16:40:29.507 I/WindowManager( 1468): interceptKeyTi().hapticsEnabled = false
12-30 16:40:29.507 D/PowerManagerService( 1468): userActivity mLastEventTime=443453840 time=443459579 mUserActivityAllowed=true mUserState=0x3 mWakeLockState=0x3 mProximitySensorActive=false timeoutOverride=-1 force=false
12-30 16:40:29.507 D/PowerManagerService( 1468): reactivateScreenLocksLocked mProxIgnoredBecauseScreenTurnedOff=false
12-30 16:40:29.507 D/PowerManagerService( 1468): setPowerState: mPowerState=0x3 newState=0x3 noChangeLights=false reason=2
12-30 16:40:29.507 D/PowerManagerService( 1468): setTimeoutLocked now=443459579 timeoutOverride=-1 nextState=3 when=443465579
12-30 16:40:29.515 D/WindowManager( 1468): interceptKeyTi keyCode=3 down=false repeatCount=0 keyguardOn=false mHomePressed=true
12-30 16:40:29.515 I/WindowManager( 1468): interceptKeyTi().hapticsEnabled = false
12-30 16:40:29.531 I/ActivityManager( 1468): Starting: Intent { act=android.intent.action.MAIN cat=[android.intent.category.HOME] flg=0x10200000 cmp=net.qihoo.launcher/.Launcher } from pid 1468
12-30 16:40:29.554 D/AndroidRuntime(17305): Shutting down VM
12-30 16:40:29.570 D/dalvikvm(17305): GC_CONCURRENT freed 98K, 72% free 291K/1024K, external 0K/0K, paused 1ms+1ms
12-30 16:40:29.570 D/jdwp    (17305): adbd disconnected
12-30 16:40:29.578 I/AndroidRuntime(17305): NOTE: attach of thread 'Binder Thread #3' failed
12-30 16:40:29.609 I/ConnectivityService( 1468): [getActiveNetworkInfo] mActiveDefaultNetwork = 1
12-30 16:40:29.867 W/AudioService( 1468): stream: 3 was already muted by this client
12-30 16:40:30.875 W/AudioService( 1468): stream: 3 was already muted by this client
12-30 16:40:31.367 I/PackageManager( 1468): pkgCerts Public key: RSA Public Key
12-30 16:40:31.367 I/PackageManager( 1468):             modulus: a6f23a027b1d66e19f386649874541c9501ddb9bb0d1f5248368aa4f62e799b51a6c1a06166bc7901ef3e620f13404b9272f135ddb9e2d479f297cd2ca8c90eba79374b29444e8c8b4fc9b5c7dcb85115a54734263d96aa8074064f9be3a75fecc8c0aa3ce06c63990c6776fd0833323ff1135cc8d8e70a5e89e72f6075c80a1
12-30 16:40:31.367 I/PackageManager( 1468):     public exponent: 10001
12-30 16:40:31.375 D/PackageManager( 1468): Scanning package com.giant.brizzle
12-30 16:40:31.375 D/PackageManager( 1468): scanPackageLI-2:pkg : Package{406ca208 com.giant.brizzle} , the trustLevel is : 0
12-30 16:40:31.382 I/PackageManager( 1468): Unpacking native libraries for /data/app/com.giant.brizzle-1.apk
12-30 16:40:31.539 D/dalvikvm( 1468): GC_CONCURRENT freed 1944K, 66% free 6532K/19015K, external 16568K/17844K, paused 6ms+18ms
12-30 16:40:31.875 W/AudioService( 1468): stream: 3 was already muted by this client
12-30 16:40:32.882 W/AudioService( 1468): stream: 3 was already muted by this client
12-30 16:40:33.882 W/AudioService( 1468): stream: 3 was already muted by this client
12-30 16:40:34.882 W/AudioService( 1468): stream: 3 was already muted by this client
12-30 16:40:34.953 D/AndroidRuntime(17315):
12-30 16:40:34.953 D/AndroidRuntime(17315): >>>>>> AndroidRuntime START com.android.internal.os.RuntimeInit <<<<<<
12-30 16:40:34.953 D/AndroidRuntime(17315): CheckJNI is OFF
12-30 16:40:35.226 D/android_net_wifi_Twapi(17315): --- register_android_net_wifi_TwNative---
12-30 16:40:35.226 E/TwNative_Jni(17315): register_android_net_wifi_TwNative
12-30 16:40:35.226 D/android_net_wifi_Twapi(17315): ---ret =0
12-30 16:40:35.328 D/AndroidRuntime(17315): Calling main entry com.android.commands.input.Input
12-30 16:40:35.328 I/SendKeyEvent(17315): 3
12-30 16:40:35.328 D/PowerManagerService( 1468): userActivity mLastEventTime=443459579 time=443465408 mUserActivityAllowed=true mUserState=0x3 mWakeLockState=0x3 mProximitySensorActive=false timeoutOverride=-1 force=false
12-30 16:40:35.335 D/WindowManager( 1468): interceptKeyTi keyCode=3 down=true repeatCount=0 keyguardOn=false mHomePressed=false
12-30 16:40:35.335 I/WindowManager( 1468): interceptKeyTi().hapticsEnabled = false
12-30 16:40:35.335 D/WindowManager( 1468): interceptKeyTi keyCode=3 down=false repeatCount=0 keyguardOn=false mHomePressed=true
12-30 16:40:35.335 I/WindowManager( 1468): interceptKeyTi().hapticsEnabled = false
