12-30 16:42:08.312 W/AudioService( 1468): stream: 3 was already muted by this client
12-30 16:42:08.468 D/AndroidRuntime(17637): Calling main entry com.android.commands.am.Am
12-30 16:42:08.585 D/ActivityThread( 2027): test selfappwidget  getPackageInfo,packageInfo 000=android.app.LoadedApk@405138f8
12-30 16:42:08.585 D/ActivityThread( 2027): test selfappwidget handleReceiver,packageInfo 000=android.app.LoadedApk@405138f8
12-30 16:42:08.585 I/iTestin ( 2027): recv broadcast>>>itestin.service.CMD_LOG
12-30 16:42:08.601 I/TestinExternalLog( 2027): <<<<<<< Capturing image (7) >>>>>>>
12-30 16:42:08.609 D/AndroidRuntime(17637): Shutting down VM
12-30 16:42:08.625 D/dalvikvm(17637): GC_CONCURRENT freed 101K, 69% free 324K/1024K, external 0K/0K, paused 3ms+1ms
12-30 16:42:08.632 I/AndroidRuntime(17637): NOTE: attach of thread 'Binder Thread #3' failed
12-30 16:42:08.648 D/jdwp    (17637): adbd disconnected
12-30 16:42:08.773 D/dalvikvm(17533): GC_CONCURRENT freed 1044K, 51% free 3456K/6983K, external 2277K/2843K, paused 5ms+31ms
12-30 16:42:08.781 D/PowerManagerService( 1468): userActivity mLastEventTime=443552033 time=443558857 mUserActivityAllowed=true mUserState=0x3 mWakeLockState=0x3 mProximitySensorActive=false timeoutOverride=-1 force=false
12-30 16:42:08.781 D/PowerManagerService( 1468): reactivateScreenLocksLocked mProxIgnoredBecauseScreenTurnedOff=false
12-30 16:42:08.781 D/PowerManagerService( 1468): setPowerState: mPowerState=0x3 newState=0x3 noChangeLights=false reason=2
12-30 16:42:08.781 D/PowerManagerService( 1468): setTimeoutLocked now=443558857 timeoutOverride=-1 nextState=3 when=443564857
12-30 16:42:08.843 D/PowerManagerService( 1468): userActivity mLastEventTime=443558857 time=443558922 mUserActivityAllowed=true mUserState=0x3 mWakeLockState=0x3 mProximitySensorActive=false timeoutOverride=-1 force=false
12-30 16:42:08.843 D/PowerManagerService( 1468): reactivateScreenLocksLocked mProxIgnoredBecauseScreenTurnedOff=false
12-30 16:42:08.843 D/PowerManagerService( 1468): setPowerState: mPowerState=0x3 newState=0x3 noChangeLights=false reason=2
12-30 16:42:08.851 D/PowerManagerService( 1468): setTimeoutLocked now=443558922 timeoutOverride=-1 nextState=3 when=443564922
12-30 16:42:08.882 W/webcore (17533): Can't get the viewWidth after the first layout
12-30 16:42:08.898 I/Ads     (17533): Received ad url: <url: "http://googleads.g.doubleclick.net:80/mads/gma?preqs=1&session_id=8478389626390609469&seq_num=2&u_w=320&msid=com.giant.brizzle&cap=m%2Ca&js=afma-sdk-a-v6.3.1&prnl=4597&bas_off=0&net=null&app_name=1.android.com.giant.brizzle&hl=zh&gnt=0&u_audio=3&u_sd=1.5&ms=7h6h4ygAn6BDivWEOOkmgBhidAFFEx_dv6m8S3p7m9DX6tV1NHLpwixx0nqT6b-KMG5JEpBAFovukBjffHWu_b_vDJgtds5eRUhlTl_ZXz5UA2qfdVkGViNsH8aFjhtx0WKPmDBFwSLSe9775-g2b2Z9b4Nct1ydbAcbUtznCyJZfH3wTe6dBKsi9c5-FeD0BLdIezM8xiyjKjNuQJ0YqzY9acYtDi9EerRb-OGAz28GgGrtJ-VnGvdKgjBIJqAHCT2QCNG2XUa-D0wPuYM27CFX-kAJRA9h6ykUlcfthCAvePbhHaT6qkHTw98r4aQFZ5KDFhpGqZMBSJGnu8Dq8A&format=320x50_mb&oar=0&u_h=533&bas_on=0&ptime=34648&prl=9612&u_so=p&output=html&region=mobile_app&u_tz=600&client_sdk=1&ex=1&slotname=a152c0e2117dbe6&askip=1&gsb=unkwn&caps=interactiveVideo_th_mediation_sdkAdmobApiForAds_di&jsv=66&urll=831" type: "admob" afmaNotifyDt: "null" activationOverlayUrl: "null" useWebViewLoadUrl: "false">
12-30 16:42:08.906 I/Ads     (17533): Request scenario: Online server request.
12-30 16:42:09.242 I/TestinExternalLog( 2027): NetFlow>>>> UpFlow 751384, DownFlow 9916621, TotalFlow 10668005
12-30 16:42:09.312 W/AudioService( 1468): stream: 3 was already muted by this client
12-30 16:42:09.937 I/http    (17533): RequestHandle queueRequest uri headers = {Referer=http://googleads.g.doubleclick.net:80/mads/gma?preqs=1&session_id=8478389626390609469&seq_num=2&u_w=320&msid=com.giant.brizzle&cap=m%2Ca&js=afma-sdk-a-v6.3.1&prnl=4597&bas_off=0&net=null&app_name=1.android.com.giant.brizzle&hl=zh&gnt=0&u_audio=3&u_sd=1.5&ms=7h6h4ygAn6BDivWEOOkmgBhidAFFEx_dv6m8S3p7m9DX6tV1NHLpwixx0nqT6b-KMG5JEpBAFovukBjffHWu_b_vDJgtds5eRUhlTl_ZXz5UA2qfdVkGViNsH8aFjhtx0WKPmDBFwSLSe9775-g2b2Z9b4Nct1ydbAcbUtznCyJZfH3wTe6dBKsi9c5-FeD0BLdIezM8xiyjKjNuQJ0YqzY9acYtDi9EerRb-OGAz28GgGrtJ-VnGvdKgjBIJqAHCT2QCNG2XUa-D0wPuYM27CFX-kAJRA9h6ykUlcfthCAvePbhHaT6qkHTw98r4aQFZ5KDFhpGqZMBSJGnu8Dq8A&format=320x50_mb&oar=0&u_h=533&bas_on=0&ptime=34648&prl=9612&u_so=p&output=html&region=mobile_app&u_tz=600&client_sdk=1&ex=1&slotname=a152c0e2117dbe6&askip=1&gsb=unkwn&caps=interactiveVideo_th_mediation_sdkAdmobApiForAds_di&jsv=66&urll=831, Accept-Language=zh-CN, en-US, User-Agent=ZTE-TU880_TD/1.0 Linux/2.6.32 Android/2.2 Release/5.25.2011 Browser/AppleWebKit533.1 (Mobile; afma-sdk-a-v6.3.1), Accept=application/xml,application/vnd.wap.xhtml+xml,application/xhtml+xml;profile='http://www.wapforum.org/xhtml',text/html;q=0.9,text/plain,text/vnd.wap.wml;q=0.8,image/png,*/*;q=0.5, Accept-Charset=utf-8, gb2312, gbk, iso-8859-1, utf-16, *;q=0.7}
12-30 16:42:09.937 I/http    (17533): RequestHandle queueRequest uri url = http://csi.gstatic.com/csi?v=3&s=gmob&action=&rt=crf.232,cri.380
12-30 16:42:10.046 D/GC      ( 1468): <tid=1476> _eglUpdate2DPath : 1996 : dither switch to 1
12-30 16:42:10.046 D/GC      ( 1468):
12-30 16:42:10.312 W/AudioService( 1468): stream: 3 was already muted by this client
12-30 16:42:11.093 D/webviewglue(17533): nativeDestroy view: 0x3fc510
12-30 16:42:11.117 I/Ads     (17533): onReceiveAd()
12-30 16:42:11.117 D/AdsAdmob(17533): onReceiveAd invoked
12-30 16:42:11.140 D/ProtocolAds(17533): nativeOnAdsResult(), Get plugin ptr : 0x33c8b8
12-30 16:42:11.140 D/ProtocolAds(17533): nativeOnAdsResult(), Get plugin name : AdsAdmob
12-30 16:42:11.140 D/ProtocolAds(17533): ProtocolAds::adsResult invoked!
12-30 16:42:11.140 D/cocos2d-x debug info(17533): OnAdsResult, code : 0, msg : Ads request received success!
12-30 16:42:11.320 W/AudioService( 1468): stream: 3 was already muted by this client
12-30 16:42:11.320 I/TestinExternalLog( 2027): Battery>>>> Temperature 10.0
12-30 16:42:12.320 W/AudioService( 1468): stream: 3 was already muted by this client
12-30 16:42:12.851 D/AndroidRuntime(17654):
12-30 16:42:12.851 D/AndroidRuntime(17654): >>>>>> AndroidRuntime START com.android.internal.os.RuntimeInit <<<<<<
12-30 16:42:12.851 D/AndroidRuntime(17654): CheckJNI is OFF
12-30 16:42:13.296 D/android_net_wifi_Twapi(17654): --- register_android_net_wifi_TwNative---
12-30 16:42:13.320 E/TwNative_Jni(17654): register_android_net_wifi_TwNative
12-30 16:42:13.320 D/android_net_wifi_Twapi(17654): ---ret =0
12-30 16:42:13.328 W/AudioService( 1468): stream: 3 was already muted by this client
12-30 16:42:13.468 I/TestinExternalLog( 2027): Mem>>>> Avalable:155208KB, com.giant.brizzle(17533) used:21589KB
12-30 16:42:13.890 D/dalvikvm( 2027): GC_CONCURRENT freed 623K, 57% free 3013K/6919K, external 1900K/2113K, paused 4ms+44ms
12-30 16:42:13.906 D/dalvikvm(10566): GC_EXPLICIT freed 39K, 49% free 2754K/5379K, external 1900K/2113K, paused 306ms
12-30 16:42:13.906 D/AndroidRuntime(17654): Calling main entry com.android.commands.am.Am
12-30 16:42:14.031 D/ActivityThread( 2027): test selfappwidget  getPackageInfo,packageInfo 000=android.app.LoadedApk@405138f8
12-30 16:42:14.031 D/ActivityThread( 2027): test selfappwidget handleReceiver,packageInfo 000=android.app.LoadedApk@405138f8
12-30 16:42:14.031 I/iTestin ( 2027): recv broadcast>>>itestin.service.CMD_LOG
12-30 16:42:14.062 I/TestinExternalLog( 2027): <<<<<<< Capturing image (8) >>>>>>>
12-30 16:42:14.062 D/AndroidRuntime(17654): Shutting down VM
12-30 16:42:14.078 I/AndroidRuntime(17654): NOTE: attach of thread 'Binder Thread #3' failed
12-30 16:42:14.101 D/dalvikvm(17654): GC_CONCURRENT freed 101K, 69% free 324K/1024K, external 0K/0K, paused 2ms+1ms
12-30 16:42:14.109 D/jdwp    (17654): adbd disconnected
12-30 16:42:14.335 W/AudioService( 1468): stream: 3 was already muted by this client
12-30 16:42:14.445 I/TestinExternalLog( 2027): NetFlow>>>> UpFlow 753053, DownFlow 9923449, TotalFlow 10676502
12-30 16:42:14.851 D/PowerManagerService( 1468): user activity timeout timed out nextState=3
12-30 16:42:14.851 D/PowerManagerService( 1468): setPowerState: mPowerState=0x3 newState=0x3 noChangeLights=false reason=3
12-30 16:42:14.851 D/PowerManagerService( 1468): setTimeoutLocked now=443564926 timeoutOverride=-1 nextState=0 when=2591048573
12-30 16:42:15.296 D/dalvikvm(17533): GC_CONCURRENT freed 1033K, 51% free 3435K/6983K, external 2277K/2843K, paused 5ms+16ms
12-30 16:42:15.335 W/AudioService( 1468): stream: 3 was already muted by this client
12-30 16:42:15.468 D/PowerManagerService( 1468): userActivity mLastEventTime=443558922 time=443565550 mUserActivityAllowed=true mUserState=0x3 mWakeLockState=0x3 mProximitySensorActive=false timeoutOverride=-1 force=false
12-30 16:42:15.468 D/PowerManagerService( 1468): reactivateScreenLocksLocked mProxIgnoredBecauseScreenTurnedOff=false
12-30 16:42:15.468 D/PowerManagerService( 1468): setPowerState: mPowerState=0x3 newState=0x3 noChangeLights=false reason=2
12-30 16:42:15.468 D/PowerManagerService( 1468): setTimeoutLocked now=443565550 timeoutOverride=-1 nextState=3 when=443571550
12-30 16:42:16.132 D/GC      ( 1468): <tid=1476> _eglUpdate2DPath : 1996 : dither switch to 0
12-30 16:42:16.132 D/GC      ( 1468):
12-30 16:42:16.320 I/TestinExternalLog( 2027): Battery>>>> Temperature 10.0
12-30 16:42:16.343 W/AudioService( 1468): stream: 3 was already muted by this client
12-30 16:42:17.351 W/AudioService( 1468): stream: 3 was already muted by this client
12-30 16:42:18.203 I/TestinExternalLog( 2027): CPU>>>> User 40%, System 16%, IOW 0%, IRQ 0%, com.giant.brizzle(17533):21%
12-30 16:42:18.359 W/AudioService( 1468): stream: 3 was already muted by this client
12-30 16:42:19.359 W/AudioService( 1468): stream: 3 was already muted by this client
12-30 16:42:19.437 D/AndroidRuntime(17667):
12-30 16:42:19.437 D/AndroidRuntime(17667): >>>>>> AndroidRuntime START com.android.internal.os.RuntimeInit <<<<<<
12-30 16:42:19.437 D/AndroidRuntime(17667): CheckJNI is OFF
12-30 16:42:19.750 I/TestinExternalLog( 2027): NetFlow>>>> UpFlow 753053, DownFlow 9923449, TotalFlow 10676502
12-30 16:42:20.085 D/android_net_wifi_Twapi(17667): --- register_android_net_wifi_TwNative---
12-30 16:42:20.085 E/TwNative_Jni(17667): register_android_net_wifi_TwNative
12-30 16:42:20.085 D/android_net_wifi_Twapi(17667): ---ret =0
12-30 16:42:20.242 D/AndroidRuntime(17667): Calling main entry com.android.commands.am.Am
12-30 16:42:20.289 D/ActivityThread( 2027): test selfappwidget  getPackageInfo,packageInfo 000=android.app.LoadedApk@405138f8
12-30 16:42:20.289 D/ActivityThread( 2027): test selfappwidget handleReceiver,packageInfo 000=android.app.LoadedApk@405138f8
12-30 16:42:20.289 I/iTestin ( 2027): recv broadcast>>>itestin.service.CMD_LOG
12-30 16:42:20.296 I/TestinExternalLog( 2027): <<<<<<< Capturing image (9) >>>>>>>
12-30 16:42:20.328 D/AndroidRuntime(17667): Shutting down VM
12-30 16:42:20.335 I/AndroidRuntime(17667): NOTE: attach of thread 'Binder Thread #3' failed
12-30 16:42:20.351 D/dalvikvm(17667): GC_CONCURRENT freed 101K, 69% free 324K/1024K, external 0K/0K, paused 1ms+5ms
12-30 16:42:20.359 D/jdwp    (17667): adbd disconnected
12-30 16:42:20.367 W/AudioService( 1468): stream: 3 was already muted by this client
12-30 16:42:21.320 I/TestinExternalLog( 2027): Battery>>>> Temperature 10.0
12-30 16:42:21.367 W/AudioService( 1468): stream: 3 was already muted by this client
12-30 16:42:21.476 D/PowerManagerService( 1468): user activity timeout timed out nextState=3
12-30 16:42:21.476 D/PowerManagerService( 1468): setPowerState: mPowerState=0x3 newState=0x3 noChangeLights=false reason=3
12-30 16:42:21.476 D/PowerManagerService( 1468): setTimeoutLocked now=443571554 timeoutOverride=-1 nextState=0 when=2591055201
12-30 16:42:21.828 D/dalvikvm(17533): GC_CONCURRENT freed 1003K, 51% free 3435K/6983K, external 2277K/2843K, paused 6ms+7ms
12-30 16:42:22.375 W/AudioService( 1468): stream: 3 was already muted by this client
12-30 16:42:22.984 D/PowerManagerService( 1468): userActivity mLastEventTime=443565550 time=443572561 mUserActivityAllowed=true mUserState=0x3 mWakeLockState=0x3 mProximitySensorActive=false timeoutOverride=-1 force=false
12-30 16:42:22.984 D/PowerManagerService( 1468): reactivateScreenLocksLocked mProxIgnoredBecauseScreenTurnedOff=false
12-30 16:42:22.984 D/PowerManagerService( 1468): setPowerState: mPowerState=0x3 newState=0x3 noChangeLights=false reason=2
12-30 16:42:22.984 D/PowerManagerService( 1468): setTimeoutLocked now=443572561 timeoutOverride=-1 nextState=3 when=443578561
12-30 16:42:22.992 D/PowerManagerService( 1468): userActivity mLastEventTime=443572561 time=443572561 mUserActivityAllowed=true mUserState=0x3 mWakeLockState=0x3 mProximitySensorActive=false timeoutOverride=-1 force=false
12-30 16:42:22.992 D/PowerManagerService( 1468): reactivateScreenLocksLocked mProxIgnoredBecauseScreenTurnedOff=false
12-30 16:42:22.992 D/PowerManagerService( 1468): setPowerState: mPowerState=0x3 newState=0x3 noChangeLights=false reason=2
12-30 16:42:22.992 D/PowerManagerService( 1468): setTimeoutLocked now=443572561 timeoutOverride=-1 nextState=3 when=443578561
12-30 16:42:23.054 D/GC      ( 1468): <tid=1476> _eglUpdate2DPath : 1996 : dither switch to 1
12-30 16:42:23.054 D/GC      ( 1468):
12-30 16:42:23.281 I/TestinExternalLog( 2027): Mem>>>> Avalable:158268KB, com.giant.brizzle(17533) used:21603KB
12-30 16:42:23.375 W/AudioService( 1468): stream: 3 was already muted by this client
12-30 16:42:24.382 W/AudioService( 1468): stream: 3 was already muted by this client
12-30 16:42:24.960 I/TestinExternalLog( 2027): NetFlow>>>> UpFlow 753053, DownFlow 9923449, TotalFlow 10676502
12-30 16:42:25.164 D/dalvikvm( 1468): GC_CONCURRENT freed 1859K, 68% free 6186K/19015K, external 16568K/17844K, paused 7ms+18ms
12-30 16:42:25.382 W/AudioService( 1468): stream: 3 was already muted by this client
12-30 16:42:26.320 I/TestinExternalLog( 2027): Battery>>>> Temperature 10.0
12-30 16:42:26.382 W/AudioService( 1468): stream: 3 was already muted by this client
12-30 16:42:27.335 D/AndroidRuntime(17679):
12-30 16:42:27.335 D/AndroidRuntime(17679): >>>>>> AndroidRuntime START com.android.internal.os.RuntimeInit <<<<<<
12-30 16:42:27.335 D/AndroidRuntime(17679): CheckJNI is OFF
12-30 16:42:27.390 W/AudioService( 1468): stream: 3 was already muted by this client
12-30 16:42:28.078 D/android_net_wifi_Twapi(17679): --- register_android_net_wifi_TwNative---
12-30 16:42:28.078 E/TwNative_Jni(17679): register_android_net_wifi_TwNative
12-30 16:42:28.078 D/android_net_wifi_Twapi(17679): ---ret =0
12-30 16:42:28.093 D/GC      ( 1468): <tid=1476> _eglUpdate2DPath : 1996 : dither switch to 0
12-30 16:42:28.093 D/GC      ( 1468):
12-30 16:42:28.390 D/AndroidRuntime(17679): Calling main entry com.android.commands.am.Am
12-30 16:42:28.398 W/AudioService( 1468): stream: 3 was already muted by this client
12-30 16:42:28.484 D/PowerManagerService( 1468): user activity timeout timed out nextState=3
12-30 16:42:28.484 D/PowerManagerService( 1468): setPowerState: mPowerState=0x3 newState=0x3 noChangeLights=false reason=3
12-30 16:42:28.484 D/PowerManagerService( 1468): setTimeoutLocked now=443578565 timeoutOverride=-1 nextState=0 when=2591062212
12-30 16:42:28.539 D/ActivityThread( 2027): test selfappwidget  getPackageInfo,packageInfo 000=android.app.LoadedApk@405138f8
12-30 16:42:28.539 D/ActivityThread( 2027): test selfappwidget handleReceiver,packageInfo 000=android.app.LoadedApk@405138f8
12-30 16:42:28.539 I/iTestin ( 2027): recv broadcast>>>itestin.service.CMD_LOG
12-30 16:42:28.554 I/TestinExternalLog( 2027): <<<<<<< Capturing image (10) >>>>>>>
12-30 16:42:28.562 D/AndroidRuntime(17679): Shutting down VM
12-30 16:42:28.585 I/AndroidRuntime(17679): NOTE: attach of thread 'Binder Thread #3' failed
12-30 16:42:28.585 D/dalvikvm(17679): GC_CONCURRENT freed 101K, 69% free 324K/1024K, external 0K/0K, paused 1ms+0ms
12-30 16:42:28.593 D/jdwp    (17679): adbd disconnected
12-30 16:42:28.687 D/dalvikvm( 2027): GC_CONCURRENT freed 600K, 57% free 3044K/6919K, external 1900K/2113K, paused 5ms+31ms
12-30 16:42:29.007 I/TestinExternalLog( 2027): CPU>>>> User 35%, System 15%, IOW 0%, IRQ 0%, com.giant.brizzle(17533):14%
12-30 16:42:29.398 W/AudioService( 1468): stream: 3 was already muted by this client
12-30 16:42:29.421 D/dalvikvm(17533): GC_CONCURRENT freed 1016K, 51% free 3422K/6983K, external 2277K/2843K, paused 4ms+9ms
12-30 16:42:29.546 D/PowerManagerService( 1468): userActivity mLastEventTime=443572561 time=443579627 mUserActivityAllowed=true mUserState=0x3 mWakeLockState=0x3 mProximitySensorActive=false timeoutOverride=-1 force=false
12-30 16:42:29.546 D/PowerManagerService( 1468): reactivateScreenLocksLocked mProxIgnoredBecauseScreenTurnedOff=false
12-30 16:42:29.546 D/PowerManagerService( 1468): setPowerState: mPowerState=0x3 newState=0x3 noChangeLights=false reason=2
12-30 16:42:29.546 D/PowerManagerService( 1468): setTimeoutLocked now=443579627 timeoutOverride=-1 nextState=3 when=443585627
12-30 16:42:30.156 I/TestinExternalLog( 2027): NetFlow>>>> UpFlow 753053, DownFlow 9923449, TotalFlow 10676502
12-30 16:42:30.406 W/AudioService( 1468): stream: 3 was already muted by this client
12-30 16:42:31.328 I/TestinExternalLog( 2027): Battery>>>> Temperature 10.0
12-30 16:42:31.406 W/AudioService( 1468): stream: 3 was already muted by this client
12-30 16:42:32.406 W/AudioService( 1468): stream: 3 was already muted by this client
12-30 16:42:33.414 W/AudioService( 1468): stream: 3 was already muted by this client
12-30 16:42:33.500 D/AndroidRuntime(17690):
12-30 16:42:33.500 D/AndroidRuntime(17690): >>>>>> AndroidRuntime START com.android.internal.os.RuntimeInit <<<<<<
12-30 16:42:33.500 D/AndroidRuntime(17690): CheckJNI is OFF
12-30 16:42:33.945 D/android_net_wifi_Twapi(17690): --- register_android_net_wifi_TwNative---
12-30 16:42:33.945 E/TwNative_Jni(17690): register_android_net_wifi_TwNative
12-30 16:42:33.953 D/android_net_wifi_Twapi(17690): ---ret =0
12-30 16:42:34.164 I/TestinExternalLog( 2027): Mem>>>> Avalable:156412KB, com.giant.brizzle(17533) used:21496KB
12-30 16:42:34.265 D/AndroidRuntime(17690): Calling main entry com.android.commands.am.Am
12-30 16:42:34.359 D/ActivityThread( 2027): test selfappwidget  getPackageInfo,packageInfo 000=android.app.LoadedApk@405138f8
12-30 16:42:34.359 D/ActivityThread( 2027): test selfappwidget handleReceiver,packageInfo 000=android.app.LoadedApk@405138f8
12-30 16:42:34.359 I/iTestin ( 2027): recv broadcast>>>itestin.service.CMD_LOG
12-30 16:42:34.375 I/TestinExternalLog( 2027): <<<<<<< Capturing image (11) >>>>>>>
12-30 16:42:34.390 D/AndroidRuntime(17690): Shutting down VM
12-30 16:42:34.406 I/AndroidRuntime(17690): NOTE: attach of thread 'Binder Thread #3' failed
12-30 16:42:34.406 D/dalvikvm(17690): GC_CONCURRENT freed 101K, 69% free 324K/1024K, external 0K/0K, paused 0ms+8ms
12-30 16:42:34.414 W/AudioService( 1468): stream: 3 was already muted by this client
12-30 16:42:34.421 D/jdwp    (17690): adbd disconnected
12-30 16:42:35.414 I/TestinExternalLog( 2027): NetFlow>>>> UpFlow 753053, DownFlow 9923449, TotalFlow 10676502
12-30 16:42:35.421 W/AudioService( 1468): stream: 3 was already muted by this client
12-30 16:42:35.546 D/PowerManagerService( 1468): user activity timeout timed out nextState=3
12-30 16:42:35.546 D/PowerManagerService( 1468): setPowerState: mPowerState=0x3 newState=0x3 noChangeLights=false reason=3
12-30 16:42:35.546 D/PowerManagerService( 1468): setTimeoutLocked now=443585630 timeoutOverride=-1 nextState=0 when=2591069277
12-30 16:42:35.929 D/dalvikvm(17533): GC_CONCURRENT freed 1051K, 52% free 3370K/6983K, external 2277K/2843K, paused 6ms+14ms
12-30 16:42:36.328 I/TestinExternalLog( 2027): Battery>>>> Temperature 10.0
12-30 16:42:36.437 W/AudioService( 1468): stream: 3 was already muted by this client
12-30 16:42:37.093 D/PowerManagerService( 1468): userActivity mLastEventTime=443579627 time=443586671 mUserActivityAllowed=true mUserState=0x3 mWakeLockState=0x3 mProximitySensorActive=false timeoutOverride=-1 force=false
12-30 16:42:37.093 D/PowerManagerService( 1468): reactivateScreenLocksLocked mProxIgnoredBecauseScreenTurnedOff=false
12-30 16:42:37.093 D/PowerManagerService( 1468): setPowerState: mPowerState=0x3 newState=0x3 noChangeLights=false reason=2
12-30 16:42:37.093 D/PowerManagerService( 1468): setTimeoutLocked now=443586671 timeoutOverride=-1 nextState=3 when=443592671
12-30 16:42:37.093 D/PowerManagerService( 1468): userActivity mLastEventTime=443586671 time=443586671 mUserActivityAllowed=true mUserState=0x3 mWakeLockState=0x3 mProximitySensorActive=false timeoutOverride=-1 force=false
12-30 16:42:37.093 D/PowerManagerService( 1468): reactivateScreenLocksLocked mProxIgnoredBecauseScreenTurnedOff=false
12-30 16:42:37.093 D/PowerManagerService( 1468): setPowerState: mPowerState=0x3 newState=0x3 noChangeLights=false reason=2
12-30 16:42:37.101 D/PowerManagerService( 1468): setTimeoutLocked now=443586671 timeoutOverride=-1 nextState=3 when=443592671
12-30 16:42:37.437 W/AudioService( 1468): stream: 3 was already muted by this client
12-30 16:42:37.562 I/Ads     (17533): Refreshing ad.
12-30 16:42:37.601 E/ActivityThread(17533): Failed to find provider info for com.google.plus.platform
12-30 16:42:37.640 I/ConnectivityService( 1468): [getActiveNetworkInfo] mActiveDefaultNetwork = 1
12-30 16:42:37.703 I/Ads     (17533): adRequestUrlHtml: <html><head><script src="http://media.admob.com/sdk-core-v40.js"></script><script>AFMA_buildAdURL({"preqs":2,"session_id":"8478389626390609469","seq_num":"3","slotname":"a152c0e2117dbe6","u_w":320,"msid":"com.giant.brizzle","cap":"m,a","js":"afma-sdk-a-v6.3.1","prnl":1890,"bas_off":0,"net":"null","app_name":"1.android.com.giant.brizzle","hl":"zh","gnt":0,"u_audio":3,"u_sd":1.5,"ms":"GriUNpeMwz-rjn6vP2T-yLQXsXCpZ8NliRcZmXn_mtL2cw3j9pOIkB2JHNAC2roBybMuIFU9kVPyZFIH8VRgRgqIcUq20QndPweuAyIKQq_7WMLAu5T2aCat_qFp_KrgHe7lnz3VoJEE7JB9ZseAJw2MOslSsxliWH33ZzWYWCeY1yQCa6A9M-iqtJvISmaCrz8DSnrpLzdPRtYhnCu-tuJaxmzMoiWD76s3tY_bV0yoiWbtUN21PsuB4PIFdGCtgzRJLalQY_tgBFWY6DMsYbCW_Njv5ejtUsF5XUaH0jVxG0kd4P2PdztL2GM2-IaxCWJwM_DZiPRIyQ-CGBP0iw","isu":"D7E842AAD7EFA5A5909AD1D931BF9955","format":"320x50_mb","oar":0,"ad_pos":{"height":75,"visible":1,"y":0,"x":0,"width":480},"u_h":533,"pt":1,"bas_on":0,"ptime":64700,"prl":3527});</script></head><body></body></html>
12-30 16:42:38.195 W/webcore (17533): Can't get the viewWidth after the first layout
12-30 16:42:38.203 I/Ads     (17533): Received ad url: <url: "http://googleads.g.doubleclick.net:80/mads/gma?preqs=2&session_id=8478389626390609469&seq_num=3&u_w=320&msid=com.giant.brizzle&cap=m%2Ca&js=afma-sdk-a-v6.3.1&prnl=1890&bas_off=0&net=null&app_name=1.android.com.giant.brizzle&hl=zh&gnt=0&u_audio=3&u_sd=1.5&ms=GriUNpeMwz-rjn6vP2T-yLQXsXCpZ8NliRcZmXn_mtL2cw3j9pOIkB2JHNAC2roBybMuIFU9kVPyZFIH8VRgRgqIcUq20QndPweuAyIKQq_7WMLAu5T2aCat_qFp_KrgHe7lnz3VoJEE7JB9ZseAJw2MOslSsxliWH33ZzWYWCeY1yQCa6A9M-iqtJvISmaCrz8DSnrpLzdPRtYhnCu-tuJaxmzMoiWD76s3tY_bV0yoiWbtUN21PsuB4PIFdGCtgzRJLalQY_tgBFWY6DMsYbCW_Njv5ejtUsF5XUaH0jVxG0kd4P2PdztL2GM2-IaxCWJwM_DZiPRIyQ-CGBP0iw&format=320x50_mb&oar=0&u_h=533&bas_on=0&ptime=64700&prl=3527&u_so=p&output=html&region=mobile_app&u_tz=600&client_sdk=1&ex=1&slotname=a152c0e2117dbe6&askip=2&gsb=unkwn&caps=interactiveVideo_th_mediation_sdkAdmobApiForAds_di&eid=46621027&jsv=66&urll=844" type: "admob" afmaNotifyDt: "null" activationOverlayUrl: "null" useWebViewLoadUrl: "false">
12-30 16:42:38.210 I/Ads     (17533): Request scenario: Online server request.
12-30 16:42:38.437 W/AudioService( 1468): stream: 3 was already muted by this client
12-30 16:42:39.328 I/http    (17533): RequestHandle queueRequest uri headers = {Referer=http://googleads.g.doubleclick.net:80/mads/gma?preqs=2&session_id=8478389626390609469&seq_num=3&u_w=320&msid=com.giant.brizzle&cap=m%2Ca&js=afma-sdk-a-v6.3.1&prnl=1890&bas_off=0&net=null&app_name=1.android.com.giant.brizzle&hl=zh&gnt=0&u_audio=3&u_sd=1.5&ms=GriUNpeMwz-rjn6vP2T-yLQXsXCpZ8NliRcZmXn_mtL2cw3j9pOIkB2JHNAC2roBybMuIFU9kVPyZFIH8VRgRgqIcUq20QndPweuAyIKQq_7WMLAu5T2aCat_qFp_KrgHe7lnz3VoJEE7JB9ZseAJw2MOslSsxliWH33ZzWYWCeY1yQCa6A9M-iqtJvISmaCrz8DSnrpLzdPRtYhnCu-tuJaxmzMoiWD76s3tY_bV0yoiWbtUN21PsuB4PIFdGCtgzRJLalQY_tgBFWY6DMsYbCW_Njv5ejtUsF5XUaH0jVxG0kd4P2PdztL2GM2-IaxCWJwM_DZiPRIyQ-CGBP0iw&format=320x50_mb&oar=0&u_h=533&bas_on=0&ptime=64700&prl=3527&u_so=p&output=html&region=mobile_app&u_tz=600&client_sdk=1&ex=1&slotname=a152c0e2117dbe6&askip=2&gsb=unkwn&caps=interactiveVideo_th_mediation_sdkAdmobApiForAds_di&eid=46621027&jsv=66&urll=844, Accept-Language=zh-CN, en-US, User-Agent=ZTE-TU880_TD/1.0 Linux/2.6.32 Android/2.2 Release/5.25.2011 Browser/AppleWebKit533.1 (Mobile; afma-sdk-a-v6.3.1), Accept=application/xml,application/vnd.wap.xhtml+xml,application/xhtml+xml;profile='http://www.wapforum.org/xhtml',text/html;q=0.9,text/plain,text/vnd.wap.wml;q=0.8,image/png,*/*;q=0.5, Accept-Charset=utf-8, gb2312, gbk, iso-8859-1, utf-16, *;q=0.7}
12-30 16:42:39.335 I/http    (17533): RequestHandle queueRequest uri url = http://csi.gstatic.com/csi?v=3&s=gmob&action=&rt=crf.177,cri.501
12-30 16:42:39.437 W/AudioService( 1468): stream: 3 was already muted by this client
12-30 16:42:39.468 D/GC      ( 1468): <tid=1476> _eglUpdate2DPath : 1996 : dither switch to 1
12-30 16:42:39.468 D/GC      ( 1468):
12-30 16:42:39.601 I/TestinExternalLog( 2027): CPU>>>> User 37%, System 16%, IOW 0%, IRQ 0%, com.giant.brizzle(17533):27%
12-30 16:42:40.445 W/AudioService( 1468): stream: 3 was already muted by this client
12-30 16:42:40.585 D/webviewglue(17533): nativeDestroy view: 0x481310
12-30 16:42:40.640 I/Ads     (17533): onReceiveAd()
12-30 16:42:40.640 D/AdsAdmob(17533): onReceiveAd invoked
12-30 16:42:40.695 D/ProtocolAds(17533): nativeOnAdsResult(), Get plugin ptr : 0x33c8b8
12-30 16:42:40.695 D/ProtocolAds(17533): nativeOnAdsResult(), Get plugin name : AdsAdmob
12-30 16:42:40.695 D/ProtocolAds(17533): ProtocolAds::adsResult invoked!
12-30 16:42:40.695 D/cocos2d-x debug info(17533): OnAdsResult, code : 0, msg : Ads request received success!
12-30 16:42:40.851 I/TestinExternalLog( 2027): NetFlow>>>> UpFlow 755776, DownFlow 9929527, TotalFlow 10685303
12-30 16:42:41.328 I/TestinExternalLog( 2027): Battery>>>> Temperature 10.0
12-30 16:42:41.445 D/AndroidRuntime(17708):
12-30 16:42:41.445 D/AndroidRuntime(17708): >>>>>> AndroidRuntime START com.android.internal.os.RuntimeInit <<<<<<
12-30 16:42:41.445 W/AudioService( 1468): stream: 3 was already muted by this client
12-30 16:42:41.445 D/AndroidRuntime(17708): CheckJNI is OFF
12-30 16:42:42.039 D/android_net_wifi_Twapi(17708): --- register_android_net_wifi_TwNative---
12-30 16:42:42.046 E/TwNative_Jni(17708): register_android_net_wifi_TwNative
12-30 16:42:42.046 D/android_net_wifi_Twapi(17708): ---ret =0
12-30 16:42:42.234 D/AndroidRuntime(17708): Calling main entry com.android.commands.am.Am
12-30 16:42:42.281 D/ActivityThread( 2027): test selfappwidget  getPackageInfo,packageInfo 000=android.app.LoadedApk@405138f8
12-30 16:42:42.281 D/ActivityThread( 2027): test selfappwidget handleReceiver,packageInfo 000=android.app.LoadedApk@405138f8
12-30 16:42:42.281 I/iTestin ( 2027): recv broadcast>>>itestin.service.CMD_LOG
12-30 16:42:42.304 I/TestinExternalLog( 2027): <<<<<<< Capturing image (12) >>>>>>>
12-30 16:42:42.312 D/AndroidRuntime(17708): Shutting down VM
12-30 16:42:42.335 I/AndroidRuntime(17708): NOTE: attach of thread 'Binder Thread #3' failed
12-30 16:42:42.335 D/dalvikvm(17708): GC_CONCURRENT freed 101K, 69% free 324K/1024K, external 0K/0K, paused 1ms+12ms
12-30 16:42:42.335 D/jdwp    (17708): adbd disconnected
12-30 16:42:42.453 W/AudioService( 1468): stream: 3 was already muted by this client
12-30 16:42:42.601 D/PowerManagerService( 1468): user activity timeout timed out nextState=3
12-30 16:42:42.601 D/PowerManagerService( 1468): setPowerState: mPowerState=0x3 newState=0x3 noChangeLights=false reason=3
12-30 16:42:42.601 D/PowerManagerService( 1468): setTimeoutLocked now=443592676 timeoutOverride=-1 nextState=0 when=2591076323
12-30 16:42:43.421 D/dalvikvm(17533): GC_CONCURRENT freed 813K, 50% free 3540K/6983K, external 2277K/2843K, paused 4ms+9ms
12-30 16:42:43.453 W/AudioService( 1468): stream: 3 was already muted by this client
12-30 16:42:43.734 D/PowerManagerService( 1468): userActivity mLastEventTime=443586671 time=443593815 mUserActivityAllowed=true mUserState=0x3 mWakeLockState=0x3 mProximitySensorActive=false timeoutOverride=-1 force=false
12-30 16:42:43.734 D/PowerManagerService( 1468): reactivateScreenLocksLocked mProxIgnoredBecauseScreenTurnedOff=false
12-30 16:42:43.734 D/PowerManagerService( 1468): setPowerState: mPowerState=0x3 newState=0x3 noChangeLights=false reason=2
12-30 16:42:43.734 D/PowerManagerService( 1468): setTimeoutLocked now=443593815 timeoutOverride=-1 nextState=3 when=443599815
12-30 16:42:44.460 W/AudioService( 1468): stream: 3 was already muted by this client
12-30 16:42:44.679 I/TestinExternalLog( 2027): Mem>>>> Avalable:157508KB, com.giant.brizzle(17533) used:22187KB
12-30 16:42:45.460 W/AudioService( 1468): stream: 3 was already muted by this client
12-30 16:42:45.875 D/GC      ( 1468): <tid=1476> _eglUpdate2DPath : 1996 : dither switch to 0
12-30 16:42:45.875 D/GC      ( 1468):
12-30 16:42:46.070 I/TestinExternalLog( 2027): NetFlow>>>> UpFlow 755776, DownFlow 9930277, TotalFlow 10686053
12-30 16:42:46.132 D/dalvikvm( 2027): GC_CONCURRENT freed 649K, 57% free 3039K/6919K, external 1900K/2113K, paused 7ms+6ms
12-30 16:42:46.335 I/TestinExternalLog( 2027): Battery>>>> Temperature 10.0
12-30 16:42:46.460 W/AudioService( 1468): stream: 3 was already muted by this client
12-30 16:42:47.468 W/AudioService( 1468): stream: 3 was already muted by this client
12-30 16:42:47.562 D/AndroidRuntime(17720):
12-30 16:42:47.562 D/AndroidRuntime(17720): >>>>>> AndroidRuntime START com.android.internal.os.RuntimeInit <<<<<<
12-30 16:42:47.570 D/AndroidRuntime(17720): CheckJNI is OFF
12-30 16:42:47.992 D/android_net_wifi_Twapi(17720): --- register_android_net_wifi_TwNative---
12-30 16:42:48.000 E/TwNative_Jni(17720): register_android_net_wifi_TwNative
12-30 16:42:48.000 D/android_net_wifi_Twapi(17720): ---ret =0
12-30 16:42:48.367 D/AndroidRuntime(17720): Calling main entry com.android.commands.am.Am
12-30 16:42:48.460 D/ActivityThread( 2027): test selfappwidget  getPackageInfo,packageInfo 000=android.app.LoadedApk@405138f8
12-30 16:42:48.460 D/ActivityThread( 2027): test selfappwidget handleReceiver,packageInfo 000=android.app.LoadedApk@405138f8
12-30 16:42:48.460 I/iTestin ( 2027): recv broadcast>>>itestin.service.CMD_LOG
12-30 16:42:48.476 W/AudioService( 1468): stream: 3 was already muted by this client
12-30 16:42:48.492 I/TestinExternalLog( 2027): <<<<<<< Capturing image (13) >>>>>>>
12-30 16:42:48.492 D/AndroidRuntime(17720): Shutting down VM
12-30 16:42:48.531 I/AndroidRuntime(17720): NOTE: attach of thread 'Binder Thread #3' failed
12-30 16:42:48.531 D/dalvikvm(17720): GC_CONCURRENT freed 101K, 69% free 324K/1024K, external 0K/0K, paused 1ms+1ms
12-30 16:42:48.531 D/jdwp    (17720): adbd disconnected
12-30 16:42:49.367 I/TestinExternalLog( 2027): CPU>>>> User 42%, System 15%, IOW 0%, IRQ 0%, com.giant.brizzle(17533):12%
12-30 16:42:49.476 W/AudioService( 1468): stream: 3 was already muted by this client
12-30 16:42:49.742 D/PowerManagerService( 1468): user activity timeout timed out nextState=3
12-30 16:42:49.742 D/PowerManagerService( 1468): setPowerState: mPowerState=0x3 newState=0x3 noChangeLights=false reason=3
12-30 16:42:49.742 D/PowerManagerService( 1468): setTimeoutLocked now=443599817 timeoutOverride=-1 nextState=0 when=2591083464
12-30 16:42:49.984 D/dalvikvm(17533): GC_CONCURRENT freed 1253K, 53% free 3367K/7047K, external 2277K/2843K, paused 5ms+7ms
12-30 16:42:50.281 D/PowerManagerService( 1468): userActivity mLastEventTime=443593815 time=443600361 mUserActivityAllowed=true mUserState=0x3 mWakeLockState=0x3 mProximitySensorActive=false timeoutOverride=-1 force=false
12-30 16:42:50.281 D/PowerManagerService( 1468): reactivateScreenLocksLocked mProxIgnoredBecauseScreenTurnedOff=false
12-30 16:42:50.281 D/PowerManagerService( 1468): setPowerState: mPowerState=0x3 newState=0x3 noChangeLights=false reason=2
12-30 16:42:50.281 D/PowerManagerService( 1468): setTimeoutLocked now=443600361 timeoutOverride=-1 nextState=3 when=443606361
12-30 16:42:50.320 D/cocos2d-x debug info(17533): touch mask layer
12-30 16:42:50.328 D/PowerManagerService( 1468): userActivity mLastEventTime=443600361 time=443600410 mUserActivityAllowed=true mUserState=0x3 mWakeLockState=0x3 mProximitySensorActive=false timeoutOverride=-1 force=false
12-30 16:42:50.328 D/PowerManagerService( 1468): reactivateScreenLocksLocked mProxIgnoredBecauseScreenTurnedOff=false
12-30 16:42:50.328 D/PowerManagerService( 1468): setPowerState: mPowerState=0x3 newState=0x3 noChangeLights=false reason=2
12-30 16:42:50.328 D/PowerManagerService( 1468): setTimeoutLocked now=443600410 timeoutOverride=-1 nextState=3 when=443606410
12-30 16:42:50.476 W/AudioService( 1468): stream: 3 was already muted by this client
12-30 16:42:51.312 I/TestinExternalLog( 2027): NetFlow>>>> UpFlow 755776, DownFlow 9930277, TotalFlow 10686053
12-30 16:42:51.335 I/TestinExternalLog( 2027): Battery>>>> Temperature 10.0
12-30 16:42:51.476 W/AudioService( 1468): stream: 3 was already muted by this client
12-30 16:42:52.492 W/AudioService( 1468): stream: 3 was already muted by this client
12-30 16:42:53.492 W/AudioService( 1468): stream: 3 was already muted by this client
12-30 16:42:53.609 D/KeyguardUpdateMonitor( 1468): received broadcast android.intent.action.BATTERY_CHANGED
12-30 16:42:53.609 D/KeyguardUpdateMonitor( 1468): handleBatteryUpdate
12-30 16:42:53.625 I/Launcher.BatteryInfoManager(11098): Battery time info is not available, retrieved from local.
12-30 16:42:53.625 D/PowerManagerService( 1468): acquireWakeLock flags=0x1 tag=*wifi*
12-30 16:42:53.625 D/PowerManagerService( 1468): releaseWakeLock flags=0x1 tag=*wifi*
12-30 16:42:54.257 D/AndroidRuntime(17732):
12-30 16:42:54.257 D/AndroidRuntime(17732): >>>>>> AndroidRuntime START com.android.internal.os.RuntimeInit <<<<<<
12-30 16:42:54.257 D/AndroidRuntime(17732): CheckJNI is OFF
12-30 16:42:54.492 W/AudioService( 1468): stream: 3 was already muted by this client
12-30 16:42:54.562 I/TestinExternalLog( 2027): Mem>>>> Avalable:156228KB, com.giant.brizzle(17533) used:22346KB
12-30 16:42:54.976 D/android_net_wifi_Twapi(17732): --- register_android_net_wifi_TwNative---
12-30 16:42:54.976 E/TwNative_Jni(17732): register_android_net_wifi_TwNative
12-30 16:42:54.984 D/android_net_wifi_Twapi(17732): ---ret =0
12-30 16:42:55.171 D/AndroidRuntime(17732): Calling main entry com.android.commands.am.Am
12-30 16:42:55.218 D/ActivityThread( 2027): test selfappwidget  getPackageInfo,packageInfo 000=android.app.LoadedApk@405138f8
12-30 16:42:55.226 D/ActivityThread( 2027): test selfappwidget handleReceiver,packageInfo 000=android.app.LoadedApk@405138f8
12-30 16:42:55.226 I/iTestin ( 2027): recv broadcast>>>itestin.service.CMD_LOG
12-30 16:42:55.242 I/TestinExternalLog( 2027): <<<<<<< Capturing image (14) >>>>>>>
12-30 16:42:55.242 D/AndroidRuntime(17732): Shutting down VM
12-30 16:42:55.257 I/AndroidRuntime(17732): NOTE: attach of thread 'Binder Thread #3' failed
12-30 16:42:55.257 D/dalvikvm(17732): GC_CONCURRENT freed 101K, 69% free 324K/1024K, external 0K/0K, paused 2ms+1ms
12-30 16:42:55.273 D/jdwp    (17732): adbd disconnected
12-30 16:42:55.500 W/AudioService( 1468): stream: 3 was already muted by this client
12-30 16:42:56.335 D/PowerManagerService( 1468): user activity timeout timed out nextState=3
12-30 16:42:56.335 D/PowerManagerService( 1468): setPowerState: mPowerState=0x3 newState=0x3 noChangeLights=false reason=3
12-30 16:42:56.335 I/TestinExternalLog( 2027): Battery>>>> Temperature 10.0
12-30 16:42:56.335 D/PowerManagerService( 1468): setTimeoutLocked now=443606414 timeoutOverride=-1 nextState=0 when=2591090061
12-30 16:42:56.500 W/AudioService( 1468): stream: 3 was already muted by this client
12-30 16:42:56.664 I/TestinExternalLog( 2027): NetFlow>>>> UpFlow 755776, DownFlow 9930277, TotalFlow 10686053
12-30 16:42:56.703 D/dalvikvm(17533): GC_CONCURRENT freed 959K, 52% free 3389K/7047K, external 2277K/2843K, paused 5ms+6ms
12-30 16:42:56.968 D/PowerManagerService( 1468): userActivity mLastEventTime=443600410 time=443607049 mUserActivityAllowed=true mUserState=0x3 mWakeLockState=0x3 mProximitySensorActive=false timeoutOverride=-1 force=false
12-30 16:42:56.968 D/PowerManagerService( 1468): reactivateScreenLocksLocked mProxIgnoredBecauseScreenTurnedOff=false
12-30 16:42:56.968 D/PowerManagerService( 1468): setPowerState: mPowerState=0x3 newState=0x3 noChangeLights=false reason=2
12-30 16:42:56.968 D/PowerManagerService( 1468): setTimeoutLocked now=443607049 timeoutOverride=-1 nextState=3 when=443613049
12-30 16:42:57.500 W/AudioService( 1468): stream: 3 was already muted by this client
12-30 16:42:58.507 W/AudioService( 1468): stream: 3 was already muted by this client
12-30 16:42:59.054 I/TestinExternalLog( 2027): CPU>>>> User 44%, System 11%, IOW 0%, IRQ 0%, com.giant.brizzle(17533):21%
12-30 16:42:59.507 W/AudioService( 1468): stream: 3 was already muted by this client
12-30 16:43:00.000 D/PowerManagerService( 1468): acquireWakeLock flags=0x1 tag=AlarmManager
12-30 16:43:00.007 D/KeyguardUpdateMonitor( 1468): received broadcast android.intent.action.TIME_TICK
12-30 16:43:00.007 D/KeyguardUpdateMonitor( 1468): handleTimeUpdate
12-30 16:43:00.070 D/PowerManagerService( 1468): releaseWakeLock flags=0x1 tag=AlarmManager
12-30 16:43:00.507 W/AudioService( 1468): stream: 3 was already muted by this client
12-30 16:43:01.062 D/AndroidRuntime(17744):
12-30 16:43:01.062 D/AndroidRuntime(17744): >>>>>> AndroidRuntime START com.android.internal.os.RuntimeInit <<<<<<
12-30 16:43:01.062 D/AndroidRuntime(17744): CheckJNI is OFF
12-30 16:43:01.343 I/TestinExternalLog( 2027): Battery>>>> Temperature 10.0
12-30 16:43:01.460 D/android_net_wifi_Twapi(17744): --- register_android_net_wifi_TwNative---
12-30 16:43:01.460 E/TwNative_Jni(17744): register_android_net_wifi_TwNative
12-30 16:43:01.468 D/android_net_wifi_Twapi(17744): ---ret =0
12-30 16:43:01.515 W/AudioService( 1468): stream: 3 was already muted by this client
12-30 16:43:01.640 D/AndroidRuntime(17744): Calling main entry com.android.commands.am.Am
12-30 16:43:01.718 D/ActivityThread( 2027): test selfappwidget  getPackageInfo,packageInfo 000=android.app.LoadedApk@405138f8
12-30 16:43:01.718 D/ActivityThread( 2027): test selfappwidget handleReceiver,packageInfo 000=android.app.LoadedApk@405138f8
12-30 16:43:01.718 I/iTestin ( 2027): recv broadcast>>>itestin.service.CMD_LOG
12-30 16:43:01.718 I/TestinExternalLog( 2027): <<<<<<< Capturing image (15) >>>>>>>
12-30 16:43:01.750 D/AndroidRuntime(17744): Shutting down VM
12-30 16:43:01.781 I/AndroidRuntime(17744): NOTE: attach of thread 'Binder Thread #3' failed
12-30 16:43:01.796 D/dalvikvm(17744): GC_CONCURRENT freed 101K, 69% free 324K/1024K, external 0K/0K, paused 1ms+37ms
12-30 16:43:01.828 D/jdwp    (17744): adbd disconnected
12-30 16:43:02.039 I/TestinExternalLog( 2027): NetFlow>>>> UpFlow 755776, DownFlow 9930277, TotalFlow 10686053
12-30 16:43:02.070 D/dalvikvm( 2027): GC_CONCURRENT freed 606K, 56% free 3107K/6919K, external 1900K/2113K, paused 5ms+17ms
12-30 16:43:02.523 W/AudioService( 1468): stream: 3 was already muted by this client
12-30 16:43:02.976 D/PowerManagerService( 1468): user activity timeout timed out nextState=3
12-30 16:43:02.976 D/PowerManagerService( 1468): setPowerState: mPowerState=0x3 newState=0x3 noChangeLights=false reason=3
12-30 16:43:02.976 D/PowerManagerService( 1468): setTimeoutLocked now=443613055 timeoutOverride=-1 nextState=0 when=2591096702
12-30 16:43:03.210 D/dalvikvm(17533): GC_CONCURRENT freed 957K, 52% free 3420K/7047K, external 2277K/2843K, paused 3ms+9ms
12-30 16:43:03.523 W/AudioService( 1468): stream: 3 was already muted by this client
12-30 16:43:04.132 I/TestinExternalLog( 2027): Mem>>>> Avalable:156544KB, com.giant.brizzle(17533) used:22207KB
12-30 16:43:04.507 D/PowerManagerService( 1468): userActivity mLastEventTime=443607049 time=443614086 mUserActivityAllowed=true mUserState=0x3 mWakeLockState=0x3 mProximitySensorActive=false timeoutOverride=-1 force=false
12-30 16:43:04.507 D/PowerManagerService( 1468): reactivateScreenLocksLocked mProxIgnoredBecauseScreenTurnedOff=false
12-30 16:43:04.507 D/PowerManagerService( 1468): setPowerState: mPowerState=0x3 newState=0x3 noChangeLights=false reason=2
12-30 16:43:04.507 D/PowerManagerService( 1468): setTimeoutLocked now=443614086 timeoutOverride=-1 nextState=3 when=443620086
12-30 16:43:04.515 D/PowerManagerService( 1468): userActivity mLastEventTime=443614086 time=443614086 mUserActivityAllowed=true mUserState=0x3 mWakeLockState=0x3 mProximitySensorActive=false timeoutOverride=-1 force=false
12-30 16:43:04.515 D/PowerManagerService( 1468): reactivateScreenLocksLocked mProxIgnoredBecauseScreenTurnedOff=false
12-30 16:43:04.515 D/PowerManagerService( 1468): setPowerState: mPowerState=0x3 newState=0x3 noChangeLights=false reason=2
12-30 16:43:04.515 D/PowerManagerService( 1468): setTimeoutLocked now=443614086 timeoutOverride=-1 nextState=3 when=443620086
12-30 16:43:04.523 W/AudioService( 1468): stream: 3 was already muted by this client
12-30 16:43:05.531 W/AudioService( 1468): stream: 3 was already muted by this client
12-30 16:43:06.343 I/TestinExternalLog( 2027): Battery>>>> Temperature 10.0
12-30 16:43:06.531 W/AudioService( 1468): stream: 3 was already muted by this client
12-30 16:43:07.398 I/TestinExternalLog( 2027): NetFlow>>>> UpFlow 755776, DownFlow 9930277, TotalFlow 10686053
12-30 16:43:07.539 W/AudioService( 1468): stream: 3 was already muted by this client
12-30 16:43:07.625 I/Ads     (17533): Refreshing ad.
12-30 16:43:07.664 E/ActivityThread(17533): Failed to find provider info for com.google.plus.platform
12-30 16:43:07.703 I/ConnectivityService( 1468): [getActiveNetworkInfo] mActiveDefaultNetwork = 1
12-30 16:43:07.828 I/Ads     (17533): adRequestUrlHtml: <html><head><script src="http://media.admob.com/sdk-core-v40.js"></script><script>AFMA_buildAdURL({"preqs":3,"session_id":"8478389626390609469","seq_num":"4","slotname":"a152c0e2117dbe6","u_w":320,"msid":"com.giant.brizzle","cap":"m,a","js":"afma-sdk-a-v6.3.1","prnl":1049,"bas_off":0,"net":"null","app_name":"1.android.com.giant.brizzle","hl":"zh","gnt":0,"u_audio":3,"u_sd":1.5,"ms":"9_ZmZFyMeVNlKWxWhsE5BJyQ3Zsv290KNepJrVWwXxq1-J3uwJ2OtfZ5lfdjPW48sNoAjuRz2InFQs13atJbAXEX3Jg2jcRbPJziFyjEGme4rm0bBAn2c2_yh2tJ7khMm6ppsQOseQ7TR-IQlaZqPXunfoHPjWTqRbKLkzMpodi01EzPc_2cgRWnt2rQZwjv9wYI7AEbbNBbTJHKUrjXqPYDE0LzV9kl5s47_d2oZTWuoAg2YbxKSWh27t_7pirG_LXBLFngVJNU2o1KQMJeG-HU8E_3FGe56_Ey7QskYUfviEr59J7D33AtCp_7fe2ga4VHTEpeOBrZy5JmvtnHRg","isu":"D7E842AAD7EFA5A5909AD1D931BF9955","format":"320x50_mb","oar":0,"ad_pos":{"height":75,"visible":1,"y":0,"x":0,"width":480},"u_h":533,"pt":1,"bas_on":0,"ptime":94754,"prl":2990});</script></head><body></body></html>
12-30 16:43:08.546 W/AudioService( 1468): stream: 3 was already muted by this client
12-30 16:43:08.726 W/webcore (17533): Can't get the viewWidth after the first layout
12-30 16:43:08.765 I/Ads     (17533): Received ad url: <url: "http://googleads.g.doubleclick.net:80/mads/gma?preqs=3&session_id=8478389626390609469&seq_num=4&u_w=320&msid=com.giant.brizzle&cap=m%2Ca&js=afma-sdk-a-v6.3.1&prnl=1049&bas_off=0&net=null&app_name=1.android.com.giant.brizzle&hl=zh&gnt=0&u_audio=3&u_sd=1.5&ms=9_ZmZFyMeVNlKWxWhsE5BJyQ3Zsv290KNepJrVWwXxq1-J3uwJ2OtfZ5lfdjPW48sNoAjuRz2InFQs13atJbAXEX3Jg2jcRbPJziFyjEGme4rm0bBAn2c2_yh2tJ7khMm6ppsQOseQ7TR-IQlaZqPXunfoHPjWTqRbKLkzMpodi01EzPc_2cgRWnt2rQZwjv9wYI7AEbbNBbTJHKUrjXqPYDE0LzV9kl5s47_d2oZTWuoAg2YbxKSWh27t_7pirG_LXBLFngVJNU2o1KQMJeG-HU8E_3FGe56_Ey7QskYUfviEr59J7D33AtCp_7fe2ga4VHTEpeOBrZy5JmvtnHRg&format=320x50_mb&oar=0&u_h=533&bas_on=0&ptime=94754&prl=2990&u_so=p&output=html&region=mobile_app&u_tz=600&client_sdk=1&ex=1&slotname=a152c0e2117dbe6&askip=3&gsb=unkwn&caps=interactiveVideo_th_mediation_sdkAdmobApiForAds_di&jsv=66&urll=831" type: "admob" afmaNotifyDt: "null" activationOverlayUrl: "null" useWebViewLoadUrl: "false">
12-30 16:43:08.773 I/Ads     (17533): Request scenario: Online server request.
12-30 16:43:09.515 D/AndroidRuntime(17759):
12-30 16:43:09.515 D/AndroidRuntime(17759): >>>>>> AndroidRuntime START com.android.internal.os.RuntimeInit <<<<<<
12-30 16:43:09.523 D/AndroidRuntime(17759): CheckJNI is OFF
12-30 16:43:09.546 W/AudioService( 1468): stream: 3 was already muted by this client
12-30 16:43:09.695 D/dalvikvm(17533): GC_CONCURRENT freed 866K, 51% free 3471K/7047K, external 2277K/2843K, paused 9ms+49ms
12-30 16:43:10.007 D/PowerManagerService( 1468): user activity timeout timed out nextState=3
12-30 16:43:10.007 D/PowerManagerService( 1468): setPowerState: mPowerState=0x3 newState=0x3 noChangeLights=false reason=3
12-30 16:43:10.007 D/PowerManagerService( 1468): setTimeoutLocked now=443620090 timeoutOverride=-1 nextState=0 when=2591103737
12-30 16:43:10.164 I/TestinExternalLog( 2027): CPU>>>> User 24%, System 13%, IOW 0%, IRQ 0%, com.giant.brizzle(17533):15%
12-30 16:43:10.554 D/android_net_wifi_Twapi(17759): --- register_android_net_wifi_TwNative---
12-30 16:43:10.562 W/AudioService( 1468): stream: 3 was already muted by this client
12-30 16:43:10.585 E/TwNative_Jni(17759): register_android_net_wifi_TwNative
12-30 16:43:10.585 D/android_net_wifi_Twapi(17759): ---ret =0
12-30 16:43:11.312 D/AndroidRuntime(17759): Calling main entry com.android.commands.am.Am
12-30 16:43:11.320 D/dalvikvm(17533): GC_CONCURRENT freed 962K, 50% free 3525K/7047K, external 2277K/2843K, paused 4ms+37ms
12-30 16:43:11.335 D/PowerManagerService( 1468): userActivity mLastEventTime=443614086 time=443621419 mUserActivityAllowed=true mUserState=0x3 mWakeLockState=0x3 mProximitySensorActive=false timeoutOverride=-1 force=false
12-30 16:43:11.335 D/PowerManagerService( 1468): reactivateScreenLocksLocked mProxIgnoredBecauseScreenTurnedOff=false
12-30 16:43:11.335 D/PowerManagerService( 1468): setPowerState: mPowerState=0x3 newState=0x3 noChangeLights=false reason=2
12-30 16:43:11.335 D/PowerManagerService( 1468): setTimeoutLocked now=443621419 timeoutOverride=-1 nextState=3 when=443627419
12-30 16:43:11.343 I/TestinExternalLog( 2027): Battery>>>> Temperature 10.0
12-30 16:43:11.460 D/ActivityThread( 2027): test selfappwidget  getPackageInfo,packageInfo 000=android.app.LoadedApk@405138f8
12-30 16:43:11.460 D/ActivityThread( 2027): test selfappwidget handleReceiver,packageInfo 000=android.app.LoadedApk@405138f8
12-30 16:43:11.460 I/iTestin ( 2027): recv broadcast>>>itestin.service.CMD_LOG
12-30 16:43:11.476 I/TestinExternalLog( 2027): <<<<<<< Capturing image (16) >>>>>>>
12-30 16:43:11.484 D/GC      ( 1468): <tid=1476> _eglUpdate2DPath : 1996 : dither switch to 1
12-30 16:43:11.484 D/GC      ( 1468):
12-30 16:43:11.484 D/AndroidRuntime(17759): Shutting down VM
12-30 16:43:11.492 D/dalvikvm(17759): GC_CONCURRENT freed 101K, 69% free 324K/1024K, external 0K/0K, paused 1ms+1ms
12-30 16:43:11.507 I/AndroidRuntime(17759): NOTE: attach of thread 'Binder Thread #3' failed
12-30 16:43:11.515 D/jdwp    (17759): adbd disconnected
12-30 16:43:11.546 I/http    (17533): RequestHandle queueRequest uri headers = {Referer=http://googleads.g.doubleclick.net:80/mads/gma?preqs=3&session_id=8478389626390609469&seq_num=4&u_w=320&msid=com.giant.brizzle&cap=m%2Ca&js=afma-sdk-a-v6.3.1&prnl=1049&bas_off=0&net=null&app_name=1.android.com.giant.brizzle&hl=zh&gnt=0&u_audio=3&u_sd=1.5&ms=9_ZmZFyMeVNlKWxWhsE5BJyQ3Zsv290KNepJrVWwXxq1-J3uwJ2OtfZ5lfdjPW48sNoAjuRz2InFQs13atJbAXEX3Jg2jcRbPJziFyjEGme4rm0bBAn2c2_yh2tJ7khMm6ppsQOseQ7TR-IQlaZqPXunfoHPjWTqRbKLkzMpodi01EzPc_2cgRWnt2rQZwjv9wYI7AEbbNBbTJHKUrjXqPYDE0LzV9kl5s47_d2oZTWuoAg2YbxKSWh27t_7pirG_LXBLFngVJNU2o1KQMJeG-HU8E_3FGe56_Ey7QskYUfviEr59J7D33AtCp_7fe2ga4VHTEpeOBrZy5JmvtnHRg&format=320x50_mb&oar=0&u_h=533&bas_on=0&ptime=94754&prl=2990&u_so=p&output=html&region=mobile_app&u_tz=600&client_sdk=1&ex=1&slotname=a152c0e2117dbe6&askip=3&gsb=unkwn&caps=interactiveVideo_th_mediation_sdkAdmobApiForAds_di&jsv=66&urll=831, Accept-Language=zh-CN, en-US, User-Agent=ZTE-TU880_TD/1.0 Linux/2.6.32 Android/2.2 Release/5.25.2011 Browser/AppleWebKit533.1 (Mobile; afma-sdk-a-v6.3.1), Accept=application/xml,application/vnd.wap.xhtml+xml,application/xhtml+xml;profile='http://www.wapforum.org/xhtml',text/html;q=0.9,text/plain,text/vnd.wap.wml;q=0.8,image/png,*/*;q=0.5, Accept-Charset=utf-8, gb2312, gbk, iso-8859-1, utf-16, *;q=0.7}
12-30 16:43:11.554 I/http    (17533): RequestHandle queueRequest uri url = http://csi.gstatic.com/csi?v=3&s=gmob&action=&rt=crf.455,cri.1148
12-30 16:43:11.570 W/AudioService( 1468): stream: 3 was already muted by this client
12-30 16:43:12.578 W/AudioService( 1468): stream: 3 was already muted by this client
12-30 16:43:12.593 I/TestinExternalLog( 2027): NetFlow>>>> UpFlow 756804, DownFlow 9936032, TotalFlow 10692836
12-30 16:43:13.578 W/AudioService( 1468): stream: 3 was already muted by this client
12-30 16:43:14.585 W/AudioService( 1468): stream: 3 was already muted by this client
12-30 16:43:15.250 D/AndroidRuntime(17771):
12-30 16:43:15.250 D/AndroidRuntime(17771): >>>>>> AndroidRuntime START com.android.internal.os.RuntimeInit <<<<<<
12-30 16:43:15.257 D/AndroidRuntime(17771): CheckJNI is OFF
12-30 16:43:15.304 I/TestinExternalLog( 2027): Mem>>>> Avalable:156012KB, com.giant.brizzle(17533) used:23536KB
12-30 16:43:15.593 W/AudioService( 1468): stream: 3 was already muted by this client
12-30 16:43:15.601 D/webviewglue(17533): nativeDestroy view: 0x407820
12-30 16:43:15.617 I/Ads     (17533): onReceiveAd()
12-30 16:43:15.617 D/AdsAdmob(17533): onReceiveAd invoked
12-30 16:43:15.625 D/ProtocolAds(17533): nativeOnAdsResult(), Get plugin ptr : 0x33c8b8
