01-03 15:02:39.790 I/wpa_supplicant(21196): AP:ssid[testin-w-07],rssi[-58],BSSID=c4:ca:d9:8d:07:70
01-03 15:02:39.790 I/wpa_supplicant(21196): AP:ssid[Netelite_visitwifi],rssi[-58],BSSID=d8:67:d9:c2:ee:f9
01-03 15:02:39.790 I/wpa_supplicant(21196): AP:ssid[testin-w-05],rssi[-50],BSSID=c4:ca:d9:8c:9c:10
01-03 15:02:39.790 I/wpa_supplicant(21196): AP:ssid[Netelite_superwifi],rssi[-56],BSSID=d8:67:d9:c2:ee:f8
01-03 15:02:39.790 I/wpa_supplicant(21196): AP:ssid[testin-w-06],rssi[-54],BSSID=c4:ca:d9:8c:9d:f0
01-03 15:02:39.790 I/wpa_supplicant(21196): AP:ssid[testin-w-07],rssi[-71],BSSID=c4:ca:d9:99:9f:b0
01-03 15:02:39.790 I/wpa_supplicant(21196): AP:ssid[testin-w-07],rssi[-61],BSSID=c4:ca:d9:8d:13:a0
01-03 15:02:39.790 I/wpa_supplicant(21196): AP:ssid[testin],rssi[-56],BSSID=d8:24:bd:76:04:a0
01-03 15:02:39.790 I/wpa_supplicant(21196): AP:ssid[testin-w-04],rssi[-54],BSSID=c4:ca:d9:8c:e7:50
01-03 15:02:39.790 I/wpa_supplicant(21196): Received 4114 bytes of scan results (18 BSSes)
01-03 15:02:39.790 I/wpa_supplicant(21196): wpa_driver_wext_get_scan_results---
01-03 15:02:39.790 I/wpa_supplicant(21196): wpa_disabled_ssid_list_clear
01-03 15:02:39.790 I/wpa_supplicant(21196): Check WiFi offload status: wpa_s->vh_wifi_to_mobile:-1 ,wpa_s->vh_user_connect:0
01-03 15:02:39.790 I/wpa_supplicant(21196): No suitable AP found.
01-03 15:02:39.790 I/wpa_supplicant(21196): CTRL-EVENT-STATE-CHANGE id=-1 state=1 BSSID=00:00:00:00:00:00
01-03 15:02:39.790 V/WifiMonitor(  132): Event [wpa_disabled_ssid_list_clear]
01-03 15:02:39.790 V/WifiMonitor(  132): Event [CTRL-EVENT-STATE-CHANGE id=-1 state=1 BSSID=00:00:00:00:00:00]
01-03 15:02:39.790 V/WifiStateTracker(  132): Changing supplicant state: SCANNING ==> INACTIVE
01-03 15:02:39.800 D/ConnectivityService(  132): Dropping ConnectivityChange for WIFI: DISCONNECTED/IDLE
01-03 15:02:39.960 D/AndroidRuntime(21529): Calling main entry com.android.commands.input.Input
01-03 15:02:39.960 I/SendKeyEvent(21529): 3
01-03 15:02:39.980 I/ActivityManager(  132): Starting activity: Intent { act=android.intent.action.MAIN cat=[android.intent.category.HOME] flg=0x10200000 cmp=com.htc.launcher/.Launcher } from pid 132
01-03 15:02:40.000 D/AndroidRuntime(21529): Shutting down VM
01-03 15:02:40.010 I/AndroidRuntime(21529): NOTE: attach of thread 'Binder Thread #3' failed
01-03 15:02:40.010 D/dalvikvm(21529): GC_CONCURRENT freed 102K, 69% free 322K/1024K, external 0K/0K, paused 1ms+1ms
01-03 15:02:40.010 D/jdwp    (21529): adbd disconnected
01-03 15:02:40.080 D/DEBUG   ( 9587): updateCellLayoutCache(3.5555556, 3.5546875)
01-03 15:02:40.140 W/AudioService(  132): stream: 3 was already muted by this client
01-03 15:02:40.140 D/CarouselDummyActivity( 9587): CarouselDummyActivity.onResume: tab_allapps
01-03 15:02:40.150 I/HtcTipWidget( 9587): WHAT_ON_RESUME
01-03 15:02:40.150 D/William ( 9587): - refreshUsageStatCache -
01-03 15:02:40.550 D/AndroidRuntime(21539):
01-03 15:02:40.550 D/AndroidRuntime(21539): >>>>>> AndroidRuntime START com.android.internal.os.RuntimeInit <<<<<<
01-03 15:02:40.560 D/AndroidRuntime(21539): CheckJNI is OFF
01-03 15:02:41.040 D/AndroidRuntime(21539): Calling main entry com.android.commands.am.Am
01-03 15:02:41.060 D/AndroidRuntime(21539): Shutting down VM
01-03 15:02:41.070 I/AndroidRuntime(21539): NOTE: attach of thread 'Binder Thread #3' failed
01-03 15:02:41.070 D/dalvikvm(21539): GC_CONCURRENT freed 103K, 66% free 355K/1024K, external 0K/0K, paused 1ms+1ms
01-03 15:02:41.070 D/jdwp    (21539): adbd disconnected
01-03 15:02:41.150 W/AudioService(  132): stream: 3 was already muted by this client
01-03 15:02:41.150 I/TestinExternalLog(1): <<<<<<< Starting Package com.giant.brizzle >>>>>>>
01-03 15:02:42.160 W/AudioService(  132): stream: 3 was already muted by this client
01-03 15:02:42.210 D/DEBUG   ( 9587): updateCellLayoutCache(3.5555556, 3.5546875)
01-03 15:02:42.260 D/DEBUG   ( 9587): updateCellLayoutCache(3.5555556, 3.5546875)
01-03 15:02:42.300 D/DEBUG   ( 9587): updateCellLayoutCache(3.5555556, 3.5546875)
01-03 15:02:42.410 D/DEBUG   ( 9587): updateCellLayoutCache(3.5555556, 3.5546875)
01-03 15:02:42.510 D/DEBUG   ( 9587): updateCellLayoutCache(3.5555556, 3.5546875)
01-03 15:02:42.540 D/AndroidRuntime(21549):
01-03 15:02:42.540 D/AndroidRuntime(21549): >>>>>> AndroidRuntime START com.android.internal.os.RuntimeInit <<<<<<
01-03 15:02:42.540 D/AndroidRuntime(21549): CheckJNI is OFF
01-03 15:02:42.560 D/DEBUG   ( 9587): updateCellLayoutCache(3.5555556, 3.5546875)
01-03 15:02:42.640 D/DEBUG   ( 9587): updateCellLayoutCache(3.5555556, 3.5546875)
01-03 15:02:42.920 D/AndroidRuntime(21549): Calling main entry com.android.commands.am.Am
01-03 15:02:42.940 I/ActivityManager(  132): Starting activity: Intent { act=android.intent.action.MAIN flg=0x10000000 cmp=com.giant.brizzle/.Brizzle } from pid 21549
01-03 15:02:42.940 W/ActivityManager(  132): Activity start request from 2000 stopped
01-03 15:02:42.950 D/AndroidRuntime(21549): Shutting down VM
01-03 15:02:42.950 I/AndroidRuntime(21549): NOTE: attach of thread 'Binder Thread #3' failed
01-03 15:02:42.960 D/dalvikvm(21549): GC_CONCURRENT freed 104K, 65% free 358K/1024K, external 0K/0K, paused 1ms+1ms
01-03 15:02:42.960 D/jdwp    (21549): adbd disconnected
01-03 15:02:42.960 I/TestinExternalLog(1): Displayed com.giant.brizzle/com.giant.brizzle.Brizzle: +888ms
01-03 15:02:43.170 W/AudioService(  132): stream: 3 was already muted by this client
01-03 15:02:43.230 D/AndroidRuntime(21559):
01-03 15:02:43.230 D/AndroidRuntime(21559): >>>>>> AndroidRuntime START com.android.internal.os.RuntimeInit <<<<<<
01-03 15:02:43.230 D/AndroidRuntime(21559): CheckJNI is OFF
01-03 15:02:43.530 D/AndroidRuntime(21559): Calling main entry com.android.commands.am.Am
01-03 15:02:43.560 I/iTestin (  468): recv broadcast>>>itestin.service.CMD_AllService
01-03 15:02:43.580 D/AndroidRuntime(21559): Shutting down VM
01-03 15:02:43.580 I/AndroidRuntime(21559): NOTE: attach of thread 'Binder Thread #3' failed
01-03 15:02:43.590 D/dalvikvm(21559): GC_CONCURRENT freed 104K, 65% free 359K/1024K, external 0K/0K, paused 1ms+4ms
01-03 15:02:43.590 D/jdwp    (21559): adbd disconnected
01-03 15:02:43.590 I/TestinExternalLog(1): <<<<<<< StartTest launcher Package com.giant.brizzle >>>>>>>
01-03 15:02:43.840 D/dalvikvm(  468): GC_CONCURRENT freed 370K, 55% free 2806K/6151K, external 0K/0K, paused 4ms+15ms
01-03 15:02:44.070 I/TestinExternalLog(  468): Battery>>>> Temperature 39.3
01-03 15:02:44.180 W/AudioService(  132): stream: 3 was already muted by this client
01-03 15:02:44.840 I/TestinExternalLog(  468): NetFlow>>>> UpFlow 46404, DownFlow 10976, TotalFlow 57380
01-03 15:02:44.990 V/HtcAppUsageStats(  132): (launch app, package): (小鸟风暴, com.giant.brizzle)
01-03 15:02:44.990 V/HtcAppUsageStats(  132): handleMessage msg=1
01-03 15:02:45.010 I/[POST_RESELECT]( 9587): [spanChange] (o, oldStart, newStart, oldEnd, newEnd)=(android.text.Selection$START@40141770,-1,0,-1,0)
01-03 15:02:45.010 I/[POST_RESELECT]( 9587): [spanChange] (o, oldStart, newStart, oldEnd, newEnd)=(android.text.Selection$END@4011a168,-1,0,-1,0)
01-03 15:02:45.030 I/[POST_RESELECT]( 9587): [spanChange] (o, oldStart, newStart, oldEnd, newEnd)=(android.text.Selection$START@40141770,-1,0,-1,0)
01-03 15:02:45.030 I/[POST_RESELECT]( 9587): [spanChange] (o, oldStart, newStart, oldEnd, newEnd)=(android.text.Selection$END@4011a168,-1,0,-1,0)
01-03 15:02:45.030 D/Background traffic light( 9587): traffic light: GREEN, mBackgroundTrafficLight = true
01-03 15:02:45.040 I/HtcTipWidget( 9587): WHAT_ON_PAUSE
01-03 15:02:45.050 I/ActivityManager(  132): Start proc com.giant.brizzle for activity com.giant.brizzle/.Brizzle: pid=21570 uid=10079 gids={3003}
01-03 15:02:45.190 W/AudioService(  132): stream: 3 was already muted by this client
01-03 15:02:45.220 I/[POST_RESELECT](21570): [spanChange] (o, oldStart, newStart, oldEnd, newEnd)=(android.text.Selection$START@40141770,-1,0,-1,0)
01-03 15:02:45.220 I/[POST_RESELECT](21570): [spanChange] (o, oldStart, newStart, oldEnd, newEnd)=(android.text.Selection$END@4011a168,-1,0,-1,0)
01-03 15:02:45.230 D/Cocos2dxActivity(21570): model=HTC A510e
01-03 15:02:45.230 D/Cocos2dxActivity(21570): product=htc_marvel
01-03 15:02:45.240 D/Cocos2dxActivity(21570): isEmulator=false
01-03 15:02:45.250 V/SoundPool-JNI(21570): android_media_SoundPool_native_setup
01-03 15:02:45.260 V/SoundPool(21570): SoundPool constructor: maxChannels=5, streamType=3, srcQuality=5
01-03 15:02:45.260 D/ATRecorder(21570): com.htc.autotest.dlib.RecordEngine in loader dalvik.system.DexClassLoader@405382d8
01-03 15:02:45.260 V/SoundPoolThread(21570): beginThread
01-03 15:02:45.260 V/SoundPoolThread(21570): run
01-03 15:02:45.350 D/libEGL  (21570): loaded /system/lib/egl/libGLES_android.so
01-03 15:02:45.380 I/ActivityManager(  132): Displayed com.giant.brizzle/.Brizzle: +330ms
01-03 15:02:45.390 W/InputManagerService(  132): [unbindCurrentClientLocked] Disable input method client.
01-03 15:02:45.390 W/InputManagerService(  132): [startInputLocked] Enable input method client.
01-03 15:02:45.420 D/libEGL  (21570): loaded /system/lib/egl/libEGL_adreno200.so
01-03 15:02:45.420 D/libEGL  (21570): loaded /system/lib/egl/libGLESv1_CM_adreno200.so
01-03 15:02:45.430 D/libEGL  (21570): loaded /system/lib/egl/libGLESv2_adreno200.so
01-03 15:02:45.480 D/cocos2d-x debug info(21570):
01-03 15:02:45.480 D/cocos2d-x debug info(21570): <dict>
01-03 15:02:45.480 D/cocos2d-x debug info(21570): 	cocos2d.x.version: 2.2.1
01-03 15:02:45.480 D/cocos2d-x debug info(21570): 	cocos2d.x.compiled_with_profiler: false
01-03 15:02:45.480 D/cocos2d-x debug info(21570): 	cocos2d.x.compiled_with_gl_state_cache: true
01-03 15:02:45.480 D/cocos2d-x debug info(21570): 	gl.vendor: Qualcomm
01-03 15:02:45.480 D/cocos2d-x debug info(21570): 	gl.renderer: Adreno
01-03 15:02:45.480 D/cocos2d-x debug info(21570): 	gl.version: OpenGL ES 2.0 1044053
01-03 15:02:45.480 D/cocos2d-x debug info(21570): 	gl.max_texture_size: 2048
01-03 15:02:45.480 D/cocos2d-x debug info(21570): 	gl.max_texture_units: 20
01-03 15:02:45.480 D/cocos2d-x debug info(21570): 	gl.supports_PVRTC: false
01-03 15:02:45.480 D/cocos2d-x debug info(21570): 	gl.supports_NPOT: true
01-03 15:02:45.480 D/cocos2d-x debug info(21570): 	gl.supports_BGRA8888: false
01-03 15:02:45.480 D/cocos2d-x debug info(21570): 	gl.supports_discard_framebuffer: false
01-03 15:02:45.480 D/cocos2d-x debug info(21570): 	gl.supports_vertex_array_object: false
01-03 15:02:45.480 D/cocos2d-x debug info(21570): </dict>
01-03 15:02:45.970 D/cocos2d-x debug info(21570): cocos2d: CCTextureCache: texture: cc_fps_images
01-03 15:02:45.980 D/cocos2d-x debug info(21570): cocos2d: CCSpriteFrameCache: Trying to use file images/main_menu/main_bg_a_RETINA.png as texture
01-03 15:02:46.200 W/AudioService(  132): stream: 3 was already muted by this client
01-03 15:02:46.710 D/cocos2d-x debug info(21570): cocos2d: CCSpriteFrameCache: Trying to use file images/main_menu/main_bg_b_RETINA.png as texture
01-03 15:02:47.120 D/cocos2d-x debug info(21570): cocos2d: CCSpriteFrameCache: Trying to use file images/main_menu/mainmenu_a_RETINA.png as texture
01-03 15:02:47.400 W/AudioService(  132): stream: 3 was already muted by this client
01-03 15:02:47.840 D/cocos2d-x debug info(21570): cocos2d: CCSpriteFrameCache: Trying to use file images/main_menu/mainmenu_b_CN_RETINA.png as texture
01-03 15:02:48.240 D/cocos2d-x debug info(21570): cocos2d: CCSpriteFrameCache: Trying to use file images/main_menu/mainmenu_a_CN_RETINA.png as texture
01-03 15:02:48.420 W/AudioService(  132): stream: 3 was already muted by this client
01-03 15:02:49.070 I/TestinExternalLog(  468): Battery>>>> Temperature 39.3
01-03 15:02:49.080 I/TestinExternalLog(  468): CPU>>>> User 52%, System 14%, IOW 0%, IRQ 0%, com.giant.brizzle(20905):0%
01-03 15:02:49.420 W/AudioService(  132): stream: 3 was already muted by this client
01-03 15:02:49.970 I/TestinExternalLog(  468): NetFlow>>>> UpFlow 46404, DownFlow 10976, TotalFlow 57380
01-03 15:02:50.430 W/AudioService(  132): stream: 3 was already muted by this client
01-03 15:02:50.600 D/dalvikvm( 3572): GC_EXPLICIT freed 7K, 50% free 2707K/5379K, external 0K/0K, paused 124ms
01-03 15:02:51.430 W/AudioService(  132): stream: 3 was already muted by this client
01-03 15:02:51.530 D/dalvikvm(  468): GC_CONCURRENT freed 410K, 55% free 2781K/6151K, external 0K/0K, paused 19ms+4ms
01-03 15:02:52.430 W/AudioService(  132): stream: 3 was already muted by this client
01-03 15:02:53.440 W/AudioService(  132): stream: 3 was already muted by this client
01-03 15:02:54.070 I/TestinExternalLog(  468): Battery>>>> Temperature 39.3
01-03 15:02:54.200 I/TestinExternalLog(  468): Mem>>>> Avalable:181784KB, com.giant.brizzle(21570) used:24208KB
01-03 15:02:54.450 W/AudioService(  132): stream: 3 was already muted by this client
01-03 15:02:54.910 I/wpa_supplicant(21196): CTRL-EVENT-STATE-CHANGE id=-1 state=2 BSSID=00:00:00:00:00:00
01-03 15:02:54.910 V/WifiMonitor(  132): Event [CTRL-EVENT-STATE-CHANGE id=-1 state=2 BSSID=00:00:00:00:00:00]
01-03 15:02:54.910 V/WifiStateTracker(  132): Changing supplicant state: INACTIVE ==> SCANNING
01-03 15:02:54.920 D/ConnectivityService(  132): Dropping ConnectivityChange for WIFI: DISCONNECTED/SCANNING
01-03 15:02:55.090 I/TestinExternalLog(  468): NetFlow>>>> UpFlow 46404, DownFlow 10976, TotalFlow 57380
01-03 15:02:55.450 W/AudioService(  132): stream: 3 was already muted by this client
01-03 15:02:56.110 I/wpa_supplicant(21196): got scan complete
01-03 15:02:56.110 I/wpa_supplicant(21196): wpa_supplicant_get_scan_results:return scan results2
01-03 15:02:56.110 I/wpa_supplicant(21196): AP:ssid[testin],rssi[-48],BSSID=d8:24:bd:76:04:a0
01-03 15:02:56.110 I/wpa_supplicant(21196): AP:ssid[Connectify-xiong],rssi[-48],BSSID=e0:06:e6:cd:d9:93
01-03 15:02:56.110 I/wpa_supplicant(21196): AP:ssid[testin-w-05],rssi[-32],BSSID=c4:ca:d9:8c:9d:c0
01-03 15:02:56.110 I/wpa_supplicant(21196): AP:ssid[testin-w-05],rssi[-61],BSSID=c4:ca:d9:8c:9d:e0
01-03 15:02:56.110 I/wpa_supplicant(21196): AP:ssid[testin-w-07],rssi[-54],BSSID=c4:ca:d9:8d:07:b0
01-03 15:02:56.110 I/wpa_supplicant(21196): AP:ssid[testin-w-02],rssi[-66],BSSID=c4:ca:d9:8c:d4:c0
01-03 15:02:56.110 I/wpa_supplicant(21196): AP:ssid[testin-w-04],rssi[-49],BSSID=c4:ca:d9:8c:99:20
01-03 15:02:56.110 I/wpa_supplicant(21196): AP:ssid[ludashi-70],rssi[-56],BSSID=f8:2f:a8:f7:cd:d1
01-03 15:02:56.110 I/wpa_supplicant(21196): AP:ssid[testin-w-03],rssi[-77],BSSID=c4:ca:d9:8c:e5:00
01-03 15:02:56.110 I/wpa_supplicant(21196): AP:ssid[testin-w-05],rssi[-49],BSSID=c4:ca:d9:8c:9c:10
01-03 15:02:56.110 I/wpa_supplicant(21196): AP:ssid[testin-w-07],rssi[-61],BSSID=c4:ca:d9:8d:07:70
01-03 15:02:56.110 I/wpa_supplicant(21196): AP:ssid[Netelite_superwifi],rssi[-60],BSSID=d8:67:d9:c2:ee:f8
01-03 15:02:56.110 I/wpa_supplicant(21196): AP:ssid[Netelite_visitwifi],rssi[-56],BSSID=d8:67:d9:c2:ee:f9
01-03 15:02:56.110 I/wpa_supplicant(21196): AP:ssid[testin-w-06],rssi[-57],BSSID=c4:ca:d9:8d:07:10
01-03 15:02:56.110 I/wpa_supplicant(21196): AP:ssid[testin-w-07],rssi[-74],BSSID=c4:ca:d9:99:bc:60
01-03 15:02:56.110 I/wpa_supplicant(21196): AP:ssid[testin-w-02],rssi[-76],BSSID=0c:da:41:0b:10:00
01-03 15:02:56.110 I/wpa_supplicant(21196): AP:ssid[testin-w-06],rssi[-53],BSSID=c4:ca:d9:8c:9d:f0
01-03 15:02:56.110 I/wpa_supplicant(21196): AP:ssid[testin-w-04],rssi[-54],BSSID=c4:ca:d9:8c:e7:50
01-03 15:02:56.110 I/wpa_supplicant(21196): AP:ssid[testin-w-04],rssi[-79],BSSID=c4:ca:d9:8c:9a:10
01-03 15:02:56.110 I/wpa_supplicant(21196): Received 4319 bytes of scan results (19 BSSes)
01-03 15:02:56.110 I/wpa_supplicant(21196): wpa_driver_wext_get_scan_results---
01-03 15:02:56.120 I/wpa_supplicant(21196): wpa_disabled_ssid_list_clear
01-03 15:02:56.120 I/wpa_supplicant(21196): Check WiFi offload status: wpa_s->vh_wifi_to_mobile:-1 ,wpa_s->vh_user_connect:0
01-03 15:02:56.120 I/wpa_supplicant(21196): No suitable AP found.
01-03 15:02:56.120 I/wpa_supplicant(21196): CTRL-EVENT-STATE-CHANGE id=-1 state=1 BSSID=00:00:00:00:00:00
01-03 15:02:56.120 V/WifiMonitor(  132): Event [wpa_disabled_ssid_list_clear]
01-03 15:02:56.130 V/WifiMonitor(  132): Event [CTRL-EVENT-STATE-CHANGE id=-1 state=1 BSSID=00:00:00:00:00:00]
01-03 15:02:56.130 V/WifiStateTracker(  132): Changing supplicant state: SCANNING ==> INACTIVE
01-03 15:02:56.130 D/ConnectivityService(  132): Dropping ConnectivityChange for WIFI: DISCONNECTED/IDLE
01-03 15:02:56.460 W/AudioService(  132): stream: 3 was already muted by this client
01-03 15:02:57.460 W/AudioService(  132): stream: 3 was already muted by this client
01-03 15:02:58.470 W/AudioService(  132): stream: 3 was already muted by this client
01-03 15:02:59.080 I/TestinExternalLog(  468): Battery>>>> Temperature 39.3
01-03 15:02:59.540 D/AndroidRuntime(21584):
01-03 15:02:59.540 D/AndroidRuntime(21584): >>>>>> AndroidRuntime START com.android.internal.os.RuntimeInit <<<<<<
01-03 15:02:59.540 D/AndroidRuntime(21584): CheckJNI is OFF
01-03 15:02:59.620 W/AudioService(  132): stream: 3 was already muted by this client
01-03 15:03:00.400 D/AndroidRuntime(21584): Calling main entry com.android.commands.am.Am
01-03 15:03:00.460 I/iTestin (  468): recv broadcast>>>itestin.service.CMD_LOG
01-03 15:03:00.480 D/AndroidRuntime(21584): Shutting down VM
01-03 15:03:00.480 I/TestinExternalLog(  468): <<<<<<< Capturing image (1) >>>>>>>
01-03 15:03:00.480 I/AndroidRuntime(21584): NOTE: attach of thread 'Binder Thread #3' failed
01-03 15:03:00.490 D/dalvikvm(21584): GC_CONCURRENT freed 104K, 65% free 359K/1024K, external 0K/0K, paused 1ms+1ms
01-03 15:03:00.500 D/jdwp    (21584): adbd disconnected
01-03 15:03:00.500 I/TestinExternalLog(1): <<<<<<< StopTest launcher Package com.giant.brizzle >>>>>>>
01-03 15:03:00.500 I/TestinExternalLog(1): <<<<<<< StartTest ui Package com.giant.brizzle >>>>>>>
01-03 15:03:00.930 W/AudioService(  132): stream: 3 was already muted by this client
01-03 15:03:01.120 D/AndroidRuntime(21594):
01-03 15:03:01.120 D/AndroidRuntime(21594): >>>>>> AndroidRuntime START com.android.internal.os.RuntimeInit <<<<<<
01-03 15:03:01.120 D/AndroidRuntime(21594): CheckJNI is OFF
01-03 15:03:01.860 D/AndroidRuntime(21594): Calling main entry com.android.commands.am.Am
01-03 15:03:01.890 I/ActivityManager(  132): Force stopping package com.giant.brizzle uid=10079
01-03 15:03:01.910 I/Process (  132): Sending signal. PID: 21570 SIG: 9
01-03 15:03:01.920 E/ActivityManager(  132): fail to set top app changed!
01-03 15:03:01.970 I/ActivityManager(  132): Start proc com.giant.brizzle for added application com.giant.brizzle: pid=21602 uid=10079 gids={3003}
01-03 15:03:01.980 E/InputDispatcher(  132): channel '4099a8c0 com.giant.brizzle/com.giant.brizzle.Brizzle (server)' ~ Consumer closed input channel or an error occurred.  events=0x8
01-03 15:03:01.980 E/InputDispatcher(  132): channel '4099a8c0 com.giant.brizzle/com.giant.brizzle.Brizzle (server)' ~ Channel is unrecoverably broken and will be disposed!
01-03 15:03:01.980 I/WindowManager(  132): WINDOW DIED Window{4099a8c0 com.giant.brizzle/com.giant.brizzle.Brizzle paused=false}
01-03 15:03:02.010 I/WindowManager(  132): WIN DEATH: Window{409d3318 SurfaceView paused=false}
01-03 15:03:02.030 I/CarouselTimeLog( 9587): onStart() finish: 1388761382043
01-03 15:03:02.030 D/CarouselDummyActivity( 9587): CarouselDummyActivity.onResume: tab_allapps
01-03 15:03:02.040 D/Background traffic light( 9587): traffic light: RED, mBackgroundTrafficLight = true
01-03 15:03:02.040 I/HtcTipWidget( 9587): WHAT_ON_RESUME
01-03 15:03:02.050 D/William ( 9587): - refreshUsageStatCache -
01-03 15:03:02.060 D/AutoSetting(22633): service - mBroadcastReceiver: action = com.htc.content.Intent.ACTION_BACKGROUND_OP_STOP
01-03 15:03:02.130 W/AudioService(  132): stream: 3 was already muted by this client
01-03 15:03:02.140 D/InputManagerService(  132): Got RemoteException sending setActive(false) notification to pid 21570 uid 10079
01-03 15:03:02.140 W/InputManagerService(  132): [startInputLocked] Enable input method client.
01-03 15:03:02.300 I/TestRunner(21602): started: test1(a.ApiTestCase)
01-03 15:03:02.310 V/HtcAppUsageStats(  132): handleMessage msg=1
01-03 15:03:02.310 I/ActivityManager(  132): Starting activity: Intent { act=android.intent.action.MAIN flg=0x10000000 cmp=com.giant.brizzle/.Brizzle } from pid 21602
01-03 15:03:02.340 I/[POST_RESELECT]( 9587): [spanChange] (o, oldStart, newStart, oldEnd, newEnd)=(android.text.Selection$START@40141770,-1,0,-1,0)
01-03 15:03:02.340 I/[POST_RESELECT]( 9587): [spanChange] (o, oldStart, newStart, oldEnd, newEnd)=(android.text.Selection$END@4011a168,-1,0,-1,0)
01-03 15:03:02.350 V/HtcAppUsageStats(  132): (launch app, package): (小鸟风暴, com.giant.brizzle)
01-03 15:03:02.370 I/[POST_RESELECT]( 9587): [spanChange] (o, oldStart, newStart, oldEnd, newEnd)=(android.text.Selection$START@40141770,-1,0,-1,0)
01-03 15:03:02.370 I/[POST_RESELECT]( 9587): [spanChange] (o, oldStart, newStart, oldEnd, newEnd)=(android.text.Selection$END@4011a168,-1,0,-1,0)
01-03 15:03:02.370 D/Background traffic light( 9587): traffic light: GREEN, mBackgroundTrafficLight = false
01-03 15:03:02.380 I/HtcTipWidget( 9587): WHAT_ON_PAUSE
01-03 15:03:02.440 I/[POST_RESELECT](21602): [spanChange] (o, oldStart, newStart, oldEnd, newEnd)=(android.text.Selection$START@40141770,-1,0,-1,0)
01-03 15:03:02.440 I/[POST_RESELECT](21602): [spanChange] (o, oldStart, newStart, oldEnd, newEnd)=(android.text.Selection$END@4011a168,-1,0,-1,0)
01-03 15:03:02.460 D/AutoSetting(22633): service - mBroadcastReceiver: action = com.htc.content.Intent.ACTION_BACKGROUND_OP_GO
01-03 15:03:02.460 D/Cocos2dxActivity(21602): model=HTC A510e
01-03 15:03:02.460 D/Cocos2dxActivity(21602): product=htc_marvel
01-03 15:03:02.460 D/Cocos2dxActivity(21602): isEmulator=false
01-03 15:03:02.480 V/SoundPool-JNI(21602): android_media_SoundPool_native_setup
01-03 15:03:02.480 V/SoundPool(21602): SoundPool constructor: maxChannels=5, streamType=3, srcQuality=5
01-03 15:03:02.480 D/ATRecorder(21602): com.htc.autotest.dlib.RecordEngine in loader dalvik.system.DexClassLoader@4054d3c8
01-03 15:03:02.480 V/SoundPoolThread(21602): beginThread
01-03 15:03:02.480 V/SoundPoolThread(21602): run
01-03 15:03:02.590 D/libEGL  (21602): loaded /system/lib/egl/libGLES_android.so
01-03 15:03:02.610 I/ActivityManager(  132): Displayed com.giant.brizzle/.Brizzle: +219ms
01-03 15:03:02.620 W/InputManagerService(  132): [unbindCurrentClientLocked] Disable input method client.
01-03 15:03:02.630 W/InputManagerService(  132): [startInputLocked] Enable input method client.
01-03 15:03:02.640 D/libEGL  (21602): loaded /system/lib/egl/libEGL_adreno200.so
01-03 15:03:02.670 D/libEGL  (21602): loaded /system/lib/egl/libGLESv1_CM_adreno200.so
01-03 15:03:02.690 D/libEGL  (21602): loaded /system/lib/egl/libGLESv2_adreno200.so
01-03 15:03:02.730 D/cocos2d-x debug info(21602):
01-03 15:03:02.730 D/cocos2d-x debug info(21602): <dict>
01-03 15:03:02.730 D/cocos2d-x debug info(21602): 	cocos2d.x.version: 2.2.1
01-03 15:03:02.730 D/cocos2d-x debug info(21602): 	cocos2d.x.compiled_with_profiler: false
01-03 15:03:02.730 D/cocos2d-x debug info(21602): 	cocos2d.x.compiled_with_gl_state_cache: true
01-03 15:03:02.730 D/cocos2d-x debug info(21602): 	gl.vendor: Qualcomm
01-03 15:03:02.730 D/cocos2d-x debug info(21602): 	gl.renderer: Adreno
01-03 15:03:02.730 D/cocos2d-x debug info(21602): 	gl.version: OpenGL ES 2.0 1044053
01-03 15:03:02.730 D/cocos2d-x debug info(21602): 	gl.max_texture_size: 2048
01-03 15:03:02.730 D/cocos2d-x debug info(21602): 	gl.max_texture_units: 20
01-03 15:03:02.730 D/cocos2d-x debug info(21602): 	gl.supports_PVRTC: false
01-03 15:03:02.730 D/cocos2d-x debug info(21602): 	gl.supports_NPOT: true
01-03 15:03:02.730 D/cocos2d-x debug info(21602): 	gl.supports_BGRA8888: false
01-03 15:03:02.730 D/cocos2d-x debug info(21602): 	gl.supports_discard_framebuffer: false
01-03 15:03:02.730 D/cocos2d-x debug info(21602): 	gl.supports_vertex_array_object: false
01-03 15:03:02.730 D/cocos2d-x debug info(21602): </dict>
01-03 15:03:03.220 W/AudioService(  132): stream: 3 was already muted by this client
01-03 15:03:03.260 D/AndroidRuntime(21617):
01-03 15:03:03.260 D/AndroidRuntime(21617): >>>>>> AndroidRuntime START com.android.internal.os.RuntimeInit <<<<<<
01-03 15:03:03.270 D/AndroidRuntime(21617): CheckJNI is OFF
01-03 15:03:03.660 D/cocos2d-x debug info(21602): cocos2d: CCTextureCache: texture: cc_fps_images
01-03 15:03:03.660 D/cocos2d-x debug info(21602): cocos2d: CCSpriteFrameCache: Trying to use file images/main_menu/main_bg_a_RETINA.png as texture
01-03 15:03:03.870 D/AndroidRuntime(21617): Calling main entry com.android.commands.am.Am
01-03 15:03:03.990 D/dalvikvm(  468): GC_CONCURRENT freed 262K, 51% free 3030K/6151K, external 0K/0K, paused 113ms+18ms
01-03 15:03:04.000 I/iTestin (  468): recv broadcast>>>itestin.service.CMD_STARTPROCESSSTATEMONITOR
01-03 15:03:04.000 I/TestinExternalLog(  468): NetFlow>>>> UpFlow 46404, DownFlow 10976, TotalFlow 57380
01-03 15:03:04.010 D/AndroidRuntime(21617): Shutting down VM
01-03 15:03:04.020 I/AndroidRuntime(21617): NOTE: attach of thread 'Binder Thread #3' failed
01-03 15:03:04.040 D/dalvikvm(21617): GC_CONCURRENT freed 104K, 65% free 359K/1024K, external 0K/0K, paused 0ms+1ms
01-03 15:03:04.060 D/jdwp    (21617): adbd disconnected
01-03 15:03:04.130 I/TestinExternalLog(  468): Battery>>>> Temperature 39.3
01-03 15:03:04.250 W/AudioService(  132): stream: 3 was already muted by this client
01-03 15:03:04.370 I/TestinExternalLog(  468): <<<<<<< StartApp >>>>>>>
01-03 15:03:04.450 I/TestinExternalLog(  468): <<<<<<< com.giant.brizzle(21602) >>>>>>>
01-03 15:03:04.690 D/cocos2d-x debug info(21602): cocos2d: CCSpriteFrameCache: Trying to use file images/main_menu/main_bg_b_RETINA.png as texture
01-03 15:03:05.140 D/cocos2d-x debug info(21602): cocos2d: CCSpriteFrameCache: Trying to use file images/main_menu/mainmenu_a_RETINA.png as texture
01-03 15:03:05.290 W/AudioService(  132): stream: 3 was already muted by this client
01-03 15:03:05.970 D/dalvikvm(21602): GC_CONCURRENT freed 286K, 49% free 2926K/5639K, external 0K/0K, paused 5ms+11ms
01-03 15:03:06.310 D/cocos2d-x debug info(21602): cocos2d: CCSpriteFrameCache: Trying to use file images/main_menu/mainmenu_b_CN_RETINA.png as texture
01-03 15:03:06.340 D/dalvikvm(21602): GC_CONCURRENT freed 448K, 50% free 2995K/5895K, external 0K/0K, paused 8ms+20ms
01-03 15:03:06.350 W/AudioService(  132): stream: 3 was already muted by this client
01-03 15:03:06.640 I/[POST_RESELECT](21602): [spanChange] (o, oldStart, newStart, oldEnd, newEnd)=(android.text.Selection$START@40141770,-1,0,-1,0)
01-03 15:03:06.640 I/[POST_RESELECT](21602): [spanChange] (o, oldStart, newStart, oldEnd, newEnd)=(android.text.Selection$END@4011a168,-1,0,-1,0)
01-03 15:03:06.640 I/[POST_RESELECT](21602): [spanChange] (o, oldStart, newStart, oldEnd, newEnd)=(android.text.Selection$START@40141770,-1,0,-1,0)
01-03 15:03:06.650 I/[POST_RESELECT](21602): [spanChange] (o, oldStart, newStart, oldEnd, newEnd)=(android.text.Selection$END@4011a168,-1,0,-1,0)
01-03 15:03:06.950 D/AndroidRuntime(21629):
01-03 15:03:06.950 D/AndroidRuntime(21629): >>>>>> AndroidRuntime START com.android.internal.os.RuntimeInit <<<<<<
01-03 15:03:06.960 D/AndroidRuntime(21629): CheckJNI is OFF
01-03 15:03:07.100 D/cocos2d-x debug info(21602): cocos2d: CCSpriteFrameCache: Trying to use file images/main_menu/mainmenu_a_CN_RETINA.png as texture
01-03 15:03:07.150 I/[POST_RESELECT](21602): [spanChange] (o, oldStart, newStart, oldEnd, newEnd)=(android.text.Selection$START@40141770,-1,0,-1,0)
01-03 15:03:07.150 I/[POST_RESELECT](21602): [spanChange] (o, oldStart, newStart, oldEnd, newEnd)=(android.text.Selection$END@4011a168,-1,0,-1,0)
01-03 15:03:07.360 W/AudioService(  132): stream: 3 was already muted by this client
01-03 15:03:07.430 D/Device Model(21602): HTC A510e
01-03 15:03:07.480 I/OMXCodec(25363): [Stagefright] use software codec=VorbisDecoder
01-03 15:03:07.480 D/MediaPlayer(21602): stop() in
01-03 15:03:07.490 I/AwesomePlayer(25363): Lock success within 5000 us
01-03 15:03:07.490 D/MediaPlayer(21602): stop() out
01-03 15:03:07.490 D/AwesomePlayer(25363): seeking while paused, sending SEEK_COMPLETE notification immediately.
01-03 15:03:07.490 D/MediaPlayer(21602): handleMessage:MEDIA_SEEK_COMPLETE
01-03 15:03:07.490 D/MediaPlayer(21602): start() in
01-03 15:03:07.500 D/MediaPlayer(21602): start() out
01-03 15:03:07.500 D/MediaPlayer(21602): handleMessage:MEDIA_SEEK_COMPLETE
01-03 15:03:07.610 I/AudioHardwareMSM72XX(25363): AUDIO_START: start kernel pcm_out driver.
01-03 15:03:07.610 W/AudioFlinger(25363): write blocked for 85 msecs, 58 delayed writes, thread 0x180c8
01-03 15:03:07.620 D/AndroidRuntime(21629): Calling main entry com.android.commands.am.Am
01-03 15:03:07.680 I/iTestin (  468): recv broadcast>>>itestin.service.CMD_LOG
01-03 15:03:07.690 I/TestinExternalLog(  468): <<<<<<< Capturing image (2) >>>>>>>
01-03 15:03:07.690 D/AndroidRuntime(21629): Shutting down VM
01-03 15:03:07.700 I/AndroidRuntime(21629): NOTE: attach of thread 'Binder Thread #3' failed
01-03 15:03:07.710 D/dalvikvm(21629): GC_CONCURRENT freed 104K, 65% free 359K/1024K, external 0K/0K, paused 1ms+1ms
01-03 15:03:07.720 D/jdwp    (21629): adbd disconnected
01-03 15:03:07.900 I/TestinExternalLog(  468): CPU>>>> User 26%, System 40%, IOW 0%, IRQ 0%, com.giant.brizzle(21570):36%
01-03 15:03:08.370 W/AudioService(  132): stream: 3 was already muted by this client
01-03 15:03:09.130 I/TestinExternalLog(  468): Battery>>>> Temperature 39.3
01-03 15:03:09.190 I/TestinExternalLog(  468): NetFlow>>>> UpFlow 46404, DownFlow 10976, TotalFlow 57380
01-03 15:03:09.370 W/AudioService(  132): stream: 3 was already muted by this client
01-03 15:03:10.450 W/AudioService(  132): stream: 3 was already muted by this client
01-03 15:03:11.240 I/wpa_supplicant(21196): CTRL-EVENT-STATE-CHANGE id=-1 state=2 BSSID=00:00:00:00:00:00
01-03 15:03:11.240 V/WifiMonitor(  132): Event [CTRL-EVENT-STATE-CHANGE id=-1 state=2 BSSID=00:00:00:00:00:00]
01-03 15:03:11.240 V/WifiStateTracker(  132): Changing supplicant state: INACTIVE ==> SCANNING
01-03 15:03:11.250 D/ConnectivityService(  132): Dropping ConnectivityChange for WIFI: DISCONNECTED/SCANNING
01-03 15:03:11.420 D/AndroidRuntime(21642):
01-03 15:03:11.420 D/AndroidRuntime(21642): >>>>>> AndroidRuntime START com.android.internal.os.RuntimeInit <<<<<<
01-03 15:03:11.420 D/AndroidRuntime(21642): CheckJNI is OFF
01-03 15:03:11.490 W/AudioService(  132): stream: 3 was already muted by this client
01-03 15:03:12.330 D/AndroidRuntime(21642): Calling main entry com.android.commands.am.Am
01-03 15:03:12.390 I/wpa_supplicant(21196): got scan complete
01-03 15:03:12.390 I/wpa_supplicant(21196): wpa_supplicant_get_scan_results:return scan results2
01-03 15:03:12.390 I/wpa_supplicant(21196): AP:ssid[testin],rssi[-49],BSSID=d8:24:bd:76:04:a0
01-03 15:03:12.390 I/wpa_supplicant(21196): AP:ssid[testin-w-04],rssi[-58],BSSID=c4:ca:d9:8c:e7:50
01-03 15:03:12.390 I/wpa_supplicant(21196): AP:ssid[Connectify-xiong],rssi[-55],BSSID=e0:06:e6:cd:d9:93
01-03 15:03:12.390 I/wpa_supplicant(21196): AP:ssid[testin-w-05],rssi[-32],BSSID=c4:ca:d9:8c:9d:c0
01-03 15:03:12.390 I/wpa_supplicant(21196): AP:ssid[testin-w-07],rssi[-56],BSSID=c4:ca:d9:8d:07:b0
01-03 15:03:12.390 I/wpa_supplicant(21196): AP:ssid[testin-w-04],rssi[-49],BSSID=c4:ca:d9:8c:99:20
01-03 15:03:12.400 I/wpa_supplicant(21196): AP:ssid[testin-w-02],rssi[-73],BSSID=c4:ca:d9:8c:d4:c0
01-03 15:03:12.400 I/wpa_supplicant(21196): AP:ssid[Netelite_superwifi],rssi[-60],BSSID=d8:67:d9:c2:ee:f8
01-03 15:03:12.400 I/wpa_supplicant(21196): AP:ssid[Netelite_visitwifi],rssi[-59],BSSID=d8:67:d9:c2:ee:f9
01-03 15:03:12.400 I/wpa_supplicant(21196): AP:ssid[ludashi-70],rssi[-56],BSSID=f8:2f:a8:f7:cd:d1
01-03 15:03:12.400 I/wpa_supplicant(21196): AP:ssid[testin-w-05],rssi[-50],BSSID=c4:ca:d9:8c:9c:10
01-03 15:03:12.400 I/wpa_supplicant(21196): AP:ssid[testin-w-06],rssi[-58],BSSID=c4:ca:d9:8d:07:10
01-03 15:03:12.400 I/wpa_supplicant(21196): AP:ssid[testin-w-07],rssi[-61],BSSID=c4:ca:d9:8d:07:70
01-03 15:03:12.400 I/wpa_supplicant(21196): AP:ssid[testin-w-07],rssi[-74],BSSID=c4:ca:d9:99:bc:60
01-03 15:03:12.400 I/wpa_supplicant(21196): AP:ssid[testin-w-01],rssi[-78],BSSID=0c:da:41:0b:11:60
01-03 15:03:12.400 I/wpa_supplicant(21196): AP:ssid[testin-w-07],rssi[-64],BSSID=c4:ca:d9:8d:13:a0
01-03 15:03:12.400 I/wpa_supplicant(21196): AP:ssid[testin-w-07],rssi[-71],BSSID=c4:ca:d9:99:9f:b0
01-03 15:03:12.400 I/wpa_supplicant(21196): AP:ssid[testin-w-02],rssi[-72],BSSID=0c:da:41:0b:10:00
01-03 15:03:12.400 I/wpa_supplicant(21196): AP:ssid[testin-w-03],rssi[-79],BSSID=c4:ca:d9:8c:e5:e0
01-03 15:03:12.400 I/wpa_supplicant(21196): AP:ssid[testin-w-02],rssi[-80],BSSID=0c:da:41:0b:0b:90
01-03 15:03:12.400 I/wpa_supplicant(21196): Received 4524 bytes of scan results (20 BSSes)
01-03 15:03:12.400 I/wpa_supplicant(21196): wpa_driver_wext_get_scan_results---
01-03 15:03:12.400 I/wpa_supplicant(21196): wpa_disabled_ssid_list_clear
01-03 15:03:12.400 I/wpa_supplicant(21196): Check WiFi offload status: wpa_s->vh_wifi_to_mobile:-1 ,wpa_s->vh_user_connect:0
01-03 15:03:12.400 I/wpa_supplicant(21196): No suitable AP found.
01-03 15:03:12.400 I/wpa_supplicant(21196): CTRL-EVENT-STATE-CHANGE id=-1 state=1 BSSID=00:00:00:00:00:00
01-03 15:03:12.410 V/WifiMonitor(  132): Event [wpa_disabled_ssid_list_clear]
01-03 15:03:12.410 V/WifiMonitor(  132): Event [CTRL-EVENT-STATE-CHANGE id=-1 state=1 BSSID=00:00:00:00:00:00]
01-03 15:03:12.410 V/WifiStateTracker(  132): Changing supplicant state: SCANNING ==> INACTIVE
01-03 15:03:12.420 D/ConnectivityService(  132): Dropping ConnectivityChange for WIFI: DISCONNECTED/IDLE
01-03 15:03:12.450 I/iTestin (  468): recv broadcast>>>itestin.service.CMD_LOG
01-03 15:03:12.460 I/TestinExternalLog(  468): <<<<<<< Capturing image (3) >>>>>>>
01-03 15:03:12.460 D/AndroidRuntime(21642): Shutting down VM
01-03 15:03:12.480 I/AndroidRuntime(21642): NOTE: attach of thread 'Binder Thread #3' failed
01-03 15:03:12.490 D/dalvikvm(21642): GC_CONCURRENT freed 104K, 65% free 359K/1024K, external 0K/0K, paused 1ms+10ms
01-03 15:03:12.500 D/jdwp    (21642): adbd disconnected
01-03 15:03:12.530 W/AudioService(  132): stream: 3 was already muted by this client
01-03 15:03:13.120 I/TestinExternalLog(  468): Mem>>>> Avalable:177016KB, com.giant.brizzle(21602) used:25351KB
01-03 15:03:13.550 D/dalvikvm(21602): GC_CONCURRENT freed 466K, 49% free 3056K/5959K, external 0K/0K, paused 4ms+16ms
01-03 15:03:13.620 W/AudioService(  132): stream: 3 was already muted by this client
01-03 15:03:14.130 I/TestinExternalLog(  468): Battery>>>> Temperature 39.3
01-03 15:03:14.550 D/dalvikvm(  468): GC_CONCURRENT freed 565K, 52% free 2977K/6151K, external 0K/0K, paused 17ms+7ms
01-03 15:03:14.570 I/TestinExternalLog(  468): NetFlow>>>> UpFlow 46404, DownFlow 10976, TotalFlow 57380
01-03 15:03:14.630 W/AudioService(  132): stream: 3 was already muted by this client
01-03 15:03:15.640 W/AudioService(  132): stream: 3 was already muted by this client
01-03 15:03:16.650 W/AudioService(  132): stream: 3 was already muted by this client
01-03 15:03:17.660 W/AudioService(  132): stream: 3 was already muted by this client
01-03 15:03:18.800 W/AudioService(  132): stream: 3 was already muted by this client
01-03 15:03:18.930 D/AndroidRuntime(21654):
01-03 15:03:18.930 D/AndroidRuntime(21654): >>>>>> AndroidRuntime START com.android.internal.os.RuntimeInit <<<<<<
01-03 15:03:18.940 D/AndroidRuntime(21654): CheckJNI is OFF
01-03 15:03:19.170 I/TestinExternalLog(  468): Battery>>>> Temperature 39.3
01-03 15:03:19.920 D/AndroidRuntime(21654): Calling main entry com.android.commands.am.Am
01-03 15:03:19.990 W/AudioService(  132): stream: 3 was already muted by this client
01-03 15:03:20.040 I/iTestin (  468): recv broadcast>>>itestin.service.CMD_LOG
01-03 15:03:20.060 D/AndroidRuntime(21654): Shutting down VM
01-03 15:03:20.070 I/TestinExternalLog(  468): <<<<<<< Capturing image (4) >>>>>>>
01-03 15:03:20.080 I/AndroidRuntime(21654): NOTE: attach of thread 'Binder Thread #3' failed
01-03 15:03:20.110 D/dalvikvm(21654): GC_CONCURRENT freed 104K, 65% free 359K/1024K, external 0K/0K, paused 1ms+25ms
01-03 15:03:20.110 D/jdwp    (21654): adbd disconnected
01-03 15:03:20.450 I/TestinExternalLog(  468): NetFlow>>>> UpFlow 46404, DownFlow 10976, TotalFlow 57380
01-03 15:03:20.520 D/dalvikvm( 9587): GC_EXPLICIT freed 1126K, 49% free 4626K/9031K, external 5303K/6043K, paused 3052ms
01-03 15:03:21.010 D/dalvikvm(21602): GC_CONCURRENT freed 505K, 49% free 3081K/6023K, external 0K/0K, paused 4ms+12ms
01-03 15:03:21.080 W/AudioService(  132): stream: 3 was already muted by this client
01-03 15:03:22.110 W/AudioService(  132): stream: 3 was already muted by this client
01-03 15:03:22.240 D/MediaPlayer(21602): handleMessage:MEDIA_SEEK_COMPLETE
01-03 15:03:22.840 I/TestinExternalLog(  468): CPU>>>> User 31%, System 46%, IOW 0%, IRQ 0%, com.giant.brizzle(21602):37%
01-03 15:03:23.140 W/AudioService(  132): stream: 3 was already muted by this client
01-03 15:03:24.140 W/AudioService(  132): stream: 3 was already muted by this client
01-03 15:03:24.180 I/TestinExternalLog(  468): Battery>>>> Temperature 39.3
01-03 15:03:25.260 W/AudioService(  132): stream: 3 was already muted by this client
01-03 15:03:25.280 D/AndroidRuntime(21665):
01-03 15:03:25.280 D/AndroidRuntime(21665): >>>>>> AndroidRuntime START com.android.internal.os.RuntimeInit <<<<<<
01-03 15:03:25.280 D/AndroidRuntime(21665): CheckJNI is OFF
01-03 15:03:26.300 D/AndroidRuntime(21665): Calling main entry com.android.commands.am.Am
01-03 15:03:26.390 I/iTestin (  468): recv broadcast>>>itestin.service.CMD_LOG
01-03 15:03:26.390 W/AudioService(  132): stream: 3 was already muted by this client
01-03 15:03:26.410 I/TestinExternalLog(  468): <<<<<<< Capturing image (5) >>>>>>>
01-03 15:03:26.410 D/AndroidRuntime(21665): Shutting down VM
01-03 15:03:26.420 I/AndroidRuntime(21665): NOTE: attach of thread 'Binder Thread #3' failed
01-03 15:03:26.450 D/dalvikvm(21665): GC_CONCURRENT freed 104K, 65% free 359K/1024K, external 0K/0K, paused 1ms+1ms
01-03 15:03:26.460 D/jdwp    (21665): adbd disconnected
01-03 15:03:26.930 D/dalvikvm(22714): GC_EXPLICIT freed 21K, 49% free 2753K/5379K, external 0K/0K, paused 1727ms
01-03 15:03:26.990 D/dalvikvm(  468): GC_CONCURRENT freed 470K, 51% free 3018K/6151K, external 0K/0K, paused 13ms+46ms
01-03 15:03:27.040 I/TestinExternalLog(  468): NetFlow>>>> UpFlow 46404, DownFlow 10976, TotalFlow 57380
01-03 15:03:27.430 D/dalvikvm(21602): GC_CONCURRENT freed 532K, 49% free 3117K/6087K, external 0K/0K, paused 12ms+23ms
01-03 15:03:27.490 W/AudioService(  132): stream: 3 was already muted by this client
01-03 15:03:27.520 I/wpa_supplicant(21196): CTRL-EVENT-STATE-CHANGE id=-1 state=2 BSSID=00:00:00:00:00:00
01-03 15:03:27.520 V/WifiMonitor(  132): Event [CTRL-EVENT-STATE-CHANGE id=-1 state=2 BSSID=00:00:00:00:00:00]
01-03 15:03:27.520 V/WifiStateTracker(  132): Changing supplicant state: INACTIVE ==> SCANNING
01-03 15:03:27.530 D/ConnectivityService(  132): Dropping ConnectivityChange for WIFI: DISCONNECTED/SCANNING
01-03 15:03:28.030 I/TestinExternalLog(  468): Mem>>>> Avalable:178380KB, com.giant.brizzle(21602) used:26536KB
01-03 15:03:28.490 D/cocos2d-x debug info(21602): touch mask layer
01-03 15:03:28.520 W/AudioService(  132): stream: 3 was already muted by this client
01-03 15:03:28.670 I/wpa_supplicant(21196): got scan complete
01-03 15:03:28.670 I/wpa_supplicant(21196): wpa_supplicant_get_scan_results:return scan results2
01-03 15:03:28.670 I/wpa_supplicant(21196): AP:ssid[testin],rssi[-49],BSSID=d8:24:bd:76:04:a0
01-03 15:03:28.670 I/wpa_supplicant(21196): AP:ssid[testin-w-06],rssi[-78],BSSID=c4:ca:d9:8c:9e:60
01-03 15:03:28.680 I/wpa_supplicant(21196): AP:ssid[testin-w-07],rssi[-55],BSSID=c4:ca:d9:8d:07:b0
01-03 15:03:28.680 I/wpa_supplicant(21196): AP:ssid[testin-w-04],rssi[-79],BSSID=c4:ca:d9:8c:9a:10
01-03 15:03:28.680 I/wpa_supplicant(21196): AP:ssid[testin-w-05],rssi[-33],BSSID=c4:ca:d9:8c:9d:c0
01-03 15:03:28.680 I/wpa_supplicant(21196): AP:ssid[testin-w-03],rssi[-79],BSSID=c4:ca:d9:8c:e6:20
01-03 15:03:28.680 I/wpa_supplicant(21196): AP:ssid[testin-w-05],rssi[-62],BSSID=c4:ca:d9:8c:9d:e0
01-03 15:03:28.680 I/wpa_supplicant(21196): AP:ssid[testin-w-02],rssi[-67],BSSID=c4:ca:d9:8c:d4:c0
01-03 15:03:28.680 I/wpa_supplicant(21196): AP:ssid[ludashi-70],rssi[-54],BSSID=f8:2f:a8:f7:cd:d1
01-03 15:03:28.680 I/wpa_supplicant(21196): AP:ssid[testin-w-04],rssi[-47],BSSID=c4:ca:d9:8c:99:20
01-03 15:03:28.680 I/wpa_supplicant(21196): AP:ssid[Netelite_superwifi],rssi[-55],BSSID=d8:67:d9:c2:ee:f8
01-03 15:03:28.680 I/wpa_supplicant(21196): AP:ssid[testin-w-05],rssi[-51],BSSID=c4:ca:d9:8c:9c:10
01-03 15:03:28.680 I/wpa_supplicant(21196): AP:ssid[Netelite_visitwifi],rssi[-57],BSSID=d8:67:d9:c2:ee:f9
01-03 15:03:28.680 I/wpa_supplicant(21196): AP:ssid[testin-w-07],rssi[-59],BSSID=c4:ca:d9:8d:07:70
01-03 15:03:28.680 I/wpa_supplicant(21196): AP:ssid[testin-w-06],rssi[-58],BSSID=c4:ca:d9:8d:07:10
01-03 15:03:28.680 I/wpa_supplicant(21196): AP:ssid[testin-w-07],rssi[-65],BSSID=c4:ca:d9:8d:13:a0
01-03 15:03:28.680 I/wpa_supplicant(21196): AP:ssid[testin-w-07],rssi[-71],BSSID=c4:ca:d9:99:9f:b0
01-03 15:03:28.680 I/wpa_supplicant(21196): AP:ssid[testin-w-02],rssi[-73],BSSID=0c:da:41:0b:10:00
01-03 15:03:28.680 I/wpa_supplicant(21196): AP:ssid[testin-w-04],rssi[-54],BSSID=c4:ca:d9:8c:e7:50
01-03 15:03:28.680 I/wpa_supplicant(21196): AP:ssid[testin-w-01],rssi[-79],BSSID=0c:da:41:0b:11:60
01-03 15:03:28.680 I/wpa_supplicant(21196): AP:ssid[Connectify-xiong],rssi[-60],BSSID=e0:06:e6:cd:d9:93
01-03 15:03:28.680 I/wpa_supplicant(21196): AP:ssid[testin-w-02],rssi[-76],BSSID=0c:da:41:0b:0b:90
01-03 15:03:28.680 I/wpa_supplicant(21196): AP:ssid[testin-w-03],rssi[-76],BSSID=c4:ca:d9:8c:e5:e0
01-03 15:03:28.680 I/wpa_supplicant(21196): Received 5139 bytes of scan results (23 BSSes)
01-03 15:03:28.680 I/wpa_supplicant(21196): wpa_driver_wext_get_scan_results---
01-03 15:03:28.690 I/wpa_supplicant(21196): wpa_disabled_ssid_list_clear
01-03 15:03:28.690 I/wpa_supplicant(21196): Check WiFi offload status: wpa_s->vh_wifi_to_mobile:-1 ,wpa_s->vh_user_connect:0
01-03 15:03:28.690 I/wpa_supplicant(21196): No suitable AP found.
01-03 15:03:28.690 I/wpa_supplicant(21196): CTRL-EVENT-STATE-CHANGE id=-1 state=1 BSSID=00:00:00:00:00:00
01-03 15:03:28.690 V/WifiMonitor(  132): Event [wpa_disabled_ssid_list_clear]
01-03 15:03:28.690 V/WifiMonitor(  132): Event [CTRL-EVENT-STATE-CHANGE id=-1 state=1 BSSID=00:00:00:00:00:00]
01-03 15:03:28.690 V/WifiStateTracker(  132): Changing supplicant state: SCANNING ==> INACTIVE
01-03 15:03:28.700 D/ConnectivityService(  132): Dropping ConnectivityChange for WIFI: DISCONNECTED/IDLE
01-03 15:03:29.180 I/TestinExternalLog(  468): Battery>>>> Temperature 39.3
01-03 15:03:29.540 W/AudioService(  132): stream: 3 was already muted by this client
01-03 15:03:30.560 W/AudioService(  132): stream: 3 was already muted by this client
01-03 15:03:31.580 W/AudioService(  132): stream: 3 was already muted by this client
01-03 15:03:32.870 D/AndroidRuntime(21677):
01-03 15:03:32.870 D/AndroidRuntime(21677): >>>>>> AndroidRuntime START com.android.internal.os.RuntimeInit <<<<<<
01-03 15:03:32.880 D/AndroidRuntime(21677): CheckJNI is OFF
01-03 15:03:33.880 D/AndroidRuntime(21677): Calling main entry com.android.commands.am.Am
01-03 15:03:34.000 I/iTestin (  468): recv broadcast>>>itestin.service.CMD_LOG
01-03 15:03:34.000 W/AudioService(  132): stream: 3 was already muted by this client
01-03 15:03:34.020 D/AndroidRuntime(21677): Shutting down VM
01-03 15:03:34.020 I/TestinExternalLog(  468): <<<<<<< Capturing image (6) >>>>>>>
01-03 15:03:34.030 I/AndroidRuntime(21677): NOTE: attach of thread 'Binder Thread #3' failed
01-03 15:03:34.060 D/dalvikvm(21677): GC_CONCURRENT freed 104K, 65% free 359K/1024K, external 0K/0K, paused 1ms+1ms
01-03 15:03:34.060 D/jdwp    (21677): adbd disconnected
01-03 15:03:34.180 I/TestinExternalLog(  468): Battery>>>> Temperature 39.3
01-03 15:03:34.400 I/TestinExternalLog(  468): NetFlow>>>> UpFlow 46404, DownFlow 10976, TotalFlow 57380
01-03 15:03:34.580 D/dalvikvm(  540): GC_EXPLICIT freed 38K, 49% free 2755K/5379K, external 0K/0K, paused 588ms
01-03 15:03:34.900 D/dalvikvm(21602): GC_CONCURRENT freed 521K, 49% free 3108K/6087K, external 0K/0K, paused 7ms+16ms
01-03 15:03:35.020 W/AudioService(  132): stream: 3 was already muted by this client
01-03 15:03:36.030 W/AudioService(  132): stream: 3 was already muted by this client
01-03 15:03:36.790 D/dalvikvm(  468): GC_CONCURRENT freed 521K, 53% free 2894K/6151K, external 0K/0K, paused 27ms+28ms
01-03 15:03:37.030 D/MediaPlayer(21602): handleMessage:MEDIA_SEEK_COMPLETE
01-03 15:03:37.040 W/AudioService(  132): stream: 3 was already muted by this client
01-03 15:03:37.170 I/TestinExternalLog(  468): CPU>>>> User 34%, System 45%, IOW 0%, IRQ 0%, com.giant.brizzle(21602):71%
01-03 15:03:38.060 W/AudioService(  132): stream: 3 was already muted by this client
01-03 15:03:39.140 W/AudioService(  132): stream: 3 was already muted by this client
01-03 15:03:39.190 D/AndroidRuntime(21688):
01-03 15:03:39.190 D/AndroidRuntime(21688): >>>>>> AndroidRuntime START com.android.internal.os.RuntimeInit <<<<<<
01-03 15:03:39.200 D/AndroidRuntime(21688): CheckJNI is OFF
01-03 15:03:39.200 I/TestinExternalLog(  468): Battery>>>> Temperature 39.3
01-03 15:03:40.210 D/AndroidRuntime(21688): Calling main entry com.android.commands.am.Am
01-03 15:03:40.280 W/AudioService(  132): stream: 3 was already muted by this client
01-03 15:03:40.300 I/iTestin (  468): recv broadcast>>>itestin.service.CMD_LOG
01-03 15:03:40.310 D/AndroidRuntime(21688): Shutting down VM
01-03 15:03:40.310 I/TestinExternalLog(  468): <<<<<<< Capturing image (7) >>>>>>>
01-03 15:03:40.320 I/AndroidRuntime(21688): NOTE: attach of thread 'Binder Thread #3' failed
01-03 15:03:40.330 D/dalvikvm(21688): GC_CONCURRENT freed 104K, 65% free 359K/1024K, external 0K/0K, paused 1ms+1ms
01-03 15:03:40.340 D/jdwp    (21688): adbd disconnected
01-03 15:03:40.600 I/TestinExternalLog(  468): NetFlow>>>> UpFlow 46404, DownFlow 10976, TotalFlow 57380
01-03 15:03:40.660 D/dalvikvm( 3546): GC_EXPLICIT freed 8K, 61% free 2718K/6919K, external 0K/0K, paused 1564ms
01-03 15:03:41.270 D/dalvikvm(21602): GC_CONCURRENT freed 515K, 50% free 3104K/6087K, external 0K/0K, paused 4ms+15ms
01-03 15:03:41.360 W/AudioService(  132): stream: 3 was already muted by this client
01-03 15:03:42.350 I/TestinExternalLog(  468): Mem>>>> Avalable:179048KB, com.giant.brizzle(21602) used:26461KB
01-03 15:03:42.390 W/AudioService(  132): stream: 3 was already muted by this client
01-03 15:03:43.400 W/AudioService(  132): stream: 3 was already muted by this client
01-03 15:03:43.810 I/wpa_supplicant(21196): CTRL-EVENT-STATE-CHANGE id=-1 state=2 BSSID=00:00:00:00:00:00
01-03 15:03:43.810 V/WifiMonitor(  132): Event [CTRL-EVENT-STATE-CHANGE id=-1 state=2 BSSID=00:00:00:00:00:00]
01-03 15:03:43.810 V/WifiStateTracker(  132): Changing supplicant state: INACTIVE ==> SCANNING
01-03 15:03:43.820 D/ConnectivityService(  132): Dropping ConnectivityChange for WIFI: DISCONNECTED/SCANNING
01-03 15:03:44.240 I/TestinExternalLog(  468): Battery>>>> Temperature 39.3
01-03 15:03:44.410 W/AudioService(  132): stream: 3 was already muted by this client
01-03 15:03:44.930 I/wpa_supplicant(21196): got scan complete
01-03 15:03:44.930 I/wpa_supplicant(21196): wpa_supplicant_get_scan_results:return scan results2
01-03 15:03:44.940 I/wpa_supplicant(21196): AP:ssid[testin-w-05],rssi[-61],BSSID=c4:ca:d9:8c:9d:e0
01-03 15:03:44.940 I/wpa_supplicant(21196): AP:ssid[testin],rssi[-57],BSSID=d8:24:bd:76:04:a0
01-03 15:03:44.940 I/wpa_supplicant(21196): AP:ssid[Connectify-xiong],rssi[-49],BSSID=e0:06:e6:cd:d9:93
01-03 15:03:44.940 I/wpa_supplicant(21196): AP:ssid[testin-w-05],rssi[-32],BSSID=c4:ca:d9:8c:9d:c0
01-03 15:03:44.940 I/wpa_supplicant(21196): AP:ssid[testin-w-04],rssi[-54],BSSID=c4:ca:d9:8c:e7:50
01-03 15:03:44.940 I/wpa_supplicant(21196): AP:ssid[testin-w-07],rssi[-55],BSSID=c4:ca:d9:8d:07:b0
01-03 15:03:44.940 I/wpa_supplicant(21196): AP:ssid[testin-w-04],rssi[-48],BSSID=c4:ca:d9:8c:99:20
01-03 15:03:44.940 I/wpa_supplicant(21196): AP:ssid[Netelite_superwifi],rssi[-58],BSSID=d8:67:d9:c2:ee:f8
01-03 15:03:44.940 I/wpa_supplicant(21196): AP:ssid[ludashi-70],rssi[-54],BSSID=f8:2f:a8:f7:cd:d1
01-03 15:03:44.940 I/wpa_supplicant(21196): AP:ssid[Netelite_visitwifi],rssi[-59],BSSID=d8:67:d9:c2:ee:f9
01-03 15:03:44.940 I/wpa_supplicant(21196): AP:ssid[testin-w-05],rssi[-48],BSSID=c4:ca:d9:8c:9c:10
01-03 15:03:44.940 I/wpa_supplicant(21196): AP:ssid[testin-w-06],rssi[-57],BSSID=c4:ca:d9:8d:07:10
01-03 15:03:44.940 I/wpa_supplicant(21196): AP:ssid[testin-w-07],rssi[-60],BSSID=c4:ca:d9:8d:07:70
01-03 15:03:44.940 I/wpa_supplicant(21196): AP:ssid[testin-w-07],rssi[-60],BSSID=c4:ca:d9:8d:13:a0
01-03 15:03:44.940 I/wpa_supplicant(21196): AP:ssid[testin-w-06],rssi[-55],BSSID=c4:ca:d9:8c:9d:f0
01-03 15:03:44.940 I/wpa_supplicant(21196): AP:ssid[testin-w-07],rssi[-73],BSSID=c4:ca:d9:99:9f:b0
01-03 15:03:44.940 I/wpa_supplicant(21196): Received 3704 bytes of scan results (16 BSSes)
01-03 15:03:44.940 I/wpa_supplicant(21196): wpa_driver_wext_get_scan_results---
01-03 15:03:44.940 I/wpa_supplicant(21196): wpa_disabled_ssid_list_clear
01-03 15:03:44.940 I/wpa_supplicant(21196): Check WiFi offload status: wpa_s->vh_wifi_to_mobile:-1 ,wpa_s->vh_user_connect:0
01-03 15:03:44.940 I/wpa_supplicant(21196): No suitable AP found.
01-03 15:03:44.940 I/wpa_supplicant(21196): CTRL-EVENT-STATE-CHANGE id=-1 state=1 BSSID=00:00:00:00:00:00
01-03 15:03:44.940 V/WifiMonitor(  132): Event [wpa_disabled_ssid_list_clear]
01-03 15:03:44.940 V/WifiMonitor(  132): Event [CTRL-EVENT-STATE-CHANGE id=-1 state=1 BSSID=00:00:00:00:00:00]
