01-03 15:05:01.490 I/TestinExternalLog(1): <<<<<<< StartTest monkey Package com.giant.brizzle >>>>>>>
01-03 15:05:01.680 W/AudioService(  132): stream: 3 was already muted by this client
01-03 15:05:01.690 D/cocos2d-x debug info(21827): cocos2d: CCSpriteFrameCache: Trying to use file images/main_menu/main_bg_b_RETINA.png as texture
01-03 15:05:02.140 D/AndroidRuntime(21847):
01-03 15:05:02.140 D/AndroidRuntime(21847): >>>>>> AndroidRuntime START com.android.internal.os.RuntimeInit <<<<<<
01-03 15:05:02.150 D/AndroidRuntime(21847): CheckJNI is OFF
01-03 15:05:02.520 D/cocos2d-x debug info(21827): cocos2d: CCSpriteFrameCache: Trying to use file images/main_menu/mainmenu_a_RETINA.png as texture
01-03 15:05:02.750 D/AndroidRuntime(21847): Calling main entry com.android.commands.monkey.Monkey
01-03 15:05:02.880 W/AudioService(  132): stream: 3 was already muted by this client
01-03 15:05:03.600 I/ActivityManager(  132): Starting activity: Intent { act=android.intent.action.MAIN cat=[android.intent.category.LAUNCHER] flg=0x10000000 cmp=com.giant.brizzle/.Brizzle } from pid 21847
01-03 15:05:03.610 D/PhoneWindow(21827): couldn't save which view has focus because the focused view org.cocos2dx.lib.Cocos2dxGLSurfaceView@40532370 has no id.
01-03 15:05:03.650 I/[POST_RESELECT](21827): [spanChange] (o, oldStart, newStart, oldEnd, newEnd)=(android.text.Selection$START@40141770,-1,0,-1,0)
01-03 15:05:03.650 I/[POST_RESELECT](21827): [spanChange] (o, oldStart, newStart, oldEnd, newEnd)=(android.text.Selection$END@4011a168,-1,0,-1,0)
01-03 15:05:03.650 D/Cocos2dxActivity(21827): model=HTC A510e
01-03 15:05:03.650 D/Cocos2dxActivity(21827): product=htc_marvel
01-03 15:05:03.660 D/Cocos2dxActivity(21827): isEmulator=false
01-03 15:05:03.680 V/SoundPool-JNI(21827): android_media_SoundPool_native_setup
01-03 15:05:03.680 V/SoundPool(21827): SoundPool constructor: maxChannels=5, streamType=3, srcQuality=5
01-03 15:05:03.690 V/SoundPoolThread(21827): beginThread
01-03 15:05:03.690 D/Device Model(21827): HTC A510e
01-03 15:05:03.690 V/SoundPoolThread(21827): run
01-03 15:05:04.040 W/AudioService(  132): stream: 3 was already muted by this client
01-03 15:05:04.170 I/ActivityManager(  132): Displayed com.giant.brizzle/.Brizzle: +556ms
01-03 15:05:04.380 D/cocos2d-x debug info(21827): cocos2d: CCSpriteFrameCache: Trying to use file images/main_menu/mainmenu_b_CN_RETINA.png as texture
01-03 15:05:04.940 D/AndroidRuntime(21861):
01-03 15:05:04.940 D/AndroidRuntime(21861): >>>>>> AndroidRuntime START com.android.internal.os.RuntimeInit <<<<<<
01-03 15:05:04.940 D/AndroidRuntime(21861): CheckJNI is OFF
01-03 15:05:05.230 I/wpa_supplicant(21196): CTRL-EVENT-STATE-CHANGE id=-1 state=2 BSSID=00:00:00:00:00:00
01-03 15:05:05.230 V/WifiMonitor(  132): Event [CTRL-EVENT-STATE-CHANGE id=-1 state=2 BSSID=00:00:00:00:00:00]
01-03 15:05:05.230 V/WifiStateTracker(  132): Changing supplicant state: INACTIVE ==> SCANNING
01-03 15:05:05.230 D/ConnectivityService(  132): Dropping ConnectivityChange for WIFI: DISCONNECTED/SCANNING
01-03 15:05:05.240 W/AudioService(  132): stream: 3 was already muted by this client
01-03 15:05:05.440 D/cocos2d-x debug info(21827): reload all texture
01-03 15:05:05.630 D/cocos2d-x debug info(21827): cocos2d: CCSpriteFrameCache: Trying to use file images/main_menu/mainmenu_a_CN_RETINA.png as texture
01-03 15:05:05.740 I/DEBUG   (32313): *** *** *** *** *** *** *** *** *** *** *** *** *** *** *** ***
01-03 15:05:05.740 I/DEBUG   (32313): Build fingerprint: 'htccn_chs/htc_marvel/marvel:2.3.3/GRI40/50963:user/release-keys'
01-03 15:05:05.740 I/DEBUG   (32313): pid: 21827, tid: 21855  >>> com.giant.brizzle <<<
01-03 15:05:05.740 I/DEBUG   (32313): signal 11 (SIGSEGV), code 1 (SEGV_MAPERR), fault addr 00001d84
01-03 15:05:05.740 I/DEBUG   (32313):  r0 00055032  r1 00000482  r2 00001d84  r3 00001902
01-03 15:05:05.740 I/DEBUG   (32313):  r4 000e5032  r5 00000000  r6 80b59158  r7 4427ff44
01-03 15:05:05.740 I/DEBUG   (32313):  r8 46187b70  r9 4427ff3c  10 4427ff28  fp 46187a0c
01-03 15:05:05.740 I/DEBUG   (32313):  ip 00004000  sp 461879a8  lr afd18d3d  pc 80b8d350  cpsr 20000010
01-03 15:05:05.740 I/DEBUG   (32313):  d0  41cdcd6500000000  d1  3f91111111111111
01-03 15:05:05.740 I/DEBUG   (32313):  d2  416fca0555555555  d3  000000003f000000
01-03 15:05:05.740 I/DEBUG   (32313):  d4  0000000000000000  d5  0000000000000000
01-03 15:05:05.740 I/DEBUG   (32313):  d6  0000000000000000  d7  000000003f800000
01-03 15:05:05.740 I/DEBUG   (32313):  d8  0000000000000000  d9  0000000000000000
01-03 15:05:05.740 I/DEBUG   (32313):  d10 0000000000000000  d11 0000000000000000
01-03 15:05:05.740 I/DEBUG   (32313):  d12 0000000000000000  d13 0000000000000000
01-03 15:05:05.740 I/DEBUG   (32313):  d14 0000000000000000  d15 0000000000000000
01-03 15:05:05.740 I/DEBUG   (32313):  scr 20000012
01-03 15:05:05.740 I/DEBUG   (32313):
01-03 15:05:05.820 D/AndroidRuntime(21861): Calling main entry com.android.commands.am.Am
01-03 15:05:05.890 I/iTestin (  468): recv broadcast>>>itestin.service.CMD_LOG
01-03 15:05:05.900 I/TestinExternalLog(  468): <<<<<<< Capturing image (19) >>>>>>>
01-03 15:05:05.900 D/AndroidRuntime(21861): Shutting down VM
01-03 15:05:05.920 I/AndroidRuntime(21861): NOTE: attach of thread 'Binder Thread #3' failed
01-03 15:05:05.930 I/DEBUG   (32313):          #00  pc 0038d350  /data/data/com.giant.brizzle/lib/libcocos2dcpp.so
01-03 15:05:05.930 I/DEBUG   (32313):          #01  pc 003870d4  /data/data/com.giant.brizzle/lib/libcocos2dcpp.so
01-03 15:05:05.930 I/DEBUG   (32313):          #02  pc 00386f2c  /data/data/com.giant.brizzle/lib/libcocos2dcpp.so
01-03 15:05:05.940 I/DEBUG   (32313):          #03  pc 00359374  /data/data/com.giant.brizzle/lib/libcocos2dcpp.so
01-03 15:05:05.940 D/dalvikvm(21861): GC_CONCURRENT freed 104K, 65% free 359K/1024K, external 0K/0K, paused 0ms+23ms
01-03 15:05:05.940 I/DEBUG   (32313):          #04  pc 0035918c  /data/data/com.giant.brizzle/lib/libcocos2dcpp.so
01-03 15:05:05.940 I/DEBUG   (32313):          #05  pc 0039b08c  /data/data/com.giant.brizzle/lib/libcocos2dcpp.so
01-03 15:05:05.940 I/DEBUG   (32313):          #06  pc 0039a418  /data/data/com.giant.brizzle/lib/libcocos2dcpp.so
01-03 15:05:05.940 D/jdwp    (21861): adbd disconnected
01-03 15:05:05.950 I/DEBUG   (32313):
01-03 15:05:05.950 I/DEBUG   (32313): code around pc:
01-03 15:05:05.950 I/DEBUG   (32313): 80b8d330 e51b3030 e5932010 e51b3038 e0823003
01-03 15:05:05.950 I/DEBUG   (32313): 80b8d340 e51b2030 e5921004 e51b2038 e0812002
01-03 15:05:05.960 I/DEBUG   (32313): 80b8d350 e5d22000 e5c32000 e51b3038 e2833001
01-03 15:05:05.960 I/DEBUG   (32313): 80b8d360 e50b3038 e51b2038 e51b303c e1520003
01-03 15:05:05.960 I/DEBUG   (32313): 80b8d370 23a03000 33a03001 e20330ff e3530000
01-03 15:05:05.960 I/DEBUG   (32313):
01-03 15:05:05.960 I/DEBUG   (32313): code around lr:
01-03 15:05:05.960 I/DEBUG   (32313): afd18d1c 1ba09903 eae6f7f4 e0121c05 68639e01
01-03 15:05:05.960 I/DEBUG   (32313): afd18d2c 93026821 d8e1429e 1c321c38 e862f7f4
01-03 15:05:05.960 I/DEBUG   (32313): afd18d3c 68216862 198f1b90 60276060 2501e001
01-03 15:05:05.960 I/DEBUG   (32313): afd18d4c b005426d bdf01c28 000287e8 ffffff7c
01-03 15:05:05.960 I/DEBUG   (32313): afd18d5c ffffff39 0000dfff b087b5f0 1c089001
01-03 15:05:05.960 I/DEBUG   (32313):
01-03 15:05:05.960 I/DEBUG   (32313): stack:
01-03 15:05:05.960 I/DEBUG   (32313):     46187968  00001000
01-03 15:05:05.960 I/DEBUG   (32313):     4618796c  00000001
01-03 15:05:05.960 I/DEBUG   (32313):     46187970  ffffffff
01-03 15:05:05.960 I/DEBUG   (32313):     46187974  000e5032
01-03 15:05:05.960 I/DEBUG   (32313):     46187978  00000000
01-03 15:05:05.960 I/DEBUG   (32313):     4618797c  80b59158  /data/data/com.giant.brizzle/lib/libcocos2dcpp.so
01-03 15:05:05.960 I/DEBUG   (32313):     46187980  4427ff44
01-03 15:05:05.960 I/DEBUG   (32313):     46187984  80b8902c  /data/data/com.giant.brizzle/lib/libcocos2dcpp.so
01-03 15:05:05.960 I/DEBUG   (32313):     46187988  00004000
01-03 15:05:05.970 I/DEBUG   (32313):     4618798c  00331600
01-03 15:05:05.970 I/DEBUG   (32313):     46187990  afd468a4
01-03 15:05:05.970 I/DEBUG   (32313):     46187994  00000000
01-03 15:05:05.970 I/DEBUG   (32313):     46187998  4427ff44
01-03 15:05:05.970 I/DEBUG   (32313):     4618799c  00004000
01-03 15:05:05.970 I/DEBUG   (32313):     461879a0  df002777
01-03 15:05:05.970 I/DEBUG   (32313):     461879a4  e3a070ad
01-03 15:05:05.970 I/DEBUG   (32313): #00 461879a8  00000000
01-03 15:05:05.970 I/DEBUG   (32313):     461879ac  000000da
01-03 15:05:05.970 I/DEBUG   (32313):     461879b0  46187b70
01-03 15:05:05.970 I/DEBUG   (32313):     461879b4  000e5032
01-03 15:05:05.970 I/DEBUG   (32313):     461879b8  46b3e008
01-03 15:05:05.970 I/DEBUG   (32313):     461879bc  00238ee0
01-03 15:05:05.970 I/DEBUG   (32313):     461879c0  00000000
01-03 15:05:05.980 I/DEBUG   (32313):     461879c4  00000000
01-03 15:05:05.980 I/DEBUG   (32313):     461879c8  00090000
01-03 15:05:05.980 I/DEBUG   (32313):     461879cc  00004000
01-03 15:05:05.980 I/DEBUG   (32313):     461879d0  00004000
01-03 15:05:05.980 I/DEBUG   (32313):     461879d4  00001902
01-03 15:05:05.980 I/DEBUG   (32313):     461879d8  00238ee0
01-03 15:05:05.980 I/DEBUG   (32313):     461879dc  00309820
01-03 15:05:05.980 I/DEBUG   (32313):     461879e0  003097ec
01-03 15:05:05.980 I/DEBUG   (32313):     461879e4  80b59158  /data/data/com.giant.brizzle/lib/libcocos2dcpp.so
01-03 15:05:05.980 I/DEBUG   (32313):     461879e8  4427ff44
01-03 15:05:05.980 I/DEBUG   (32313):     461879ec  afd148b9  /system/lib/libc.so
01-03 15:05:05.980 I/DEBUG   (32313):     461879f0  000e5032
01-03 15:05:05.980 I/DEBUG   (32313):     461879f4  80da531c  /data/data/com.giant.brizzle/lib/libcocos2dcpp.so
01-03 15:05:05.980 I/DEBUG   (32313):     461879f8  00237e88
01-03 15:05:05.980 I/DEBUG   (32313):     461879fc  003097ec
01-03 15:05:05.980 I/DEBUG   (32313):     46187a00  00237e88
01-03 15:05:05.990 I/DEBUG   (32313):     46187a04  003097ec
01-03 15:05:05.990 I/DEBUG   (32313):     46187a08  46187a54
01-03 15:05:05.990 I/DEBUG   (32313):     46187a0c  80b870d8  /data/data/com.giant.brizzle/lib/libcocos2dcpp.so
01-03 15:05:05.990 I/DEBUG   (32313): #01 46187a10  4427ff44
01-03 15:05:05.990 I/DEBUG   (32313):     46187a14  46187b70
01-03 15:05:05.990 I/DEBUG   (32313):     46187a18  00237e98
01-03 15:05:05.990 I/DEBUG   (32313):     46187a1c  46187afc
01-03 15:05:05.990 I/DEBUG   (32313):     46187a20  46187a94
01-03 15:05:05.990 I/DEBUG   (32313):     46187a24  00237e88
01-03 15:05:05.990 I/DEBUG   (32313):     46187a28  0023b030
01-03 15:05:05.990 I/DEBUG   (32313):     46187a2c  0023b030
01-03 15:05:05.990 I/DEBUG   (32313):     46187a30  00237ea0
01-03 15:05:05.990 I/DEBUG   (32313):     46187a34  00237ea0
01-03 15:05:05.990 I/DEBUG   (32313):     46187a38  46b3e008
01-03 15:05:06.000 I/DEBUG   (32313):     46187a3c  00000000
01-03 15:05:06.000 I/DEBUG   (32313):     46187a40  4427ff28
01-03 15:05:06.000 I/DEBUG   (32313):     46187a44  01313926
01-03 15:05:06.000 I/DEBUG   (32313):     46187a48  00000029
01-03 15:05:06.000 I/DEBUG   (32313):     46187a4c  000e5032
01-03 15:05:06.000 I/DEBUG   (32313):     46187a50  46187a6c
01-03 15:05:06.000 I/DEBUG   (32313):     46187a54  80b86f30  /data/data/com.giant.brizzle/lib/libcocos2dcpp.so
01-03 15:05:06.170 I/OMXCodec(25363): [Stagefright] use software codec=VorbisDecoder
01-03 15:05:06.180 D/MediaPlayer(21827): stop() in
01-03 15:05:06.190 I/AwesomePlayer(25363): Lock success within 5000 us
01-03 15:05:06.190 D/MediaPlayer(21827): stop() out
01-03 15:05:06.190 D/AwesomePlayer(25363): seeking while paused, sending SEEK_COMPLETE notification immediately.
01-03 15:05:06.190 D/MediaPlayer(21827): start() in
01-03 15:05:06.200 D/MediaPlayer(21827): start() out
01-03 15:05:06.200 I/TestinExternalLog(  468): Battery>>>> Temperature 39.3
01-03 15:05:06.310 I/AudioHardwareMSM72XX(25363): AUDIO_START: start kernel pcm_out driver.
01-03 15:05:06.310 W/AudioFlinger(25363): write blocked for 85 msecs, 59 delayed writes, thread 0x180c8
01-03 15:05:06.370 I/wpa_supplicant(21196): got scan complete
01-03 15:05:06.370 I/wpa_supplicant(21196): wpa_supplicant_get_scan_results:return scan results2
01-03 15:05:06.370 I/wpa_supplicant(21196): AP:ssid[testin-w-07],rssi[-55],BSSID=c4:ca:d9:8d:07:b0
01-03 15:05:06.370 I/wpa_supplicant(21196): AP:ssid[testin-w-05],rssi[-32],BSSID=c4:ca:d9:8c:9d:c0
01-03 15:05:06.370 I/wpa_supplicant(21196): AP:ssid[testin],rssi[-51],BSSID=d8:24:bd:76:04:a0
01-03 15:05:06.370 I/wpa_supplicant(21196): AP:ssid[testin-w-05],rssi[-59],BSSID=c4:ca:d9:8c:9d:e0
01-03 15:05:06.370 I/wpa_supplicant(21196): AP:ssid[ludashi-70],rssi[-55],BSSID=f8:2f:a8:f7:cd:d1
01-03 15:05:06.370 I/wpa_supplicant(21196): AP:ssid[testin-w-04],rssi[-49],BSSID=c4:ca:d9:8c:99:20
01-03 15:05:06.370 I/wpa_supplicant(21196): AP:ssid[testin-w-03],rssi[-75],BSSID=c4:ca:d9:8c:e5:00
01-03 15:05:06.370 I/wpa_supplicant(21196): AP:ssid[testin-w-05],rssi[-50],BSSID=c4:ca:d9:8c:9c:10
01-03 15:05:06.370 I/wpa_supplicant(21196): AP:ssid[Netelite_superwifi],rssi[-58],BSSID=d8:67:d9:c2:ee:f8
01-03 15:05:06.370 I/wpa_supplicant(21196): AP:ssid[testin-w-06],rssi[-59],BSSID=c4:ca:d9:8d:07:10
01-03 15:05:06.370 I/wpa_supplicant(21196): AP:ssid[Netelite_visitwifi],rssi[-53],BSSID=d8:67:d9:c2:ee:f9
01-03 15:05:06.370 I/wpa_supplicant(21196): AP:ssid[testin-w-07],rssi[-60],BSSID=c4:ca:d9:8d:07:70
01-03 15:05:06.370 I/wpa_supplicant(21196): AP:ssid[testin-w-02],rssi[-78],BSSID=0c:da:41:0b:10:00
01-03 15:05:06.370 I/wpa_supplicant(21196): AP:ssid[testin-w-06],rssi[-56],BSSID=c4:ca:d9:8c:9d:f0
01-03 15:05:06.370 I/wpa_supplicant(21196): AP:ssid[testin-w-01],rssi[-74],BSSID=0c:da:41:0b:11:60
01-03 15:05:06.370 I/wpa_supplicant(21196): AP:ssid[testin-w-07],rssi[-71],BSSID=c4:ca:d9:99:9f:b0
01-03 15:05:06.370 I/wpa_supplicant(21196): AP:ssid[testin-w-04],rssi[-53],BSSID=c4:ca:d9:8c:e7:50
01-03 15:05:06.370 I/wpa_supplicant(21196): AP:ssid[Connectify-xiong],rssi[-69],BSSID=e0:06:e6:cd:d9:93
01-03 15:05:06.370 I/wpa_supplicant(21196): Received 4018 bytes of scan results (18 BSSes)
01-03 15:05:06.370 I/wpa_supplicant(21196): wpa_driver_wext_get_scan_results---
01-03 15:05:06.370 I/wpa_supplicant(21196): wpa_disabled_ssid_list_clear
01-03 15:05:06.370 I/wpa_supplicant(21196): Check WiFi offload status: wpa_s->vh_wifi_to_mobile:-1 ,wpa_s->vh_user_connect:0
01-03 15:05:06.370 I/wpa_supplicant(21196): No suitable AP found.
01-03 15:05:06.370 I/wpa_supplicant(21196): CTRL-EVENT-STATE-CHANGE id=-1 state=1 BSSID=00:00:00:00:00:00
01-03 15:05:06.380 V/WifiMonitor(  132): Event [wpa_disabled_ssid_list_clear]
01-03 15:05:06.380 V/WifiMonitor(  132): Event [CTRL-EVENT-STATE-CHANGE id=-1 state=1 BSSID=00:00:00:00:00:00]
01-03 15:05:06.380 V/WifiStateTracker(  132): Changing supplicant state: SCANNING ==> INACTIVE
01-03 15:05:06.380 D/ConnectivityService(  132): Dropping ConnectivityChange for WIFI: DISCONNECTED/IDLE
01-03 15:05:06.470 W/AudioService(  132): stream: 3 was already muted by this client
01-03 15:05:07.560 D/MediaPlayer(21827): pause() in
01-03 15:05:07.560 I/AwesomePlayer(25363): Lock success within 0 us
01-03 15:05:07.560 D/MediaPlayer(21827): pause() out
01-03 15:05:07.570 D/AudioTrack(25363): Audio Track already stopped
01-03 15:05:07.610 D/MediaPlayer(21827): handleMessage:MEDIA_SEEK_COMPLETE
01-03 15:05:07.620 D/MediaPlayer(21827): handleMessage:MEDIA_SEEK_COMPLETE
01-03 15:05:07.700 W/AudioService(  132): stream: 3 was already muted by this client
01-03 15:05:07.710 I/BootReceiver(  132): Copying /data/tombstones/tombstone_05 to DropBox (SYSTEM_TOMBSTONE)
01-03 15:05:07.760 I/ActivityManager(  132): Process com.giant.brizzle (pid 21827) has died.
01-03 15:05:07.760 I/WindowManager(  132): WIN DEATH: Window{4099a8c0 SurfaceView paused=false}
01-03 15:05:07.780 I/WindowManager(  132): WIN DEATH: Window{40954158 com.giant.brizzle/com.giant.brizzle.Brizzle paused=false}
01-03 15:05:07.790 I/WindowManager(  132): WIN DEATH: Window{40a17a00 SurfaceView paused=false}
01-03 15:05:07.800 I/WindowManager(  132): WIN DEATH: Window{409d3318 com.giant.brizzle/com.giant.brizzle.Brizzle paused=false}
01-03 15:05:07.810 D/Zygote  (   71): Process 21827 terminated by signal (11)
01-03 15:05:07.810 E/SurfaceFlinger(  132): layer=0x3d3da0 is not in the purgatory list
01-03 15:05:07.810 E/SurfaceFlinger(  132): layer=0x3e4b48 is not in the purgatory list
01-03 15:05:07.820 D/SensorService(  132): enable: BMA150 3-axis Accelerometer
01-03 15:05:07.820 D/SensorService(  132): SensorDevice::activate: handle = 0x0, enabled = 0x1
01-03 15:05:07.830 D/Sensors (  132): [AkmSensor::enable] mEnabled = 0x1
01-03 15:05:07.830 D/SensorService(  132): pid=132, uid=1000
01-03 15:05:07.850 I/ActivityManager(  132): Start proc com.giant.brizzle for activity com.giant.brizzle/.Brizzle: pid=21872 uid=10079 gids={3003}
01-03 15:05:07.850 D/AK8975  (   79): Compass Start
01-03 15:05:07.960 D/SensorService(  132): disable: BMA150 3-axis Accelerometer
01-03 15:05:07.960 D/SensorService(  132): SensorDevice::activate: handle = 0x0, enabled = 0x0
01-03 15:05:07.960 D/Sensors (  132): [AkmSensor::enable] mEnabled = 0x0
01-03 15:05:07.960 D/SensorService(  132): pid=132, uid=1000
01-03 15:05:07.970 E/ActivityManager(  132): fail to set top app changed!
01-03 15:05:08.180 I/[POST_RESELECT](21872): [spanChange] (o, oldStart, newStart, oldEnd, newEnd)=(android.text.Selection$START@40141770,-1,0,-1,0)
01-03 15:05:08.180 I/[POST_RESELECT](21872): [spanChange] (o, oldStart, newStart, oldEnd, newEnd)=(android.text.Selection$END@4011a168,-1,0,-1,0)
01-03 15:05:08.200 D/Cocos2dxActivity(21872): model=HTC A510e
01-03 15:05:08.200 D/Cocos2dxActivity(21872): product=htc_marvel
01-03 15:05:08.200 D/Cocos2dxActivity(21872): isEmulator=false
01-03 15:05:08.260 V/SoundPool-JNI(21872): android_media_SoundPool_native_setup
01-03 15:05:08.260 V/SoundPool(21872): SoundPool constructor: maxChannels=5, streamType=3, srcQuality=5
01-03 15:05:08.270 V/SoundPoolThread(21872): beginThread
01-03 15:05:08.270 V/SoundPoolThread(21872): run
01-03 15:05:08.280 D/ATRecorder(21872): com.htc.autotest.dlib.RecordEngine in loader dalvik.system.DexClassLoader@40538f28
01-03 15:05:08.290 D/dalvikvm(  132): GC_CONCURRENT freed 1637K, 65% free 9354K/26503K, external 600K/1200K, paused 15ms+34ms
01-03 15:05:08.350 D/AK8975  (   79): Compass CLOSE
01-03 15:05:08.460 D/libEGL  (21872): loaded /system/lib/egl/libGLES_android.so
01-03 15:05:08.480 I/ActivityManager(  132): Displayed com.giant.brizzle/.Brizzle: +655ms
01-03 15:05:08.500 D/InputManagerService(  132): Got RemoteException sending setActive(false) notification to pid 21827 uid 10079
01-03 15:05:08.500 W/InputManagerService(  132): [startInputLocked] Enable input method client.
01-03 15:05:08.530 D/libEGL  (21872): loaded /system/lib/egl/libEGL_adreno200.so
01-03 15:05:08.540 D/libEGL  (21872): loaded /system/lib/egl/libGLESv1_CM_adreno200.so
01-03 15:05:08.560 D/libEGL  (21872): loaded /system/lib/egl/libGLESv2_adreno200.so
01-03 15:05:08.590 D/cocos2d-x debug info(21872):
01-03 15:05:08.590 D/cocos2d-x debug info(21872): <dict>
01-03 15:05:08.590 D/cocos2d-x debug info(21872): 	cocos2d.x.version: 2.2.1
01-03 15:05:08.590 D/cocos2d-x debug info(21872): 	cocos2d.x.compiled_with_profiler: false
01-03 15:05:08.590 D/cocos2d-x debug info(21872): 	cocos2d.x.compiled_with_gl_state_cache: true
01-03 15:05:08.590 D/cocos2d-x debug info(21872): 	gl.vendor: Qualcomm
01-03 15:05:08.590 D/cocos2d-x debug info(21872): 	gl.renderer: Adreno
01-03 15:05:08.590 D/cocos2d-x debug info(21872): 	gl.version: OpenGL ES 2.0 1044053
01-03 15:05:08.590 D/cocos2d-x debug info(21872): 	gl.max_texture_size: 2048
01-03 15:05:08.590 D/cocos2d-x debug info(21872): 	gl.max_texture_units: 20
01-03 15:05:08.590 D/cocos2d-x debug info(21872): 	gl.supports_PVRTC: false
01-03 15:05:08.590 D/cocos2d-x debug info(21872): 	gl.supports_NPOT: true
01-03 15:05:08.590 D/cocos2d-x debug info(21872): 	gl.supports_BGRA8888: false
01-03 15:05:08.590 D/cocos2d-x debug info(21872): 	gl.supports_discard_framebuffer: false
01-03 15:05:08.590 D/cocos2d-x debug info(21872): 	gl.supports_vertex_array_object: false
01-03 15:05:08.590 D/cocos2d-x debug info(21872): </dict>
01-03 15:05:08.740 W/AudioService(  132): stream: 3 was already muted by this client
01-03 15:05:09.160 D/cocos2d-x debug info(21872): cocos2d: CCTextureCache: texture: cc_fps_images
01-03 15:05:09.160 D/cocos2d-x debug info(21872): cocos2d: CCSpriteFrameCache: Trying to use file images/main_menu/main_bg_a_RETINA.png as texture
01-03 15:05:09.380 I/TestinExternalLog(  468): NetFlow>>>> UpFlow 46412, DownFlow 10976, TotalFlow 57388
01-03 15:05:09.790 W/AudioService(  132): stream: 3 was already muted by this client
01-03 15:05:09.980 D/cocos2d-x debug info(21872): cocos2d: CCSpriteFrameCache: Trying to use file images/main_menu/main_bg_b_RETINA.png as texture
01-03 15:05:10.420 D/cocos2d-x debug info(21872): cocos2d: CCSpriteFrameCache: Trying to use file images/main_menu/mainmenu_a_RETINA.png as texture
01-03 15:05:10.600 I/AudioHardwareMSM72XX(25363): AudioHardware pcm playback is going to standby.
01-03 15:05:10.600 D/StreamProcess(25363): Set customize ALC config for marvel marvelc icon_g.
01-03 15:05:10.600 D/StreamProcess(25363): ALC parameter: ALC_THRESHOLD:65535
01-03 15:05:10.600 D/StreamProcess(25363): SAMPLE_THRESHOLD:10361
01-03 15:05:10.600 D/StreamProcess(25363): PAGE_THRESHOLD:256
01-03 15:05:10.600 D/StreamProcess(25363): MAX_ACL_ATT:26
01-03 15:05:10.600 D/StreamProcess(25363): STRESS_THRESHOLD:40
01-03 15:05:10.600 D/StreamProcess(25363): mBURSTWEIGHT_SHIFT:3
01-03 15:05:10.600 D/StreamProcess(25363): NORMAL_THRESHOLD:24
01-03 15:05:10.600 D/StreamProcess(25363): NORMAL_BURST_THRESHOLD:8
01-03 15:05:10.600 D/StreamProcess(25363): STRESS_BURST_THRESHOLD:8
01-03 15:05:10.600 D/StreamProcess(25363): OutputStreamProcess::ResetAOLC()
01-03 15:05:11.070 W/AudioService(  132): stream: 3 was already muted by this client
01-03 15:05:11.260 D/cocos2d-x debug info(21872): cocos2d: CCSpriteFrameCache: Trying to use file images/main_menu/mainmenu_b_CN_RETINA.png as texture
01-03 15:05:11.290 I/TestinExternalLog(  468): Battery>>>> Temperature 39.3
01-03 15:05:11.600 D/dalvikvm(  468): GC_CONCURRENT freed 446K, 52% free 3014K/6151K, external 0K/0K, paused 46ms+291ms
01-03 15:05:11.890 D/AndroidRuntime(21887):
01-03 15:05:11.890 D/AndroidRuntime(21887): >>>>>> AndroidRuntime START com.android.internal.os.RuntimeInit <<<<<<
01-03 15:05:11.900 D/AndroidRuntime(21887): CheckJNI is OFF
01-03 15:05:12.010 D/cocos2d-x debug info(21872): cocos2d: CCSpriteFrameCache: Trying to use file images/main_menu/mainmenu_a_CN_RETINA.png as texture
01-03 15:05:12.240 W/AudioService(  132): stream: 3 was already muted by this client
01-03 15:05:12.340 D/Device Model(21872): HTC A510e
01-03 15:05:12.370 I/OMXCodec(25363): [Stagefright] use software codec=VorbisDecoder
01-03 15:05:12.390 D/MediaPlayer(21872): stop() in
01-03 15:05:12.390 I/AwesomePlayer(25363): Lock success within 5000 us
01-03 15:05:12.390 D/MediaPlayer(21872): stop() out
01-03 15:05:12.390 D/AwesomePlayer(25363): seeking while paused, sending SEEK_COMPLETE notification immediately.
01-03 15:05:12.400 D/MediaPlayer(21872): handleMessage:MEDIA_SEEK_COMPLETE
01-03 15:05:12.400 D/MediaPlayer(21872): start() in
01-03 15:05:12.400 D/MediaPlayer(21872): start() out
01-03 15:05:12.410 D/MediaPlayer(21872): handleMessage:MEDIA_SEEK_COMPLETE
01-03 15:05:12.470 I/AudioHardwareMSM72XX(25363): AUDIO_START: start kernel pcm_out driver.
01-03 15:05:12.590 D/AndroidRuntime(21887): Calling main entry com.android.commands.am.Am
01-03 15:05:12.690 I/iTestin (  468): recv broadcast>>>itestin.service.CMD_LOG
01-03 15:05:12.700 I/TestinExternalLog(  468): <<<<<<< Capturing image (20) >>>>>>>
01-03 15:05:12.710 D/AndroidRuntime(21887): Shutting down VM
01-03 15:05:12.710 I/AndroidRuntime(21887): NOTE: attach of thread 'Binder Thread #3' failed
01-03 15:05:12.740 D/dalvikvm(21887): GC_CONCURRENT freed 104K, 65% free 359K/1024K, external 0K/0K, paused 1ms+1ms
01-03 15:05:12.740 D/jdwp    (21887): adbd disconnected
01-03 15:05:12.800 D/dalvikvm(21847): GC_FOR_MALLOC freed 1233K, 61% free 817K/2051K, external 0K/0K, paused 72ms
01-03 15:05:13.370 V/SoundPool-JNI(21872): android_media_SoundPool_load_FD
01-03 15:05:13.370 V/SoundPool(21872): load: fd=50, offset=16764497, length=14718, priority=0
01-03 15:05:13.370 V/SoundPool(21872): create sampleID=1, fd=52, offset=14718, length=16764497
01-03 15:05:13.370 V/SoundPool(21872): doLoad: loading sample sampleID=1
01-03 15:05:13.370 V/SoundPoolThread(21872): Got message m=2, mData=1
01-03 15:05:13.370 V/SoundPool(21872): Start decode
01-03 15:05:13.400 I/OMXCodec(25363): [Stagefright] use software codec=VorbisDecoder
01-03 15:05:13.430 W/AudioService(  132): stream: 3 was already muted by this client
01-03 15:05:13.450 V/SoundPool(21872): close(52)
01-03 15:05:13.450 V/SoundPool(21872): pointer = 0x45eb0000, size = 30720, sampleRate = 44100, numChannels = 1
01-03 15:05:13.450 V/SoundPool-JNI(21872): callback: (1, 1, 0, 0x221e38, 0x40537c18)
01-03 15:05:13.450 V/SoundPool-JNI(21872): android_media_SoundPool_play
01-03 15:05:13.450 V/SoundPool(21872): sampleID=1, leftVolume=0.500000, rightVolume=0.500000, priority=1, loop=0, rate=1.000000
01-03 15:05:13.450 V/SoundPool(21872): mState = 0 mChannelID=0, mNumChannels=1, mPos = 0, mPriority=-1, mLoop=0
01-03 15:05:13.450 V/SoundPool(21872): mState = 0 mChannelID=0, mNumChannels=1, mPos = 0, mPriority=-1, mLoop=0
01-03 15:05:13.450 V/SoundPool(21872): mState = 0 mChannelID=0, mNumChannels=1, mPos = 0, mPriority=-1, mLoop=0
01-03 15:05:13.460 V/SoundPool(21872): mState = 0 mChannelID=0, mNumChannels=1, mPos = 0, mPriority=-1, mLoop=0
01-03 15:05:13.460 V/SoundPool(21872): mState = 0 mChannelID=0, mNumChannels=1, mPos = 0, mPriority=-1, mLoop=0
01-03 15:05:13.460 V/SoundPool(21872): Allocated active channel
01-03 15:05:13.460 V/SoundPool(21872): channel state = 0
01-03 15:05:13.460 V/SoundPool(21872): play 0x221ea8: sampleID=1, channelID=1, leftVolume=0.500000, rightVolume=0.500000, priority=1, loop=0, rate=1.000000
01-03 15:05:13.460 V/SoundPool(21872): setVolume 0x2d7c98
01-03 15:05:13.460 V/SoundPool(21872): delete oldTrack 0x0
01-03 15:05:13.460 D/cocos2d-x debug info(21872): cocos2d: CCSpriteFrameCache: removing unused frame: main_bg_c@2x.png
01-03 15:05:13.460 D/cocos2d-x debug info(21872): cocos2d: CCSpriteFrameCache: removing unused frame: main_trees_a@2x.png
01-03 15:05:13.460 D/cocos2d-x debug info(21872): cocos2d: CCSpriteFrameCache: removing unused frame: main_trees_b@2x.png
01-03 15:05:13.460 D/cocos2d-x debug info(21872): cocos2d: CCSpriteFrameCache: removing unused frame: main_bg_a@2x.png
01-03 15:05:13.460 D/cocos2d-x debug info(21872): cocos2d: CCSpriteFrameCache: removing unused frame: main_bg_b@2x.png
01-03 15:05:13.460 D/cocos2d-x debug info(21872): cocos2d: CCSpriteFrameCache: removing unused frame: main_bg_light@2x.png
01-03 15:05:13.460 D/cocos2d-x debug info(21872): cocos2d: CCSpriteFrameCache: removing unused frame: main_cha_blue@2x.png
01-03 15:05:13.460 D/cocos2d-x debug info(21872): cocos2d: CCSpriteFrameCache: removing unused frame: main_cha_green@2x.png
01-03 15:05:13.460 D/cocos2d-x debug info(21872): cocos2d: CCSpriteFrameCache: removing unused frame: main_cha_orange@2x.png
01-03 15:05:13.460 D/cocos2d-x debug info(21872): cocos2d: CCSpriteFrameCache: removing unused frame: main_cha_pink@2x.png
01-03 15:05:13.460 D/cocos2d-x debug info(21872): cocos2d: CCSpriteFrameCache: removing unused frame: main_cha_purple@2x.png
01-03 15:05:13.460 D/cocos2d-x debug info(21872): cocos2d: CCSpriteFrameCache: removing unused frame: main_cha_red@2x.png
01-03 15:05:13.460 D/cocos2d-x debug info(21872): cocos2d: CCSpriteFrameCache: removing unused frame: main_cha_white@2x.png
01-03 15:05:13.460 D/cocos2d-x debug info(21872): cocos2d: CCSpriteFrameCache: removing unused frame: main_cha_yellow@2x.png
01-03 15:05:13.460 D/cocos2d-x debug info(21872): cocos2d: CCSpriteFrameCache: removing unused frame: main_menu_bg@2x.png
01-03 15:05:13.460 D/cocos2d-x debug info(21872): cocos2d: CCSpriteFrameCache: removing unused frame: main_rank_push@2x.png
01-03 15:05:13.460 D/cocos2d-x debug info(21872): cocos2d: CCSpriteFrameCache: removing unused frame: main_rank@2x.png
01-03 15:05:13.460 D/cocos2d-x debug info(21872): cocos2d: CCSpriteFrameCache: removing unused frame: main_title@2x.png
01-03 15:05:13.460 D/cocos2d-x debug info(21872): cocos2d: CCSpriteFrameCache: removing unused frame: main_option_push@2x.png
01-03 15:05:13.460 D/cocos2d-x debug info(21872): cocos2d: CCSpriteFrameCache: removing unused frame: main_option@2x.png
01-03 15:05:13.460 D/cocos2d-x debug info(21872): cocos2d: CCSpriteFrameCache: removing unused frame: main_menu_cancel_normal_china@2x.png
01-03 15:05:13.460 D/cocos2d-x debug info(21872): cocos2d: CCSpriteFrameCache: removing unused frame: main_menu_cancel_push_china@2x.png
01-03 15:05:13.460 D/cocos2d-x debug info(21872): cocos2d: CCSpriteFrameCache: removing unused frame: main_menu_classic_china@2x.png
01-03 15:05:13.460 D/cocos2d-x debug info(21872): cocos2d: CCSpriteFrameCache: removing unused frame: main_menu_classic_push_china@2x.png
01-03 15:05:13.460 D/cocos2d-x debug info(21872): cocos2d: CCSpriteFrameCache: removing unused frame: main_menu_continue_normal_china@2x.png
01-03 15:05:13.460 D/cocos2d-x debug info(21872): cocos2d: CCSpriteFrameCache: removing unused frame: main_menu_continue_push_china@2x.png
01-03 15:05:13.460 D/cocos2d-x debug info(21872): cocos2d: CCSpriteFrameCache: removing unused frame: main_menu_icebreak_china@2x.png
01-03 15:05:13.460 D/cocos2d-x debug info(21872): cocos2d: CCSpriteFrameCache: removing unused frame: main_menu_icebreak_push_china@2x.png
01-03 15:05:13.460 D/cocos2d-x debug info(21872): cocos2d: CCSpriteFrameCache: removing unused frame: main_menu_newgame_normal_china@2x.png
01-03 15:05:13.460 D/cocos2d-x debug info(21872): cocos2d: CCSpriteFrameCache: removing unused frame: main_menu_newgame_push_china@2x.png
01-03 15:05:13.460 D/cocos2d-x debug info(21872): cocos2d: CCSpriteFrameCache: removing unused frame: main_menu_pandora_china@2x.png
01-03 15:05:13.460 D/cocos2d-x debug info(21872): cocos2d: CCSpriteFrameCache: removing unused frame: main_menu_pandora_push_china@2x.png
01-03 15:05:13.460 D/cocos2d-x debug info(21872): cocos2d: CCSpriteFrameCache: removing unused frame: main_option_china@2x.png
01-03 15:05:13.460 D/cocos2d-x debug info(21872): cocos2d: CCSpriteFrameCache: removing unused frame: main_option_push_china@2x.png
01-03 15:05:13.460 D/cocos2d-x debug info(21872): cocos2d: CCSpriteFrameCache: removing unused frame: main_rank_china@2x.png
01-03 15:05:13.460 D/cocos2d-x debug info(21872): cocos2d: CCSpriteFrameCache: removing unused frame: main_rank_push_china@2x.png
01-03 15:05:13.460 D/cocos2d-x debug info(21872): cocos2d: CCTextureCache: texture: cc_fps_images
01-03 15:05:13.460 D/cocos2d-x debug info(21872): cocos2d: CCTextureCache: texture: assets/images/main_menu/main_bg_a_RETINA.png
01-03 15:05:13.460 D/cocos2d-x debug info(21872): cocos2d: CCTextureCache: texture: assets/images/main_menu/main_bg_b_RETINA.png
01-03 15:05:13.460 D/cocos2d-x debug info(21872): cocos2d: CCTextureCache: texture: assets/images/main_menu/mainmenu_a_RETINA.png
01-03 15:05:13.460 D/cocos2d-x debug info(21872): cocos2d: CCTextureCache: texture: assets/images/main_menu/mainmenu_b_CN_RETINA.png
01-03 15:05:13.460 D/cocos2d-x debug info(21872): cocos2d: CCTextureCache: texture: assets/images/main_menu/mainmenu_a_CN_RETINA.png
01-03 15:05:13.480 V/SoundPool(21872): fill: q=0x46828040, p=0x45eb0000, mPos=0, b->size=2400, count=2400
01-03 15:05:13.480 V/SoundPool(21872): fill: q=0x468289a0, p=0x45eb0960, mPos=2400, b->size=2400, count=2400
01-03 15:05:13.480 V/SoundPool(21872): fill: q=0x46829300, p=0x45eb12c0, mPos=4800, b->size=2400, count=2400
01-03 15:05:13.480 V/SoundPool(21872): fill: q=0x46829c60, p=0x45eb1c20, mPos=7200, b->size=2400, count=2400
01-03 15:05:13.480 V/SoundPool(21872): fill: q=0x46828040, p=0x45eb2580, mPos=9600, b->size=2400, count=2400
01-03 15:05:13.490 D/cocos2d-x debug info(21872): cocos2d: CCSpriteFrameCache: Trying to use file images/options/option_CN_RETINA.png as texture
01-03 15:05:13.510 V/SoundPool(21872): fill: q=0x468289a0, p=0x45eb2ee0, mPos=12000, b->size=2400, count=2400
01-03 15:05:13.540 V/SoundPool(21872): fill: q=0x46829300, p=0x45eb3840, mPos=14400, b->size=2400, count=2400
01-03 15:05:13.570 V/SoundPool(21872): fill: q=0x46829c60, p=0x45eb41a0, mPos=16800, b->size=2400, count=2400
01-03 15:05:13.590 V/SoundPool(21872): fill: q=0x46828040, p=0x45eb4b00, mPos=19200, b->size=2400, count=2400
01-03 15:05:13.620 V/SoundPool(21872): fill: q=0x468289a0, p=0x45eb5460, mPos=21600, b->size=2400, count=2400
01-03 15:05:13.650 V/SoundPool(21872): fill: q=0x46829300, p=0x45eb5dc0, mPos=24000, b->size=2400, count=2400
01-03 15:05:13.670 V/SoundPool(21872): fill: q=0x46829c60, p=0x45eb6720, mPos=26400, b->size=2400, count=2400
01-03 15:05:13.680 D/cocos2d-x debug info(21872): cocos2d: CCSpriteFrameCache: Trying to use file images/options/option_RETINA.png as texture
01-03 15:05:13.700 V/SoundPool(21872): fill: q=0x46828040, p=0x45eb7080, mPos=28800, b->size=2400, count=1920
01-03 15:05:13.810 V/SoundPool(21872): stopping track
01-03 15:05:13.810 V/SoundPool(21872): stop
01-03 15:05:13.810 V/SoundPool(21872): done(1)
01-03 15:05:13.810 V/SoundPool(21872): move to front
01-03 15:05:14.050 V/SoundPool-JNI(21872): android_media_SoundPool_play
01-03 15:05:14.050 V/SoundPool(21872): sampleID=1, leftVolume=0.500000, rightVolume=0.500000, priority=1, loop=0, rate=1.000000
01-03 15:05:14.050 V/SoundPool(21872): mState = 0 mChannelID=1, mNumChannels=1, mPos = 30720, mPriority=-1, mLoop=0
01-03 15:05:14.050 V/SoundPool(21872): mState = 0 mChannelID=0, mNumChannels=1, mPos = 0, mPriority=-1, mLoop=0
01-03 15:05:14.050 V/SoundPool(21872): mState = 0 mChannelID=0, mNumChannels=1, mPos = 0, mPriority=-1, mLoop=0
01-03 15:05:14.050 V/SoundPool(21872): mState = 0 mChannelID=0, mNumChannels=1, mPos = 0, mPriority=-1, mLoop=0
01-03 15:05:14.050 V/SoundPool(21872): mState = 0 mChannelID=0, mNumChannels=1, mPos = 0, mPriority=-1, mLoop=0
01-03 15:05:14.050 V/SoundPool(21872): Allocated active channel
01-03 15:05:14.050 V/SoundPool(21872): channel state = 0
01-03 15:05:14.050 V/SoundPool(21872): play 0x221ea8: sampleID=1, channelID=2, leftVolume=0.500000, rightVolume=0.500000, priority=1, loop=0, rate=1.000000
01-03 15:05:14.060 V/SoundPool(21872): setVolume 0x2bbcf8
01-03 15:05:14.060 V/SoundPool(21872): delete oldTrack 0x2d7c98
01-03 15:05:14.060 D/cocos2d-x debug info(21872): cocos2d: CCSpriteFrameCache: removing unused frame: option_button_off_china@2x.png
01-03 15:05:14.060 D/cocos2d-x debug info(21872): cocos2d: CCSpriteFrameCache: removing unused frame: option_button_on_china@2x.png
01-03 15:05:14.060 D/cocos2d-x debug info(21872): cocos2d: CCSpriteFrameCache: removing unused frame: option_credit_china@2x.png
01-03 15:05:14.060 D/cocos2d-x debug info(21872): cocos2d: CCSpriteFrameCache: removing unused frame: option_sound_china@2x.png
01-03 15:05:14.060 D/cocos2d-x debug info(21872): cocos2d: CCSpriteFrameCache: removing unused frame: option_soundandvibration_china@2x.png
01-03 15:05:14.060 D/cocos2d-x debug info(21872): cocos2d: CCSpriteFrameCache: removing unused frame: option_vibration_china@2x.png
01-03 15:05:14.060 D/cocos2d-x debug info(21872): cocos2d: CCSpriteFrameCache: removing unused frame: option_about_normal@2x.png
01-03 15:05:14.060 D/cocos2d-x debug info(21872): cocos2d: CCSpriteFrameCache: removing unused frame: option_about_push@2x.png
01-03 15:05:14.060 D/cocos2d-x debug info(21872): cocos2d: CCSpriteFrameCache: removing unused frame: option_birzzle@2x.png
01-03 15:05:14.060 D/cocos2d-x debug info(21872): cocos2d: CCSpriteFrameCache: removing unused frame: option_button_off@2x.png
01-03 15:05:14.060 D/cocos2d-x debug info(21872): cocos2d: CCSpriteFrameCache: removing unused frame: option_button_on@2x.png
01-03 15:05:14.060 D/cocos2d-x debug info(21872): cocos2d: CCSpriteFrameCache: removing unused frame: option_enfeel@2x.png
01-03 15:05:14.060 D/cocos2d-x debug info(21872): cocos2d: CCSpriteFrameCache: removing unused frame: option_facebook_normal@2x.png
01-03 15:05:14.060 D/cocos2d-x debug info(21872): cocos2d: CCSpriteFrameCache: removing unused frame: option_facebook_push@2x.png
01-03 15:05:14.060 D/cocos2d-x debug info(21872): cocos2d: CCSpriteFrameCache: removing unused frame: option_icon_facebook@2x.png
01-03 15:05:14.060 D/cocos2d-x debug info(21872): cocos2d: CCSpriteFrameCache: removing unused frame: option_icon_me2day@2x.png
01-03 15:05:14.060 D/cocos2d-x debug info(21872): cocos2d: CCSpriteFrameCache: removing unused frame: option_icon_sound@2x.png
01-03 15:05:14.060 D/cocos2d-x debug info(21872): cocos2d: CCSpriteFrameCache: removing unused frame: option_icon_twitter@2x.png
01-03 15:05:14.060 D/cocos2d-x debug info(21872): cocos2d: CCSpriteFrameCache: removing unused frame: option_icon_vibration@2x.png
01-03 15:05:14.060 D/cocos2d-x debug info(21872): cocos2d: CCSpriteFrameCache: removing unused frame: option_line@2x.png
01-03 15:05:14.060 D/cocos2d-x debug info(21872): cocos2d: CCSpriteFrameCache: removing unused frame: option_setting_normal@2x.png
01-03 15:05:14.060 D/cocos2d-x debug info(21872): cocos2d: CCSpriteFrameCache: removing unused frame: option_setting_push@2x.png
01-03 15:05:14.060 D/cocos2d-x debug info(21872): cocos2d: CCSpriteFrameCache: removing unused frame: option_snsaccounts@2x.png
01-03 15:05:14.060 D/cocos2d-x debug info(21872): cocos2d: CCSpriteFrameCache: removing unused frame: option_soundandvibration@2x.png
01-03 15:05:14.060 D/cocos2d-x debug info(21872): cocos2d: CCSpriteFrameCache: removing unused frame: scores_home@2x.png
01-03 15:05:14.060 D/cocos2d-x debug info(21872): cocos2d: CCTextureCache: texture: cc_fps_images
01-03 15:05:14.060 D/cocos2d-x debug info(21872): cocos2d: CCTextureCache: texture: assets/images/main_menu/main_bg_a_RETINA.png
01-03 15:05:14.060 D/cocos2d-x debug info(21872): cocos2d: CCTextureCache: texture: assets/images/main_menu/main_bg_b_RETINA.png
01-03 15:05:14.060 D/cocos2d-x debug info(21872): cocos2d: CCTextureCache: texture: assets/images/main_menu/mainmenu_a_RETINA.png
01-03 15:05:14.060 D/cocos2d-x debug info(21872): cocos2d: CCTextureCache: texture: assets/images/main_menu/mainmenu_b_CN_RETINA.png
01-03 15:05:14.060 D/cocos2d-x debug info(21872): cocos2d: CCTextureCache: texture: assets/images/main_menu/mainmenu_a_CN_RETINA.png
01-03 15:05:14.070 D/cocos2d-x debug info(21872): cocos2d: CCTextureCache: texture: assets/images/options/option_CN_RETINA.png
01-03 15:05:14.070 D/cocos2d-x debug info(21872): cocos2d: CCTextureCache: texture: assets/images/options/option_RETINA.png
01-03 15:05:14.070 D/cocos2d-x debug info(21872): cocos2d: CCTextureCache: removing unused texture: assets/images/options/option_CN_RETINA.png
01-03 15:05:14.070 V/SoundPool(21872): fill: q=0x4682a600, p=0x45eb0000, mPos=0, b->size=2400, count=2400
01-03 15:05:14.070 V/SoundPool(21872): fill: q=0x4682af60, p=0x45eb0960, mPos=2400, b->size=2400, count=2400
01-03 15:05:14.070 V/SoundPool(21872): fill: q=0x4682b8c0, p=0x45eb12c0, mPos=4800, b->size=2400, count=2400
01-03 15:05:14.070 V/SoundPool(21872): fill: q=0x4682c220, p=0x45eb1c20, mPos=7200, b->size=2400, count=2400
01-03 15:05:14.070 D/cocos2d-x debug info(21872): cocos2d: CCTextureCache: removing unused texture: assets/images/options/option_RETINA.png
01-03 15:05:14.080 V/SoundPool(21872): fill: q=0x4682a600, p=0x45eb2580, mPos=9600, b->size=2400, count=2400
01-03 15:05:14.080 D/cocos2d-x debug info(21872): cocos2d: CCSpriteFrameCache: Trying to use file images/options/option_CN_RETINA.png as texture
01-03 15:05:14.110 V/SoundPool(21872): fill: q=0x4682af60, p=0x45eb2ee0, mPos=12000, b->size=2400, count=2400
01-03 15:05:14.140 V/SoundPool(21872): fill: q=0x4682b8c0, p=0x45eb3840, mPos=14400, b->size=2400, count=2400
01-03 15:05:14.160 V/SoundPool(21872): fill: q=0x4682c220, p=0x45eb41a0, mPos=16800, b->size=2400, count=2400
01-03 15:05:14.190 V/SoundPool(21872): fill: q=0x4682a600, p=0x45eb4b00, mPos=19200, b->size=2400, count=2400
01-03 15:05:14.220 V/SoundPool(21872): fill: q=0x4682af60, p=0x45eb5460, mPos=21600, b->size=2400, count=2400
01-03 15:05:14.250 V/SoundPool(21872): fill: q=0x4682b8c0, p=0x45eb5dc0, mPos=24000, b->size=2400, count=2400
01-03 15:05:14.270 V/SoundPool(21872): fill: q=0x4682c220, p=0x45eb6720, mPos=26400, b->size=2400, count=2400
01-03 15:05:14.290 D/cocos2d-x debug info(21872): cocos2d: CCSpriteFrameCache: Trying to use file images/options/option_RETINA.png as texture
01-03 15:05:14.300 V/SoundPool(21872): fill: q=0x4682a600, p=0x45eb7080, mPos=28800, b->size=2400, count=1920
01-03 15:05:14.410 V/SoundPool(21872): stopping track
01-03 15:05:14.410 V/SoundPool(21872): stop
01-03 15:05:14.410 V/SoundPool(21872): done(2)
01-03 15:05:14.410 V/SoundPool(21872): move to front
01-03 15:05:14.640 W/AudioService(  132): stream: 3 was already muted by this client
01-03 15:05:15.640 W/AudioService(  132): stream: 3 was already muted by this client
01-03 15:05:15.640 I/TestinExternalLog(  468): NetFlow>>>> UpFlow 46412, DownFlow 10976, TotalFlow 57388
01-03 15:05:16.310 I/TestinExternalLog(  468): Battery>>>> Temperature 39.3
01-03 15:05:16.370 I/TestinExternalLog(  468): CPU>>>> User 33%, System 46%, IOW 0%, IRQ 0%, com.giant.brizzle(21602):70%
01-03 15:05:16.650 W/AudioService(  132): stream: 3 was already muted by this client
01-03 15:05:17.690 W/AudioService(  132): stream: 3 was already muted by this client
01-03 15:05:17.710 D/dalvikvm(21847): GC_CONCURRENT freed 742K, 62% free 791K/2051K, external 0K/0K, paused 2ms+18ms
01-03 15:05:18.820 W/AudioService(  132): stream: 3 was already muted by this client
01-03 15:05:18.910 D/AndroidRuntime(21904):
01-03 15:05:18.910 D/AndroidRuntime(21904): >>>>>> AndroidRuntime START com.android.internal.os.RuntimeInit <<<<<<
01-03 15:05:18.910 D/AndroidRuntime(21904): CheckJNI is OFF
01-03 15:05:19.840 D/AndroidRuntime(21904): Calling main entry com.android.commands.am.Am
01-03 15:05:19.910 W/AudioService(  132): stream: 3 was already muted by this client
01-03 15:05:19.920 I/iTestin (  468): recv broadcast>>>itestin.service.CMD_LOG
01-03 15:05:19.920 I/TestinExternalLog(  468): <<<<<<< Capturing image (21) >>>>>>>
01-03 15:05:19.930 D/AndroidRuntime(21904): Shutting down VM
01-03 15:05:19.940 I/AndroidRuntime(21904): NOTE: attach of thread 'Binder Thread #3' failed
01-03 15:05:19.960 D/dalvikvm(21904): GC_CONCURRENT freed 104K, 65% free 359K/1024K, external 0K/0K, paused 1ms+1ms
01-03 15:05:19.960 D/jdwp    (21904): adbd disconnected
01-03 15:05:20.100 D/dalvikvm( 9587): GC_EXPLICIT freed 95K, 50% free 4580K/9031K, external 4909K/6043K, paused 2365ms
01-03 15:05:20.890 I/TestinExternalLog(  468): NetFlow>>>> UpFlow 46412, DownFlow 10976, TotalFlow 57388
01-03 15:05:20.920 W/AudioService(  132): stream: 3 was already muted by this client
01-03 15:05:21.020 D/dalvikvm(  468): GC_CONCURRENT freed 458K, 52% free 3000K/6151K, external 0K/0K, paused 7ms+7ms
01-03 15:05:21.310 I/TestinExternalLog(  468): Battery>>>> Temperature 39.3
01-03 15:05:21.430 I/ActivityManager(  132): Starting activity: Intent { act=android.intent.action.CALL_BUTTON flg=0x10000000 cmp=com.android.htcdialer/.Dialer } from pid 21872
01-03 15:05:21.490 I/wpa_supplicant(21196): CTRL-EVENT-STATE-CHANGE id=-1 state=2 BSSID=00:00:00:00:00:00
01-03 15:05:21.490 V/WifiMonitor(  132): Event [CTRL-EVENT-STATE-CHANGE id=-1 state=2 BSSID=00:00:00:00:00:00]
01-03 15:05:21.490 V/WifiStateTracker(  132): Changing supplicant state: INACTIVE ==> SCANNING
01-03 15:05:21.500 D/ConnectivityService(  132): Dropping ConnectivityChange for WIFI: DISCONNECTED/SCANNING
01-03 15:05:21.660 I/TestinExternalLog(  468): Mem>>>> Avalable:172292KB, com.giant.brizzle(21872) used:29815KB
01-03 15:05:21.950 W/AudioService(  132): stream: 3 was already muted by this client
01-03 15:05:22.550 D/dalvikvm(21847): GC_CONCURRENT freed 651K, 61% free 807K/2051K, external 0K/0K, paused 1ms+21ms
01-03 15:05:22.690 I/wpa_supplicant(21196): got scan complete
01-03 15:05:22.690 I/wpa_supplicant(21196): wpa_supplicant_get_scan_results:return scan results2
01-03 15:05:22.690 I/wpa_supplicant(21196): AP:ssid[testin],rssi[-47],BSSID=d8:24:bd:76:04:a0
01-03 15:05:22.690 I/wpa_supplicant(21196): AP:ssid[testin-w-06],rssi[-78],BSSID=c4:ca:d9:8c:9e:60
01-03 15:05:22.690 I/wpa_supplicant(21196): AP:ssid[testin-w-07],rssi[-54],BSSID=c4:ca:d9:8d:07:b0
01-03 15:05:22.690 I/wpa_supplicant(21196): AP:ssid[testin-w-05],rssi[-31],BSSID=c4:ca:d9:8c:9d:c0
01-03 15:05:22.690 I/wpa_supplicant(21196): AP:ssid[testin-w-04],rssi[-78],BSSID=c4:ca:d9:8c:9a:10
01-03 15:05:22.690 I/wpa_supplicant(21196): AP:ssid[testin-w-01],rssi[-78],BSSID=0c:da:41:0b:10:b0
01-03 15:05:22.690 I/wpa_supplicant(21196): AP:ssid[Connectify-xiong],rssi[-59],BSSID=e0:06:e6:cd:d9:93
01-03 15:05:22.690 I/wpa_supplicant(21196): AP:ssid[testin-w-04],rssi[-45],BSSID=c4:ca:d9:8c:99:20
01-03 15:05:22.690 I/wpa_supplicant(21196): AP:ssid[ludashi-70],rssi[-57],BSSID=f8:2f:a8:f7:cd:d1
01-03 15:05:22.690 I/wpa_supplicant(21196): AP:ssid[testin-w-05],rssi[-60],BSSID=c4:ca:d9:8c:9d:e0
01-03 15:05:22.690 I/wpa_supplicant(21196): AP:ssid[testin-w-03],rssi[-76],BSSID=c4:ca:d9:8c:e6:20
01-03 15:05:22.690 I/wpa_supplicant(21196): AP:ssid[Netelite_visitwifi],rssi[-57],BSSID=d8:67:d9:c2:ee:f9
01-03 15:05:22.690 I/wpa_supplicant(21196): AP:ssid[testin-w-05],rssi[-48],BSSID=c4:ca:d9:8c:9c:10
01-03 15:05:22.690 I/wpa_supplicant(21196): AP:ssid[Netelite_superwifi],rssi[-57],BSSID=d8:67:d9:c2:ee:f8
01-03 15:05:22.690 I/wpa_supplicant(21196): AP:ssid[testin-w-06],rssi[-57],BSSID=c4:ca:d9:8d:07:10
01-03 15:05:22.690 I/wpa_supplicant(21196): AP:ssid[testin-w-07],rssi[-63],BSSID=c4:ca:d9:8d:07:70
01-03 15:05:22.690 I/wpa_supplicant(21196): AP:ssid[testin-w-07],rssi[-73],BSSID=c4:ca:d9:99:bc:60
01-03 15:05:22.690 I/wpa_supplicant(21196): AP:ssid[testin-w-07],rssi[-57],BSSID=c4:ca:d9:8d:13:a0
01-03 15:05:22.690 I/wpa_supplicant(21196): AP:ssid[testin-w-06],rssi[-54],BSSID=c4:ca:d9:8c:9d:f0
01-03 15:05:22.690 I/wpa_supplicant(21196): AP:ssid[testin-w-07],rssi[-70],BSSID=c4:ca:d9:99:9f:b0
01-03 15:05:22.700 I/wpa_supplicant(21196): AP:ssid[testin-w-02],rssi[-74],BSSID=0c:da:41:0b:10:00
01-03 15:05:22.700 I/wpa_supplicant(21196): AP:ssid[testin-w-01],rssi[-80],BSSID=0c:da:41:0b:11:60
01-03 15:05:22.700 I/wpa_supplicant(21196): AP:ssid[testin-w-04],rssi[-54],BSSID=c4:ca:d9:8c:e7:50
01-03 15:05:22.700 I/wpa_supplicant(21196): AP:ssid[testin-w-02],rssi[-76],BSSID=0c:da:41:0b:0b:90
01-03 15:05:22.700 I/wpa_supplicant(21196): Received 5344 bytes of scan results (24 BSSes)
01-03 15:05:22.700 I/wpa_supplicant(21196): wpa_driver_wext_get_scan_results---
01-03 15:05:22.700 I/wpa_supplicant(21196): wpa_disabled_ssid_list_clear
01-03 15:05:22.700 I/wpa_supplicant(21196): Check WiFi offload status: wpa_s->vh_wifi_to_mobile:-1 ,wpa_s->vh_user_connect:0
01-03 15:05:22.700 I/wpa_supplicant(21196): No suitable AP found.
01-03 15:05:22.700 I/wpa_supplicant(21196): CTRL-EVENT-STATE-CHANGE id=-1 state=1 BSSID=00:00:00:00:00:00
01-03 15:05:22.710 V/WifiMonitor(  132): Event [wpa_disabled_ssid_list_clear]
01-03 15:05:22.710 V/WifiMonitor(  132): Event [CTRL-EVENT-STATE-CHANGE id=-1 state=1 BSSID=00:00:00:00:00:00]
01-03 15:05:22.710 V/WifiStateTracker(  132): Changing supplicant state: SCANNING ==> INACTIVE
01-03 15:05:22.720 D/ConnectivityService(  132): Dropping ConnectivityChange for WIFI: DISCONNECTED/IDLE
01-03 15:05:22.950 W/AudioService(  132): stream: 3 was already muted by this client
01-03 15:05:23.960 W/AudioService(  132): stream: 3 was already muted by this client
01-03 15:05:24.970 W/AudioService(  132): stream: 3 was already muted by this client
01-03 15:05:26.100 D/AndroidRuntime(21916):
01-03 15:05:26.100 D/AndroidRuntime(21916): >>>>>> AndroidRuntime START com.android.internal.os.RuntimeInit <<<<<<
01-03 15:05:26.100 D/AndroidRuntime(21916): CheckJNI is OFF
01-03 15:05:26.180 W/AudioService(  132): stream: 3 was already muted by this client
01-03 15:05:26.960 D/AndroidRuntime(21916): Calling main entry com.android.commands.am.Am
01-03 15:05:27.040 I/TestinExternalLog(  468): Battery>>>> Temperature 39.3
01-03 15:05:27.040 I/iTestin (  468): recv broadcast>>>itestin.service.CMD_LOG
01-03 15:05:27.060 D/AndroidRuntime(21916): Shutting down VM
01-03 15:05:27.060 I/TestinExternalLog(  468): <<<<<<< Capturing image (22) >>>>>>>
01-03 15:05:27.060 I/AndroidRuntime(21916): NOTE: attach of thread 'Binder Thread #3' failed
01-03 15:05:27.080 D/dalvikvm(21916): GC_CONCURRENT freed 104K, 65% free 359K/1024K, external 0K/0K, paused 1ms+1ms
01-03 15:05:27.090 D/MediaPlayer(21872): handleMessage:MEDIA_SEEK_COMPLETE
01-03 15:05:27.090 D/jdwp    (21916): adbd disconnected
01-03 15:05:27.200 W/AudioService(  132): stream: 3 was already muted by this client
01-03 15:05:27.380 I/TestinExternalLog(  468): NetFlow>>>> UpFlow 46412, DownFlow 10976, TotalFlow 57388
01-03 15:05:27.850 D/dalvikvm(21847): GC_CONCURRENT freed 716K, 61% free 810K/2051K, external 0K/0K, paused 2ms+2ms
01-03 15:05:28.210 W/AudioService(  132): stream: 3 was already muted by this client
01-03 15:05:29.220 W/AudioService(  132): stream: 3 was already muted by this client
01-03 15:05:29.420 I/TestinExternalLog(  468): CPU>>>> User 34%, System 43%, IOW 0%, IRQ 0%, com.giant.brizzle(21872):50%
01-03 15:05:29.610 D/dalvikvm(  468): GC_CONCURRENT freed 475K, 53% free 2911K/6151K, external 0K/0K, paused 5ms+25ms
01-03 15:05:30.230 W/AudioService(  132): stream: 3 was already muted by this client
01-03 15:05:31.240 W/AudioService(  132): stream: 3 was already muted by this client
