01-03 15:03:44.950 V/WifiStateTracker(  132): Changing supplicant state: SCANNING ==> INACTIVE
01-03 15:03:44.960 D/ConnectivityService(  132): Dropping ConnectivityChange for WIFI: DISCONNECTED/IDLE
01-03 15:03:45.440 W/AudioService(  132): stream: 3 was already muted by this client
01-03 15:03:45.530 D/AndroidRuntime(21700):
01-03 15:03:45.530 D/AndroidRuntime(21700): >>>>>> AndroidRuntime START com.android.internal.os.RuntimeInit <<<<<<
01-03 15:03:45.530 D/AndroidRuntime(21700): CheckJNI is OFF
01-03 15:03:46.350 D/AndroidRuntime(21700): Calling main entry com.android.commands.am.Am
01-03 15:03:46.440 I/iTestin (  468): recv broadcast>>>itestin.service.CMD_LOG
01-03 15:03:46.450 W/AudioService(  132): stream: 3 was already muted by this client
01-03 15:03:46.460 D/AndroidRuntime(21700): Shutting down VM
01-03 15:03:46.460 I/TestinExternalLog(  468): <<<<<<< Capturing image (8) >>>>>>>
01-03 15:03:46.470 I/AndroidRuntime(21700): NOTE: attach of thread 'Binder Thread #3' failed
01-03 15:03:46.490 D/dalvikvm(21700): GC_CONCURRENT freed 104K, 65% free 359K/1024K, external 0K/0K, paused 2ms+5ms
01-03 15:03:46.500 D/jdwp    (21700): adbd disconnected
01-03 15:03:46.760 I/TestinExternalLog(  468): NetFlow>>>> UpFlow 46404, DownFlow 10976, TotalFlow 57380
01-03 15:03:47.070 D/dalvikvm(  468): GC_CONCURRENT freed 353K, 52% free 2986K/6151K, external 0K/0K, paused 9ms+33ms
01-03 15:03:47.570 W/AudioService(  132): stream: 3 was already muted by this client
01-03 15:03:47.650 D/dalvikvm(21602): GC_CONCURRENT freed 557K, 50% free 3059K/6087K, external 0K/0K, paused 6ms+18ms
01-03 15:03:48.640 W/AudioService(  132): stream: 3 was already muted by this client
01-03 15:03:49.240 I/TestinExternalLog(  468): Battery>>>> Temperature 39.3
01-03 15:03:49.650 W/AudioService(  132): stream: 3 was already muted by this client
01-03 15:03:49.680 I/TestinExternalLog(  468): CPU>>>> User 36%, System 50%, IOW 0%, IRQ 0%, com.giant.brizzle(21602):44%
01-03 15:03:50.650 W/AudioService(  132): stream: 3 was already muted by this client
01-03 15:03:51.710 W/AudioService(  132): stream: 3 was already muted by this client
01-03 15:03:51.840 D/MediaPlayer(21602): handleMessage:MEDIA_SEEK_COMPLETE
01-03 15:03:51.990 D/AndroidRuntime(21711):
01-03 15:03:51.990 D/AndroidRuntime(21711): >>>>>> AndroidRuntime START com.android.internal.os.RuntimeInit <<<<<<
01-03 15:03:51.990 D/AndroidRuntime(21711): CheckJNI is OFF
01-03 15:03:53.010 D/AndroidRuntime(21711): Calling main entry com.android.commands.am.Am
01-03 15:03:53.130 W/AudioService(  132): stream: 3 was already muted by this client
01-03 15:03:53.130 I/iTestin (  468): recv broadcast>>>itestin.service.CMD_LOG
01-03 15:03:53.140 D/AndroidRuntime(21711): Shutting down VM
01-03 15:03:53.150 I/TestinExternalLog(  468): <<<<<<< Capturing image (9) >>>>>>>
01-03 15:03:53.160 I/AndroidRuntime(21711): NOTE: attach of thread 'Binder Thread #3' failed
01-03 15:03:53.170 D/dalvikvm(21711): GC_CONCURRENT freed 104K, 65% free 359K/1024K, external 0K/0K, paused 1ms+15ms
01-03 15:03:53.170 D/jdwp    (21711): adbd disconnected
01-03 15:03:53.440 I/TestinExternalLog(  468): NetFlow>>>> UpFlow 46404, DownFlow 10976, TotalFlow 57380
01-03 15:03:53.450 D/dalvikvm( 3579): GC_EXPLICIT freed 4K, 50% free 2719K/5379K, external 0K/0K, paused 1956ms
01-03 15:03:54.040 D/dalvikvm(21602): GC_CONCURRENT freed 426K, 49% free 3144K/6087K, external 0K/0K, paused 4ms+13ms
01-03 15:03:54.150 W/AudioService(  132): stream: 3 was already muted by this client
01-03 15:03:54.250 I/TestinExternalLog(  468): Battery>>>> Temperature 39.3
01-03 15:03:54.880 I/TestinExternalLog(  468): Mem>>>> Avalable:178592KB, com.giant.brizzle(21602) used:26412KB
01-03 15:03:55.120 D/cocos2d-x debug info(21602): touch mask layer
01-03 15:03:55.160 W/AudioService(  132): stream: 3 was already muted by this client
01-03 15:03:55.510 D/dalvikvm(  468): GC_CONCURRENT freed 462K, 53% free 2912K/6151K, external 0K/0K, paused 19ms+48ms
01-03 15:03:56.170 W/AudioService(  132): stream: 3 was already muted by this client
01-03 15:03:57.180 W/AudioService(  132): stream: 3 was already muted by this client
01-03 15:03:58.180 W/AudioService(  132): stream: 3 was already muted by this client
01-03 15:03:59.260 I/TestinExternalLog(  468): Battery>>>> Temperature 39.3
01-03 15:03:59.320 W/AudioService(  132): stream: 3 was already muted by this client
01-03 15:03:59.400 D/AndroidRuntime(21723):
01-03 15:03:59.400 D/AndroidRuntime(21723): >>>>>> AndroidRuntime START com.android.internal.os.RuntimeInit <<<<<<
01-03 15:03:59.400 D/AndroidRuntime(21723): CheckJNI is OFF
01-03 15:04:00.060 I/wpa_supplicant(21196): CTRL-EVENT-STATE-CHANGE id=-1 state=2 BSSID=00:00:00:00:00:00
01-03 15:04:00.060 V/WifiMonitor(  132): Event [CTRL-EVENT-STATE-CHANGE id=-1 state=2 BSSID=00:00:00:00:00:00]
01-03 15:04:00.060 V/WifiStateTracker(  132): Changing supplicant state: INACTIVE ==> SCANNING
01-03 15:04:00.070 D/ConnectivityService(  132): Dropping ConnectivityChange for WIFI: DISCONNECTED/SCANNING
01-03 15:04:00.440 D/AndroidRuntime(21723): Calling main entry com.android.commands.am.Am
01-03 15:04:00.480 W/AudioService(  132): stream: 3 was already muted by this client
01-03 15:04:00.570 I/iTestin (  468): recv broadcast>>>itestin.service.CMD_LOG
01-03 15:04:00.590 D/AndroidRuntime(21723): Shutting down VM
01-03 15:04:00.600 I/TestinExternalLog(  468): <<<<<<< Capturing image (10) >>>>>>>
01-03 15:04:00.600 I/AndroidRuntime(21723): NOTE: attach of thread 'Binder Thread #3' failed
01-03 15:04:00.620 D/dalvikvm(21723): GC_CONCURRENT freed 104K, 65% free 359K/1024K, external 0K/0K, paused 1ms+1ms
01-03 15:04:00.630 D/jdwp    (21723): adbd disconnected
01-03 15:04:00.930 D/dalvikvm(22702): GC_EXPLICIT freed 18K, 50% free 2715K/5379K, external 0K/0K, paused 2759ms
01-03 15:04:00.960 I/TestinExternalLog(  468): NetFlow>>>> UpFlow 46404, DownFlow 10976, TotalFlow 57380
01-03 15:04:01.250 I/wpa_supplicant(21196): got scan complete
01-03 15:04:01.250 I/wpa_supplicant(21196): wpa_supplicant_get_scan_results:return scan results2
01-03 15:04:01.250 I/wpa_supplicant(21196): AP:ssid[testin],rssi[-48],BSSID=d8:24:bd:76:04:a0
01-03 15:04:01.250 I/wpa_supplicant(21196): AP:ssid[testin-w-05],rssi[-60],BSSID=c4:ca:d9:8c:9d:e0
01-03 15:04:01.250 I/wpa_supplicant(21196): AP:ssid[testin-w-07],rssi[-55],BSSID=c4:ca:d9:8d:07:b0
01-03 15:04:01.250 I/wpa_supplicant(21196): AP:ssid[testin-w-04],rssi[-79],BSSID=c4:ca:d9:8c:9a:10
01-03 15:04:01.250 I/wpa_supplicant(21196): AP:ssid[testin-w-06],rssi[-76],BSSID=c4:ca:d9:8c:9e:60
01-03 15:04:01.250 I/wpa_supplicant(21196): AP:ssid[testin-w-05],rssi[-32],BSSID=c4:ca:d9:8c:9d:c0
01-03 15:04:01.250 I/wpa_supplicant(21196): AP:ssid[testin-w-04],rssi[-48],BSSID=c4:ca:d9:8c:99:20
01-03 15:04:01.250 I/wpa_supplicant(21196): AP:ssid[testin-w-05],rssi[-49],BSSID=c4:ca:d9:8c:9c:10
01-03 15:04:01.250 I/wpa_supplicant(21196): AP:ssid[ludashi-70],rssi[-57],BSSID=f8:2f:a8:f7:cd:d1
01-03 15:04:01.250 I/wpa_supplicant(21196): AP:ssid[Netelite_superwifi],rssi[-59],BSSID=d8:67:d9:c2:ee:f8
01-03 15:04:01.250 I/wpa_supplicant(21196): AP:ssid[Netelite_visitwifi],rssi[-58],BSSID=d8:67:d9:c2:ee:f9
01-03 15:04:01.250 I/wpa_supplicant(21196): AP:ssid[testin-w-06],rssi[-57],BSSID=c4:ca:d9:8d:07:10
01-03 15:04:01.250 I/wpa_supplicant(21196): AP:ssid[testin-w-07],rssi[-59],BSSID=c4:ca:d9:8d:07:70
01-03 15:04:01.250 I/wpa_supplicant(21196): AP:ssid[testin-w-06],rssi[-54],BSSID=c4:ca:d9:8c:9d:f0
01-03 15:04:01.250 I/wpa_supplicant(21196): AP:ssid[testin-w-07],rssi[-59],BSSID=c4:ca:d9:8d:13:a0
01-03 15:04:01.250 I/wpa_supplicant(21196): AP:ssid[testin-w-07],rssi[-71],BSSID=c4:ca:d9:99:9f:b0
01-03 15:04:01.250 I/wpa_supplicant(21196): AP:ssid[testin-w-01],rssi[-75],BSSID=0c:da:41:0b:11:60
01-03 15:04:01.250 I/wpa_supplicant(21196): AP:ssid[testin-w-04],rssi[-57],BSSID=c4:ca:d9:8c:e7:50
01-03 15:04:01.250 I/wpa_supplicant(21196): AP:ssid[Connectify-xiong],rssi[-50],BSSID=e0:06:e6:cd:d9:93
01-03 15:04:01.250 I/wpa_supplicant(21196): AP:ssid[testin-w-03],rssi[-75],BSSID=c4:ca:d9:8c:e5:e0
01-03 15:04:01.250 I/wpa_supplicant(21196): Received 4524 bytes of scan results (20 BSSes)
01-03 15:04:01.250 I/wpa_supplicant(21196): wpa_driver_wext_get_scan_results---
01-03 15:04:01.250 I/wpa_supplicant(21196): wpa_disabled_ssid_list_clear
01-03 15:04:01.250 I/wpa_supplicant(21196): Check WiFi offload status: wpa_s->vh_wifi_to_mobile:-1 ,wpa_s->vh_user_connect:0
01-03 15:04:01.250 I/wpa_supplicant(21196): No suitable AP found.
01-03 15:04:01.250 I/wpa_supplicant(21196): CTRL-EVENT-STATE-CHANGE id=-1 state=1 BSSID=00:00:00:00:00:00
01-03 15:04:01.260 V/WifiMonitor(  132): Event [wpa_disabled_ssid_list_clear]
01-03 15:04:01.260 V/WifiMonitor(  132): Event [CTRL-EVENT-STATE-CHANGE id=-1 state=1 BSSID=00:00:00:00:00:00]
01-03 15:04:01.260 V/WifiStateTracker(  132): Changing supplicant state: SCANNING ==> INACTIVE
01-03 15:04:01.260 D/ConnectivityService(  132): Dropping ConnectivityChange for WIFI: DISCONNECTED/IDLE
01-03 15:04:01.530 D/dalvikvm(21602): GC_CONCURRENT freed 588K, 50% free 3126K/6151K, external 0K/0K, paused 8ms+13ms
01-03 15:04:01.610 W/AudioService(  132): stream: 3 was already muted by this client
01-03 15:04:02.620 W/AudioService(  132): stream: 3 was already muted by this client
01-03 15:04:03.420 I/TestinExternalLog(  468): CPU>>>> User 38%, System 47%, IOW 0%, IRQ 0%, com.giant.brizzle(21602):50%
01-03 15:04:03.640 W/AudioService(  132): stream: 3 was already muted by this client
01-03 15:04:04.280 I/TestinExternalLog(  468): Battery>>>> Temperature 39.3
01-03 15:04:04.640 W/AudioService(  132): stream: 3 was already muted by this client
01-03 15:04:05.680 W/AudioService(  132): stream: 3 was already muted by this client
01-03 15:04:05.820 D/AndroidRuntime(21734):
01-03 15:04:05.820 D/AndroidRuntime(21734): >>>>>> AndroidRuntime START com.android.internal.os.RuntimeInit <<<<<<
01-03 15:04:05.830 D/AndroidRuntime(21734): CheckJNI is OFF
01-03 15:04:06.630 D/MediaPlayer(21602): handleMessage:MEDIA_SEEK_COMPLETE
01-03 15:04:06.870 D/AndroidRuntime(21734): Calling main entry com.android.commands.am.Am
01-03 15:04:07.080 D/dalvikvm(  468): GC_EXPLICIT freed 389K, 53% free 2894K/6151K, external 0K/0K, paused 447ms
01-03 15:04:07.100 W/AudioService(  132): stream: 3 was already muted by this client
01-03 15:04:07.110 I/iTestin (  468): recv broadcast>>>itestin.service.CMD_LOG
01-03 15:04:07.120 D/AndroidRuntime(21734): Shutting down VM
01-03 15:04:07.130 I/TestinExternalLog(  468): <<<<<<< Capturing image (11) >>>>>>>
01-03 15:04:07.140 I/AndroidRuntime(21734): NOTE: attach of thread 'Binder Thread #3' failed
01-03 15:04:07.150 D/dalvikvm(21734): GC_CONCURRENT freed 104K, 65% free 359K/1024K, external 0K/0K, paused 1ms+1ms
01-03 15:04:07.160 D/jdwp    (21734): adbd disconnected
01-03 15:04:07.330 I/TestinExternalLog(  468): NetFlow>>>> UpFlow 46404, DownFlow 10976, TotalFlow 57380
01-03 15:04:07.920 D/dalvikvm(21602): GC_CONCURRENT freed 617K, 51% free 3020K/6151K, external 0K/0K, paused 10ms+8ms
01-03 15:04:08.180 W/AudioService(  132): stream: 3 was already muted by this client
01-03 15:04:08.250 D/dalvikvm(21602): GC_CONCURRENT freed 378K, 51% free 3075K/6151K, external 0K/0K, paused 4ms+18ms
01-03 15:04:08.610 I/TestinExternalLog(  468): Mem>>>> Avalable:178464KB, com.giant.brizzle(21602) used:26407KB
01-03 15:04:09.210 W/AudioService(  132): stream: 3 was already muted by this client
01-03 15:04:09.280 I/TestinExternalLog(  468): Battery>>>> Temperature 39.3
01-03 15:04:10.210 W/AudioService(  132): stream: 3 was already muted by this client
01-03 15:04:11.220 W/AudioService(  132): stream: 3 was already muted by this client
01-03 15:04:12.340 W/AudioService(  132): stream: 3 was already muted by this client
01-03 15:04:13.410 D/AndroidRuntime(21746):
01-03 15:04:13.410 D/AndroidRuntime(21746): >>>>>> AndroidRuntime START com.android.internal.os.RuntimeInit <<<<<<
01-03 15:04:13.420 D/AndroidRuntime(21746): CheckJNI is OFF
01-03 15:04:13.540 W/AudioService(  132): stream: 3 was already muted by this client
01-03 15:04:14.300 I/TestinExternalLog(  468): Battery>>>> Temperature 39.3
01-03 15:04:14.360 D/AndroidRuntime(21746): Calling main entry com.android.commands.am.Am
01-03 15:04:14.450 I/iTestin (  468): recv broadcast>>>itestin.service.CMD_LOG
01-03 15:04:14.450 D/AndroidRuntime(21746): Shutting down VM
01-03 15:04:14.460 I/TestinExternalLog(  468): <<<<<<< Capturing image (12) >>>>>>>
01-03 15:04:14.470 I/AndroidRuntime(21746): NOTE: attach of thread 'Binder Thread #3' failed
01-03 15:04:14.500 D/dalvikvm(21746): GC_CONCURRENT freed 104K, 65% free 359K/1024K, external 0K/0K, paused 1ms+1ms
01-03 15:04:14.500 D/jdwp    (21746): adbd disconnected
01-03 15:04:14.590 W/AudioService(  132): stream: 3 was already muted by this client
01-03 15:04:14.830 I/TestinExternalLog(  468): NetFlow>>>> UpFlow 46404, DownFlow 10976, TotalFlow 57380
01-03 15:04:15.060 D/dalvikvm(22594): GC_EXPLICIT freed 133K, 44% free 3709K/6535K, external 46K/521K, paused 2931ms
01-03 15:04:15.510 D/dalvikvm(21602): GC_CONCURRENT freed 436K, 49% free 3150K/6151K, external 0K/0K, paused 5ms+22ms
01-03 15:04:15.590 D/dalvikvm(  468): GC_CONCURRENT freed 331K, 52% free 2965K/6151K, external 0K/0K, paused 22ms+113ms
01-03 15:04:15.690 W/AudioService(  132): stream: 3 was already muted by this client
01-03 15:04:16.370 I/wpa_supplicant(21196): CTRL-EVENT-STATE-CHANGE id=-1 state=2 BSSID=00:00:00:00:00:00
01-03 15:04:16.370 V/WifiMonitor(  132): Event [CTRL-EVENT-STATE-CHANGE id=-1 state=2 BSSID=00:00:00:00:00:00]
01-03 15:04:16.380 V/WifiStateTracker(  132): Changing supplicant state: INACTIVE ==> SCANNING
01-03 15:04:16.390 D/ConnectivityService(  132): Dropping ConnectivityChange for WIFI: DISCONNECTED/SCANNING
01-03 15:04:16.690 W/AudioService(  132): stream: 3 was already muted by this client
01-03 15:04:17.520 I/wpa_supplicant(21196): got scan complete
01-03 15:04:17.520 I/wpa_supplicant(21196): wpa_supplicant_get_scan_results:return scan results2
01-03 15:04:17.520 I/wpa_supplicant(21196): AP:ssid[testin-w-02],rssi[-73],BSSID=c4:ca:d9:8c:d4:c0
01-03 15:04:17.520 I/wpa_supplicant(21196): AP:ssid[Connectify-xiong],rssi[-54],BSSID=e0:06:e6:cd:d9:93
01-03 15:04:17.520 I/wpa_supplicant(21196): AP:ssid[testin],rssi[-49],BSSID=d8:24:bd:76:04:a0
01-03 15:04:17.520 I/wpa_supplicant(21196): AP:ssid[testin-w-05],rssi[-32],BSSID=c4:ca:d9:8c:9d:c0
01-03 15:04:17.520 I/wpa_supplicant(21196): AP:ssid[testin-w-07],rssi[-54],BSSID=c4:ca:d9:8d:07:b0
01-03 15:04:17.520 I/wpa_supplicant(21196): AP:ssid[testin-w-05],rssi[-60],BSSID=c4:ca:d9:8c:9d:e0
01-03 15:04:17.520 I/wpa_supplicant(21196): AP:ssid[testin-w-04],rssi[-48],BSSID=c4:ca:d9:8c:99:20
01-03 15:04:17.520 I/wpa_supplicant(21196): AP:ssid[ludashi-70],rssi[-54],BSSID=f8:2f:a8:f7:cd:d1
01-03 15:04:17.520 I/wpa_supplicant(21196): AP:ssid[testin-w-05],rssi[-50],BSSID=c4:ca:d9:8c:9c:10
01-03 15:04:17.520 I/wpa_supplicant(21196): AP:ssid[testin-w-06],rssi[-56],BSSID=c4:ca:d9:8d:07:10
01-03 15:04:17.520 I/wpa_supplicant(21196): AP:ssid[testin-w-07],rssi[-58],BSSID=c4:ca:d9:8d:07:70
01-03 15:04:17.520 I/wpa_supplicant(21196): AP:ssid[Netelite_superwifi],rssi[-57],BSSID=d8:67:d9:c2:ee:f8
01-03 15:04:17.520 I/wpa_supplicant(21196): AP:ssid[testin-w-06],rssi[-53],BSSID=c4:ca:d9:8c:9d:f0
01-03 15:04:17.520 I/wpa_supplicant(21196): AP:ssid[testin-w-01],rssi[-75],BSSID=0c:da:41:0b:11:60
01-03 15:04:17.520 I/wpa_supplicant(21196): AP:ssid[testin-w-07],rssi[-68],BSSID=c4:ca:d9:99:9f:b0
01-03 15:04:17.520 I/wpa_supplicant(21196): AP:ssid[testin-w-07],rssi[-64],BSSID=c4:ca:d9:8d:13:a0
01-03 15:04:17.520 I/wpa_supplicant(21196): AP:ssid[testin-w-04],rssi[-53],BSSID=c4:ca:d9:8c:e7:50
01-03 15:04:17.520 I/wpa_supplicant(21196): Received 3729 bytes of scan results (17 BSSes)
01-03 15:04:17.520 I/wpa_supplicant(21196): wpa_driver_wext_get_scan_results---
01-03 15:04:17.520 I/wpa_supplicant(21196): wpa_disabled_ssid_list_clear
01-03 15:04:17.520 I/wpa_supplicant(21196): Check WiFi offload status: wpa_s->vh_wifi_to_mobile:-1 ,wpa_s->vh_user_connect:0
01-03 15:04:17.520 I/wpa_supplicant(21196): No suitable AP found.
01-03 15:04:17.530 I/wpa_supplicant(21196): CTRL-EVENT-STATE-CHANGE id=-1 state=1 BSSID=00:00:00:00:00:00
01-03 15:04:17.530 V/WifiMonitor(  132): Event [wpa_disabled_ssid_list_clear]
01-03 15:04:17.530 V/WifiMonitor(  132): Event [CTRL-EVENT-STATE-CHANGE id=-1 state=1 BSSID=00:00:00:00:00:00]
01-03 15:04:17.530 V/WifiStateTracker(  132): Changing supplicant state: SCANNING ==> INACTIVE
01-03 15:04:17.540 D/ConnectivityService(  132): Dropping ConnectivityChange for WIFI: DISCONNECTED/IDLE
01-03 15:04:17.700 W/AudioService(  132): stream: 3 was already muted by this client
01-03 15:04:17.920 I/TestinExternalLog(  468): CPU>>>> User 35%, System 42%, IOW 0%, IRQ 0%, com.giant.brizzle(21602):71%
01-03 15:04:18.740 W/AudioService(  132): stream: 3 was already muted by this client
01-03 15:04:19.320 I/TestinExternalLog(  468): Battery>>>> Temperature 39.3
01-03 15:04:19.720 D/AndroidRuntime(21757):
01-03 15:04:19.720 D/AndroidRuntime(21757): >>>>>> AndroidRuntime START com.android.internal.os.RuntimeInit <<<<<<
01-03 15:04:19.730 D/AndroidRuntime(21757): CheckJNI is OFF
01-03 15:04:19.820 W/AudioService(  132): stream: 3 was already muted by this client
01-03 15:04:20.740 D/AndroidRuntime(21757): Calling main entry com.android.commands.am.Am
01-03 15:04:20.880 I/iTestin (  468): recv broadcast>>>itestin.service.CMD_LOG
01-03 15:04:20.880 W/AudioService(  132): stream: 3 was already muted by this client
01-03 15:04:20.890 D/AndroidRuntime(21757): Shutting down VM
01-03 15:04:20.900 I/TestinExternalLog(  468): <<<<<<< Capturing image (13) >>>>>>>
01-03 15:04:20.900 I/AndroidRuntime(21757): NOTE: attach of thread 'Binder Thread #3' failed
01-03 15:04:20.920 D/dalvikvm(21757): GC_CONCURRENT freed 104K, 65% free 359K/1024K, external 0K/0K, paused 1ms+1ms
01-03 15:04:20.930 D/jdwp    (21757): adbd disconnected
01-03 15:04:21.090 I/TestinExternalLog(  468): NetFlow>>>> UpFlow 46404, DownFlow 10976, TotalFlow 57380
01-03 15:04:21.450 D/MediaPlayer(21602): handleMessage:MEDIA_SEEK_COMPLETE
01-03 15:04:21.870 D/dalvikvm(21602): GC_CONCURRENT freed 561K, 50% free 3101K/6151K, external 0K/0K, paused 4ms+18ms
01-03 15:04:21.900 D/cocos2d-x debug info(21602): touch mask layer
01-03 15:04:21.930 W/AudioService(  132): stream: 3 was already muted by this client
01-03 15:04:22.940 W/AudioService(  132): stream: 3 was already muted by this client
01-03 15:04:23.110 I/TestinExternalLog(  468): Mem>>>> Avalable:178524KB, com.giant.brizzle(21602) used:26235KB
01-03 15:04:23.600 D/dalvikvm(  468): GC_CONCURRENT freed 443K, 53% free 2912K/6151K, external 0K/0K, paused 18ms+34ms
01-03 15:04:23.960 W/AudioService(  132): stream: 3 was already muted by this client
01-03 15:04:24.350 I/TestinExternalLog(  468): Battery>>>> Temperature 39.3
01-03 15:04:24.970 W/AudioService(  132): stream: 3 was already muted by this client
01-03 15:04:26.080 W/AudioService(  132): stream: 3 was already muted by this client
01-03 15:04:26.110 D/AndroidRuntime(21769):
01-03 15:04:26.110 D/AndroidRuntime(21769): >>>>>> AndroidRuntime START com.android.internal.os.RuntimeInit <<<<<<
01-03 15:04:26.110 D/AndroidRuntime(21769): CheckJNI is OFF
01-03 15:04:27.150 D/AndroidRuntime(21769): Calling main entry com.android.commands.am.Am
01-03 15:04:27.220 W/AudioService(  132): stream: 3 was already muted by this client
01-03 15:04:27.250 I/iTestin (  468): recv broadcast>>>itestin.service.CMD_LOG
01-03 15:04:27.250 I/TestinExternalLog(  468): <<<<<<< Capturing image (14) >>>>>>>
01-03 15:04:27.270 D/AndroidRuntime(21769): Shutting down VM
01-03 15:04:27.270 I/AndroidRuntime(21769): NOTE: attach of thread 'Binder Thread #3' failed
01-03 15:04:27.280 D/dalvikvm(21769): GC_CONCURRENT freed 104K, 65% free 359K/1024K, external 0K/0K, paused 1ms+2ms
01-03 15:04:27.290 D/jdwp    (21769): adbd disconnected
01-03 15:04:27.470 I/TestinExternalLog(  468): NetFlow>>>> UpFlow 46404, DownFlow 10976, TotalFlow 57380
01-03 15:04:28.260 D/dalvikvm(21602): GC_CONCURRENT freed 493K, 50% free 3120K/6151K, external 0K/0K, paused 5ms+22ms
01-03 15:04:28.330 W/AudioService(  132): stream: 3 was already muted by this client
01-03 15:04:29.350 W/AudioService(  132): stream: 3 was already muted by this client
01-03 15:04:29.370 I/TestinExternalLog(  468): Battery>>>> Temperature 39.3
01-03 15:04:30.060 I/TestinExternalLog(  468): CPU>>>> User 44%, System 47%, IOW 0%, IRQ 0%, com.giant.brizzle(21602):38%
01-03 15:04:30.350 W/AudioService(  132): stream: 3 was already muted by this client
01-03 15:04:31.350 W/AudioService(  132): stream: 3 was already muted by this client
01-03 15:04:32.430 D/AndroidRuntime(21780):
01-03 15:04:32.430 D/AndroidRuntime(21780): >>>>>> AndroidRuntime START com.android.internal.os.RuntimeInit <<<<<<
01-03 15:04:32.440 D/AndroidRuntime(21780): CheckJNI is OFF
01-03 15:04:32.460 W/AudioService(  132): stream: 3 was already muted by this client
01-03 15:04:32.650 I/wpa_supplicant(21196): CTRL-EVENT-STATE-CHANGE id=-1 state=2 BSSID=00:00:00:00:00:00
01-03 15:04:32.650 V/WifiMonitor(  132): Event [CTRL-EVENT-STATE-CHANGE id=-1 state=2 BSSID=00:00:00:00:00:00]
01-03 15:04:32.650 V/WifiStateTracker(  132): Changing supplicant state: INACTIVE ==> SCANNING
01-03 15:04:32.660 D/ConnectivityService(  132): Dropping ConnectivityChange for WIFI: DISCONNECTED/SCANNING
01-03 15:04:33.490 D/AndroidRuntime(21780): Calling main entry com.android.commands.am.Am
01-03 15:04:33.540 W/AudioService(  132): stream: 3 was already muted by this client
01-03 15:04:33.580 I/iTestin (  468): recv broadcast>>>itestin.service.CMD_LOG
01-03 15:04:33.590 D/AndroidRuntime(21780): Shutting down VM
01-03 15:04:33.600 I/TestinExternalLog(  468): <<<<<<< Capturing image (15) >>>>>>>
01-03 15:04:33.600 I/AndroidRuntime(21780): NOTE: attach of thread 'Binder Thread #3' failed
01-03 15:04:33.620 D/dalvikvm(21780): GC_CONCURRENT freed 104K, 65% free 359K/1024K, external 0K/0K, paused 1ms+1ms
01-03 15:04:33.630 D/jdwp    (21780): adbd disconnected
01-03 15:04:33.840 I/wpa_supplicant(21196): got scan complete
01-03 15:04:33.840 I/wpa_supplicant(21196): wpa_supplicant_get_scan_results:return scan results2
01-03 15:04:33.840 I/wpa_supplicant(21196): AP:ssid[Connectify-xiong],rssi[-54],BSSID=e0:06:e6:cd:d9:93
01-03 15:04:33.840 I/wpa_supplicant(21196): AP:ssid[testin-w-05],rssi[-31],BSSID=c4:ca:d9:8c:9d:c0
01-03 15:04:33.840 I/wpa_supplicant(21196): AP:ssid[testin-w-04],rssi[-55],BSSID=c4:ca:d9:8c:e7:50
01-03 15:04:33.840 I/wpa_supplicant(21196): AP:ssid[testin-w-07],rssi[-54],BSSID=c4:ca:d9:8d:07:b0
01-03 15:04:33.850 I/wpa_supplicant(21196): AP:ssid[testin],rssi[-55],BSSID=d8:24:bd:76:04:a0
01-03 15:04:33.850 I/wpa_supplicant(21196): AP:ssid[testin-w-04],rssi[-49],BSSID=c4:ca:d9:8c:99:20
01-03 15:04:33.850 I/wpa_supplicant(21196): AP:ssid[testin-w-02],rssi[-72],BSSID=c4:ca:d9:8c:d4:c0
01-03 15:04:33.850 I/wpa_supplicant(21196): AP:ssid[testin-w-05],rssi[-61],BSSID=c4:ca:d9:8c:9d:e0
01-03 15:04:33.850 I/wpa_supplicant(21196): AP:ssid[ludashi-70],rssi[-53],BSSID=f8:2f:a8:f7:cd:d1
01-03 15:04:33.850 I/wpa_supplicant(21196): AP:ssid[testin-w-05],rssi[-48],BSSID=c4:ca:d9:8c:9c:10
01-03 15:04:33.850 I/wpa_supplicant(21196): AP:ssid[Netelite_superwifi],rssi[-59],BSSID=d8:67:d9:c2:ee:f8
01-03 15:04:33.850 I/wpa_supplicant(21196): AP:ssid[Netelite_visitwifi],rssi[-59],BSSID=d8:67:d9:c2:ee:f9
01-03 15:04:33.850 I/wpa_supplicant(21196): AP:ssid[testin-w-06],rssi[-55],BSSID=c4:ca:d9:8d:07:10
01-03 15:04:33.850 I/wpa_supplicant(21196): AP:ssid[testin-w-07],rssi[-59],BSSID=c4:ca:d9:8d:07:70
01-03 15:04:33.850 I/wpa_supplicant(21196): AP:ssid[testin-w-07],rssi[-71],BSSID=c4:ca:d9:99:bc:60
01-03 15:04:33.850 I/wpa_supplicant(21196): AP:ssid[testin-w-07],rssi[-70],BSSID=c4:ca:d9:99:9f:b0
01-03 15:04:33.850 I/wpa_supplicant(21196): AP:ssid[testin-w-01],rssi[-72],BSSID=0c:da:41:0b:11:60
01-03 15:04:33.850 I/wpa_supplicant(21196): AP:ssid[testin-w-07],rssi[-62],BSSID=c4:ca:d9:8d:13:a0
01-03 15:04:33.850 I/wpa_supplicant(21196): Received 4114 bytes of scan results (18 BSSes)
01-03 15:04:33.850 I/wpa_supplicant(21196): wpa_driver_wext_get_scan_results---
01-03 15:04:33.850 I/wpa_supplicant(21196): wpa_disabled_ssid_list_clear
01-03 15:04:33.860 I/wpa_supplicant(21196): Check WiFi offload status: wpa_s->vh_wifi_to_mobile:-1 ,wpa_s->vh_user_connect:0
01-03 15:04:33.860 I/wpa_supplicant(21196): No suitable AP found.
01-03 15:04:33.860 I/wpa_supplicant(21196): CTRL-EVENT-STATE-CHANGE id=-1 state=1 BSSID=00:00:00:00:00:00
01-03 15:04:33.860 V/WifiMonitor(  132): Event [wpa_disabled_ssid_list_clear]
01-03 15:04:33.860 V/WifiMonitor(  132): Event [CTRL-EVENT-STATE-CHANGE id=-1 state=1 BSSID=00:00:00:00:00:00]
01-03 15:04:33.860 V/WifiStateTracker(  132): Changing supplicant state: SCANNING ==> INACTIVE
01-03 15:04:33.870 D/ConnectivityService(  132): Dropping ConnectivityChange for WIFI: DISCONNECTED/IDLE
01-03 15:04:33.960 D/dalvikvm(  468): GC_CONCURRENT freed 388K, 51% free 3036K/6151K, external 0K/0K, paused 264ms+27ms
01-03 15:04:33.980 I/TestinExternalLog(  468): NetFlow>>>> UpFlow 46404, DownFlow 10976, TotalFlow 57380
01-03 15:04:34.390 I/TestinExternalLog(  468): Battery>>>> Temperature 39.3
01-03 15:04:34.600 W/AudioService(  132): stream: 3 was already muted by this client
01-03 15:04:34.630 D/dalvikvm(21602): GC_CONCURRENT freed 516K, 50% free 3115K/6151K, external 0K/0K, paused 6ms+19ms
01-03 15:04:35.240 I/TestinExternalLog(  468): Mem>>>> Avalable:178440KB, com.giant.brizzle(21602) used:26135KB
01-03 15:04:35.620 W/AudioService(  132): stream: 3 was already muted by this client
01-03 15:04:36.240 D/MediaPlayer(21602): handleMessage:MEDIA_SEEK_COMPLETE
01-03 15:04:36.630 W/AudioService(  132): stream: 3 was already muted by this client
01-03 15:04:37.640 W/AudioService(  132): stream: 3 was already muted by this client
01-03 15:04:38.640 W/AudioService(  132): stream: 3 was already muted by this client
01-03 15:04:40.050 D/AndroidRuntime(21792):
01-03 15:04:40.050 D/AndroidRuntime(21792): >>>>>> AndroidRuntime START com.android.internal.os.RuntimeInit <<<<<<
01-03 15:04:40.050 D/AndroidRuntime(21792): CheckJNI is OFF
01-03 15:04:41.000 D/AndroidRuntime(21792): Calling main entry com.android.commands.am.Am
01-03 15:04:41.070 I/TestinExternalLog(  468): Battery>>>> Temperature 39.3
01-03 15:04:41.070 W/AudioService(  132): stream: 3 was already muted by this client
01-03 15:04:41.090 I/iTestin (  468): recv broadcast>>>itestin.service.CMD_LOG
01-03 15:04:41.090 D/AndroidRuntime(21792): Shutting down VM
01-03 15:04:41.100 I/TestinExternalLog(  468): <<<<<<< Capturing image (16) >>>>>>>
01-03 15:04:41.110 I/AndroidRuntime(21792): NOTE: attach of thread 'Binder Thread #3' failed
01-03 15:04:41.120 D/dalvikvm(21792): GC_CONCURRENT freed 104K, 65% free 359K/1024K, external 0K/0K, paused 1ms+1ms
01-03 15:04:41.130 D/jdwp    (21792): adbd disconnected
01-03 15:04:41.440 I/TestinExternalLog(  468): NetFlow>>>> UpFlow 46404, DownFlow 10976, TotalFlow 57380
01-03 15:04:42.080 D/dalvikvm(21602): GC_CONCURRENT freed 461K, 49% free 3165K/6151K, external 0K/0K, paused 5ms+16ms
01-03 15:04:42.150 W/AudioService(  132): stream: 3 was already muted by this client
01-03 15:04:43.170 W/AudioService(  132): stream: 3 was already muted by this client
01-03 15:04:44.020 D/dalvikvm(  468): GC_CONCURRENT freed 526K, 53% free 2909K/6151K, external 0K/0K, paused 8ms+29ms
01-03 15:04:44.150 I/TestinExternalLog(  468): CPU>>>> User 29%, System 48%, IOW 0%, IRQ 0%, com.giant.brizzle(21602):59%
01-03 15:04:44.190 W/AudioService(  132): stream: 3 was already muted by this client
01-03 15:04:45.200 W/AudioService(  132): stream: 3 was already muted by this client
01-03 15:04:46.070 I/TestinExternalLog(  468): Battery>>>> Temperature 39.3
01-03 15:04:46.290 W/AudioService(  132): stream: 3 was already muted by this client
01-03 15:04:46.370 D/AndroidRuntime(21803):
01-03 15:04:46.370 D/AndroidRuntime(21803): >>>>>> AndroidRuntime START com.android.internal.os.RuntimeInit <<<<<<
01-03 15:04:46.370 D/AndroidRuntime(21803): CheckJNI is OFF
01-03 15:04:47.420 D/AndroidRuntime(21803): Calling main entry com.android.commands.am.Am
01-03 15:04:47.470 W/AudioService(  132): stream: 3 was already muted by this client
01-03 15:04:47.500 I/iTestin (  468): recv broadcast>>>itestin.service.CMD_LOG
01-03 15:04:47.510 D/AndroidRuntime(21803): Shutting down VM
01-03 15:04:47.510 I/TestinExternalLog(  468): <<<<<<< Capturing image (17) >>>>>>>
01-03 15:04:47.520 I/AndroidRuntime(21803): NOTE: attach of thread 'Binder Thread #3' failed
01-03 15:04:47.550 D/dalvikvm(21803): GC_CONCURRENT freed 104K, 65% free 359K/1024K, external 0K/0K, paused 1ms+1ms
01-03 15:04:47.560 D/jdwp    (21803): adbd disconnected
01-03 15:04:47.630 I/TestinExternalLog(  468): NetFlow>>>> UpFlow 46404, DownFlow 10976, TotalFlow 57380
01-03 15:04:48.470 D/dalvikvm(21602): GC_CONCURRENT freed 515K, 49% free 3161K/6151K, external 0K/0K, paused 12ms+17ms
01-03 15:04:48.530 W/AudioService(  132): stream: 3 was already muted by this client
01-03 15:04:48.980 I/wpa_supplicant(21196): CTRL-EVENT-STATE-CHANGE id=-1 state=2 BSSID=00:00:00:00:00:00
01-03 15:04:48.980 V/WifiMonitor(  132): Event [CTRL-EVENT-STATE-CHANGE id=-1 state=2 BSSID=00:00:00:00:00:00]
01-03 15:04:48.980 V/WifiStateTracker(  132): Changing supplicant state: INACTIVE ==> SCANNING
01-03 15:04:48.990 D/ConnectivityService(  132): Dropping ConnectivityChange for WIFI: DISCONNECTED/SCANNING
01-03 15:04:49.320 I/TestinExternalLog(  468): Mem>>>> Avalable:178880KB, com.giant.brizzle(21602) used:26060KB
01-03 15:04:49.510 D/cocos2d-x debug info(21602): touch mask layer
01-03 15:04:49.530 W/AudioService(  132): stream: 3 was already muted by this client
01-03 15:04:50.100 I/wpa_supplicant(21196): got scan complete
01-03 15:04:50.100 I/wpa_supplicant(21196): wpa_supplicant_get_scan_results:return scan results2
01-03 15:04:50.100 I/wpa_supplicant(21196): AP:ssid[Connectify-xiong],rssi[-57],BSSID=e0:06:e6:cd:d9:93
01-03 15:04:50.100 I/wpa_supplicant(21196): AP:ssid[testin-w-04],rssi[-55],BSSID=c4:ca:d9:8c:e7:50
01-03 15:04:50.100 I/wpa_supplicant(21196): AP:ssid[testin-w-05],rssi[-31],BSSID=c4:ca:d9:8c:9d:c0
01-03 15:04:50.100 I/wpa_supplicant(21196): AP:ssid[testin-w-07],rssi[-53],BSSID=c4:ca:d9:8d:07:b0
01-03 15:04:50.100 I/wpa_supplicant(21196): AP:ssid[testin],rssi[-48],BSSID=d8:24:bd:76:04:a0
01-03 15:04:50.100 I/wpa_supplicant(21196): AP:ssid[testin-w-04],rssi[-49],BSSID=c4:ca:d9:8c:99:20
01-03 15:04:50.100 I/wpa_supplicant(21196): AP:ssid[ludashi-70],rssi[-55],BSSID=f8:2f:a8:f7:cd:d1
01-03 15:04:50.100 I/wpa_supplicant(21196): AP:ssid[Netelite_superwifi],rssi[-59],BSSID=d8:67:d9:c2:ee:f8
01-03 15:04:50.100 I/wpa_supplicant(21196): AP:ssid[Netelite_visitwifi],rssi[-58],BSSID=d8:67:d9:c2:ee:f9
01-03 15:04:50.100 I/wpa_supplicant(21196): AP:ssid[testin-w-05],rssi[-49],BSSID=c4:ca:d9:8c:9c:10
01-03 15:04:50.100 I/wpa_supplicant(21196): AP:ssid[testin-w-06],rssi[-57],BSSID=c4:ca:d9:8d:07:10
01-03 15:04:50.100 I/wpa_supplicant(21196): AP:ssid[testin-w-07],rssi[-60],BSSID=c4:ca:d9:8d:07:70
01-03 15:04:50.100 I/wpa_supplicant(21196): AP:ssid[testin-w-01],rssi[-72],BSSID=0c:da:41:0b:11:60
01-03 15:04:50.100 I/wpa_supplicant(21196): AP:ssid[testin-w-06],rssi[-55],BSSID=c4:ca:d9:8c:9d:f0
01-03 15:04:50.100 I/wpa_supplicant(21196): AP:ssid[testin-w-07],rssi[-71],BSSID=c4:ca:d9:99:9f:b0
01-03 15:04:50.100 I/wpa_supplicant(21196): AP:ssid[testin-w-02],rssi[-80],BSSID=0c:da:41:0b:10:00
01-03 15:04:50.100 I/wpa_supplicant(21196): Received 3573 bytes of scan results (16 BSSes)
01-03 15:04:50.100 I/wpa_supplicant(21196): wpa_driver_wext_get_scan_results---
01-03 15:04:50.100 I/wpa_supplicant(21196): wpa_disabled_ssid_list_clear
01-03 15:04:50.100 I/wpa_supplicant(21196): Check WiFi offload status: wpa_s->vh_wifi_to_mobile:-1 ,wpa_s->vh_user_connect:0
01-03 15:04:50.100 I/wpa_supplicant(21196): No suitable AP found.
01-03 15:04:50.100 I/wpa_supplicant(21196): CTRL-EVENT-STATE-CHANGE id=-1 state=1 BSSID=00:00:00:00:00:00
01-03 15:04:50.110 V/WifiMonitor(  132): Event [wpa_disabled_ssid_list_clear]
01-03 15:04:50.110 V/WifiMonitor(  132): Event [CTRL-EVENT-STATE-CHANGE id=-1 state=1 BSSID=00:00:00:00:00:00]
01-03 15:04:50.110 V/WifiStateTracker(  132): Changing supplicant state: SCANNING ==> INACTIVE
01-03 15:04:50.120 D/ConnectivityService(  132): Dropping ConnectivityChange for WIFI: DISCONNECTED/IDLE
01-03 15:04:50.530 W/AudioService(  132): stream: 3 was already muted by this client
01-03 15:04:51.020 D/MediaPlayer(21602): handleMessage:MEDIA_SEEK_COMPLETE
01-03 15:04:51.090 I/TestinExternalLog(  468): Battery>>>> Temperature 39.3
01-03 15:04:51.550 W/AudioService(  132): stream: 3 was already muted by this client
01-03 15:04:52.550 W/AudioService(  132): stream: 3 was already muted by this client
01-03 15:04:53.710 W/AudioService(  132): stream: 3 was already muted by this client
01-03 15:04:53.780 D/AndroidRuntime(21815):
01-03 15:04:53.780 D/AndroidRuntime(21815): >>>>>> AndroidRuntime START com.android.internal.os.RuntimeInit <<<<<<
01-03 15:04:53.780 D/AndroidRuntime(21815): CheckJNI is OFF
01-03 15:04:54.790 D/AndroidRuntime(21815): Calling main entry com.android.commands.am.Am
01-03 15:04:54.870 W/AudioService(  132): stream: 3 was already muted by this client
01-03 15:04:54.880 I/iTestin (  468): recv broadcast>>>itestin.service.CMD_LOG
01-03 15:04:54.900 D/AndroidRuntime(21815): Shutting down VM
01-03 15:04:54.900 I/TestinExternalLog(  468): <<<<<<< Capturing image (18) >>>>>>>
01-03 15:04:54.910 I/AndroidRuntime(21815): NOTE: attach of thread 'Binder Thread #3' failed
01-03 15:04:54.920 D/dalvikvm(21815): GC_CONCURRENT freed 104K, 65% free 359K/1024K, external 0K/0K, paused 3ms+8ms
01-03 15:04:54.920 D/jdwp    (21815): adbd disconnected
01-03 15:04:55.230 I/TestinExternalLog(  468): NetFlow>>>> UpFlow 46404, DownFlow 10976, TotalFlow 57380
01-03 15:04:55.580 D/dalvikvm(  468): GC_CONCURRENT freed 366K, 52% free 2970K/6151K, external 0K/0K, paused 24ms+46ms
01-03 15:04:55.890 D/dalvikvm(21602): GC_CONCURRENT freed 542K, 50% free 3131K/6151K, external 0K/0K, paused 4ms+15ms
01-03 15:04:55.950 I/DEBUG   (32313): *** *** *** *** *** *** *** *** *** *** *** *** *** *** *** ***
01-03 15:04:55.950 I/DEBUG   (32313): Build fingerprint: 'htccn_chs/htc_marvel/marvel:2.3.3/GRI40/50963:user/release-keys'
01-03 15:04:55.950 I/DEBUG   (32313): pid: 21602, tid: 21602  >>> com.giant.brizzle <<<
01-03 15:04:55.950 I/DEBUG   (32313): signal 11 (SIGSEGV), code 1 (SEGV_MAPERR), fault addr 00000020
01-03 15:04:55.950 I/DEBUG   (32313):  r0 002f33e8  r1 002f33e8  r2 0026aa20  r3 00000020
01-03 15:04:55.950 I/DEBUG   (32313):  r4 beeee398  r5 00000000  r6 4533649a  r7 42157e04
01-03 15:04:55.960 I/DEBUG   (32313):  r8 beeee378  r9 42157dfc  10 42157de8  fp beeee364
01-03 15:04:55.960 I/DEBUG   (32313):  ip 00000000  sp beeee338  lr 80aa5874  pc 80b75394  cpsr 20000010
01-03 15:04:55.960 I/DEBUG   (32313):  d0  00000000434c0000  d1  43f04000434c0000
01-03 15:04:55.960 I/DEBUG   (32313):  d2  000000003f000000  d3  000000003f000000
01-03 15:04:55.960 I/DEBUG   (32313):  d4  0000000000000000  d5  0000000000000000
01-03 15:04:55.960 I/DEBUG   (32313):  d6  0000000000000000  d7  4080000043f00000
01-03 15:04:55.960 I/DEBUG   (32313):  d8  0000000000000000  d9  0000000000000000
01-03 15:04:55.960 I/DEBUG   (32313):  d10 0000000000000000  d11 0000000000000000
01-03 15:04:55.960 I/DEBUG   (32313):  d12 0000000000000000  d13 0000000000000000
01-03 15:04:55.960 I/DEBUG   (32313):  d14 0000000000000000  d15 0000000000000000
01-03 15:04:55.960 I/DEBUG   (32313):  scr 20000012
01-03 15:04:55.960 I/DEBUG   (32313):
01-03 15:04:55.990 W/AudioService(  132): stream: 3 was already muted by this client
01-03 15:04:56.100 I/TestinExternalLog(  468): Battery>>>> Temperature 39.3
01-03 15:04:56.170 I/DEBUG   (32313):          #00  pc 00375394  /data/data/com.giant.brizzle/lib/libcocos2dcpp.so
01-03 15:04:56.170 I/DEBUG   (32313):          #01  pc 001a20d0  /data/data/com.giant.brizzle/lib/libcocos2dcpp.so
01-03 15:04:56.170 I/DEBUG   (32313):          #02  pc 00018374  /system/lib/libdvm.so
01-03 15:04:56.170 I/DEBUG   (32313):          #03  pc 00049954  /system/lib/libdvm.so
01-03 15:04:56.170 I/DEBUG   (32313):          #04  pc 0001d584  /system/lib/libdvm.so
01-03 15:04:56.170 I/DEBUG   (32313):          #05  pc 00022b8c  /system/lib/libdvm.so
01-03 15:04:56.180 I/DEBUG   (32313):          #06  pc 00021a80  /system/lib/libdvm.so
01-03 15:04:56.180 I/DEBUG   (32313):          #07  pc 0006060a  /system/lib/libdvm.so
01-03 15:04:56.180 I/DEBUG   (32313):          #08  pc 0006828e  /system/lib/libdvm.so
01-03 15:04:56.180 I/DEBUG   (32313):          #09  pc 0001d584  /system/lib/libdvm.so
01-03 15:04:56.180 I/DEBUG   (32313):          #10  pc 00022b8c  /system/lib/libdvm.so
01-03 15:04:56.190 I/DEBUG   (32313):          #11  pc 00021a80  /system/lib/libdvm.so
01-03 15:04:56.190 I/DEBUG   (32313):          #12  pc 0006045c  /system/lib/libdvm.so
01-03 15:04:56.190 I/DEBUG   (32313):          #13  pc 0004c430  /system/lib/libdvm.so
01-03 15:04:56.190 I/DEBUG   (32313):          #14  pc 000379a8  /system/lib/libandroid_runtime.so
01-03 15:04:56.200 I/DEBUG   (32313):          #15  pc 000387c6  /system/lib/libandroid_runtime.so
01-03 15:04:56.200 I/DEBUG   (32313):          #16  pc 00008ca2  /system/bin/app_process
01-03 15:04:56.200 I/DEBUG   (32313):          #17  pc 00014f24  /system/lib/libc.so
01-03 15:04:56.200 I/DEBUG   (32313):
01-03 15:04:56.200 I/DEBUG   (32313): code around pc:
01-03 15:04:56.200 I/DEBUG   (32313): 80b75374 e50b3010 ea00004f e51b301c e50b300c
01-03 15:04:56.200 I/DEBUG   (32313): 80b75384 e51b300c e3530000 0a000046 e51b300c
01-03 15:04:56.200 I/DEBUG   (32313): 80b75394 e5933000 e2833020 e5933000 e51b000c
01-03 15:04:56.200 I/DEBUG   (32313): 80b753a4 e12fff33 e1a03000 e51b0024 e1a01003
01-03 15:04:56.210 I/DEBUG   (32313): 80b753b4 ebf8adb9 e1a03000 e3530000 1a000017
01-03 15:04:56.210 I/DEBUG   (32313):
01-03 15:04:56.210 I/DEBUG   (32313): code around lr:
01-03 15:04:56.210 I/DEBUG   (32313): 80aa5854 e51b3068 e5933000 e1a00003 e51b1018
01-03 15:04:56.210 I/DEBUG   (32313): 80aa5864 eb0350f0 e51b3018 e1a00003 eb012379
01-03 15:04:56.210 I/DEBUG   (32313): 80aa5874 e24bd00c e8bd8830 e92d4810 e28db008
01-03 15:04:56.210 I/DEBUG   (32313): 80aa5884 e24dd044 e50b0040 e24b0048 e5801000
01-03 15:04:56.210 I/DEBUG   (32313): 80aa5894 e5802004 e50b304c e51b304c e3530000
01-03 15:04:56.210 I/DEBUG   (32313):
01-03 15:04:56.210 I/DEBUG   (32313): stack:
01-03 15:04:56.210 I/DEBUG   (32313):     beeee2f8  00000000
01-03 15:04:56.210 I/DEBUG   (32313):     beeee2fc  809a2efc  /data/data/com.giant.brizzle/lib/libcocos2dcpp.so
01-03 15:04:56.210 I/DEBUG   (32313):     beeee300  00000000
01-03 15:04:56.210 I/DEBUG   (32313):     beeee304  002d37a0
01-03 15:04:56.220 I/DEBUG   (32313):     beeee308  beeee324
01-03 15:04:56.220 I/DEBUG   (32313):     beeee30c  809a2ffc  /data/data/com.giant.brizzle/lib/libcocos2dcpp.so
01-03 15:04:56.220 I/DEBUG   (32313):     beeee310  00000000
01-03 15:04:56.220 I/DEBUG   (32313):     beeee314  002d37a0
01-03 15:04:56.220 I/DEBUG   (32313):     beeee318  809a2efc  /data/data/com.giant.brizzle/lib/libcocos2dcpp.so
01-03 15:04:56.220 I/DEBUG   (32313):     beeee31c  00000000
01-03 15:04:56.220 I/DEBUG   (32313):     beeee320  beeee334
01-03 15:04:56.220 I/DEBUG   (32313):     beeee324  80b759f8  /data/data/com.giant.brizzle/lib/libcocos2dcpp.so
01-03 15:04:56.220 I/DEBUG   (32313):     beeee328  00000000
01-03 15:04:56.220 I/DEBUG   (32313):     beeee32c  002ef390
01-03 15:04:56.220 I/DEBUG   (32313):     beeee330  df002777
01-03 15:04:56.220 I/DEBUG   (32313):     beeee334  e3a070ad
01-03 15:04:56.220 I/DEBUG   (32313): #00 beeee338  42f10250
01-03 15:04:56.220 I/DEBUG   (32313):     beeee33c  00000000
01-03 15:04:56.220 I/DEBUG   (32313):     beeee340  80e07b48  /data/data/com.giant.brizzle/lib/libcocos2dcpp.so
01-03 15:04:56.220 I/DEBUG   (32313):     beeee344  002c1a70
01-03 15:04:56.220 I/DEBUG   (32313):     beeee348  00000020
01-03 15:04:56.220 I/DEBUG   (32313):     beeee34c  0026aa20
01-03 15:04:56.220 I/DEBUG   (32313):     beeee350  0026abc0
01-03 15:04:56.220 I/DEBUG   (32313):     beeee354  0026aa20
01-03 15:04:56.220 I/DEBUG   (32313):     beeee358  00000020
01-03 15:04:56.220 I/DEBUG   (32313):     beeee35c  beeee398
01-03 15:04:56.230 I/DEBUG   (32313):     beeee360  beeee374
01-03 15:04:56.230 I/DEBUG   (32313):     beeee364  809a20d4  /data/data/com.giant.brizzle/lib/libcocos2dcpp.so
01-03 15:04:56.230 I/DEBUG   (32313): #01 beeee368  405374f0
01-03 15:04:56.230 I/DEBUG   (32313):     beeee36c  0000ac28
01-03 15:04:56.230 I/DEBUG   (32313):     beeee370  42f10250
01-03 15:04:56.230 I/DEBUG   (32313):     beeee374  80018378  /system/lib/libdvm.so
01-03 15:04:57.190 W/AudioService(  132): stream: 3 was already muted by this client
01-03 15:04:58.260 I/BootReceiver(  132): Copying /data/tombstones/tombstone_04 to DropBox (SYSTEM_TOMBSTONE)
01-03 15:04:58.320 D/AudioTrack(25363): Audio Track already stopped
01-03 15:04:58.320 W/AudioService(  132): stream: 3 was already muted by this client
01-03 15:04:58.320 I/ActivityManager(  132): Process com.giant.brizzle (pid 21602) has died.
01-03 15:04:58.320 I/WindowManager(  132): WIN DEATH: Window{40aeaaa8 SurfaceView paused=false}
01-03 15:04:58.360 I/WindowManager(  132): WIN DEATH: Window{40adcd20 com.giant.brizzle/com.giant.brizzle.Brizzle paused=false}
01-03 15:04:58.380 D/AndroidRuntime(21594): Shutting down VM
01-03 15:04:58.380 W/ActivityManager(  132): Crash of app com.giant.brizzle running instrumentation ComponentInfo{cn.itestin.tester/cn.itestin.tester.TestRunner}
01-03 15:04:58.390 I/AndroidRuntime(21594): NOTE: attach of thread 'Binder Thread #3' failed
01-03 15:04:58.390 I/ActivityManager(  132): Force stopping package com.giant.brizzle uid=10079
01-03 15:04:58.400 D/Zygote  (   71): Process 21602 terminated by signal (11)
01-03 15:04:58.410 E/SurfaceFlinger(  132): layer=0x4db3b0 is not in the purgatory list
01-03 15:04:58.410 E/SurfaceFlinger(  132): layer=0x534088 is not in the purgatory list
01-03 15:04:58.410 E/ActivityManager(  132): fail to set top app changed!
01-03 15:04:58.420 D/dalvikvm(21594): GC_CONCURRENT freed 109K, 68% free 332K/1024K, external 0K/0K, paused 1ms+5ms
01-03 15:04:58.420 D/jdwp    (21594): adbd disconnected
01-03 15:04:58.560 I/CarouselTimeLog( 9587): onStart() finish: 1388761498568
01-03 15:04:58.560 D/CarouselDummyActivity( 9587): CarouselDummyActivity.onResume: tab_allapps
01-03 15:04:58.560 D/Background traffic light( 9587): traffic light: RED, mBackgroundTrafficLight = true
01-03 15:04:58.570 I/HtcTipWidget( 9587): WHAT_ON_RESUME
01-03 15:04:58.580 D/William ( 9587): - refreshUsageStatCache -
01-03 15:04:58.760 D/dalvikvm(  132): GC_CONCURRENT freed 1514K, 66% free 9229K/26503K, external 600K/1200K, paused 18ms+44ms
01-03 15:04:58.790 I/ActivityManager(  132): Starting activity: Intent { act=android.intent.action.MAIN flg=0x10000000 cmp=com.giant.brizzle/.Brizzle } from pid 468
01-03 15:04:58.810 V/HtcAppUsageStats(  132): handleMessage msg=1
01-03 15:04:58.830 V/HtcAppUsageStats(  132): (launch app, package): (小鸟风暴, com.giant.brizzle)
01-03 15:04:58.920 D/InputManagerService(  132): Got RemoteException sending setActive(false) notification to pid 21602 uid 10079
01-03 15:04:58.930 W/InputManagerService(  132): [startInputLocked] Enable input method client.
01-03 15:04:59.040 D/AutoSetting(22633): service - mBroadcastReceiver: action = com.htc.content.Intent.ACTION_BACKGROUND_OP_STOP
01-03 15:04:59.110 I/[POST_RESELECT]( 9587): [spanChange] (o, oldStart, newStart, oldEnd, newEnd)=(android.text.Selection$START@40141770,-1,0,-1,0)
01-03 15:04:59.120 I/[POST_RESELECT]( 9587): [spanChange] (o, oldStart, newStart, oldEnd, newEnd)=(android.text.Selection$END@4011a168,-1,0,-1,0)
01-03 15:04:59.120 I/[POST_RESELECT]( 9587): [spanChange] (o, oldStart, newStart, oldEnd, newEnd)=(android.text.Selection$START@40141770,-1,0,-1,0)
01-03 15:04:59.130 I/[POST_RESELECT]( 9587): [spanChange] (o, oldStart, newStart, oldEnd, newEnd)=(android.text.Selection$END@4011a168,-1,0,-1,0)
01-03 15:04:59.130 D/Background traffic light( 9587): traffic light: GREEN, mBackgroundTrafficLight = false
01-03 15:04:59.140 I/HtcTipWidget( 9587): WHAT_ON_PAUSE
01-03 15:04:59.170 I/ActivityManager(  132): Start proc com.giant.brizzle for activity com.giant.brizzle/.Brizzle: pid=21827 uid=10079 gids={3003}
01-03 15:04:59.210 D/AutoSetting(22633): service - mBroadcastReceiver: action = com.htc.content.Intent.ACTION_BACKGROUND_OP_GO
01-03 15:04:59.400 D/AndroidRuntime(21826):
01-03 15:04:59.400 D/AndroidRuntime(21826): >>>>>> AndroidRuntime START com.android.internal.os.RuntimeInit <<<<<<
01-03 15:04:59.400 D/AndroidRuntime(21826): CheckJNI is OFF
01-03 15:04:59.510 I/[POST_RESELECT](21827): [spanChange] (o, oldStart, newStart, oldEnd, newEnd)=(android.text.Selection$START@40141770,-1,0,-1,0)
01-03 15:04:59.520 I/[POST_RESELECT](21827): [spanChange] (o, oldStart, newStart, oldEnd, newEnd)=(android.text.Selection$END@4011a168,-1,0,-1,0)
01-03 15:04:59.530 W/AudioService(  132): stream: 3 was already muted by this client
01-03 15:04:59.540 D/Cocos2dxActivity(21827): model=HTC A510e
01-03 15:04:59.540 D/Cocos2dxActivity(21827): product=htc_marvel
01-03 15:04:59.540 D/Cocos2dxActivity(21827): isEmulator=false
01-03 15:04:59.580 V/SoundPool-JNI(21827): android_media_SoundPool_native_setup
01-03 15:04:59.580 V/SoundPool(21827): SoundPool constructor: maxChannels=5, streamType=3, srcQuality=5
01-03 15:04:59.580 D/ATRecorder(21827): com.htc.autotest.dlib.RecordEngine in loader dalvik.system.DexClassLoader@40538ae8
01-03 15:04:59.590 V/SoundPoolThread(21827): beginThread
01-03 15:04:59.590 V/SoundPoolThread(21827): run
01-03 15:04:59.740 D/libEGL  (21827): loaded /system/lib/egl/libGLES_android.so
01-03 15:04:59.760 I/ActivityManager(  132): Displayed com.giant.brizzle/.Brizzle: +599ms
01-03 15:04:59.770 W/InputManagerService(  132): [unbindCurrentClientLocked] Disable input method client.
01-03 15:04:59.780 W/InputManagerService(  132): [startInputLocked] Enable input method client.
01-03 15:04:59.810 D/libEGL  (21827): loaded /system/lib/egl/libEGL_adreno200.so
01-03 15:04:59.870 D/libEGL  (21827): loaded /system/lib/egl/libGLESv1_CM_adreno200.so
01-03 15:04:59.870 D/libEGL  (21827): loaded /system/lib/egl/libGLESv2_adreno200.so
01-03 15:04:59.920 D/cocos2d-x debug info(21827):
01-03 15:04:59.920 D/cocos2d-x debug info(21827): <dict>
01-03 15:04:59.920 D/cocos2d-x debug info(21827): 	cocos2d.x.version: 2.2.1
01-03 15:04:59.920 D/cocos2d-x debug info(21827): 	cocos2d.x.compiled_with_profiler: false
01-03 15:04:59.920 D/cocos2d-x debug info(21827): 	cocos2d.x.compiled_with_gl_state_cache: true
01-03 15:04:59.920 D/cocos2d-x debug info(21827): 	gl.vendor: Qualcomm
01-03 15:04:59.920 D/cocos2d-x debug info(21827): 	gl.renderer: Adreno
01-03 15:04:59.920 D/cocos2d-x debug info(21827): 	gl.version: OpenGL ES 2.0 1044053
01-03 15:04:59.920 D/cocos2d-x debug info(21827): 	gl.max_texture_size: 2048
01-03 15:04:59.920 D/cocos2d-x debug info(21827): 	gl.max_texture_units: 20
01-03 15:04:59.920 D/cocos2d-x debug info(21827): 	gl.supports_PVRTC: false
01-03 15:04:59.920 D/cocos2d-x debug info(21827): 	gl.supports_NPOT: true
01-03 15:04:59.920 D/cocos2d-x debug info(21827): 	gl.supports_BGRA8888: false
01-03 15:04:59.920 D/cocos2d-x debug info(21827): 	gl.supports_discard_framebuffer: false
01-03 15:04:59.920 D/cocos2d-x debug info(21827): 	gl.supports_vertex_array_object: false
01-03 15:04:59.920 D/cocos2d-x debug info(21827): </dict>
01-03 15:05:00.250 D/AndroidRuntime(21826): Calling main entry com.android.commands.am.Am
01-03 15:05:00.380 I/TestinExternalLog(  468): <<<<<<< StartApp >>>>>>>
01-03 15:05:00.410 I/TestinExternalLog(  468): <<<<<<< com.giant.brizzle(21827) >>>>>>>
01-03 15:05:00.470 I/iTestin (  468): recv broadcast>>>itestin.service.CMD_STOPPROCESSSTATEMONITOR
01-03 15:05:00.480 D/AndroidRuntime(21826): Shutting down VM
01-03 15:05:00.490 I/AndroidRuntime(21826): NOTE: attach of thread 'Binder Thread #3' failed
01-03 15:05:00.500 D/dalvikvm(21826): GC_CONCURRENT freed 104K, 66% free 357K/1024K, external 0K/0K, paused 1ms+1ms
01-03 15:05:00.520 D/jdwp    (21826): adbd disconnected
01-03 15:05:00.560 I/TestinExternalLog(  468): NetFlow>>>> UpFlow 46408, DownFlow 10976, TotalFlow 57384
01-03 15:05:00.650 W/AudioService(  132): stream: 3 was already muted by this client
01-03 15:05:00.890 D/cocos2d-x debug info(21827): cocos2d: CCTextureCache: texture: cc_fps_images
01-03 15:05:00.900 D/cocos2d-x debug info(21827): cocos2d: CCSpriteFrameCache: Trying to use file images/main_menu/main_bg_a_RETINA.png as texture
01-03 15:05:01.180 I/TestinExternalLog(  468): Battery>>>> Temperature 39.3
01-03 15:05:01.320 I/AudioHardwareMSM72XX(25363): AudioHardware pcm playback is going to standby.
01-03 15:05:01.320 D/StreamProcess(25363): Set customize ALC config for marvel marvelc icon_g.
01-03 15:05:01.320 D/StreamProcess(25363): ALC parameter: ALC_THRESHOLD:65535
01-03 15:05:01.320 D/StreamProcess(25363): SAMPLE_THRESHOLD:10361
01-03 15:05:01.320 D/StreamProcess(25363): PAGE_THRESHOLD:256
01-03 15:05:01.320 D/StreamProcess(25363): MAX_ACL_ATT:26
01-03 15:05:01.320 D/StreamProcess(25363): STRESS_THRESHOLD:40
01-03 15:05:01.320 D/StreamProcess(25363): mBURSTWEIGHT_SHIFT:3
01-03 15:05:01.320 D/StreamProcess(25363): NORMAL_THRESHOLD:24
01-03 15:05:01.320 D/StreamProcess(25363): NORMAL_BURST_THRESHOLD:8
01-03 15:05:01.320 D/StreamProcess(25363): STRESS_BURST_THRESHOLD:8
01-03 15:05:01.320 D/StreamProcess(25363): OutputStreamProcess::ResetAOLC()
01-03 15:05:01.490 I/TestinExternalLog(1): <<<<<<< StopTest ui Package com.giant.brizzle >>>>>>>
