01-03 15:11:16.304 I/TestinExternalLog(14491): NetFlow>>>> UpFlow 0, DownFlow 0, TotalFlow 0
01-03 15:11:16.382 D/libEGL  (15692): loaded /vendor/lib/egl/libGLESv2_POWERVR_SGX530_125.so
01-03 15:11:16.601 I/TestinExternalLog(14491): CPU>>>> User 14%, System 32%, IOW 2%, IRQ 0%, com.giant.brizzle(0):0%
01-03 15:11:16.718 I/ActivityManager( 1178): Process com.android.packageinstaller (pid 15471) has died.
01-03 15:11:16.765 I/ActivityManager( 1178): Process com.kingroot.kinguser (pid 15458) has died.
01-03 15:11:16.804 I/ActivityManager( 1178): Process com.svox.pico (pid 15340) has died.
01-03 15:11:16.945 D/cocos2d-x debug info(15692):
01-03 15:11:16.945 D/cocos2d-x debug info(15692): <dict>
01-03 15:11:16.945 D/cocos2d-x debug info(15692): 	cocos2d.x.version: 2.2.1
01-03 15:11:16.945 D/cocos2d-x debug info(15692): 	cocos2d.x.compiled_with_profiler: false
01-03 15:11:16.945 D/cocos2d-x debug info(15692): 	cocos2d.x.compiled_with_gl_state_cache: true
01-03 15:11:16.945 D/cocos2d-x debug info(15692): 	gl.vendor: Imagination Technologies
01-03 15:11:16.945 D/cocos2d-x debug info(15692): 	gl.renderer: PowerVR SGX 530
01-03 15:11:16.945 D/cocos2d-x debug info(15692): 	gl.version: OpenGL ES 2.0
01-03 15:11:16.945 D/cocos2d-x debug info(15692): 	gl.max_texture_size: 2048
01-03 15:11:16.945 D/cocos2d-x debug info(15692): 	gl.max_texture_units: 8
01-03 15:11:16.945 D/cocos2d-x debug info(15692): 	gl.supports_PVRTC: true
01-03 15:11:16.945 D/cocos2d-x debug info(15692): 	gl.supports_NPOT: true
01-03 15:11:16.945 D/cocos2d-x debug info(15692): 	gl.supports_BGRA8888: true
01-03 15:11:16.945 D/cocos2d-x debug info(15692): 	gl.supports_discard_framebuffer: true
01-03 15:11:16.945 D/cocos2d-x debug info(15692): 	gl.supports_vertex_array_object: true
01-03 15:11:16.945 D/cocos2d-x debug info(15692): </dict>
01-03 15:11:17.031 I/ActivityManager( 1178): Process android.dopod.FileManager (pid 15354) has died.
01-03 15:11:17.210 D/cocos2d-x debug info(15692): cocos2d: CCTextureCache: texture: cc_fps_images
01-03 15:11:17.218 D/cocos2d-x debug info(15692): cocos2d: CCSpriteFrameCache: Trying to use file images/main_menu/main_bg_a_RETINA.png as texture
01-03 15:11:17.273 D/szipinf (14558): Initializing inflate state
01-03 15:11:17.335 D/NetworkProviderService( 5727): Get data from Mapbar - onLocationChanged location:Location[mProvider=network,mTime=1388731844151,mLatitude=40.06816,mLongitude=116.34497,mHasAltitude=false,mAltitude=0.0,mHasSpeed=false,mSpeed=0.0,mHasBearing=false,mBearing=0.0,mHasAccuracy=true,mAccuracy=75.0,mExtras=Bundle[{city=北京市}]]
01-03 15:11:17.335 D/NetworkProviderService( 5727): 1-reportLocation() to location manager-1
01-03 15:11:17.335 D/GpsLocationProvider( 1178): [handleMessage] UPDATE_LOCATION
01-03 15:11:17.335 D/GpsLocationProvider( 1178): GetGpsInterface+
01-03 15:11:17.335 D/GpsLocationProvider( 1178): GetGpsInterface-
01-03 15:11:17.335 D/NetworkProviderService( 5727): in getStatusUpdateTime()
01-03 15:11:17.335 D/NetworkProviderService( 5727): in getStatus():2
01-03 15:11:17.359 D/szipinf (14558): Initializing zlib to inflate
01-03 15:11:17.781 D/cocos2d-x debug info(15692): cocos2d: CCSpriteFrameCache: Trying to use file images/main_menu/main_bg_b_RETINA.png as texture
01-03 15:11:17.796 D/szipinf (14558): Initializing inflate state
01-03 15:11:17.828 D/szipinf (14558): Initializing zlib to inflate
01-03 15:11:18.054 D/cocos2d-x debug info(15692): cocos2d: CCSpriteFrameCache: Trying to use file images/main_menu/mainmenu_a_RETINA.png as texture
01-03 15:11:18.078 I/ActivityManager( 1178): Process com.htc.RosieUtility (pid 14690) has died.
01-03 15:11:18.281 I/ActivityManager( 1178): Process com.htc.bgp (pid 14807) has died.
01-03 15:11:18.343 I/shell   (14558): response: chmod 777 /data/data/com.mgyun.shua.su/files/su
01-03 15:11:18.445 I/shell   (14558): response:
01-03 15:11:18.468 I/shell   (14558): response: #
01-03 15:11:18.523 D/su      (15705): su invoked.
01-03 15:11:18.562 I/shell   (14558): response: /data/data/com.mgyun.shua.su/files/su -r /system rw
01-03 15:11:18.726 D/cocos2d-x debug info(15692): cocos2d: CCSpriteFrameCache: Trying to use file images/main_menu/mainmenu_b_CN_RETINA.png as texture
01-03 15:11:18.843 I/shell   (14558): response: #
01-03 15:11:19.062 I/shell   (14558): response: cat /data/data/com.mgyun.shua.su/files/su > /system/xbin/su; sync
01-03 15:11:19.101 D/cocos2d-x debug info(15692): cocos2d: CCSpriteFrameCache: Trying to use file images/main_menu/mainmenu_a_CN_RETINA.png as texture
01-03 15:11:19.195 I/ActivityManager( 1178): Process com.htc.opensense.pluginmanager (pid 14656) has died.
01-03 15:11:19.195 I/ActivityManager( 1178): Low Memory: No more background processes.
01-03 15:11:19.273 I/shell   (14558): response: #
01-03 15:11:19.289 I/shell   (14558): response: chown root.root /system/xbin/su
01-03 15:11:19.296 I/shell   (14558): response: #
01-03 15:11:19.312 I/shell   (14558): response: chmod 6755 /system/xbin/su
01-03 15:11:19.312 I/shell   (14558): #
01-03 15:11:19.328 I/shell   (14558): response: rm /system/bin/su
01-03 15:11:19.328 I/shell   (14558): #
01-03 15:11:19.507 I/shell   (14558): response: cat /data/data/com.mgyun.shua.su/files/su > /system/bin/su; sync
01-03 15:11:19.585 I/shell   (14558): response: #
01-03 15:11:19.632 I/shell   (14558): response: chown root.root /system/bin/su
01-03 15:11:19.640 I/shell   (14558): response: #
01-03 15:11:19.710 I/shell   (14558): response: chmod 6755 /system/bin/su
01-03 15:11:19.710 I/shell   (14558): response: #
01-03 15:11:20.976 I/TestinExternalLog(14491): Battery>>>> Temperature 35.7
01-03 15:11:21.398 D/dalvikvm(14491): GC_CONCURRENT freed 489K, 51% free 2874K/5831K, external 0K/0K, paused 3ms+8ms
01-03 15:11:21.406 I/TestinExternalLog(14491): NetFlow>>>> UpFlow 0, DownFlow 0, TotalFlow 0
01-03 15:11:21.539 D/szipinf (14558): Initializing inflate state
01-03 15:11:21.539 D/szipinf (14558): Initializing zlib to inflate
01-03 15:11:21.648 I/TestinExternalLog(14491): Mem>>>> Avalable:69352KB, com.giant.brizzle(15692) used:34487KB
01-03 15:11:24.250 D/dalvikvm( 4670): GC_EXPLICIT freed 14K, 45% free 3176K/5767K, external 1528K/2040K, paused 46ms
01-03 15:11:25.218 I/TestinExternalLog(14491): CPU>>>> User 13%, System 5%, IOW 0%, IRQ 0%, com.giant.brizzle(15692):6%
01-03 15:11:25.812 D/skia    (14521): purging 121K from font cache [9 entries]
01-03 15:11:25.867 D/dalvikvm(14521): GC_EXPLICIT freed 287K, 50% free 3224K/6407K, external 1961K/2473K, paused 52ms
01-03 15:11:25.976 I/TestinExternalLog(14491): Battery>>>> Temperature 35.7
01-03 15:11:26.460 I/TestinExternalLog(14491): NetFlow>>>> UpFlow 0, DownFlow 0, TotalFlow 0
01-03 15:11:26.500 D/dalvikvm(14491): GC_CONCURRENT freed 281K, 49% free 3024K/5831K, external 0K/0K, paused 2ms+4ms
01-03 15:11:28.851 D/AndroidRuntime(15719):
01-03 15:11:28.851 D/AndroidRuntime(15719): >>>>>> AndroidRuntime START com.android.internal.os.RuntimeInit <<<<<<
01-03 15:11:28.851 D/AndroidRuntime(15719): CheckJNI is OFF
01-03 15:11:29.195 D/AndroidRuntime(15719): Calling main entry com.android.commands.am.Am
01-03 15:11:29.234 I/iTestin (14491): recv broadcast>>>itestin.service.CMD_LOG
01-03 15:11:29.257 I/TestinExternalLog(14491): <<<<<<< Capturing image (1) >>>>>>>
01-03 15:11:29.257 D/AndroidRuntime(15719): Shutting down VM
01-03 15:11:29.265 I/AndroidRuntime(15719): NOTE: attach of thread 'Binder Thread #3' failed
01-03 15:11:29.265 D/dalvikvm(15719): GC_CONCURRENT freed 103K, 67% free 345K/1024K, external 0K/0K, paused 1ms+1ms
01-03 15:11:29.289 D/jdwp    (15719): adbd disconnected
01-03 15:11:29.289 I/TestinExternalLog(1): <<<<<<< StopTest launcher Package com.giant.brizzle >>>>>>>
01-03 15:11:29.289 I/TestinExternalLog(1): <<<<<<< StartTest ui Package com.giant.brizzle >>>>>>>
01-03 15:11:29.335 D/dalvikvm( 5727): GC_EXPLICIT freed 111K, 52% free 2768K/5767K, external 0K/0K, paused 123ms
01-03 15:11:29.531 D/AndroidRuntime(15729):
01-03 15:11:29.531 D/AndroidRuntime(15729): >>>>>> AndroidRuntime START com.android.internal.os.RuntimeInit <<<<<<
01-03 15:11:29.531 D/AndroidRuntime(15729): CheckJNI is OFF
01-03 15:11:29.773 D/AndroidRuntime(15729): Calling main entry com.android.commands.am.Am
01-03 15:11:29.796 I/ActivityManager( 1178): Force stopping package com.giant.brizzle uid=10083
01-03 15:11:29.804 I/Process ( 1178): Sending signal. PID: 15692 SIG: 9
01-03 15:11:29.812 E/ActivityManager( 1178): fail to set top app changed!
01-03 15:11:29.835 I/ActivityManager( 1178): Start proc com.giant.brizzle for added application com.giant.brizzle: pid=15737 uid=10083 gids={3003}
01-03 15:11:29.843 I/WindowManager( 1178): WIN DEATH: Window{40a8b688 com.giant.brizzle/com.giant.brizzle.Brizzle paused=false}
01-03 15:11:29.851 I/WindowManager( 1178): WIN DEATH: Window{40b2a910 SurfaceView paused=false}
01-03 15:11:29.898 E/SurfaceFlinger( 1178): layer=0xb3e2f8 is not in the purgatory list
01-03 15:11:29.914 D/Launcher(14521): addPendingWidgetViewsToDisplay: enter
01-03 15:11:29.921 D/Launcher(14521): addPendingWidgetViewsToDisplay: exit
01-03 15:11:29.945 D/InputManagerService( 1178): Got RemoteException sending setActive(false) notification to pid 15692 uid 10083
01-03 15:11:29.945 W/InputManagerService( 1178): [startInputLocked] Enable input method client.
01-03 15:11:30.109 I/TestRunner(15737): started: test1(a.ApiTestCase)
01-03 15:11:30.117 I/ActivityManager( 1178): Starting activity: Intent { act=android.intent.action.MAIN flg=0x10000000 cmp=com.giant.brizzle/.Brizzle } from pid 15737
01-03 15:11:30.234 D/Cocos2dxActivity(15737): model=HTC A9188
01-03 15:11:30.234 D/Cocos2dxActivity(15737): product=huashan
01-03 15:11:30.234 D/Cocos2dxActivity(15737): isEmulator=false
01-03 15:11:30.257 D/ATRecorder(15737): com.htc.autotest.dlib.RecordEngine in loader dalvik.system.DexClassLoader@405484b0
01-03 15:11:30.328 D/libEGL  (15737): loaded /system/lib/egl/libGLES_android.so
01-03 15:11:30.335 I/ActivityManager( 1178): Displayed com.giant.brizzle/.Brizzle: +147ms
01-03 15:11:30.351 W/InputManagerService( 1178): [unbindCurrentClientLocked] Disable input method client.
01-03 15:11:30.351 W/InputManagerService( 1178): [startInputLocked] Enable input method client.
01-03 15:11:30.367 D/libEGL  (15737): loaded /vendor/lib/egl/libEGL_POWERVR_SGX530_125.so
01-03 15:11:30.375 D/libEGL  (15737): loaded /vendor/lib/egl/libGLESv1_CM_POWERVR_SGX530_125.so
01-03 15:11:30.375 D/libEGL  (15737): loaded /vendor/lib/egl/libGLESv2_POWERVR_SGX530_125.so
01-03 15:11:30.453 D/cocos2d-x debug info(15737):
01-03 15:11:30.453 D/cocos2d-x debug info(15737): <dict>
01-03 15:11:30.453 D/cocos2d-x debug info(15737): 	cocos2d.x.version: 2.2.1
01-03 15:11:30.453 D/cocos2d-x debug info(15737): 	cocos2d.x.compiled_with_profiler: false
01-03 15:11:30.453 D/cocos2d-x debug info(15737): 	cocos2d.x.compiled_with_gl_state_cache: true
01-03 15:11:30.453 D/cocos2d-x debug info(15737): 	gl.vendor: Imagination Technologies
01-03 15:11:30.453 D/cocos2d-x debug info(15737): 	gl.renderer: PowerVR SGX 530
01-03 15:11:30.453 D/cocos2d-x debug info(15737): 	gl.version: OpenGL ES 2.0
01-03 15:11:30.453 D/cocos2d-x debug info(15737): 	gl.max_texture_size: 2048
01-03 15:11:30.453 D/cocos2d-x debug info(15737): 	gl.max_texture_units: 8
01-03 15:11:30.453 D/cocos2d-x debug info(15737): 	gl.supports_PVRTC: true
01-03 15:11:30.453 D/cocos2d-x debug info(15737): 	gl.supports_NPOT: true
01-03 15:11:30.453 D/cocos2d-x debug info(15737): 	gl.supports_BGRA8888: true
01-03 15:11:30.453 D/cocos2d-x debug info(15737): 	gl.supports_discard_framebuffer: true
01-03 15:11:30.453 D/cocos2d-x debug info(15737): 	gl.supports_vertex_array_object: true
01-03 15:11:30.453 D/cocos2d-x debug info(15737): </dict>
01-03 15:11:30.789 D/cocos2d-x debug info(15737): cocos2d: CCTextureCache: texture: cc_fps_images
01-03 15:11:30.789 D/cocos2d-x debug info(15737): cocos2d: CCSpriteFrameCache: Trying to use file images/main_menu/main_bg_a_RETINA.png as texture
01-03 15:11:30.867 I/TestinExternalLog(14491): Mem>>>> Avalable:76844KB, com.giant.brizzle(15737) used:20027KB
01-03 15:11:30.867 D/AndroidRuntime(15750):
01-03 15:11:30.867 D/AndroidRuntime(15750): >>>>>> AndroidRuntime START com.android.internal.os.RuntimeInit <<<<<<
01-03 15:11:30.867 D/AndroidRuntime(15750): CheckJNI is OFF
01-03 15:11:31.234 D/AndroidRuntime(15750): Calling main entry com.android.commands.am.Am
01-03 15:11:31.265 I/TestinExternalLog(14491): Battery>>>> Temperature 35.7
01-03 15:11:31.265 I/iTestin (14491): recv broadcast>>>itestin.service.CMD_STARTPROCESSSTATEMONITOR
01-03 15:11:31.281 D/AndroidRuntime(15750): Shutting down VM
01-03 15:11:31.281 D/dalvikvm(15750): GC_CONCURRENT freed 103K, 67% free 345K/1024K, external 0K/0K, paused 1ms+1ms
01-03 15:11:31.281 I/AndroidRuntime(15750): NOTE: attach of thread 'Binder Thread #3' failed
01-03 15:11:31.289 D/jdwp    (15750): adbd disconnected
01-03 15:11:31.492 D/cocos2d-x debug info(15737): cocos2d: CCSpriteFrameCache: Trying to use file images/main_menu/main_bg_b_RETINA.png as texture
01-03 15:11:31.710 D/cocos2d-x debug info(15737): cocos2d: CCSpriteFrameCache: Trying to use file images/main_menu/mainmenu_a_RETINA.png as texture
01-03 15:11:31.953 I/TestinExternalLog(14491): <<<<<<< StartApp >>>>>>>
01-03 15:11:32.125 D/cocos2d-x debug info(15737): cocos2d: CCSpriteFrameCache: Trying to use file images/main_menu/mainmenu_b_CN_RETINA.png as texture
01-03 15:11:32.148 I/TestinExternalLog(14491): <<<<<<< com.giant.brizzle(15737) >>>>>>>
01-03 15:11:32.351 D/NetworkProviderService( 5727): Get data from Mapbar - onLocationChanged location:Location[mProvider=network,mTime=1388731844151,mLatitude=40.06816,mLongitude=116.34497,mHasAltitude=false,mAltitude=0.0,mHasSpeed=false,mSpeed=0.0,mHasBearing=false,mBearing=0.0,mHasAccuracy=true,mAccuracy=75.0,mExtras=Bundle[{city=北京市}]]
01-03 15:11:32.351 D/NetworkProviderService( 5727): 1-reportLocation() to location manager-1
01-03 15:11:32.351 D/GpsLocationProvider( 1178): [handleMessage] UPDATE_LOCATION
01-03 15:11:32.351 D/GpsLocationProvider( 1178): GetGpsInterface+
01-03 15:11:32.351 D/GpsLocationProvider( 1178): GetGpsInterface-
01-03 15:11:32.351 D/NetworkProviderService( 5727): in getStatusUpdateTime()
01-03 15:11:32.359 D/NetworkProviderService( 5727): in getStatus():2
01-03 15:11:32.367 D/cocos2d-x debug info(15737): cocos2d: CCSpriteFrameCache: Trying to use file images/main_menu/mainmenu_a_CN_RETINA.png as texture
01-03 15:11:32.460 D/Device Model(15737): HTC A9188
01-03 15:11:32.460 D/AudioFlinger( 1022): [AudioFlinger::MixerThread::threadLoop] set ALC to enable
01-03 15:11:32.492 I/OMXCodec( 1022): [Stagefright] use software codec=VorbisDecoder
01-03 15:11:32.500 D/MediaPlayer(15737): stop() in
01-03 15:11:32.500 I/AwesomePlayer( 1022): Lock success within 0 us
01-03 15:11:32.500 D/MediaPlayer(15737): stop() out
01-03 15:11:32.500 I/AwesomePlayer( 1022): Lock success within 0 us
01-03 15:11:32.500 D/MediaPlayer(15737): handleMessage:MEDIA_SEEK_COMPLETE
01-03 15:11:32.500 D/MediaPlayer(15737): start() in
01-03 15:11:32.507 D/AudioPolicyManagerALSA( 1022): startOutput() output 1, stream 3
01-03 15:11:32.507 D/AudioPolicyManagerALSA( 1022): getDeviceForStrategy() strategy 0, device 2
01-03 15:11:32.507 D/AudioPolicyManagerALSA( 1022): setOutputDevice() output 1 device 2 delayMs 0
01-03 15:11:32.507 V/AudioPolicyManagerALSA( 1022): setOutputDevice() setting same device 2 for output 1
01-03 15:11:32.507 V/AudioPolicyManagerALSA( 1022): changeRefCount() stream 3, count 1
01-03 15:11:32.507 D/AwesomePlayer( 1022): [SHORT_SND] endpos = 0, latency = 557, add a short delay
01-03 15:11:32.515 D/AudioHardwareALSA( 1022): [ALSA] handle closed, reopen it
01-03 15:11:32.515 D/ALSAModule( 1022): open called for devices 00000002 in mode 0...
01-03 15:11:32.515 D/ALSA-lib( 1022): snd_pcm_open AndroidPlayback_Speaker_normal
01-03 15:11:32.546 I/ALSAModule( 1022): Initialized ALSA PLAYBACK device AndroidPlayback_Speaker_normal
01-03 15:11:32.562 I/TestinExternalLog(14491): NetFlow>>>> UpFlow 0, DownFlow 0, TotalFlow 0
01-03 15:11:33.070 D/MediaPlayer(15737): start() out
01-03 15:11:33.195 D/MediaPlayer(15737): handleMessage:MEDIA_SEEK_COMPLETE
01-03 15:11:33.312 W/ContentService( 1178): binderDied() at ObserverNode name favorites
01-03 15:11:33.312 I/ActivityManager( 1178): Process com.borqs.launcher (pid 14521) has died.
01-03 15:11:33.320 W/ContentService( 1178): binderDied() at ObserverNode name appWidgetReset
01-03 15:11:33.320 I/WindowManager( 1178): WIN DEATH: Window{4093ab90 com.borqs.launcher/com.borqs.launcher2.Launcher paused=false}
01-03 15:11:33.328 I/ActivityManager( 1178): Low Memory: No more background processes.
01-03 15:11:33.398 D/BATD    ( 1073): [LifePercent] chg dwPredictPercentage=998
01-03 15:11:33.398 D/BATD    ( 1073): [LifePercent] chg last=100
01-03 15:11:33.398 D/BATD    ( 1073): [LifePercent]ACR_u=13762, KADC=1000, RARC=998, Predict percentage(10*)=998, Percentage=100, FL_u=13800!
01-03 15:11:33.718 D/dalvikvm(15737): GC_CONCURRENT freed 271K, 49% free 2909K/5639K, external 0K/0K, paused 2ms+8ms
01-03 15:11:34.000 D/dalvikvm(15737): GC_CONCURRENT freed 468K, 50% free 2960K/5895K, external 0K/0K, paused 2ms+12ms
01-03 15:11:34.351 D/AndroidRuntime(15765):
01-03 15:11:34.351 D/AndroidRuntime(15765): >>>>>> AndroidRuntime START com.android.internal.os.RuntimeInit <<<<<<
01-03 15:11:34.351 D/AndroidRuntime(15765): CheckJNI is OFF
01-03 15:11:34.656 D/AndroidRuntime(15765): Calling main entry com.android.commands.am.Am
01-03 15:11:34.695 I/iTestin (14491): recv broadcast>>>itestin.service.CMD_LOG
01-03 15:11:34.703 I/TestinExternalLog(14491): <<<<<<< Capturing image (2) >>>>>>>
01-03 15:11:34.703 D/AndroidRuntime(15765): Shutting down VM
01-03 15:11:34.710 I/AndroidRuntime(15765): NOTE: attach of thread 'Binder Thread #3' failed
01-03 15:11:34.710 D/dalvikvm(15765): GC_CONCURRENT freed 103K, 67% free 345K/1024K, external 0K/0K, paused 1ms+1ms
01-03 15:11:34.718 D/jdwp    (15765): adbd disconnected
01-03 15:11:36.070 D/dalvikvm(14491): GC_CONCURRENT freed 601K, 53% free 2843K/5959K, external 0K/0K, paused 9ms+7ms
01-03 15:11:36.195 I/TestinExternalLog(14491): CPU>>>> User 46%, System 18%, IOW 15%, IRQ 0%, com.giant.brizzle(15737):14%
01-03 15:11:36.265 I/TestinExternalLog(14491): Battery>>>> Temperature 35.7
01-03 15:11:37.601 I/TestinExternalLog(14491): NetFlow>>>> UpFlow 0, DownFlow 0, TotalFlow 0
01-03 15:11:38.843 D/AndroidRuntime(15776):
01-03 15:11:38.843 D/AndroidRuntime(15776): >>>>>> AndroidRuntime START com.android.internal.os.RuntimeInit <<<<<<
01-03 15:11:38.843 D/AndroidRuntime(15776): CheckJNI is OFF
01-03 15:11:39.140 D/AndroidRuntime(15776): Calling main entry com.android.commands.am.Am
01-03 15:11:39.164 I/iTestin (14491): recv broadcast>>>itestin.service.CMD_LOG
01-03 15:11:39.171 I/TestinExternalLog(14491): <<<<<<< Capturing image (3) >>>>>>>
01-03 15:11:39.179 D/AndroidRuntime(15776): Shutting down VM
01-03 15:11:39.187 I/AndroidRuntime(15776): NOTE: attach of thread 'Binder Thread #3' failed
01-03 15:11:39.187 D/dalvikvm(15776): GC_CONCURRENT freed 103K, 67% free 345K/1024K, external 0K/0K, paused 2ms+0ms
01-03 15:11:39.187 D/jdwp    (15776): adbd disconnected
01-03 15:11:41.187 D/dalvikvm(15737): GC_CONCURRENT freed 508K, 50% free 2982K/5959K, external 0K/0K, paused 2ms+5ms
01-03 15:11:41.250 I/TestinExternalLog(14491): Mem>>>> Avalable:73616KB, com.giant.brizzle(15737) used:36126KB
01-03 15:11:41.265 I/TestinExternalLog(14491): Battery>>>> Temperature 35.7
01-03 15:11:42.210 I/OMXCodec( 1022): [Stagefright] use software codec=VorbisDecoder
01-03 15:11:42.234 D/AudioPolicyManagerALSA( 1022): getDeviceForStrategy() strategy 0, device 2
01-03 15:11:42.234 V/AudioPolicyManagerALSA( 1022): getOutput() stream 3, samplingRate 0, format 0, channels c, flags 0
01-03 15:11:42.234 D/AudioPolicyManagerALSA( 1022): startOutput() output 1, stream 3
01-03 15:11:42.234 D/AudioPolicyManagerALSA( 1022): getDeviceForStrategy() strategy 0, device 2
01-03 15:11:42.234 V/AudioPolicyManagerALSA( 1022): changeRefCount() stream 3, count 2
01-03 15:11:42.234 D/cocos2d-x debug info(15737): cocos2d: CCSpriteFrameCache: removing unused frame: main_bg_c@2x.png
01-03 15:11:42.234 D/cocos2d-x debug info(15737): cocos2d: CCSpriteFrameCache: removing unused frame: main_trees_a@2x.png
01-03 15:11:42.234 D/cocos2d-x debug info(15737): cocos2d: CCSpriteFrameCache: removing unused frame: main_trees_b@2x.png
01-03 15:11:42.234 D/cocos2d-x debug info(15737): cocos2d: CCSpriteFrameCache: removing unused frame: main_bg_a@2x.png
01-03 15:11:42.234 D/cocos2d-x debug info(15737): cocos2d: CCSpriteFrameCache: removing unused frame: main_bg_b@2x.png
01-03 15:11:42.234 D/cocos2d-x debug info(15737): cocos2d: CCSpriteFrameCache: removing unused frame: main_bg_light@2x.png
01-03 15:11:42.234 D/cocos2d-x debug info(15737): cocos2d: CCSpriteFrameCache: removing unused frame: main_cha_blue@2x.png
01-03 15:11:42.234 D/cocos2d-x debug info(15737): cocos2d: CCSpriteFrameCache: removing unused frame: main_cha_green@2x.png
01-03 15:11:42.234 D/cocos2d-x debug info(15737): cocos2d: CCSpriteFrameCache: removing unused frame: main_cha_orange@2x.png
01-03 15:11:42.234 D/cocos2d-x debug info(15737): cocos2d: CCSpriteFrameCache: removing unused frame: main_cha_pink@2x.png
01-03 15:11:42.234 D/cocos2d-x debug info(15737): cocos2d: CCSpriteFrameCache: removing unused frame: main_cha_purple@2x.png
01-03 15:11:42.234 D/cocos2d-x debug info(15737): cocos2d: CCSpriteFrameCache: removing unused frame: main_cha_red@2x.png
01-03 15:11:42.234 D/cocos2d-x debug info(15737): cocos2d: CCSpriteFrameCache: removing unused frame: main_cha_white@2x.png
01-03 15:11:42.234 D/cocos2d-x debug info(15737): cocos2d: CCSpriteFrameCache: removing unused frame: main_cha_yellow@2x.png
01-03 15:11:42.234 D/cocos2d-x debug info(15737): cocos2d: CCSpriteFrameCache: removing unused frame: main_menu_bg@2x.png
01-03 15:11:42.234 D/cocos2d-x debug info(15737): cocos2d: CCSpriteFrameCache: removing unused frame: main_rank_push@2x.png
01-03 15:11:42.234 D/cocos2d-x debug info(15737): cocos2d: CCSpriteFrameCache: removing unused frame: main_rank@2x.png
01-03 15:11:42.234 D/cocos2d-x debug info(15737): cocos2d: CCSpriteFrameCache: removing unused frame: main_title@2x.png
01-03 15:11:42.234 D/cocos2d-x debug info(15737): cocos2d: CCSpriteFrameCache: removing unused frame: main_option_push@2x.png
01-03 15:11:42.234 D/cocos2d-x debug info(15737): cocos2d: CCSpriteFrameCache: removing unused frame: main_option@2x.png
01-03 15:11:42.234 D/cocos2d-x debug info(15737): cocos2d: CCSpriteFrameCache: removing unused frame: main_menu_cancel_normal_china@2x.png
01-03 15:11:42.234 D/cocos2d-x debug info(15737): cocos2d: CCSpriteFrameCache: removing unused frame: main_menu_cancel_push_china@2x.png
01-03 15:11:42.234 D/cocos2d-x debug info(15737): cocos2d: CCSpriteFrameCache: removing unused frame: main_menu_classic_china@2x.png
01-03 15:11:42.234 D/cocos2d-x debug info(15737): cocos2d: CCSpriteFrameCache: removing unused frame: main_menu_classic_push_china@2x.png
01-03 15:11:42.234 D/cocos2d-x debug info(15737): cocos2d: CCSpriteFrameCache: removing unused frame: main_menu_continue_normal_china@2x.png
01-03 15:11:42.234 D/cocos2d-x debug info(15737): cocos2d: CCSpriteFrameCache: removing unused frame: main_menu_continue_push_china@2x.png
01-03 15:11:42.234 D/cocos2d-x debug info(15737): cocos2d: CCSpriteFrameCache: removing unused frame: main_menu_icebreak_china@2x.png
01-03 15:11:42.234 D/cocos2d-x debug info(15737): cocos2d: CCSpriteFrameCache: removing unused frame: main_menu_icebreak_push_china@2x.png
01-03 15:11:42.234 D/cocos2d-x debug info(15737): cocos2d: CCSpriteFrameCache: removing unused frame: main_menu_newgame_normal_china@2x.png
01-03 15:11:42.234 D/cocos2d-x debug info(15737): cocos2d: CCSpriteFrameCache: removing unused frame: main_menu_newgame_push_china@2x.png
01-03 15:11:42.234 D/cocos2d-x debug info(15737): cocos2d: CCSpriteFrameCache: removing unused frame: main_menu_pandora_china@2x.png
01-03 15:11:42.234 D/cocos2d-x debug info(15737): cocos2d: CCSpriteFrameCache: removing unused frame: main_menu_pandora_push_china@2x.png
01-03 15:11:42.234 D/cocos2d-x debug info(15737): cocos2d: CCSpriteFrameCache: removing unused frame: main_option_china@2x.png
01-03 15:11:42.234 D/cocos2d-x debug info(15737): cocos2d: CCSpriteFrameCache: removing unused frame: main_option_push_china@2x.png
01-03 15:11:42.234 D/cocos2d-x debug info(15737): cocos2d: CCSpriteFrameCache: removing unused frame: main_rank_china@2x.png
01-03 15:11:42.234 D/cocos2d-x debug info(15737): cocos2d: CCSpriteFrameCache: removing unused frame: main_rank_push_china@2x.png
01-03 15:11:42.234 D/cocos2d-x debug info(15737): cocos2d: CCTextureCache: texture: cc_fps_images
01-03 15:11:42.234 D/cocos2d-x debug info(15737): cocos2d: CCTextureCache: texture: assets/images/main_menu/main_bg_a_RETINA.png
01-03 15:11:42.234 D/cocos2d-x debug info(15737): cocos2d: CCTextureCache: texture: assets/images/main_menu/main_bg_b_RETINA.png
01-03 15:11:42.234 D/cocos2d-x debug info(15737): cocos2d: CCTextureCache: texture: assets/images/main_menu/mainmenu_a_RETINA.png
01-03 15:11:42.234 D/cocos2d-x debug info(15737): cocos2d: CCTextureCache: texture: assets/images/main_menu/mainmenu_b_CN_RETINA.png
01-03 15:11:42.234 D/cocos2d-x debug info(15737): cocos2d: CCTextureCache: texture: assets/images/main_menu/mainmenu_a_CN_RETINA.png
01-03 15:11:42.273 D/cocos2d-x debug info(15737): cocos2d: CCSpriteFrameCache: Trying to use file images/character/Character_RETINA.png as texture
01-03 15:11:42.546 D/AudioPolicyManagerALSA( 1022): stopOutput() output 1, stream 3
01-03 15:11:42.546 V/AudioPolicyManagerALSA( 1022): changeRefCount() stream 3, count 1
01-03 15:11:42.632 D/cocos2d-x debug info(15737): cocos2d: CCSpriteFrameCache: Trying to use file images/stage_classic/stage_RETINA.png as texture
01-03 15:11:42.828 D/cocos2d-x debug info(15737): cocos2d: CCSpriteFrameCache: Trying to use file images/item/itemblackhole_RETINA.png as texture
01-03 15:11:43.046 D/cocos2d-x debug info(15737): cocos2d: CCSpriteFrameCache: Trying to use file images/item/itembomb_RETINA.png as texture
01-03 15:11:43.187 D/cocos2d-x debug info(15737): cocos2d: CCSpriteFrameCache: Trying to use file images/item/itemfirebird_RETINA.png as texture
01-03 15:11:43.453 D/cocos2d-x debug info(15737): cocos2d: CCSpriteFrameCache: Trying to use file images/item/itemlightning_RETINA.png as texture
01-03 15:11:43.523 I/TestinExternalLog(14491): NetFlow>>>> UpFlow 0, DownFlow 0, TotalFlow 0
01-03 15:11:43.585 D/cocos2d-x debug info(15737): cocos2d: CCSpriteFrameCache: Trying to use file images/item_effect/effectblackhole_RETINA.png as texture
01-03 15:11:43.632 I/ActivityManager( 1178): Process borqs.mobilewidget (pid 14561) has died.
01-03 15:11:43.632 W/ActivityManager( 1178): Canceling start item Intent { act=vnd.borqs.widgetinit typ=vnd.android.cursor.item/vnd.borqs.widgetinitialize } in service ComponentInfo{borqs.mobilewidget/borqs.widgetlauncher.services.RegisterWidgetService}
01-03 15:11:43.632 W/ActivityManager( 1178): Canceling start item Intent { act=vnd.borqs.widgetinit typ=vnd.android.cursor.item/vnd.borqs.widgetinitialize } in service ComponentInfo{borqs.mobilewidget/borqs.widgetlauncher.services.RegisterWidgetService}
01-03 15:11:43.632 W/ActivityManager( 1178): Canceling start item Intent { act=vnd.borqs.widgetinit typ=vnd.android.cursor.item/vnd.borqs.widgetinitialize } in service ComponentInfo{borqs.mobilewidget/borqs.widgetlauncher.services.RegisterWidgetService}
01-03 15:11:43.632 W/ActivityManager( 1178): Canceling start item Intent { act=vnd.borqs.widgetinit typ=vnd.android.cursor.item/vnd.borqs.widgetinitialize } in service ComponentInfo{borqs.mobilewidget/borqs.widgetlauncher.services.RegisterWidgetService}
01-03 15:11:43.632 W/ActivityManager( 1178): Scheduling restart of crashed service borqs.mobilewidget/borqs.widgetlauncher.services.RegisterWidgetService in 256116ms
01-03 15:11:43.679 I/ActivityManager( 1178): Low Memory: No more background processes.
01-03 15:11:43.937 D/dalvikvm(14491): GC_CONCURRENT freed 349K, 51% free 2975K/5959K, external 0K/0K, paused 3ms+5ms
01-03 15:11:44.093 I/ActivityManager( 1178): Process com.mgyun.shua.su (pid 14558) has died.
01-03 15:11:44.093 W/ActivityManager( 1178): Scheduling restart of crashed service com.mgyun.shua.su/.service.SuService in 12998ms
01-03 15:11:44.093 I/ActivityManager( 1178): Low Memory: No more background processes.
01-03 15:11:44.273 I/ActivityManager( 1178): Process cn.testin.itestin (pid 14491) has died.
01-03 15:11:44.273 W/ActivityManager( 1178): Scheduling restart of crashed service cn.testin.itestin/.os.ServicesManagerNew in 22812ms
01-03 15:11:44.281 I/ActivityManager( 1178): Low Memory: No more background processes.
01-03 15:11:44.414 D/cocos2d-x debug info(15737): cocos2d: CCSpriteFrameCache: Trying to use file images/item_effect/effectbomb_RETINA.png as texture
01-03 15:11:44.695 D/cocos2d-x debug info(15737): cocos2d: CCSpriteFrameCache: Trying to use file images/item_effect/effectfirebird_RETINA.png as texture
01-03 15:11:44.937 D/cocos2d-x debug info(15737): cocos2d: CCSpriteFrameCache: Trying to use file images/item_effect/cloud_RETINA.png as texture
01-03 15:11:45.968 W/ContentService( 1178): binderDied() at ObserverNode name com.servo.app
01-03 15:11:45.968 W/ContentService( 1178): binderDied() at ObserverNode name com.servo.setting
01-03 15:11:45.968 W/ContentService( 1178): binderDied() at ObserverNode name playlists
01-03 15:11:45.968 I/ActivityManager( 1178): Process com.servo.search (pid 14528) has died.
01-03 15:11:45.968 W/ActivityManager( 1178): Scheduling restart of crashed service com.servo.search/com.servo.core.android.ServoIndexerService in 49261ms
01-03 15:11:45.968 I/ActivityManager( 1178): Low Memory: No more background processes.
01-03 15:11:46.132 D/MediaPlayer(15737): release() in
01-03 15:11:46.187 D/AudioTrack( 1022): Audio Track already stopped
01-03 15:11:46.187 D/AudioPolicyManagerALSA( 1022): stopOutput() output 1, stream 3
01-03 15:11:46.187 V/AudioPolicyManagerALSA( 1022): changeRefCount() stream 3, count 0
01-03 15:11:46.187 D/AudioPolicyManagerALSA( 1022): setOutputDevice() output 1 device 0 delayMs 372
01-03 15:11:46.187 V/AudioPolicyManagerALSA( 1022): releaseOutput() 1
01-03 15:11:46.203 I/ActivityManager( 1178): Process com.marigold.android.notes (pid 15057) has died.
01-03 15:11:46.203 W/ActivityManager( 1178): Scheduling restart of crashed service com.marigold.android.notes/.service.NotificationService in 59025ms
01-03 15:11:46.203 I/ActivityManager( 1178): Low Memory: No more background processes.
01-03 15:11:46.210 D/MediaPlayer(15737): release() out
01-03 15:11:46.234 I/OMXCodec( 1022): [Stagefright] use software codec=VorbisDecoder
01-03 15:11:46.234 D/MediaPlayer(15737): stop() in
01-03 15:11:46.234 D/AndroidRuntime(15791):
01-03 15:11:46.234 D/AndroidRuntime(15791): >>>>>> AndroidRuntime START com.android.internal.os.RuntimeInit <<<<<<
01-03 15:11:46.234 D/AndroidRuntime(15791): CheckJNI is OFF
01-03 15:11:46.242 I/AwesomePlayer( 1022): Lock success within 5000 us
01-03 15:11:46.242 D/MediaPlayer(15737): stop() out
01-03 15:11:46.242 I/AwesomePlayer( 1022): Lock success within 0 us
01-03 15:11:46.242 D/MediaPlayer(15737): handleMessage:MEDIA_SEEK_COMPLETE
01-03 15:11:46.242 D/MediaPlayer(15737): start() in
01-03 15:11:46.242 D/AudioPolicyManagerALSA( 1022): startOutput() output 1, stream 3
01-03 15:11:46.242 D/AudioPolicyManagerALSA( 1022): getDeviceForStrategy() strategy 0, device 2
01-03 15:11:46.250 D/AudioPolicyManagerALSA( 1022): setOutputDevice() output 1 device 2 delayMs 0
01-03 15:11:46.250 V/AudioPolicyManagerALSA( 1022): setOutputDevice() setting same device 2 for output 1
01-03 15:11:46.250 V/AudioPolicyManagerALSA( 1022): changeRefCount() stream 3, count 1
01-03 15:11:46.250 D/AwesomePlayer( 1022): [SHORT_SND] endpos = 0, latency = 557, add a short delay
01-03 15:11:46.453 D/AndroidRuntime(15791): Calling main entry com.android.commands.am.Am
01-03 15:11:46.476 I/ActivityManager( 1178): Start proc cn.testin.itestin for broadcast cn.testin.itestin/.TestinService: pid=15801 uid=10082 gids={3003}
01-03 15:11:46.578 I/iTestin (15801): recv broadcast>>>itestin.service.CMD_LOG
01-03 15:11:46.593 D/AndroidRuntime(15791): Shutting down VM
01-03 15:11:46.601 I/iTestin (15801): install system
01-03 15:11:46.601 D/dalvikvm(15791): GC_CONCURRENT freed 103K, 67% free 345K/1024K, external 0K/0K, paused 0ms+0ms
01-03 15:11:46.601 I/AndroidRuntime(15791): NOTE: attach of thread 'Binder Thread #3' failed
01-03 15:11:46.601 D/jdwp    (15791): adbd disconnected
01-03 15:11:46.695 D/WindowManager( 1178): disableKeyguard - unLock
01-03 15:11:46.734 I/TestinExternalLog(15801): <<<<<<< Capturing image (4) >>>>>>>
01-03 15:11:46.734 I/TestinExternalLog(15801): <<<<<<< StartApp >>>>>>>
01-03 15:11:46.750 I/TestinExternalLog(15801): <<<<<<< com.giant.brizzle(15737) >>>>>>>
01-03 15:11:46.804 D/MediaPlayer(15737): start() out
01-03 15:11:46.835 D/MediaPlayer(15737): handleMessage:MEDIA_SEEK_COMPLETE
01-03 15:11:46.929 I/ActivityManager( 1178): Process cn.testin.itestin (pid 15801) has died.
01-03 15:11:46.937 W/ActivityManager( 1178): Scheduling restart of crashed service cn.testin.itestin/.os.ServicesManagerNew in 20149ms
01-03 15:11:46.937 I/ActivityManager( 1178): Low Memory: No more background processes.
01-03 15:11:47.101 I/ActivityManager( 1178): Start proc com.smithmicro.DM for service com.smithmicro.DM/.DMServiceApp: pid=15822 uid=10033 gids={3003, 1015}
01-03 15:11:47.281 I/OMC     (15822): FileOutputStream
01-03 15:11:47.289 D/szipinf (15822): Initializing inflate state
01-03 15:11:47.289 I/OMC     (15822): InputStream
01-03 15:11:47.289 D/szipinf (15822): Initializing zlib to inflate
01-03 15:11:47.437 D/NetworkProviderService( 5727): Get data from Mapbar - onLocationChanged location:Location[mProvider=network,mTime=1388731844151,mLatitude=40.06816,mLongitude=116.34497,mHasAltitude=false,mAltitude=0.0,mHasSpeed=false,mSpeed=0.0,mHasBearing=false,mBearing=0.0,mHasAccuracy=true,mAccuracy=75.0,mExtras=Bundle[{city=北京市}]]
01-03 15:11:47.437 D/NetworkProviderService( 5727): 1-reportLocation() to location manager-1
01-03 15:11:47.437 D/GpsLocationProvider( 1178): [handleMessage] UPDATE_LOCATION
01-03 15:11:47.437 D/GpsLocationProvider( 1178): GetGpsInterface+
01-03 15:11:47.437 D/GpsLocationProvider( 1178): GetGpsInterface-
01-03 15:11:47.445 D/NetworkProviderService( 5727): in getStatusUpdateTime()
01-03 15:11:47.445 D/NetworkProviderService( 5727): in getStatus():2
01-03 15:11:47.539 I/OMC     (15822): Trying to load /data/data/com.smithmicro.DM/libomc_cmcc.so
01-03 15:11:47.570 I/OMC     (15822): Log Mode :true
01-03 15:11:47.570 I/OMC     (15822): DM Service : onCreate
01-03 15:11:47.570 I/OMC     (15822): Save Log Mode :false
01-03 15:11:47.570 I/OMC     (15822): SD state is mounted
01-03 15:11:47.570 I/OMC     (15822): log level: 6 save_log: 0
01-03 15:11:47.609 I/ActivityManager( 1178): Start proc com.htc.android.omadm.service for service com.htc.android.omadm.service/.HtcDmService: pid=15830 uid=10030 gids={3003, 2001}
01-03 15:11:47.648 D/OMC     (15822): onCallStateChanged() 0
01-03 15:11:47.765 I/HtcDmService(15830): onCreate
01-03 15:11:47.796 I/Setting (15830): SERVER_ADDRESS: 1065840409
01-03 15:11:47.796 I/Setting (15830): PROJECT: HTC A9188
01-03 15:11:47.812 I/Setting (15830): SERVER_ADDRESS: 1065840409
01-03 15:11:47.812 I/Setting (15830): PROJECT: HTC A9188
01-03 15:11:47.820 I/Setting (15830): SERVER_ADDRESS: 1065840409
01-03 15:11:47.820 I/Setting (15830): PROJECT: HTC A9188
01-03 15:11:47.820 I/Setting (15830): SERVER_ADDRESS: 1065840409
01-03 15:11:47.820 I/Setting (15830): PROJECT: HTC A9188
01-03 15:11:47.820 I/        (15830): Entering JNI_OnLoad
01-03 15:11:47.820 I/        (15830): Leaving JNI_OnLoad (result=0x10004)
01-03 15:11:47.828 I/Setting (15830): SERVER_ADDRESS: 1065840409
01-03 15:11:47.828 I/Setting (15830): PROJECT: HTC A9188
01-03 15:11:47.859 I/HtcDmService(15830): onBind
01-03 15:11:47.859 I/HtcDmService(15830): return Binder.
01-03 15:11:47.875 I/OMC     (15822): DM Service : DMLib connected android.os.BinderProxy@40531de8
01-03 15:11:47.875 W/HTCLoad (15822): HTC_LoadSymbols: func=80602fc9
01-03 15:11:47.882 I/HtcDmService(15830): onStart
01-03 15:11:47.890 I/Scomo   (15830): Check unfinish job.
01-03 15:11:47.890 I/Scomo   (15830): No unfinish job.
01-03 15:11:47.898 I/MDReceiver(15830):  Received: android.intent.action.ANY_DATA_STATE state: DISCONNECTED unavailable: true capability: null
01-03 15:11:47.898 I/MDReceiver(15830): mInterfaceName=null
01-03 15:11:47.898 D/ConnCtl (15830): Dormancy countdown sec:14
01-03 15:11:48.289 I/Setting (15830): SERVER_ADDRESS: 1065840409
01-03 15:11:48.289 I/Setting (15830): PROJECT: HTC A9188
01-03 15:11:48.289 I/Lawmo   (15830): Didn't receive boot completed, skip check phone lock.
01-03 15:11:48.375 D/cocos2d-x debug info(15737): cocos2d: CCSpriteBatchNode: resizing TextureAtlas capacity from [29] to [40].
01-03 15:11:48.390 D/cocos2d-x debug info(15737): cocos2d: CCSpriteBatchNode: resizing TextureAtlas capacity from [40] to [54].
01-03 15:11:48.398 D/cocos2d-x debug info(15737): cocos2d: CCSpriteBatchNode: resizing TextureAtlas capacity from [54] to [73].
01-03 15:11:48.468 D/dalvikvm(15737): GC_CONCURRENT freed 559K, 51% free 2995K/6023K, external 0K/0K, paused 3ms+13ms
01-03 15:11:48.484 I/KeyCharacterMap(15737): No keyboard for id 0
01-03 15:11:48.484 I/KeyCharacterMap(15737): Using default keymap: /system/usr/keychars/qwerty.kcm.bin
01-03 15:11:48.898 D/ConnCtl (15830): Dormancy countdown sec:13
01-03 15:11:49.835 D/PluginFactory(15737): Java class name of plugin AdsAdmob is : org/cocos2dx/plugin/AdsAdmob
01-03 15:11:49.835 I/PluginWrapper(15737): class name : ----org/cocos2dx/plugin/AdsAdmob----
01-03 15:11:49.835 D/PluginFactory(15737): The type of plugin AdsAdmob is : 1
01-03 15:11:49.835 D/ProtocolAds(15737): Class name : org/cocos2dx/plugin/AdsAdmob
01-03 15:11:49.898 D/ConnCtl (15830): Dormancy countdown sec:12
01-03 15:11:50.226 D/Database(15737): dbopen(): path = /data/data/com.giant.brizzle/databases/webview.db, flag = 6, cannot stat file, errno: 2,message: No such file or directory
01-03 15:11:50.226 D/Database(15737): dbopen(): path = /data/data/com.giant.brizzle/databases/webview.db, mode: delete, disk free size: 493 M, handle: 0x4f8410
01-03 15:11:50.296 D/Database(15737): dbopen(): path = /data/data/com.giant.brizzle/databases/webviewCache.db, flag = 6, cannot stat file, errno: 2,message: No such file or directory
01-03 15:11:50.296 D/Database(15737): dbopen(): path = /data/data/com.giant.brizzle/databases/webviewCache.db, mode: delete, disk free size: 493 M, handle: 0x4d31a8
01-03 15:11:50.351 D/skia    (15737): htcFlashPlugin::htcFlashPlugin
01-03 15:11:50.367 D/qct     (15737): [WebView.WebView] >> Enable Shutdown = false
01-03 15:11:50.382 D/skia    (15737): htcFlashPlugin::htcFlashPlugin
01-03 15:11:50.382 D/qct     (15737): [WebView.WebView] >> Enable Shutdown = false
01-03 15:11:50.398 D/qct     (15737): [RequestQueue.ActivePool.ActivePool] >> Enable Shutdown = false
01-03 15:11:50.398 D/qct     (15737): [IdleCache.IdleCache] >> IDLE_CACHE_MAX = 40
01-03 15:11:50.500 D/qct     (15737): [PreConnectionManager.PreConnectionManager] >> TCP_PRE_CONNECT = false
01-03 15:11:50.578 D/dalvikvm(15737): GC_CONCURRENT freed 390K, 49% free 3117K/6023K, external 0K/0K, paused 4ms+10ms
01-03 15:11:50.695 D/skia    (15737): htcFlashPlugin::htcFlashPlugin
01-03 15:11:50.695 E/ActivityThread(15737): Failed to find provider info for com.google.plus.platform
01-03 15:11:50.710 D/qct     (15737): [WebView.WebView] >> Enable Shutdown = false
01-03 15:11:50.765 I/Ads     (15737): To get test ads on this device, call adRequest.addTestDevice("F8B1EFBED0C533F964F308223AFED801");
01-03 15:11:50.882 D/qct     (15737): [PreConnectionManager.PreConnectionManager] >> TCP_PRE_CONNECT = false
01-03 15:11:50.898 D/qct     (15737): [PreConnectionManager.PreConnectionManager] >> TCP_PRE_CONNECT = false
01-03 15:11:50.953 I/Ads     (15737): adRequestUrlHtml: <html><head><script src="http://media.admob.com/sdk-core-v40.js"></script><script>AFMA_getSdkConstants();AFMA_buildAdURL({"preqs":0,"session_id":"17244755708347110919","u_sd":1.5,"seq_num":"1","slotname":"a152c0e2117dbe6","u_w":320,"msid":"com.giant.brizzle","cap":"m,a","js":"afma-sdk-a-v6.3.1","ms":"tTyx3msu5UWkLhRGmswr1qzupVshxW-ivVO5rEZtrLwnZevCOml72ljkSykw0SXrw6hRi_a-oz3-pJZKAOxpua-wMvkFxw5FSG9D1GD2HNTz3YSPt79SYqNc03WFLJSiK_qhClj1XhgAveznymQmQoWtChtYrcVEq908sZd5BXZrLzyahkH8OVs98ZIJ25U9quj-2NslYAcgdgvB6zk4fjWmRKAumFfjDW3wbKWXwGTMeYEpZvfqvk8-nc4CpXx4gqqjP-K_EuEBGazEW0DKafM-j367VzYmo_nkQd-82NQbVM-KZ90BONSTMr13IGrUmAXzbA_b1nqkJQs9nvZMzg","isu":"F8B1EFBED0C533F964F308223AFED801","bas_off":0,"format":"320x50_mb","oar":0,"net":"wi","app_name":"1.android.com.giant.brizzle","hl":"zh","ad_pos":{"height":0,"visible":0,"y":0,"x":240,"width":0},"gnt":0,"u_h":533,"pt":1,"bas_on":0,"ptime":0,"u_audio":3});</script></head><body></body></html>
01-03 15:11:50.960 D/webkit-timers(15737): [JWebCoreJavaBridge::resume] >> do resume
01-03 15:11:51.007 D/RequestQueue(15737): setProxyConfig: wifi enabled.
01-03 15:11:51.007 D/RequestQueue(15737): setProxyConfig mProxyHost=null
01-03 15:11:51.054 I/ActivityManager( 1178): Process com.htc.android.omadm.service (pid 15830) has died.
01-03 15:11:51.054 W/ActivityManager( 1178): Scheduling restart of crashed service com.htc.android.omadm.service/.HtcDmService in 64176ms
01-03 15:11:51.054 I/ActivityManager( 1178): Low Memory: No more background processes.
01-03 15:11:51.257 I/ActivityManager( 1178): Process com.smithmicro.DM (pid 15822) has died.
01-03 15:11:51.265 W/ActivityManager( 1178): Scheduling restart of crashed service com.smithmicro.DM/.DMServiceApp in 1103136ms
01-03 15:11:51.265 I/ActivityManager( 1178): Low Memory: No more background processes.
01-03 15:11:52.257 V/DeviceStorageMonitorService( 1178): freeMemory=517877760
01-03 15:11:52.257 D/DeviceStorageMonitorService( 1178): OoO SMS Memory available. SMS_AVAILABLE_THRESHOLD == 524288
01-03 15:11:52.265 I/DeviceStorageMonitorService( 1178): Posting Message again
01-03 15:11:52.671 D/AndroidRuntime(15861):
01-03 15:11:52.671 D/AndroidRuntime(15861): >>>>>> AndroidRuntime START com.android.internal.os.RuntimeInit <<<<<<
01-03 15:11:52.679 D/AndroidRuntime(15861): CheckJNI is OFF
01-03 15:11:53.195 D/AndroidRuntime(15861): Calling main entry com.android.commands.am.Am
01-03 15:11:53.382 I/ActivityManager( 1178): Start proc cn.testin.itestin for broadcast cn.testin.itestin/.TestinService: pid=15869 uid=10082 gids={3003}
01-03 15:11:53.546 I/iTestin (15869): recv broadcast>>>itestin.service.CMD_LOG
01-03 15:11:53.578 D/AndroidRuntime(15861): Shutting down VM
01-03 15:11:53.601 I/iTestin (15869): install system
01-03 15:11:53.601 I/AndroidRuntime(15861): NOTE: attach of thread 'Binder Thread #3' failed
01-03 15:11:53.609 D/dalvikvm(15861): GC_CONCURRENT freed 103K, 67% free 345K/1024K, external 0K/0K, paused 4ms+1ms
01-03 15:11:53.617 D/jdwp    (15861): adbd disconnected
01-03 15:11:53.757 D/WindowManager( 1178): disableKeyguard - unLock
01-03 15:11:53.875 I/TestinExternalLog(15869): <<<<<<< StartApp >>>>>>>
01-03 15:11:53.875 I/TestinExternalLog(15869): <<<<<<< Capturing image (5) >>>>>>>
01-03 15:11:53.882 I/TestinExternalLog(15869): <<<<<<< com.giant.brizzle(15737) >>>>>>>
01-03 15:11:53.914 W/webcore (15737): Can't get the viewWidth after the first layout
01-03 15:11:53.929 D/webcore (15737): [WebViewCore::handleMessage] handle msg=[4::120] over 1 sec. (2122.0
01-03 15:11:53.976 I/ActivityManager( 1178): Process cn.testin.itestin (pid 15869) has died.
01-03 15:11:53.976 W/ActivityManager( 1178): Scheduling restart of crashed service cn.testin.itestin/.os.ServicesManagerNew in 13111ms
01-03 15:11:53.976 I/ActivityManager( 1178): Low Memory: No more background processes.
01-03 15:11:54.023 I/Ads     (15737): Received ad url: <url: "http://googleads.g.doubleclick.net:80/mads/gma?preqs=0&session_id=17244755708347110919&u_sd=1.5&seq_num=1&u_w=320&msid=com.giant.brizzle&cap=m%2Ca&js=afma-sdk-a-v6.3.1&ms=tTyx3msu5UWkLhRGmswr1qzupVshxW-ivVO5rEZtrLwnZevCOml72ljkSykw0SXrw6hRi_a-oz3-pJZKAOxpua-wMvkFxw5FSG9D1GD2HNTz3YSPt79SYqNc03WFLJSiK_qhClj1XhgAveznymQmQoWtChtYrcVEq908sZd5BXZrLzyahkH8OVs98ZIJ25U9quj-2NslYAcgdgvB6zk4fjWmRKAumFfjDW3wbKWXwGTMeYEpZvfqvk8-nc4CpXx4gqqjP-K_EuEBGazEW0DKafM-j367VzYmo_nkQd-82NQbVM-KZ90BONSTMr13IGrUmAXzbA_b1nqkJQs9nvZMzg&bas_off=0&format=320x50_mb&oar=0&net=wi&app_name=1.android.com.giant.brizzle&hl=zh-CN&gnt=0&u_h=533&bas_on=0&ptime=0&u_audio=3&u_so=p&output=html&region=mobile_app&u_tz=480&client_sdk=1&ex=1&slotname=a152c0e2117dbe6&gsb=wi&caps=interactiveVideo_th_mediation_sdkAdmobApiForAds_di&jsv=66&urll=799" type: "admob" afmaNotifyDt: "null" activationOverlayUrl: "null" useWebViewLoadUrl: "false">
01-03 15:11:54.023 I/Ads     (15737): Request scenario: Online server request.
01-03 15:11:54.593 D/dalvikvm(15737): GC_CONCURRENT freed 328K, 46% free 3354K/6151K, external 0K/0K, paused 11ms+5ms
01-03 15:11:54.765 D/dalvikvm(15737): GC_CONCURRENT freed 435K, 46% free 3435K/6343K, external 0K/0K, paused 4ms+5ms
01-03 15:11:54.976 D/dalvikvm(15737): GC_CONCURRENT freed 485K, 47% free 3424K/6407K, external 0K/0K, paused 4ms+12ms
01-03 15:11:55.890 D/cocos2d-x debug info(15737): touch mask layer
01-03 15:11:56.531 W/webcore (15737): Can't get the viewWidth after the first layout
01-03 15:11:56.734 D/dalvikvm(15737): GC_FOR_MALLOC freed 161K, 46% free 3521K/6407K, external 0K/0K, paused 28ms
01-03 15:11:57.101 I/ActivityManager( 1178): Start proc com.mgyun.shua.su for service com.mgyun.shua.su/.service.SuService: pid=15891 uid=10013 gids={1015, 3003}
01-03 15:11:57.328 D/Database(15891): dbopen(): path = /data/data/com.mgyun.shua.su/databases/download_status.db, flag = 6, file size = 5120
01-03 15:11:57.335 D/Database(15891): dbopen(): path = /data/data/com.mgyun.shua.su/databases/download_status.db, mode: wal, disk free size: 493 M, handle: 0x3174c0
01-03 15:11:57.367 D/Socket_Alarm(15891): registerHTCSocketMonitorCallBack
01-03 15:11:57.367 D/Socket_Alarm(15891): set mSocketMonitor
01-03 15:11:57.367 D/Socket_Alarm(15891): HTCSocketMonitorImpl::HTCSocketMonitorImpl
01-03 15:11:57.390 D/Database(15891): dbopen(): path = /data/data/com.mgyun.shua.su/databases/app_info.db, flag = 6, file size = 4096
01-03 15:11:57.398 D/Database(15891): dbopen(): path = /data/data/com.mgyun.shua.su/databases/app_info.db, mode: wal, disk free size: 493 M, handle: 0x3324a8
01-03 15:11:57.437 I/libjackpal-androidterm(15891): JNI_OnLoad
01-03 15:11:57.492 D/su      (15903): su invoked.
01-03 15:11:57.531 D/su      (15904): silent_run 0, r=10013, e=0, s=0
01-03 15:11:57.539 D/su      (15910): 10013 /system/bin/sh executing 0 /system/bin/sh using binary /system/bin/sh : sh
01-03 15:11:57.546 D/su      (15909): allow, r=10013, e=0, s=0, ctx->to.uid=0
01-03 15:11:57.546 D/su      (15908): silent_run 2
01-03 15:11:57.546 D/su      (15907): silent_run 1, r=10013, e=0, s=0
01-03 15:11:57.570 D/webviewglue(15737): nativeDestroy view: 0x592dc0
01-03 15:11:57.585 I/Ads     (15737): onReceiveAd()
01-03 15:11:57.593 D/AdsAdmob(15737): onReceiveAd invoked
01-03 15:11:57.625 D/ProtocolAds(15737): nativeOnAdsResult(), Get plugin ptr : 0x488ba0
01-03 15:11:57.625 D/ProtocolAds(15737): nativeOnAdsResult(), Get plugin name : AdsAdmob
01-03 15:11:57.625 D/ProtocolAds(15737): ProtocolAds::adsResult invoked!
01-03 15:11:57.625 D/cocos2d-x debug info(15737): OnAdsResult, code : 0, msg : Ads request received success!
01-03 15:11:57.929 D/AndroidRuntime(15905):
01-03 15:11:57.929 D/AndroidRuntime(15905): >>>>>> AndroidRuntime START com.android.internal.os.RuntimeInit <<<<<<
01-03 15:11:57.929 D/AndroidRuntime(15905): CheckJNI is OFF
01-03 15:11:58.242 D/AndroidRuntime(15905): Calling main entry com.android.commands.am.Am
01-03 15:11:58.968 I/shell   (15891): response: $ .suv
01-03 15:11:58.968 I/shell   (15891): #
01-03 15:11:58.984 I/shell   (15891): response: id
01-03 15:11:59.000 I/shell   (15891): response: uid=0(root) gid=0(root) groups=1015(sdcard_rw),3003(inet)
01-03 15:11:59.007 I/shell   (15891): response: #
01-03 15:11:59.328 I/shell   (15891): response: id
01-03 15:11:59.429 I/shell   (15891): response:
01-03 15:11:59.460 I/shell   (15891): response: uid=0(root) gid=0(root) groups=1015(sdcard_rw),3003(inet)
01-03 15:11:59.468 I/shell   (15891): response: #
01-03 15:11:59.632 D/AndroidRuntime(15905): Shutting down VM
01-03 15:11:59.640 D/dalvikvm(15905): GC_CONCURRENT freed 103K, 67% free 346K/1024K, external 0K/0K, paused 1ms+1ms
01-03 15:11:59.664 I/AndroidRuntime(15905): NOTE: attach of thread 'Binder Thread #3' failed
01-03 15:11:59.671 D/jdwp    (15905): adbd disconnected
01-03 15:12:00.312 D/AndroidRuntime(15926):
01-03 15:12:00.312 D/AndroidRuntime(15926): >>>>>> AndroidRuntime START com.android.internal.os.RuntimeInit <<<<<<
01-03 15:12:00.320 D/AndroidRuntime(15926): CheckJNI is OFF
01-03 15:12:00.960 D/AndroidRuntime(15926): Calling main entry com.android.commands.am.Am
01-03 15:12:01.000 I/ActivityManager( 1178): Start proc cn.testin.itestin for broadcast cn.testin.itestin/.TestinService: pid=15934 uid=10082 gids={3003}
01-03 15:12:01.093 I/ActivityManager( 1178): Process com.mgyun.shua.su (pid 15891) has died.
01-03 15:12:01.093 W/ActivityManager( 1178): Scheduling restart of crashed service com.mgyun.shua.su/.service.SuService in 88884ms
01-03 15:12:01.093 I/ActivityManager( 1178): Low Memory: No more background processes.
01-03 15:12:01.140 I/iTestin (15934): recv broadcast>>>itestin.service.CMD_LOG
01-03 15:12:01.156 D/AndroidRuntime(15926): Shutting down VM
01-03 15:12:01.164 I/iTestin (15934): install system
01-03 15:12:01.164 I/AndroidRuntime(15926): NOTE: attach of thread 'Binder Thread #3' failed
