01-03 15:12:01.171 D/dalvikvm(15926): GC_CONCURRENT freed 103K, 67% free 345K/1024K, external 0K/0K, paused 0ms+4ms
01-03 15:12:01.187 D/jdwp    (15926): adbd disconnected
01-03 15:12:01.296 D/WindowManager( 1178): disableKeyguard - unLock
01-03 15:12:01.359 I/TestinExternalLog(15934): <<<<<<< Capturing image (6) >>>>>>>
01-03 15:12:01.406 I/TestinExternalLog(15934): <<<<<<< StartApp >>>>>>>
01-03 15:12:01.406 I/TestinExternalLog(15934): <<<<<<< com.giant.brizzle(15737) >>>>>>>
01-03 15:12:02.132 D/dalvikvm(15737): GC_CONCURRENT freed 670K, 49% free 3395K/6535K, external 0K/0K, paused 4ms+5ms
01-03 15:12:02.312 D/dalvikvm(15737): GC_CONCURRENT freed 419K, 47% free 3487K/6535K, external 0K/0K, paused 3ms+7ms
01-03 15:12:02.390 I/KeyCharacterMap(15737): No keyboard for id 0
01-03 15:12:02.390 I/KeyCharacterMap(15737): Using default keymap: /system/usr/keychars/qwerty.kcm.bin
01-03 15:12:02.453 D/NetworkProviderService( 5727): Get data from Mapbar - onLocationChanged location:Location[mProvider=network,mTime=1388731844151,mLatitude=40.06816,mLongitude=116.34497,mHasAltitude=false,mAltitude=0.0,mHasSpeed=false,mSpeed=0.0,mHasBearing=false,mBearing=0.0,mHasAccuracy=true,mAccuracy=75.0,mExtras=Bundle[{city=北京市}]]
01-03 15:12:02.453 D/NetworkProviderService( 5727): 1-reportLocation() to location manager-1
01-03 15:12:02.460 D/GpsLocationProvider( 1178): [handleMessage] UPDATE_LOCATION
01-03 15:12:02.460 D/GpsLocationProvider( 1178): GetGpsInterface+
01-03 15:12:02.460 D/GpsLocationProvider( 1178): GetGpsInterface-
01-03 15:12:02.484 D/NetworkProviderService( 5727): in getStatusUpdateTime()
01-03 15:12:02.484 D/NetworkProviderService( 5727): in getStatus():2
01-03 15:12:02.515 I/DEBUG   (14114): *** *** *** *** *** *** *** *** *** *** *** *** *** *** *** ***
01-03 15:12:02.515 I/DEBUG   (14114): Build fingerprint: 'htccn_chs_cmcc/huashan/huashan:2.3/GRI40/88420:user/release-keys'
01-03 15:12:02.515 I/DEBUG   (14114): pid: 15737, tid: 15737  >>> com.giant.brizzle <<<
01-03 15:12:02.515 I/DEBUG   (14114): signal 11 (SIGSEGV), code 1 (SEGV_MAPERR), fault addr 00000000
01-03 15:12:02.515 I/DEBUG   (14114):  r0 afd47604  r1 00367b60  r2 0068ba7c  r3 00000000
01-03 15:12:02.515 I/DEBUG   (14114):  r4 bed3a2d0  r5 00000000  r6 bed3a358  r7 42154e04
01-03 15:12:02.515 I/DEBUG   (14114):  r8 bed3a2b0  r9 42154dfc  10 42154de8  fp bed3a29c
01-03 15:12:02.515 I/DEBUG   (14114):  ip 80ebbb20  sp bed3a270  lr 80b753a8  pc 00000000  cpsr a0000010
01-03 15:12:02.515 I/DEBUG   (14114):  d0  000000060059a6f0  d1  00000000000000a6
01-03 15:12:02.515 I/DEBUG   (14114):  d2  000000b000000059  d3  004a8b5000000000
01-03 15:12:02.515 I/DEBUG   (14114):  d4  000000040000006e  d5  0000000200000001
01-03 15:12:02.515 I/DEBUG   (14114):  d6  0000010100000000  d7  0000000400000001
01-03 15:12:02.515 I/DEBUG   (14114):  d8  443687f63c8ac80e  d9  43974e244902259a
01-03 15:12:02.515 I/DEBUG   (14114):  d10 403fda004395ce70  d11 410fc70641c13a43
01-03 15:12:02.515 I/DEBUG   (14114):  d12 403827485a00b037  d13 43365050431e2908
01-03 15:12:02.515 I/DEBUG   (14114):  d14 0000000043365072  d15 0000000000000000
01-03 15:12:02.515 I/DEBUG   (14114):  d16 0000003300000008  d17 001f001f001f001f
01-03 15:12:02.515 I/DEBUG   (14114):  d18 0024002400240024  d19 0024002400240024
01-03 15:12:02.515 I/DEBUG   (14114):  d20 0003000300030003  d21 0003000300030003
01-03 15:12:02.515 I/DEBUG   (14114):  d22 0016001600160016  d23 0016001600160016
01-03 15:12:02.515 I/DEBUG   (14114):  d24 001f001f001f001f  d25 001f001f001f001f
01-03 15:12:02.515 I/DEBUG   (14114):  d26 b3e8b3e8b3e8b3e8  d27 b3e8b3e8b3e8b3e8
01-03 15:12:02.515 I/DEBUG   (14114):  d28 00ff00ff00ff00ff  d29 00ff00ff00ff00ff
01-03 15:12:02.515 I/DEBUG   (14114):  d30 001f001f001f001f  d31 001f001f001f001f
01-03 15:12:02.515 I/DEBUG   (14114):  scr 80000012
01-03 15:12:02.515 I/DEBUG   (14114):
01-03 15:12:02.593 I/DEBUG   (14114):          #00  pc 00000000
01-03 15:12:02.593 I/DEBUG   (14114):          #01  pc 003753a4  /data/data/com.giant.brizzle/lib/libcocos2dcpp.so
01-03 15:12:02.593 I/DEBUG   (14114):          #02  pc 001a20d0  /data/data/com.giant.brizzle/lib/libcocos2dcpp.so
01-03 15:12:02.593 I/DEBUG   (14114):          #03  pc 00018174  /system/lib/libdvm.so
01-03 15:12:02.601 I/DEBUG   (14114):          #04  pc 00049f2a  /system/lib/libdvm.so
01-03 15:12:02.601 I/DEBUG   (14114):          #05  pc 0001d374  /system/lib/libdvm.so
01-03 15:12:02.601 I/DEBUG   (14114):          #06  pc 0002286c  /system/lib/libdvm.so
01-03 15:12:02.601 I/DEBUG   (14114):          #07  pc 00021764  /system/lib/libdvm.so
01-03 15:12:02.601 I/DEBUG   (14114):          #08  pc 00060c4e  /system/lib/libdvm.so
01-03 15:12:02.601 I/DEBUG   (14114):          #09  pc 00068c36  /system/lib/libdvm.so
01-03 15:12:02.601 I/DEBUG   (14114):          #10  pc 0001d374  /system/lib/libdvm.so
01-03 15:12:02.601 I/DEBUG   (14114):          #11  pc 0002286c  /system/lib/libdvm.so
01-03 15:12:02.601 I/DEBUG   (14114):          #12  pc 00021764  /system/lib/libdvm.so
01-03 15:12:02.609 I/DEBUG   (14114):          #13  pc 00060ab0  /system/lib/libdvm.so
01-03 15:12:02.609 I/DEBUG   (14114):          #14  pc 0004ca06  /system/lib/libdvm.so
01-03 15:12:02.609 I/DEBUG   (14114):          #15  pc 00041046  /system/lib/libandroid_runtime.so
01-03 15:12:02.609 I/DEBUG   (14114):          #16  pc 00041ef2  /system/lib/libandroid_runtime.so
01-03 15:12:02.609 I/DEBUG   (14114):          #17  pc 00008cca  /system/bin/app_process
01-03 15:12:02.609 I/DEBUG   (14114):          #18  pc 0001512a  /system/lib/libc.so
01-03 15:12:02.609 I/DEBUG   (14114):
01-03 15:12:02.609 I/DEBUG   (14114): code around pc:
01-03 15:12:02.609 I/DEBUG   (14114):
01-03 15:12:02.609 I/DEBUG   (14114): code around lr:
01-03 15:12:02.609 I/DEBUG   (14114): 80b75388 e3530000 0a000046 e51b300c e5933000
01-03 15:12:02.609 I/DEBUG   (14114): 80b75398 e2833020 e5933000 e51b000c e12fff33
01-03 15:12:02.609 I/DEBUG   (14114): 80b753a8 e1a03000 e51b0024 e1a01003 ebf8adb9
01-03 15:12:02.609 I/DEBUG   (14114): 80b753b8 e1a03000 e3530000 1a000017 e51b300c
01-03 15:12:02.609 I/DEBUG   (14114): 80b753c8 e5933000 e2833024 e5933000 e51b000c
01-03 15:12:02.609 I/DEBUG   (14114):
01-03 15:12:02.609 I/DEBUG   (14114): stack:
01-03 15:12:02.617 I/DEBUG   (14114):     bed3a230  bed3a24c
01-03 15:12:02.617 I/DEBUG   (14114):     bed3a234  80b79dc0  /data/data/com.giant.brizzle/lib/libcocos2dcpp.so
01-03 15:12:02.617 I/DEBUG   (14114):     bed3a238  0043e6b8
01-03 15:12:02.617 I/DEBUG   (14114):     bed3a23c  0059a6f0
01-03 15:12:02.617 I/DEBUG   (14114):     bed3a240  00000014
01-03 15:12:02.617 I/DEBUG   (14114):     bed3a244  00000014
01-03 15:12:02.617 I/DEBUG   (14114):     bed3a248  bed3a25c
01-03 15:12:02.617 I/DEBUG   (14114):     bed3a24c  80b79e2c  /data/data/com.giant.brizzle/lib/libcocos2dcpp.so
01-03 15:12:02.617 I/DEBUG   (14114):     bed3a250  0043e6b8
01-03 15:12:02.617 I/DEBUG   (14114):     bed3a254  0059a6f0
01-03 15:12:02.617 I/DEBUG   (14114):     bed3a258  bed3a26c
01-03 15:12:02.617 I/DEBUG   (14114):     bed3a25c  80af2588  /data/data/com.giant.brizzle/lib/libcocos2dcpp.so
01-03 15:12:02.617 I/DEBUG   (14114):     bed3a260  00415508
01-03 15:12:02.617 I/DEBUG   (14114):     bed3a264  00367b30
01-03 15:12:02.617 I/DEBUG   (14114):     bed3a268  df002777
01-03 15:12:02.617 I/DEBUG   (14114):     bed3a26c  e3a070ad
01-03 15:12:02.625 I/DEBUG   (14114): #01 bed3a270  405a3c30
01-03 15:12:02.625 I/DEBUG   (14114):     bed3a274  00000000
01-03 15:12:02.625 I/DEBUG   (14114):     bed3a278  80e07b48  /data/data/com.giant.brizzle/lib/libcocos2dcpp.so
01-03 15:12:02.625 I/DEBUG   (14114):     bed3a27c  0043b980
01-03 15:12:02.625 I/DEBUG   (14114):     bed3a280  afd47604
01-03 15:12:02.625 I/DEBUG   (14114):     bed3a284  0068ba7c
01-03 15:12:02.625 I/DEBUG   (14114):     bed3a288  005e8990
01-03 15:12:02.625 I/DEBUG   (14114):     bed3a28c  0068bac4
01-03 15:12:02.625 I/DEBUG   (14114):     bed3a290  afd47604
01-03 15:12:02.625 I/DEBUG   (14114):     bed3a294  bed3a2d0
01-03 15:12:02.625 I/DEBUG   (14114):     bed3a298  bed3a2ac
01-03 15:12:02.625 I/DEBUG   (14114):     bed3a29c  809a20d4  /data/data/com.giant.brizzle/lib/libcocos2dcpp.so
01-03 15:12:03.453 D/BATD    ( 1073): [LifePercent] chg dwPredictPercentage=997
01-03 15:12:03.453 D/BATD    ( 1073): [LifePercent] chg last=100
01-03 15:12:03.453 D/BATD    ( 1073): [LifePercent]ACR_u=13754, KADC=1000, RARC=997, Predict percentage(10*)=997, Percentage=100, FL_u=13800!
01-03 15:12:04.726 I/BootReceiver( 1178): Copying /data/tombstones/tombstone_03 to DropBox (SYSTEM_TOMBSTONE)
01-03 15:12:04.804 I/ActivityManager( 1178): Process com.giant.brizzle (pid 15737) has died.
01-03 15:12:04.812 I/WindowManager( 1178): WIN DEATH: Window{40d800b8 com.giant.brizzle/com.giant.brizzle.Brizzle paused=false}
01-03 15:12:04.820 E/SurfaceFlinger( 1178): layer=0x3b49e0 is not in the purgatory list
01-03 15:12:04.820 I/WindowManager( 1178): WIN DEATH: Window{40a06d20 SurfaceView paused=false}
01-03 15:12:04.820 I/WindowManager( 1178): WIN DEATH: Window{40cbb300 Panel:com.giant.brizzle/com.giant.brizzle.Brizzle paused=false}
01-03 15:12:04.828 E/SurfaceFlinger( 1178): layer=0xb81430 is not in the purgatory list
01-03 15:12:04.828 E/SurfaceFlinger( 1178): layer=0x4ca630 is not in the purgatory list
01-03 15:12:04.828 W/ActivityManager( 1178): Crash of app com.giant.brizzle running instrumentation ComponentInfo{cn.itestin.tester/cn.itestin.tester.TestRunner}
01-03 15:12:04.835 D/AndroidRuntime(15729): Shutting down VM
01-03 15:12:04.843 D/AudioTrack( 1022): Audio Track already stopped
01-03 15:12:04.843 I/AndroidRuntime(15729): NOTE: attach of thread 'Binder Thread #3' failed
01-03 15:12:04.843 D/AudioPolicyManagerALSA( 1022): stopOutput() output 1, stream 3
01-03 15:12:04.843 I/ActivityManager( 1178): Force stopping package com.giant.brizzle uid=10083
01-03 15:12:04.851 D/dalvikvm(15729): GC_CONCURRENT freed 108K, 69% free 318K/1024K, external 0K/0K, paused 1ms+9ms
01-03 15:12:04.867 V/AudioPolicyManagerALSA( 1022): changeRefCount() stream 3, count 0
01-03 15:12:04.867 D/AudioPolicyManagerALSA( 1022): setOutputDevice() output 1 device 0 delayMs 372
01-03 15:12:04.867 D/jdwp    (15729): adbd disconnected
01-03 15:12:04.867 I/ActivityManager( 1178): Start proc com.borqs.launcher for activity com.borqs.launcher/com.borqs.launcher2.Launcher: pid=15957 uid=10073 gids={3003, 3001, 3002, 1006, 1015}
01-03 15:12:04.875 V/AudioPolicyManagerALSA( 1022): releaseOutput() 1
01-03 15:12:04.882 V/AudioPolicyManagerALSA( 1022): releaseOutput() 1
01-03 15:12:04.921 D/Zygote  ( 1058): Process 15737 terminated by signal (11)
01-03 15:12:04.960 E/ActivityManager( 1178): fail to set top app changed!
01-03 15:12:05.078 I/ActivityThread(15957): Pub com.borqs.launcher2.settings: com.borqs.launcher2.LauncherProvider
01-03 15:12:05.242 D/dalvikvm(15957): GC_EXTERNAL_ALLOC freed 61K, 50% free 2723K/5379K, external 0K/0K, paused 97ms
01-03 15:12:05.289 D/dalvikvm( 1178): GC_CONCURRENT freed 1554K, 62% free 10193K/26823K, external 2405K/3004K, paused 8ms+94ms
01-03 15:12:05.351 W/WindowManagerService.mKeyguardTokenWatcher( 1178): cleaning up leaked reference: unLock
01-03 15:12:05.382 W/WindowManagerService.mKeyguardTokenWatcher( 1178): cleaning up leaked reference: unLock
01-03 15:12:05.382 W/WindowManagerService.mKeyguardTokenWatcher( 1178): cleaning up leaked reference: unLock
01-03 15:12:05.382 W/WindowManagerService.mKeyguardTokenWatcher( 1178): cleaning up leaked reference: unLock
01-03 15:12:05.492 D/AndroidRuntime(15965):
01-03 15:12:05.492 D/AndroidRuntime(15965): >>>>>> AndroidRuntime START com.android.internal.os.RuntimeInit <<<<<<
01-03 15:12:05.500 D/AndroidRuntime(15965): CheckJNI is OFF
01-03 15:12:05.507 I/ActivityManager( 1178): Starting activity: Intent { act=android.intent.action.MAIN flg=0x10000000 cmp=com.giant.brizzle/.Brizzle } from pid 15934
01-03 15:12:05.890 D/AndroidRuntime(15965): Calling main entry com.android.commands.am.Am
01-03 15:12:05.906 I/iTestin (15934): recv broadcast>>>itestin.service.CMD_STOPPROCESSSTATEMONITOR
01-03 15:12:05.914 D/AndroidRuntime(15965): Shutting down VM
01-03 15:12:05.929 D/dalvikvm(15965): GC_CONCURRENT freed 102K, 67% free 342K/1024K, external 0K/0K, paused 1ms+9ms
01-03 15:12:05.929 I/AndroidRuntime(15965): NOTE: attach of thread 'Binder Thread #3' failed
01-03 15:12:05.929 D/jdwp    (15965): adbd disconnected
01-03 15:12:06.062 W/ActivityManager( 1178): Activity pause timeout for HistoryRecord{40a99eb8 com.borqs.launcher/com.borqs.launcher2.Launcher}
01-03 15:12:06.070 I/ActivityManager( 1178): Start proc com.giant.brizzle for activity com.giant.brizzle/.Brizzle: pid=15974 uid=10083 gids={3003}
01-03 15:12:06.101 D/Database(15957): dbopen(): path = /data/data/com.borqs.launcher/databases/launcher.db, flag = 6, file size = 4096
01-03 15:12:06.109 D/Database(15957): dbopen(): path = /data/data/com.borqs.launcher/databases/launcher.db, mode: wal, disk free size: 493 M, handle: 0x384928
01-03 15:12:06.367 D/Cocos2dxActivity(15974): model=HTC A9188
01-03 15:12:06.367 D/Cocos2dxActivity(15974): product=huashan
01-03 15:12:06.367 D/Cocos2dxActivity(15974): isEmulator=false
01-03 15:12:06.390 D/ATRecorder(15974): com.htc.autotest.dlib.RecordEngine in loader dalvik.system.DexClassLoader@40535940
01-03 15:12:06.492 D/libEGL  (15974): loaded /system/lib/egl/libGLES_android.so
01-03 15:12:06.500 I/ActivityManager( 1178): Displayed com.giant.brizzle/.Brizzle: +437ms (total +1s656ms)
01-03 15:12:06.507 D/InputManagerService( 1178): Got RemoteException sending setActive(false) notification to pid 15737 uid 10083
01-03 15:12:06.515 W/InputManagerService( 1178): [startInputLocked] Enable input method client.
01-03 15:12:06.531 D/libEGL  (15974): loaded /vendor/lib/egl/libEGL_POWERVR_SGX530_125.so
01-03 15:12:06.531 D/libEGL  (15974): loaded /vendor/lib/egl/libGLESv1_CM_POWERVR_SGX530_125.so
01-03 15:12:06.539 D/libEGL  (15974): loaded /vendor/lib/egl/libGLESv2_POWERVR_SGX530_125.so
01-03 15:12:06.601 D/cocos2d-x debug info(15974):
01-03 15:12:06.601 D/cocos2d-x debug info(15974): <dict>
01-03 15:12:06.601 D/cocos2d-x debug info(15974): 	cocos2d.x.version: 2.2.1
01-03 15:12:06.601 D/cocos2d-x debug info(15974): 	cocos2d.x.compiled_with_profiler: false
01-03 15:12:06.601 D/cocos2d-x debug info(15974): 	cocos2d.x.compiled_with_gl_state_cache: true
01-03 15:12:06.601 D/cocos2d-x debug info(15974): 	gl.vendor: Imagination Technologies
01-03 15:12:06.601 D/cocos2d-x debug info(15974): 	gl.renderer: PowerVR SGX 530
01-03 15:12:06.601 D/cocos2d-x debug info(15974): 	gl.version: OpenGL ES 2.0
01-03 15:12:06.601 D/cocos2d-x debug info(15974): 	gl.max_texture_size: 2048
01-03 15:12:06.601 D/cocos2d-x debug info(15974): 	gl.max_texture_units: 8
01-03 15:12:06.601 D/cocos2d-x debug info(15974): 	gl.supports_PVRTC: true
01-03 15:12:06.601 D/cocos2d-x debug info(15974): 	gl.supports_NPOT: true
01-03 15:12:06.601 D/cocos2d-x debug info(15974): 	gl.supports_BGRA8888: true
01-03 15:12:06.601 D/cocos2d-x debug info(15974): 	gl.supports_discard_framebuffer: true
01-03 15:12:06.601 D/cocos2d-x debug info(15974): 	gl.supports_vertex_array_object: true
01-03 15:12:06.601 D/cocos2d-x debug info(15974): </dict>
01-03 15:12:06.843 D/cocos2d-x debug info(15974): cocos2d: CCTextureCache: texture: cc_fps_images
01-03 15:12:06.843 D/cocos2d-x debug info(15974): cocos2d: CCSpriteFrameCache: Trying to use file images/main_menu/main_bg_a_RETINA.png as texture
01-03 15:12:06.843 I/TestinExternalLog(1): <<<<<<< StopTest ui Package com.giant.brizzle >>>>>>>
01-03 15:12:06.843 I/TestinExternalLog(1): <<<<<<< StartTest monkey Package com.giant.brizzle >>>>>>>
01-03 15:12:07.242 D/AndroidRuntime(15986):
01-03 15:12:07.242 D/AndroidRuntime(15986): >>>>>> AndroidRuntime START com.android.internal.os.RuntimeInit <<<<<<
01-03 15:12:07.257 D/AndroidRuntime(15986): CheckJNI is OFF
01-03 15:12:07.554 D/cocos2d-x debug info(15974): cocos2d: CCSpriteFrameCache: Trying to use file images/main_menu/main_bg_b_RETINA.png as texture
01-03 15:12:07.664 D/AndroidRuntime(15986): Calling main entry com.android.commands.monkey.Monkey
01-03 15:12:07.968 D/cocos2d-x debug info(15974): cocos2d: CCSpriteFrameCache: Trying to use file images/main_menu/mainmenu_a_RETINA.png as texture
01-03 15:12:07.976 D/ALSA-lib( 1022): snd_pcm_close AndroidPlayback_Speaker_normal
01-03 15:12:07.976 D/ALSA-lib( 1022): snd_pcm_close default
01-03 15:12:07.976 D/ALSA-lib( 1022): snd_pcm_close (null)
01-03 15:12:07.976 D/StreamProcess( 1022): OutputStreamProcess::ResetAOLC()
01-03 15:12:08.398 I/ActivityManager( 1178): Starting activity: Intent { act=android.intent.action.MAIN cat=[android.intent.category.LAUNCHER] flg=0x10000000 cmp=com.giant.brizzle/.Brizzle } from pid 15986
01-03 15:12:08.710 D/PhoneWindow(15974): couldn't save which view has focus because the focused view org.cocos2dx.lib.Cocos2dxGLSurfaceView@4052f1c8 has no id.
01-03 15:12:08.734 D/Cocos2dxActivity(15974): model=HTC A9188
01-03 15:12:08.734 D/Cocos2dxActivity(15974): product=huashan
01-03 15:12:08.734 D/Cocos2dxActivity(15974): isEmulator=false
01-03 15:12:08.765 D/Device Model(15974): HTC A9188
01-03 15:12:08.828 D/cocos2d-x debug info(15974): cocos2d: CCSpriteFrameCache: Trying to use file images/main_menu/mainmenu_b_CN_RETINA.png as texture
01-03 15:12:08.882 I/ActivityManager( 1178): Displayed com.giant.brizzle/.Brizzle: +172ms
01-03 15:12:09.562 I/ActivityManager( 1178): Start proc com.mgyun.shua.su for service com.mgyun.shua.su/.service.SuService: pid=15999 uid=10013 gids={1015, 3003}
01-03 15:12:09.609 D/cocos2d-x debug info(15974): reload all texture
01-03 15:12:09.835 D/cocos2d-x debug info(15974): cocos2d: CCSpriteFrameCache: Trying to use file images/main_menu/mainmenu_a_CN_RETINA.png as texture
01-03 15:12:10.140 D/Database(15999): dbopen(): path = /data/data/com.mgyun.shua.su/databases/download_status.db, flag = 6, file size = 5120
01-03 15:12:10.171 D/Database(15999): dbopen(): path = /data/data/com.mgyun.shua.su/databases/download_status.db, mode: wal, disk free size: 493 M, handle: 0x317580
01-03 15:12:10.250 D/Socket_Alarm(15999): registerHTCSocketMonitorCallBack
01-03 15:12:10.250 D/Socket_Alarm(15999): set mSocketMonitor
01-03 15:12:10.250 D/Socket_Alarm(15999): HTCSocketMonitorImpl::HTCSocketMonitorImpl
01-03 15:12:10.281 D/Database(15999): dbopen(): path = /data/data/com.mgyun.shua.su/databases/app_info.db, flag = 6, file size = 4096
01-03 15:12:10.281 D/Database(15999): dbopen(): path = /data/data/com.mgyun.shua.su/databases/app_info.db, mode: wal, disk free size: 493 M, handle: 0x332568
01-03 15:12:10.445 D/AudioFlinger( 1022): [AudioFlinger::MixerThread::threadLoop] set ALC to enable
01-03 15:12:10.476 I/libjackpal-androidterm(15999): JNI_OnLoad
01-03 15:12:10.500 I/OMXCodec( 1022): [Stagefright] use software codec=VorbisDecoder
01-03 15:12:10.523 D/MediaPlayer(15974): stop() in
01-03 15:12:10.523 I/AwesomePlayer( 1022): Lock success within 5000 us
01-03 15:12:10.523 D/MediaPlayer(15974): stop() out
01-03 15:12:10.531 I/AwesomePlayer( 1022): Lock success within 0 us
01-03 15:12:10.531 D/MediaPlayer(15974): start() in
01-03 15:12:10.531 D/AudioPolicyManagerALSA( 1022): startOutput() output 1, stream 3
01-03 15:12:10.531 D/AudioPolicyManagerALSA( 1022): getDeviceForStrategy() strategy 0, device 2
01-03 15:12:10.531 D/AudioPolicyManagerALSA( 1022): setOutputDevice() output 1 device 2 delayMs 0
01-03 15:12:10.531 V/AudioPolicyManagerALSA( 1022): setOutputDevice() setting same device 2 for output 1
01-03 15:12:10.531 V/AudioPolicyManagerALSA( 1022): changeRefCount() stream 3, count 1
01-03 15:12:10.531 D/AwesomePlayer( 1022): [SHORT_SND] endpos = 0, latency = 557, add a short delay
01-03 15:12:10.539 D/AudioHardwareALSA( 1022): [ALSA] handle closed, reopen it
01-03 15:12:10.539 D/ALSAModule( 1022): open called for devices 00000002 in mode 0...
01-03 15:12:10.539 D/ALSA-lib( 1022): snd_pcm_open AndroidPlayback_Speaker_normal
01-03 15:12:10.570 I/ALSAModule( 1022): Initialized ALSA PLAYBACK device AndroidPlayback_Speaker_normal
01-03 15:12:10.632 D/su      (16015): su invoked.
01-03 15:12:10.648 D/su      (16020): 10013 /system/bin/sh executing 0 /system/bin/sh using binary /system/bin/sh : sh
01-03 15:12:10.656 D/su      (16022): silent_run 2
01-03 15:12:10.656 D/su      (16021): silent_run 1, r=10013, e=0, s=0
01-03 15:12:10.679 D/su      (16016): silent_run 0, r=10013, e=0, s=0
01-03 15:12:10.679 D/su      (16019): allow, r=10013, e=0, s=0, ctx->to.uid=0
01-03 15:12:10.695 D/AndroidRuntime(16007):
01-03 15:12:10.695 D/AndroidRuntime(16007): >>>>>> AndroidRuntime START com.android.internal.os.RuntimeInit <<<<<<
01-03 15:12:10.703 D/AndroidRuntime(16007): CheckJNI is OFF
01-03 15:12:11.093 D/MediaPlayer(15974): start() out
01-03 15:12:11.132 D/AndroidRuntime(16017):
01-03 15:12:11.132 D/AndroidRuntime(16017): >>>>>> AndroidRuntime START com.android.internal.os.RuntimeInit <<<<<<
01-03 15:12:11.140 D/AndroidRuntime(16017): CheckJNI is OFF
01-03 15:12:11.312 D/AndroidRuntime(16007): Calling main entry com.android.commands.am.Am
01-03 15:12:11.335 I/iTestin (15934): recv broadcast>>>itestin.service.CMD_LOG
01-03 15:12:11.343 I/TestinExternalLog(15934): <<<<<<< Capturing image (7) >>>>>>>
01-03 15:12:11.343 D/AndroidRuntime(16007): Shutting down VM
01-03 15:12:11.351 I/AndroidRuntime(16007): NOTE: attach of thread 'Binder Thread #3' failed
01-03 15:12:11.351 D/dalvikvm(16007): GC_CONCURRENT freed 103K, 67% free 345K/1024K, external 0K/0K, paused 1ms+3ms
01-03 15:12:11.359 D/jdwp    (16007): adbd disconnected
01-03 15:12:11.648 D/MediaPlayer(15974): pause() in
01-03 15:12:11.648 I/AwesomePlayer( 1022): Lock success within 0 us
01-03 15:12:11.648 D/AudioPolicyManagerALSA( 1022): stopOutput() output 1, stream 3
01-03 15:12:11.648 V/AudioPolicyManagerALSA( 1022): changeRefCount() stream 3, count 0
01-03 15:12:11.648 D/AudioPolicyManagerALSA( 1022): setOutputDevice() output 1 device 0 delayMs 372
01-03 15:12:11.648 D/MediaPlayer(15974): pause() out
01-03 15:12:11.648 D/AudioTrack( 1022): Audio Track already stopped
01-03 15:12:11.781 D/MediaPlayer(15974): handleMessage:MEDIA_SEEK_COMPLETE
01-03 15:12:11.781 D/MediaPlayer(15974): handleMessage:MEDIA_SEEK_COMPLETE
01-03 15:12:12.007 I/shell   (15999): response: $ .suv
01-03 15:12:12.007 I/shell   (15999): #
01-03 15:12:12.023 I/shell   (15999): response: id
01-03 15:12:12.023 I/shell   (15999): uid=0(root) gid=0(root) groups=1015(sdcard_rw),3003(inet)
01-03 15:12:12.023 I/shell   (15999): #
01-03 15:12:12.070 D/AndroidRuntime(16017): Calling main entry com.android.commands.am.Am
01-03 15:12:12.328 I/KeyCharacterMap(15974): No keyboard for id 0
01-03 15:12:12.328 I/KeyCharacterMap(15974): Using default keymap: /system/usr/keychars/qwerty.kcm.bin
01-03 15:12:12.335 I/shell   (15999): response: id
01-03 15:12:12.437 I/shell   (15999): response:
01-03 15:12:12.445 I/shell   (15999): response: uid=0(root) gid=0(root) groups=1015(sdcard_rw),3003(inet)
01-03 15:12:12.445 I/shell   (15999): #
01-03 15:12:12.515 D/AndroidRuntime(16017): Shutting down VM
01-03 15:12:12.523 D/dalvikvm(16017): GC_CONCURRENT freed 103K, 67% free 346K/1024K, external 0K/0K, paused 1ms+1ms
01-03 15:12:12.523 I/AndroidRuntime(16017): NOTE: attach of thread 'Binder Thread #3' failed
01-03 15:12:12.531 D/jdwp    (16017): adbd disconnected
01-03 15:12:12.757 D/szipinf (15999): Initializing inflate state
01-03 15:12:12.765 D/szipinf (15999): Initializing zlib to inflate
01-03 15:12:12.984 D/dalvikvm(15999): GC_FOR_MALLOC freed 196K, 49% free 2915K/5639K, external 0K/0K, paused 63ms
01-03 15:12:13.312 I/ActivityManager( 1178): Start proc borqs.mobilewidget for service borqs.mobilewidget/.provider.WidgetManagerOCSPService: pid=16052 uid=10021 gids={3003, 3001, 3002, 1006, 1015}
01-03 15:12:13.429 D/dalvikvm( 1058): GC_EXPLICIT freed 11K, 51% free 2675K/5379K, external 0K/0K, paused 118ms
01-03 15:12:13.515 D/dalvikvm( 1058): GC_EXPLICIT freed <1K, 51% free 2675K/5379K, external 0K/0K, paused 80ms
01-03 15:12:13.539 I/ActivityThread(16052): Pub widgetplayer: borqs.widgetplayer.widgetmodel.WidgetContentProvider
01-03 15:12:13.585 D/dalvikvm( 1058): GC_EXPLICIT freed <1K, 51% free 2675K/5379K, external 0K/0K, paused 70ms
01-03 15:12:14.570 D/dalvikvm(16052): GC_CONCURRENT freed 193K, 48% free 2938K/5639K, external 0K/0K, paused 2ms+6ms
01-03 15:12:14.718 D/dalvikvm(16052): GC_EXTERNAL_ALLOC freed 307K, 50% free 2897K/5703K, external 0K/0K, paused 41ms
01-03 15:12:14.765 D/Database(16052): dbopen(): path = /data/data/borqs.mobilewidget/databases/webview.db, flag = 6, file size = 15360
01-03 15:12:14.773 I/Database(16052): sqlite returned: error code = 0, msg = Recovered 15 frames from WAL file /data/data/borqs.mobilewidget/databases/webview.db-wal
01-03 15:12:14.781 D/Database(16052): dbopen(): path = /data/data/borqs.mobilewidget/databases/webview.db, mode: wal, disk free size: 493 M, handle: 0x3213c8
01-03 15:12:14.804 D/Database(16052): dbopen(): path = /data/data/borqs.mobilewidget/databases/webviewCache.db, flag = 6, file size = 6144
01-03 15:12:14.812 I/Database(16052): sqlite returned: error code = 0, msg = Recovered 6 frames from WAL file /data/data/borqs.mobilewidget/databases/webviewCache.db-wal
01-03 15:12:14.812 D/Database(16052): dbopen(): path = /data/data/borqs.mobilewidget/databases/webviewCache.db, mode: wal, disk free size: 493 M, handle: 0x348788
01-03 15:12:14.828 D/qct     (16052): [RequestQueue.ActivePool.ActivePool] >> Enable Shutdown = false
01-03 15:12:14.828 D/qct     (16052): [IdleCache.IdleCache] >> IDLE_CACHE_MAX = 40
01-03 15:12:14.835 D/qct     (16052): [PreConnectionManager.PreConnectionManager] >> TCP_PRE_CONNECT = false
01-03 15:12:14.851 D/skia    (16052): htcFlashPlugin::htcFlashPlugin
01-03 15:12:14.859 D/qct     (16052): [WebView.WebView] >> Enable Shutdown = false
01-03 15:12:14.875 D/Database(16052): dbopen(): path = /data/data/borqs.mobilewidget/databases/widgets.db, flag = 6, file size = 15360
01-03 15:12:14.875 D/ActivityThread(16052): Loading provider jilwidgetmanager: jil.mobilewidget.provider.WidgetProvider
01-03 15:12:14.890 I/Database(16052): sqlite returned: error code = 0, msg = Recovered 19 frames from WAL file /data/data/borqs.mobilewidget/databases/widgets.db-wal
01-03 15:12:14.906 D/Database(16052): dbopen(): path = /data/data/borqs.mobilewidget/databases/widgets.db, mode: wal, disk free size: 493 M, handle: 0x3a55d0
01-03 15:12:14.953 D/ALSA-lib( 1022): snd_pcm_close AndroidPlayback_Speaker_normal
01-03 15:12:14.953 D/ALSA-lib( 1022): snd_pcm_close default
01-03 15:12:14.953 D/ALSA-lib( 1022): snd_pcm_close (null)
01-03 15:12:14.953 D/StreamProcess( 1022): OutputStreamProcess::ResetAOLC()
01-03 15:12:14.968 W/ActivityManager( 1178): Activity idle timeout for HistoryRecord{40a99eb8 com.borqs.launcher/com.borqs.launcher2.Launcher}
01-03 15:12:15.187 I/ActivityThread(16052): Pub widgetstore: borqs.widgetstore.widgetmanager.WidgetStoreProvider
01-03 15:12:15.195 I/ActivityThread(16052): Pub jilwidgetmanager: jil.mobilewidget.provider.WidgetProvider
01-03 15:12:15.265 D/Database(16052): dbopen(): path = /data/data/borqs.mobilewidget/databases/widgetstore.db, flag = 6, file size = 18432
01-03 15:12:15.312 D/Database(16052): dbopen(): path = /data/data/borqs.mobilewidget/databases/widgets.db, flag = 6, file size = 15360
01-03 15:12:15.312 D/Database(15999): dbopen(): path = /data/data/com.mgyun.shua.su/databases/su.sqlite, flag = 6, file size = 5120
01-03 15:12:15.320 D/Database(16052): dbopen(): path = /data/data/borqs.mobilewidget/databases/widgets.db, mode: wal, disk free size: 493 M, handle: 0x402c00
01-03 15:12:15.343 D/Database(16052): dbopen(): path = /data/data/borqs.mobilewidget/databases/widgetstore.db, mode: wal, disk free size: 493 M, handle: 0x3da260
01-03 15:12:15.351 D/Database(15999): dbopen(): path = /data/data/com.mgyun.shua.su/databases/su.sqlite, mode: wal, disk free size: 493 M, handle: 0x349538
01-03 15:12:15.414 D/Database(15999): dbclose(): path = /data/data/com.mgyun.shua.su/databases/su.sqlite, handle = 0x349538
01-03 15:12:15.656 D/dalvikvm(16052): GC_CONCURRENT freed 345K, 48% free 3146K/5959K, external 376K/542K, paused 3ms+10ms
01-03 15:12:15.742 D/Database(15957): dbopen(): path = /data/data/com.borqs.launcher/databases/webview.db, flag = 6, file size = 15360
01-03 15:12:15.750 I/Database(15957): sqlite returned: error code = 0, msg = Recovered 15 frames from WAL file /data/data/com.borqs.launcher/databases/webview.db-wal
01-03 15:12:15.757 D/Database(15957): dbopen(): path = /data/data/com.borqs.launcher/databases/webview.db, mode: wal, disk free size: 493 M, handle: 0x602fa0
01-03 15:12:15.765 D/Database(15957): dbopen(): path = /data/data/com.borqs.launcher/databases/webviewCache.db, flag = 6, file size = 6144
01-03 15:12:15.773 I/Database(15957): sqlite returned: error code = 0, msg = Recovered 6 frames from WAL file /data/data/com.borqs.launcher/databases/webviewCache.db-wal
01-03 15:12:15.773 D/Database(15957): dbopen(): path = /data/data/com.borqs.launcher/databases/webviewCache.db, mode: wal, disk free size: 493 M, handle: 0x61bd10
01-03 15:12:15.796 D/qct     (15957): [RequestQueue.ActivePool.ActivePool] >> Enable Shutdown = false
01-03 15:12:15.796 D/qct     (15957): [IdleCache.IdleCache] >> IDLE_CACHE_MAX = 40
01-03 15:12:15.796 D/skia    (15957): htcFlashPlugin::htcFlashPlugin
01-03 15:12:15.812 D/qct     (15957): [PreConnectionManager.PreConnectionManager] >> TCP_PRE_CONNECT = false
01-03 15:12:15.828 D/qct     (15957): [WebView.WebView] >> Enable Shutdown = false
01-03 15:12:16.242 D/dalvikvm(16052): GC_CONCURRENT freed 471K, 49% free 3163K/6151K, external 376K/542K, paused 7ms+18ms
01-03 15:12:16.546 D/dalvikvm(15986): GC_FOR_MALLOC freed 1257K, 62% free 788K/2051K, external 0K/0K, paused 15ms
01-03 15:12:16.679 D/ATRecorder(15957): com.htc.autotest.dlib.RecordEngine in loader dalvik.system.DexClassLoader@40639fb0
01-03 15:12:16.695 D/Launcher(15957): addPendingWidgetViewsToDisplay: enter
01-03 15:12:16.695 D/Launcher(15957): addPendingWidgetViewsToDisplay: exit
01-03 15:12:16.875 D/dalvikvm(15957): GC_CONCURRENT freed 473K, 47% free 3386K/6343K, external 1912K/2116K, paused 3ms+5ms
01-03 15:12:17.468 D/AndroidRuntime(16105):
01-03 15:12:17.468 D/AndroidRuntime(16105): >>>>>> AndroidRuntime START com.android.internal.os.RuntimeInit <<<<<<
01-03 15:12:17.468 D/AndroidRuntime(16105): CheckJNI is OFF
01-03 15:12:17.484 D/NetworkProviderService( 5727): Get data from Mapbar - onLocationChanged location:Location[mProvider=network,mTime=1388731844151,mLatitude=40.06816,mLongitude=116.34497,mHasAltitude=false,mAltitude=0.0,mHasSpeed=false,mSpeed=0.0,mHasBearing=false,mBearing=0.0,mHasAccuracy=true,mAccuracy=75.0,mExtras=Bundle[{city=北京市}]]
01-03 15:12:17.484 D/NetworkProviderService( 5727): 1-reportLocation() to location manager-1
01-03 15:12:17.484 D/GpsLocationProvider( 1178): [handleMessage] UPDATE_LOCATION
01-03 15:12:17.484 D/GpsLocationProvider( 1178): GetGpsInterface+
01-03 15:12:17.484 D/GpsLocationProvider( 1178): GetGpsInterface-
01-03 15:12:17.484 D/NetworkProviderService( 5727): in getStatusUpdateTime()
01-03 15:12:17.484 D/NetworkProviderService( 5727): in getStatus():2
01-03 15:12:17.750 D/AndroidRuntime(16105): Calling main entry com.android.commands.am.Am
01-03 15:12:17.765 I/iTestin (15934): recv broadcast>>>itestin.service.CMD_LOG
01-03 15:12:17.781 I/TestinExternalLog(15934): <<<<<<< Capturing image (8) >>>>>>>
01-03 15:12:17.781 D/AndroidRuntime(16105): Shutting down VM
01-03 15:12:17.789 I/AndroidRuntime(16105): NOTE: attach of thread 'Binder Thread #3' failed
01-03 15:12:17.789 D/dalvikvm(16105): GC_CONCURRENT freed 103K, 67% free 345K/1024K, external 0K/0K, paused 1ms+1ms
01-03 15:12:17.789 D/jdwp    (16105): adbd disconnected
01-03 15:12:19.460 W/ContentService( 1178): binderDied() at ObserverNode name favorites
01-03 15:12:19.460 I/ActivityManager( 1178): Process com.borqs.launcher (pid 15957) has died.
01-03 15:12:19.468 W/ContentService( 1178): binderDied() at ObserverNode name appWidgetReset
01-03 15:12:19.468 I/WindowManager( 1178): WIN DEATH: Window{40b711f0 com.borqs.launcher/com.borqs.launcher2.Launcher paused=false}
01-03 15:12:19.484 I/ActivityManager( 1178): Low Memory: No more background processes.
01-03 15:12:20.757 D/dalvikvm(15986): GC_CONCURRENT freed 670K, 62% free 793K/2051K, external 0K/0K, paused 1ms+1ms
01-03 15:12:20.773 W/System.err(16052): org.apache.http.conn.ConnectTimeoutException: Connect to /119.145.0.78:8082 timed out
01-03 15:12:20.781 W/System.err(16052): 	at org.apache.http.conn.scheme.PlainSocketFactory.connectSocket(PlainSocketFactory.java:121)
01-03 15:12:20.781 W/System.err(16052): 	at org.apache.http.impl.conn.DefaultClientConnectionOperator.openConnection(DefaultClientConnectionOperator.java:143)
01-03 15:12:20.781 W/System.err(16052): 	at org.apache.http.impl.conn.AbstractPoolEntry.open(AbstractPoolEntry.java:164)
01-03 15:12:20.781 W/System.err(16052): 	at org.apache.http.impl.conn.AbstractPooledConnAdapter.open(AbstractPooledConnAdapter.java:119)
01-03 15:12:20.781 W/System.err(16052): 	at org.apache.http.impl.client.DefaultRequestDirector.execute(DefaultRequestDirector.java:359)
01-03 15:12:20.781 W/System.err(16052): 	at org.apache.http.impl.client.AbstractHttpClient.execute(AbstractHttpClient.java:555)
01-03 15:12:20.781 W/System.err(16052): 	at org.apache.http.impl.client.AbstractHttpClient.execute(AbstractHttpClient.java:487)
01-03 15:12:20.781 W/System.err(16052): 	at org.apache.http.impl.client.AbstractHttpClient.execute(AbstractHttpClient.java:465)
01-03 15:12:20.781 W/System.err(16052): 	at borqs.widgetstore.http.NetworkManager.requestURL(NetworkManager.java:161)
01-03 15:12:20.781 W/System.err(16052): 	at borqs.widgetstore.httptasks.GetSecurityTokenTask.start(GetSecurityTokenTask.java:57)
01-03 15:12:20.789 W/System.err(16052): 	at borqs.widgetstore.charging.WidgetManagerChargingService$2.run(WidgetManagerChargingService.java:172)
01-03 15:12:23.554 D/AndroidRuntime(16118):
01-03 15:12:23.554 D/AndroidRuntime(16118): >>>>>> AndroidRuntime START com.android.internal.os.RuntimeInit <<<<<<
01-03 15:12:23.554 D/AndroidRuntime(16118): CheckJNI is OFF
01-03 15:12:23.906 D/AndroidRuntime(16118): Calling main entry com.android.commands.am.Am
01-03 15:12:23.937 I/iTestin (15934): recv broadcast>>>itestin.service.CMD_LOG
01-03 15:12:23.945 D/AndroidRuntime(16118): Shutting down VM
01-03 15:12:23.953 I/TestinExternalLog(15934): <<<<<<< Capturing image (9) >>>>>>>
01-03 15:12:23.953 D/dalvikvm(16118): GC_CONCURRENT freed 103K, 67% free 345K/1024K, external 0K/0K, paused 1ms+0ms
01-03 15:12:23.953 I/AndroidRuntime(16118): NOTE: attach of thread 'Binder Thread #3' failed
01-03 15:12:23.960 D/jdwp    (16118): adbd disconnected
01-03 15:12:24.898 I/ActivityManager( 1178): Starting activity: Intent { act=android.intent.action.CALL_BUTTON flg=0x10000000 cmp=com.android.htcdialer/.Dialer } from pid 15974
01-03 15:12:25.242 I/ActivityManager( 1178): Start proc com.android.bluetooth for service com.android.bluetooth/.pbap.BluetoothPbapService: pid=16127 uid=10014 gids={3003, 3002, 3001, 1015, 1006}
01-03 15:12:25.335 I/ActivityThread(16127): Pub com.android.bluetooth.opp: com.android.bluetooth.opp.BluetoothOppProvider
01-03 15:12:25.359 D/BluetoothPbapService(16127): BluetoothPbapService. entered
01-03 15:12:25.359 D/BluetoothPbapService(16127): PbapService onCreate
01-03 15:12:25.359 D/BluetoothPbapService(16127): PbapService register intentfilter
01-03 15:12:25.937 D/dalvikvm(15986): GC_CONCURRENT freed 724K, 62% free 795K/2051K, external 0K/0K, paused 1ms+1ms
01-03 15:12:28.015 I/OMXCodec( 1022): [Stagefright] use software codec=VorbisDecoder
01-03 15:12:28.039 D/AudioPolicyManagerALSA( 1022): getDeviceForStrategy() strategy 0, device 2
01-03 15:12:28.039 V/AudioPolicyManagerALSA( 1022): getOutput() stream 3, samplingRate 0, format 0, channels c, flags 0
01-03 15:12:28.039 D/AudioPolicyManagerALSA( 1022): startOutput() output 1, stream 3
01-03 15:12:28.039 D/AudioPolicyManagerALSA( 1022): getDeviceForStrategy() strategy 0, device 2
01-03 15:12:28.039 D/AudioPolicyManagerALSA( 1022): setOutputDevice() output 1 device 2 delayMs 0
01-03 15:12:28.039 V/AudioPolicyManagerALSA( 1022): setOutputDevice() setting same device 2 for output 1
01-03 15:12:28.039 V/AudioPolicyManagerALSA( 1022): changeRefCount() stream 3, count 1
01-03 15:12:28.039 D/AudioFlinger( 1022): [AudioFlinger::MixerThread::threadLoop] set ALC to enable
01-03 15:12:28.039 D/AudioHardwareALSA( 1022): [ALSA] handle closed, reopen it
01-03 15:12:28.039 D/ALSAModule( 1022): open called for devices 00000002 in mode 0...
01-03 15:12:28.039 D/ALSA-lib( 1022): snd_pcm_open AndroidPlayback_Speaker_normal
01-03 15:12:28.054 D/cocos2d-x debug info(15974): cocos2d: CCSpriteFrameCache: removing unused frame: main_bg_c@2x.png
01-03 15:12:28.054 D/cocos2d-x debug info(15974): cocos2d: CCSpriteFrameCache: removing unused frame: main_trees_a@2x.png
01-03 15:12:28.054 D/cocos2d-x debug info(15974): cocos2d: CCSpriteFrameCache: removing unused frame: main_trees_b@2x.png
01-03 15:12:28.054 D/cocos2d-x debug info(15974): cocos2d: CCSpriteFrameCache: removing unused frame: main_bg_a@2x.png
01-03 15:12:28.054 D/cocos2d-x debug info(15974): cocos2d: CCSpriteFrameCache: removing unused frame: main_bg_b@2x.png
01-03 15:12:28.054 D/cocos2d-x debug info(15974): cocos2d: CCSpriteFrameCache: removing unused frame: main_bg_light@2x.png
01-03 15:12:28.054 D/cocos2d-x debug info(15974): cocos2d: CCSpriteFrameCache: removing unused frame: main_cha_blue@2x.png
01-03 15:12:28.054 D/cocos2d-x debug info(15974): cocos2d: CCSpriteFrameCache: removing unused frame: main_cha_green@2x.png
01-03 15:12:28.054 D/cocos2d-x debug info(15974): cocos2d: CCSpriteFrameCache: removing unused frame: main_cha_orange@2x.png
01-03 15:12:28.054 D/cocos2d-x debug info(15974): cocos2d: CCSpriteFrameCache: removing unused frame: main_cha_pink@2x.png
01-03 15:12:28.054 D/cocos2d-x debug info(15974): cocos2d: CCSpriteFrameCache: removing unused frame: main_cha_purple@2x.png
01-03 15:12:28.054 D/cocos2d-x debug info(15974): cocos2d: CCSpriteFrameCache: removing unused frame: main_cha_red@2x.png
01-03 15:12:28.054 D/cocos2d-x debug info(15974): cocos2d: CCSpriteFrameCache: removing unused frame: main_cha_white@2x.png
01-03 15:12:28.054 D/cocos2d-x debug info(15974): cocos2d: CCSpriteFrameCache: removing unused frame: main_cha_yellow@2x.png
01-03 15:12:28.054 D/cocos2d-x debug info(15974): cocos2d: CCSpriteFrameCache: removing unused frame: main_menu_bg@2x.png
01-03 15:12:28.054 D/cocos2d-x debug info(15974): cocos2d: CCSpriteFrameCache: removing unused frame: main_rank_push@2x.png
01-03 15:12:28.054 D/cocos2d-x debug info(15974): cocos2d: CCSpriteFrameCache: removing unused frame: main_rank@2x.png
01-03 15:12:28.054 D/cocos2d-x debug info(15974): cocos2d: CCSpriteFrameCache: removing unused frame: main_title@2x.png
01-03 15:12:28.054 D/cocos2d-x debug info(15974): cocos2d: CCSpriteFrameCache: removing unused frame: main_option_push@2x.png
01-03 15:12:28.054 D/cocos2d-x debug info(15974): cocos2d: CCSpriteFrameCache: removing unused frame: main_option@2x.png
01-03 15:12:28.054 D/cocos2d-x debug info(15974): cocos2d: CCSpriteFrameCache: removing unused frame: main_menu_cancel_normal_china@2x.png
01-03 15:12:28.054 D/cocos2d-x debug info(15974): cocos2d: CCSpriteFrameCache: removing unused frame: main_menu_cancel_push_china@2x.png
01-03 15:12:28.054 D/cocos2d-x debug info(15974): cocos2d: CCSpriteFrameCache: removing unused frame: main_menu_classic_china@2x.png
01-03 15:12:28.054 D/cocos2d-x debug info(15974): cocos2d: CCSpriteFrameCache: removing unused frame: main_menu_classic_push_china@2x.png
01-03 15:12:28.054 D/cocos2d-x debug info(15974): cocos2d: CCSpriteFrameCache: removing unused frame: main_menu_continue_normal_china@2x.png
01-03 15:12:28.054 D/cocos2d-x debug info(15974): cocos2d: CCSpriteFrameCache: removing unused frame: main_menu_continue_push_china@2x.png
01-03 15:12:28.054 D/cocos2d-x debug info(15974): cocos2d: CCSpriteFrameCache: removing unused frame: main_menu_icebreak_china@2x.png
01-03 15:12:28.054 D/cocos2d-x debug info(15974): cocos2d: CCSpriteFrameCache: removing unused frame: main_menu_icebreak_push_china@2x.png
01-03 15:12:28.054 D/cocos2d-x debug info(15974): cocos2d: CCSpriteFrameCache: removing unused frame: main_menu_newgame_normal_china@2x.png
01-03 15:12:28.054 D/cocos2d-x debug info(15974): cocos2d: CCSpriteFrameCache: removing unused frame: main_menu_newgame_push_china@2x.png
01-03 15:12:28.054 D/cocos2d-x debug info(15974): cocos2d: CCSpriteFrameCache: removing unused frame: main_menu_pandora_china@2x.png
01-03 15:12:28.054 D/cocos2d-x debug info(15974): cocos2d: CCSpriteFrameCache: removing unused frame: main_menu_pandora_push_china@2x.png
01-03 15:12:28.054 D/cocos2d-x debug info(15974): cocos2d: CCSpriteFrameCache: removing unused frame: main_option_china@2x.png
01-03 15:12:28.054 D/cocos2d-x debug info(15974): cocos2d: CCSpriteFrameCache: removing unused frame: main_option_push_china@2x.png
01-03 15:12:28.054 D/cocos2d-x debug info(15974): cocos2d: CCSpriteFrameCache: removing unused frame: main_rank_china@2x.png
01-03 15:12:28.054 D/cocos2d-x debug info(15974): cocos2d: CCSpriteFrameCache: removing unused frame: main_rank_push_china@2x.png
01-03 15:12:28.054 D/cocos2d-x debug info(15974): cocos2d: CCTextureCache: texture: cc_fps_images
01-03 15:12:28.054 D/cocos2d-x debug info(15974): cocos2d: CCTextureCache: texture: assets/images/main_menu/main_bg_a_RETINA.png
01-03 15:12:28.054 D/cocos2d-x debug info(15974): cocos2d: CCTextureCache: texture: assets/images/main_menu/main_bg_b_RETINA.png
01-03 15:12:28.054 D/cocos2d-x debug info(15974): cocos2d: CCTextureCache: texture: assets/images/main_menu/mainmenu_a_RETINA.png
01-03 15:12:28.054 D/cocos2d-x debug info(15974): cocos2d: CCTextureCache: texture: assets/images/main_menu/mainmenu_b_CN_RETINA.png
01-03 15:12:28.054 D/cocos2d-x debug info(15974): cocos2d: CCTextureCache: texture: assets/images/main_menu/mainmenu_a_CN_RETINA.png
01-03 15:12:28.062 I/ALSAModule( 1022): Initialized ALSA PLAYBACK device AndroidPlayback_Speaker_normal
01-03 15:12:28.085 D/cocos2d-x debug info(15974): cocos2d: CCSpriteFrameCache: Trying to use file images/character/Character_RETINA.png as texture
01-03 15:12:28.343 D/AudioPolicyManagerALSA( 1022): stopOutput() output 1, stream 3
01-03 15:12:28.343 V/AudioPolicyManagerALSA( 1022): changeRefCount() stream 3, count 0
01-03 15:12:28.343 D/AudioPolicyManagerALSA( 1022): setOutputDevice() output 1 device 0 delayMs 372
01-03 15:12:28.414 D/cocos2d-x debug info(15974): cocos2d: CCSpriteFrameCache: Trying to use file images/stage_classic/stage_RETINA.png as texture
01-03 15:12:28.601 D/cocos2d-x debug info(15974): cocos2d: CCSpriteFrameCache: Trying to use file images/item/itemblackhole_RETINA.png as texture
01-03 15:12:28.789 D/cocos2d-x debug info(15974): cocos2d: CCSpriteFrameCache: Trying to use file images/item/itembomb_RETINA.png as texture
01-03 15:12:28.914 D/cocos2d-x debug info(15974): cocos2d: CCSpriteFrameCache: Trying to use file images/item/itemfirebird_RETINA.png as texture
01-03 15:12:29.398 D/cocos2d-x debug info(15974): cocos2d: CCSpriteFrameCache: Trying to use file images/item/itemlightning_RETINA.png as texture
01-03 15:12:29.617 D/cocos2d-x debug info(15974): cocos2d: CCSpriteFrameCache: Trying to use file images/item_effect/effectblackhole_RETINA.png as texture
01-03 15:12:29.703 D/AndroidRuntime(16141):
01-03 15:12:29.703 D/AndroidRuntime(16141): >>>>>> AndroidRuntime START com.android.internal.os.RuntimeInit <<<<<<
01-03 15:12:29.703 D/AndroidRuntime(16141): CheckJNI is OFF
01-03 15:12:29.703 I/ActivityManager( 1178): Process borqs.mobilewidget (pid 16052) has died.
01-03 15:12:29.703 I/ActivityManager( 1178): Low Memory: No more background processes.
01-03 15:12:30.085 D/AndroidRuntime(16141): Calling main entry com.android.commands.am.Am
01-03 15:12:30.117 I/iTestin (15934): recv broadcast>>>itestin.service.CMD_LOG
01-03 15:12:30.125 I/TestinExternalLog(15934): <<<<<<< Capturing image (10) >>>>>>>
01-03 15:12:30.125 D/AndroidRuntime(16141): Shutting down VM
01-03 15:12:30.132 I/AndroidRuntime(16141): NOTE: attach of thread 'Binder Thread #3' failed
01-03 15:12:30.132 D/dalvikvm(16141): GC_CONCURRENT freed 103K, 67% free 345K/1024K, external 0K/0K, paused 1ms+1ms
01-03 15:12:30.132 D/jdwp    (16141): adbd disconnected
01-03 15:12:30.476 D/cocos2d-x debug info(15974): cocos2d: CCSpriteFrameCache: Trying to use file images/item_effect/effectbomb_RETINA.png as texture
01-03 15:12:30.679 D/dalvikvm(15986): GC_CONCURRENT freed 744K, 60% free 826K/2051K, external 0K/0K, paused 1ms+1ms
01-03 15:12:30.765 D/cocos2d-x debug info(15974): cocos2d: CCSpriteFrameCache: Trying to use file images/item_effect/effectfirebird_RETINA.png as texture
01-03 15:12:31.171 D/cocos2d-x debug info(15974): cocos2d: CCSpriteFrameCache: Trying to use file images/item_effect/cloud_RETINA.png as texture
01-03 15:12:31.429 D/ALSA-lib( 1022): snd_pcm_close AndroidPlayback_Speaker_normal
01-03 15:12:31.429 D/ALSA-lib( 1022): snd_pcm_close default
01-03 15:12:31.429 D/ALSA-lib( 1022): snd_pcm_close (null)
01-03 15:12:31.429 D/StreamProcess( 1022): OutputStreamProcess::ResetAOLC()
01-03 15:12:31.617 I/ActivityManager( 1178): Process com.mgyun.shua.su (pid 15999) has died.
01-03 15:12:31.617 W/ActivityManager( 1178): Scheduling restart of crashed service com.mgyun.shua.su/.service.SuService in 58360ms
01-03 15:12:31.617 I/ActivityManager( 1178): Low Memory: No more background processes.
01-03 15:12:31.882 I/ActivityManager( 1178): Process com.android.bluetooth (pid 16127) has died.
01-03 15:12:31.882 W/ActivityManager( 1178): Scheduling restart of crashed service com.android.bluetooth/.pbap.BluetoothPbapService in 1194000ms
01-03 15:12:31.882 I/ActivityManager( 1178): Low Memory: No more background processes.
01-03 15:12:31.906 D/MediaPlayer(15974): release() in
01-03 15:12:31.914 V/AudioPolicyManagerALSA( 1022): releaseOutput() 1
01-03 15:12:31.914 D/MediaPlayer(15974): release() out
01-03 15:12:31.921 I/OMXCodec( 1022): [Stagefright] use software codec=VorbisDecoder
01-03 15:12:31.929 D/MediaPlayer(15974): stop() in
01-03 15:12:31.929 I/AwesomePlayer( 1022): Lock success within 5000 us
01-03 15:12:31.929 D/MediaPlayer(15974): stop() out
01-03 15:12:31.937 I/AwesomePlayer( 1022): Lock success within 5000 us
01-03 15:12:31.945 D/MediaPlayer(15974): handleMessage:MEDIA_SEEK_COMPLETE
01-03 15:12:31.945 D/MediaPlayer(15974): start() in
01-03 15:12:31.945 D/AudioPolicyManagerALSA( 1022): startOutput() output 1, stream 3
01-03 15:12:31.945 D/AudioPolicyManagerALSA( 1022): getDeviceForStrategy() strategy 0, device 2
01-03 15:12:31.945 D/AudioPolicyManagerALSA( 1022): setOutputDevice() output 1 device 2 delayMs 0
01-03 15:12:31.945 V/AudioPolicyManagerALSA( 1022): setOutputDevice() setting same device 2 for output 1
01-03 15:12:31.945 V/AudioPolicyManagerALSA( 1022): changeRefCount() stream 3, count 1
01-03 15:12:31.945 D/AudioFlinger( 1022): [AudioFlinger::MixerThread::threadLoop] set ALC to enable
01-03 15:12:31.945 D/AudioHardwareALSA( 1022): [ALSA] handle closed, reopen it
01-03 15:12:31.945 D/ALSAModule( 1022): open called for devices 00000002 in mode 0...
01-03 15:12:31.945 D/ALSA-lib( 1022): snd_pcm_open AndroidPlayback_Speaker_normal
01-03 15:12:31.953 D/AwesomePlayer( 1022): [SHORT_SND] endpos = 0, latency = 557, add a short delay
01-03 15:12:31.953 I/ALSAModule( 1022): Initialized ALSA PLAYBACK device AndroidPlayback_Speaker_normal
01-03 15:12:32.500 D/NetworkProviderService( 5727): Get data from Mapbar - onLocationChanged location:Location[mProvider=network,mTime=1388731844151,mLatitude=40.06816,mLongitude=116.34497,mHasAltitude=false,mAltitude=0.0,mHasSpeed=false,mSpeed=0.0,mHasBearing=false,mBearing=0.0,mHasAccuracy=true,mAccuracy=75.0,mExtras=Bundle[{city=北京市}]]
01-03 15:12:32.500 D/NetworkProviderService( 5727): 1-reportLocation() to location manager-1
01-03 15:12:32.500 D/GpsLocationProvider( 1178): [handleMessage] UPDATE_LOCATION
01-03 15:12:32.507 D/GpsLocationProvider( 1178): GetGpsInterface+
01-03 15:12:32.507 D/GpsLocationProvider( 1178): GetGpsInterface-
01-03 15:12:32.507 D/NetworkProviderService( 5727): in getStatusUpdateTime()
01-03 15:12:32.507 D/NetworkProviderService( 5727): in getStatus():2
01-03 15:12:32.515 D/MediaPlayer(15974): start() out
01-03 15:12:32.609 D/MediaPlayer(15974): handleMessage:MEDIA_SEEK_COMPLETE
01-03 15:12:33.257 D/AudioPolicyManagerALSA( 1022): startOutput() output 1, stream 3
01-03 15:12:33.257 D/AudioPolicyManagerALSA( 1022): getDeviceForStrategy() strategy 0, device 2
01-03 15:12:33.257 V/AudioPolicyManagerALSA( 1022): changeRefCount() stream 3, count 2
01-03 15:12:33.257 V/AudioPolicyManagerALSA( 1022): releaseOutput() 1
01-03 15:12:33.257 D/cocos2d-x debug info(15974): cocos2d: CCSpriteFrameCache: removing unused frame: box00_burn@2x.png
01-03 15:12:33.257 D/cocos2d-x debug info(15974): cocos2d: CCSpriteFrameCache: removing unused frame: box01_burn@2x.png
01-03 15:12:33.257 D/cocos2d-x debug info(15974): cocos2d: CCSpriteFrameCache: removing unused frame: box02_burn@2x.png
01-03 15:12:33.257 D/cocos2d-x debug info(15974): cocos2d: CCSpriteFrameCache: removing unused frame: box03_burn@2x.png
01-03 15:12:33.257 D/cocos2d-x debug info(15974): cocos2d: CCSpriteFrameCache: removing unused frame: box04_burn@2x.png
01-03 15:12:33.257 D/cocos2d-x debug info(15974): cocos2d: CCSpriteFrameCache: removing unused frame: box05_burn@2x.png
01-03 15:12:33.257 D/cocos2d-x debug info(15974): cocos2d: CCSpriteFrameCache: removing unused frame: box06_burn@2x.png
01-03 15:12:33.257 D/cocos2d-x debug info(15974): cocos2d: CCSpriteFrameCache: removing unused frame: box07_burn@2x.png
