01-03 15:29:51.991 W/WindowManager(14482): 	at com.android.server.wm.WindowState$DeathRecipient.binderDied(WindowState.java:1613)
01-03 15:29:51.991 W/WindowManager(14482): 	at android.os.BinderProxy.sendDeathNotice(Binder.java:417)
01-03 15:29:51.991 W/WindowManager(14482): 	at dalvik.system.NativeStart.run(Native Method)
01-03 15:29:51.991 I/WindowManager(14482): WIN DEATH: null
01-03 15:29:51.991 W/WindowManager(14482): Failed looking up window
01-03 15:29:51.991 W/WindowManager(14482): java.lang.IllegalArgumentException: Requested window android.os.BinderProxy@4219a518 does not exist
01-03 15:29:51.991 W/WindowManager(14482): 	at com.android.server.wm.WindowManagerService.windowForClientLocked(WindowManagerService.java:8067)
01-03 15:29:51.991 W/WindowManager(14482): 	at com.android.server.wm.WindowManagerService.windowForClientLocked(WindowManagerService.java:8058)
01-03 15:29:51.991 W/WindowManager(14482): 	at com.android.server.wm.WindowState$DeathRecipient.binderDied(WindowState.java:1613)
01-03 15:29:51.991 W/WindowManager(14482): 	at android.os.BinderProxy.sendDeathNotice(Binder.java:417)
01-03 15:29:51.991 W/WindowManager(14482): 	at dalvik.system.NativeStart.run(Native Method)
01-03 15:29:51.991 I/WindowManager(14482): WIN DEATH: null
01-03 15:29:51.991 W/WindowManager(14482): Failed looking up window
01-03 15:29:51.991 W/WindowManager(14482): java.lang.IllegalArgumentException: Requested window android.os.BinderProxy@41a10b60 does not exist
01-03 15:29:51.991 W/WindowManager(14482): 	at com.android.server.wm.WindowManagerService.windowForClientLocked(WindowManagerService.java:8067)
01-03 15:29:51.991 W/WindowManager(14482): 	at com.android.server.wm.WindowManagerService.windowForClientLocked(WindowManagerService.java:8058)
01-03 15:29:51.991 W/WindowManager(14482): 	at com.android.server.wm.WindowState$DeathRecipient.binderDied(WindowState.java:1613)
01-03 15:29:51.991 W/WindowManager(14482): 	at android.os.BinderProxy.sendDeathNotice(Binder.java:417)
01-03 15:29:51.991 W/WindowManager(14482): 	at dalvik.system.NativeStart.run(Native Method)
01-03 15:29:51.991 I/WindowManager(14482): WIN DEATH: null
01-03 15:29:51.991 W/WindowManager(14482): Failed looking up window
01-03 15:29:51.991 W/WindowManager(14482): java.lang.IllegalArgumentException: Requested window android.os.BinderProxy@4147ef28 does not exist
01-03 15:29:51.991 W/WindowManager(14482): 	at com.android.server.wm.WindowManagerService.windowForClientLocked(WindowManagerService.java:8067)
01-03 15:29:51.991 W/WindowManager(14482): 	at com.android.server.wm.WindowManagerService.windowForClientLocked(WindowManagerService.java:8058)
01-03 15:29:51.991 W/WindowManager(14482): 	at com.android.server.wm.WindowState$DeathRecipient.binderDied(WindowState.java:1613)
01-03 15:29:51.991 W/WindowManager(14482): 	at android.os.BinderProxy.sendDeathNotice(Binder.java:417)
01-03 15:29:51.991 W/WindowManager(14482): 	at dalvik.system.NativeStart.run(Native Method)
01-03 15:29:51.991 I/WindowManager(14482): WIN DEATH: null
01-03 15:29:52.021 V/MfLog   (14674): Dialer{40f0c228 #0 id=0x7f07004d}, onStart
01-03 15:29:52.031 V/MfLog   (14674): Dialer{40f0c228 #0 id=0x7f07004d}, onResume
01-03 15:29:52.141 D/dalvikvm(14482): GC_CONCURRENT freed 3883K, 57% free 18975K/43683K, paused 14ms+21ms
01-03 15:29:52.141 D/WifiStateMachine(14482): fetchRssiAndLinkSpeedNative RSSI = -53
01-03 15:29:52.141 W/WindowManagerService.mKeyguardTokenWatcher(14482): cleaning up leaked reference: unLock
01-03 15:29:52.141 W/WindowManager(14482): Failed looking up window
01-03 15:29:52.141 W/WindowManager(14482): java.lang.IllegalArgumentException: Requested window android.os.BinderProxy@421e2738 does not exist
01-03 15:29:52.141 W/WindowManager(14482): 	at com.android.server.wm.WindowManagerService.windowForClientLocked(WindowManagerService.java:8067)
01-03 15:29:52.141 W/WindowManager(14482): 	at com.android.server.wm.WindowManagerService.windowForClientLocked(WindowManagerService.java:8058)
01-03 15:29:52.141 W/WindowManager(14482): 	at com.android.server.wm.WindowState$DeathRecipient.binderDied(WindowState.java:1613)
01-03 15:29:52.141 W/WindowManager(14482): 	at android.os.BinderProxy.sendDeathNotice(Binder.java:417)
01-03 15:29:52.141 W/WindowManager(14482): 	at dalvik.system.NativeStart.run(Native Method)
01-03 15:29:52.141 I/WindowManager(14482): WIN DEATH: null
01-03 15:29:52.151 W/WindowManagerService.mKeyguardTokenWatcher(14482): cleaning up leaked reference: unLock
01-03 15:29:52.151 D/WirelessDisplayService(14482): getMirrorDisplayStatus:falsecurState:1
01-03 15:29:52.151 W/WindowManagerService.mKeyguardTokenWatcher(14482): cleaning up leaked reference: unLock
01-03 15:29:52.151 W/WindowManagerService.mKeyguardTokenWatcher(14482): cleaning up leaked reference: unLock
01-03 15:29:52.151 W/WindowManagerService.mKeyguardTokenWatcher(14482): cleaning up leaked reference: unLock
01-03 15:29:52.261 D/HtcDialer(14674): DialerActivity:onResume
01-03 15:29:52.261 D/HtcDialer(14674): isScreenOn = true
01-03 15:29:52.271 D/HtcDialer(14674): intent onResume Broadcast
01-03 15:29:52.301 W/CpuWake (14482): >>acquireCpuPerfWakeLock!
01-03 15:29:52.311 W/CpuWake (14482): <<acquireCpuPerfWakeLock!
01-03 15:29:52.311 I/ActivityManager(14482): START intent from pid 10018
01-03 15:29:52.341 I/Intent  (14482): @test_code: getHtcIntentFlag: 0 obj: 1106013312
01-03 15:29:52.371 D/ViewRootImpl(14482): @@@- disable SystemServer HW acceleration
01-03 15:29:52.381 D/ConnCtl (10001): Dormancy countdown sec:0
01-03 15:29:52.411 I/Adreno200-EGLSUB( 1444): <CreateImage:893>: Android Image
01-03 15:29:52.411 I/Adreno200-EGLSUB( 1444): <GetImageAttributes:1158>: RGBX_8888
01-03 15:29:52.481 I/PeopleApp(10075): AllPeopleCursor preload completed - 1 contacts preloaded!
01-03 15:29:52.501 D/AccountTypeManager(10075): Registering external account type=com.htc.friendstream.renrenwebplugin, packageName=com.htc.friendstream.renrenwebplugin
01-03 15:29:52.591 D/AccountTypeManager(10075): Registering external account type=com.htc.friendstream.sinaweiboplugin, packageName=com.htc.friendstream.sinaweiboplugin
01-03 15:29:52.722 D/HtcDialer(14674): HtcDialer: onPause() mIsScreenOn = true
01-03 15:29:52.722 V/MfLog   (14674): Dialer{40f0c228 #0 id=0x7f07004d}, onPause
01-03 15:29:52.722 V/AudioTrack(14674): stop 0xcc00a0
01-03 15:29:52.722 V/AudioPolicyManagerBase(14295): releaseOutput() 3
01-03 15:29:52.732 D/HtcDialer(14674): DialerActivity:onPause
01-03 15:29:52.752 I/ActivityManager(14482): Start proc com.giant.brizzle for activity com.giant.brizzle/.Brizzle: pid=10110 uid=10132 gids={3003}
01-03 15:29:52.802 D/ConnectivityService(14482): onUidRulesChanged(uid=10132, uidRules=0)
01-03 15:29:52.852 D/AndroidRuntime(10109):
01-03 15:29:52.852 D/AndroidRuntime(10109): >>>>>> AndroidRuntime START com.android.internal.os.RuntimeInit <<<<<<
01-03 15:29:52.852 D/AndroidRuntime(10109): CheckJNI is OFF
01-03 15:29:52.892 I/AccountTypeManager(10075): Loaded meta-data for 5 account types, 1 accounts in 446ms(wall) 30ms(cpu)
01-03 15:29:52.892 D/AccountTypeManager(10075): Registering external account type=com.htc.friendstream.renrenwebplugin, packageName=com.htc.friendstream.renrenwebplugin
01-03 15:29:52.912 D/AccountTypeManager(10075): Registering external account type=com.htc.friendstream.sinaweiboplugin, packageName=com.htc.friendstream.sinaweiboplugin
01-03 15:29:52.932 I/AccountTypeManager(10075): Loaded meta-data for 5 account types, 1 accounts in 39ms(wall) 17ms(cpu)
01-03 15:29:53.072 D/skia    (14674): Decode special JPEG file
01-03 15:29:53.132 D/Cocos2dxActivity(10110): model=HTC T328t
01-03 15:29:53.132 D/Cocos2dxActivity(10110): product=htc_primotd
01-03 15:29:53.132 D/Cocos2dxActivity(10110): isEmulator=false
01-03 15:29:53.232 D/libEGL  (10110): loaded /system/lib/egl/libGLES_android.so
01-03 15:29:53.242 D/libEGL  (10110): loaded /system/lib/egl/libEGL_adreno200.so
01-03 15:29:53.262 D/libEGL  (10110): loaded /system/lib/egl/libGLESv1_CM_adreno200.so
01-03 15:29:53.262 D/libEGL  (10110): loaded /system/lib/egl/libGLESv2_adreno200.so
01-03 15:29:53.282 I/Adreno200-EGLSUB( 1444): <CreateImage:893>: Android Image
01-03 15:29:53.282 I/Adreno200-EGLSUB( 1444): <GetImageAttributes:1102>: RGBA_8888
01-03 15:29:53.292 I/ActivityManager(14482): Displayed com.giant.brizzle/.Brizzle: +565ms
01-03 15:29:53.312 W/InputManagerService(14482): Got RemoteException sending setActive(false) notification to pid 9716 uid 10132
01-03 15:29:53.312 I/InputManagerService(14482): [startInputLocked] Enable input method client.
01-03 15:29:53.322 D/memalloc(14482): /dev/pmem: Unmapping buffer base:0x57950000 size:16580608 offset:15044608
01-03 15:29:53.352 I/Adreno200-EGLSUB( 1444): <CreateImage:893>: Android Image
01-03 15:29:53.352 I/Adreno200-EGLSUB( 1444): <GetImageAttributes:1102>: RGBA_8888
01-03 15:29:53.362 I/Adreno200-EGLSUB(10110): <ConfigWindowMatch:2101>: Format RGB_565.
01-03 15:29:53.382 D/cocos2d-x debug info(10110):
01-03 15:29:53.382 D/cocos2d-x debug info(10110): <dict>
01-03 15:29:53.382 D/cocos2d-x debug info(10110): 	cocos2d.x.version: 2.2.1
01-03 15:29:53.382 D/cocos2d-x debug info(10110): 	cocos2d.x.compiled_with_profiler: false
01-03 15:29:53.382 D/cocos2d-x debug info(10110): 	cocos2d.x.compiled_with_gl_state_cache: true
01-03 15:29:53.382 D/cocos2d-x debug info(10110): 	gl.vendor: Qualcomm
01-03 15:29:53.382 D/cocos2d-x debug info(10110): 	gl.renderer: Adreno (TM) 205
01-03 15:29:53.382 D/cocos2d-x debug info(10110): 	gl.version: OpenGL ES 2.0 2184622
01-03 15:29:53.382 D/cocos2d-x debug info(10110): 	gl.max_texture_size: 4096
01-03 15:29:53.382 D/cocos2d-x debug info(10110): 	gl.max_texture_units: 20
01-03 15:29:53.382 D/cocos2d-x debug info(10110): 	gl.supports_PVRTC: false
01-03 15:29:53.382 D/cocos2d-x debug info(10110): 	gl.supports_NPOT: true
01-03 15:29:53.382 D/cocos2d-x debug info(10110): 	gl.supports_BGRA8888: false
01-03 15:29:53.382 D/cocos2d-x debug info(10110): 	gl.supports_discard_framebuffer: false
01-03 15:29:53.382 D/cocos2d-x debug info(10110): 	gl.supports_vertex_array_object: true
01-03 15:29:53.382 D/cocos2d-x debug info(10110): </dict>
01-03 15:29:53.402 I/ConnCtl (10001): Enter network idle mode
01-03 15:29:53.432 I/TestinExternalLog(10018): <<<<<<< StartApp >>>>>>>
01-03 15:29:53.442 I/TestinExternalLog(10018): <<<<<<< com.giant.brizzle(10110) >>>>>>>
01-03 15:29:53.773 D/cocos2d-x debug info(10110): cocos2d: CCTextureCache: texture: cc_fps_images
01-03 15:29:53.783 D/cocos2d-x debug info(10110): cocos2d: CCSpriteFrameCache: Trying to use file images/main_menu/main_bg_a_RETINA.png as texture
01-03 15:29:53.873 D/AndroidRuntime(10109): Calling main entry com.android.commands.am.Am
01-03 15:29:53.893 I/iTestin (10018): recv broadcast>>>itestin.service.CMD_STOPPROCESSSTATEMONITOR
01-03 15:29:53.903 D/AndroidRuntime(10109): Shutting down VM
01-03 15:29:53.903 I/AndroidRuntime(10109): NOTE: attach of thread 'Binder Thread #3' failed
01-03 15:29:53.913 D/dalvikvm(10109): GC_CONCURRENT freed 102K, 71% free 610K/2048K, paused 0ms+0ms
01-03 15:29:54.223 D/cocos2d-x debug info(10110): cocos2d: CCSpriteFrameCache: Trying to use file images/main_menu/main_bg_b_RETINA.png as texture
01-03 15:29:54.313 W/CpuWake (14482): >>releaseCpuPerfWakeLock
01-03 15:29:54.313 W/CpuWake (14482): <<releaseCpuPerfWakeLock
01-03 15:29:54.403 D/cocos2d-x debug info(10110): cocos2d: CCSpriteFrameCache: Trying to use file images/main_menu/mainmenu_a_RETINA.png as texture
01-03 15:29:54.744 D/cocos2d-x debug info(10110): cocos2d: CCSpriteFrameCache: Trying to use file images/main_menu/mainmenu_b_CN_RETINA.png as texture
01-03 15:29:54.904 D/cocos2d-x debug info(10110): cocos2d: CCSpriteFrameCache: Trying to use file images/main_menu/mainmenu_a_CN_RETINA.png as texture
01-03 15:29:54.964 I/Adreno200-EGLSUB( 1444): <CreateImage:893>: Android Image
01-03 15:29:54.964 I/Adreno200-EGLSUB( 1444): <GetImageAttributes:1158>: RGBX_8888
01-03 15:29:54.964 D/my      (14674): myGC1
01-03 15:29:55.014 D/Device Model(10110): HTC T328t
01-03 15:29:55.044 D/dalvikvm(14674): GC_EXPLICIT freed 275K, 12% free 4586K/5155K, paused 19ms+5ms
01-03 15:29:55.054 V/MfLog   (14674): Dialer{40f0c228 #0 id=0x7f07004d}, onStop
01-03 15:29:55.054 D/HtcDialer(14674): EVENT_ON_PAUSED_MESSAGE
01-03 15:29:55.054 D/ConnectivityService(14482): onUidRulesChanged(uid=10023, uidRules=0)
01-03 15:29:55.064 D/HtcDialer(14674): intent onPause Broadcast
01-03 15:29:55.064 D/memalloc(14674): /dev/pmem: Unmapping buffer base:0x52dcb000 size:11079680 offset:9543680
01-03 15:29:55.084 D/HtcTelephonyManager(14674): cancelMissedCallsNotification
01-03 15:29:55.094 I/MediaPlayer(10110): setLPAflag() in
01-03 15:29:55.094 I/MediaPlayer(10110): mContext is null, can't getMirrorDisplayStatus!!!
01-03 15:29:55.094 I/MediaPlayer(10110): setLPAflag() out
01-03 15:29:55.104 I/OMXCodec(14295): clip mime type 'audio/vorbis'
01-03 15:29:55.104 D/OMXCodec(14295): matchingCodecs.size = 1
01-03 15:29:55.104 I/OMXCodec(14295): Attempting to allocate OMX node 'OMX.google.vorbis.decoder'
01-03 15:29:55.104 D/OMXCodec(14295): ComponentQuirks = 0
01-03 15:29:55.104 I/OMXCodec(14295): Successfully allocated OMX node 'OMX.google.vorbis.decoder'
01-03 15:29:55.104 D/OMXCodec(14295): configureCodec protected=0
01-03 15:29:55.114 W/MediaPlayer(10110): info/warning (1, 902)
01-03 15:29:55.114 I/MediaPlayer(10110): Info (1,902)
01-03 15:29:55.114 D/MediaPlayer(10110): stop() in
01-03 15:29:55.114 I/AwesomePlayer(14295): Lock success within 0 us
01-03 15:29:55.114 D/MediaPlayer(10110): beats setting trigger in stop
01-03 15:29:55.114 D/MediaPlayer(10110): beats setting  false
01-03 15:29:55.114 D/MediaPlayer(10110): triggerBeatsLogo=false
01-03 15:29:55.114 D/WirelessDisplayService(14482): getMirrorDisplayStatus:falsecurState:1
01-03 15:29:55.114 D/AudioService(14482):  isSupport=true , sense version=4.0 , on=false , mAppPlay=false , isHeadsetPlugged=false , mBluetoothHeadsetConnected=false
01-03 15:29:55.114 D/WirelessDisplayService(14482): getMirrorDisplayStatus:falsecurState:1
01-03 15:29:55.114 D/AudioService(14482): mMirrorDisplayStatus=false , getMirrorDisplayStatus=false , mGlobalSoundEffect=800
01-03 15:29:55.114 D/WirelessDisplayService(14482): getMirrorDisplayStatus:falsecurState:1
01-03 15:29:55.114 D/WirelessDisplayService(14482): getMirrorDisplayStatus:falsecurState:1
01-03 15:29:55.114 D/MediaPlayer(10110): stop() out
01-03 15:29:55.124 I/MediaPlayer(10110): setLPAflag() in
01-03 15:29:55.124 I/MediaPlayer(10110): mContext is null, can't getMirrorDisplayStatus!!!
01-03 15:29:55.124 I/MediaPlayer(10110): setLPAflag() out
01-03 15:29:55.124 W/MediaPlayer(10110): info/warning (1, 902)
01-03 15:29:55.124 I/MediaPlayer(10110): Info (1,902)
01-03 15:29:55.124 I/TestinExternalLog(1): <<<<<<< StopTest ui Package com.giant.brizzle >>>>>>>
01-03 15:29:55.124 D/AudioService(14482): beats setting on=false isHeadsetPlugged=false isPlaying=false , beats=false
01-03 15:29:55.124 D/WirelessDisplayService(14482): getMirrorDisplayStatus:falsecurState:1
01-03 15:29:55.124 I/AudioService(14482): setBeatsNotification() NotificationOn=false, BeatsEnable=false
01-03 15:29:55.124 D/MediaPlayer(10110): start() in
01-03 15:29:55.124 D/MediaPlayer(10110): doStart() in
01-03 15:29:55.124 D/AwesomePlayer(14295): Using PID = 10110
01-03 15:29:55.124 D/AwesomePlayer(14295): LPAPlayer get sample rate sampleRate 22050 channelCount 2 success 1
01-03 15:29:55.124 D/AwesomePlayer(14295): LPA:htc.audio.lpa.a2dp is 0
01-03 15:29:55.124 I/AwesomePlayer(14295): AudioPlayer created, Non-LPA mode mime audio/vorbis duration 0
01-03 15:29:55.144 D/OMXCodec(14295): OMXCodec::freeBuffersOnPort 1
01-03 15:29:55.144 V/AudioTrack(14295): setAuxEffectSendLevel(0.000000)
01-03 15:29:55.144 V/AudioTrack(14295): attachAuxEffect(0)
01-03 15:29:55.144 V/AudioTrack(14295): setAuxEffectSendLevel(0.000000)
01-03 15:29:55.144 I/TestinExternalLog(1): <<<<<<< StartTest monkey Package com.giant.brizzle >>>>>>>
01-03 15:29:55.144 V/AudioTrack(14295): start 0x1967550
01-03 15:29:55.144 V/AudioTrack(14295): start 0x1967550 before lock cblk 0x4343a000
01-03 15:29:55.154 D/AudioPolicyManager(14295): startOutput() output 3, stream 3, session 431
01-03 15:29:55.154 V/AudioPolicyManagerBase(14295): changeRefCount() stream 3, count 1
01-03 15:29:55.154 D/AudioPolicyManager(14295): getDeviceForStrategy() from cache strategy 0, device 2
01-03 15:29:55.154 I/AudioPolicyManagerBase(14295): getDeviceForStrategy() selected device 2
01-03 15:29:55.154 D/AudioPolicyManager(14295): getDeviceForStrategy() from cache strategy 0, device 2
01-03 15:29:55.154 I/AudioPolicyManagerBase(14295): getDeviceForStrategy() selected device 2
01-03 15:29:55.154 D/AudioPolicyManager(14295): setOutputDevice() output 3 device 2 delayMs 0
01-03 15:29:55.154 D/AudioPolicyManager(14295): setOutputDevice() prevDevice 2
01-03 15:29:55.154 D/AudioPolicyManager(14295): setOutputDevice() prevHWDevice 2
01-03 15:29:55.154 D/AudioPolicyManager(14295): setOutputDevice() setting same device 2 or null device for output 3
01-03 15:29:55.154 D/AudioPolicyManager(14295): linearToSpecifyHtcVolume(volume:100, streamType:3, audio_devices:2)
01-03 15:29:55.154 D/WifiStateMachine(14482): fetchRssiAndLinkSpeedNative RSSI = -52
01-03 15:29:55.164 I/ActivityManager(14482): Start proc com.htc.AutoMotive for broadcast com.htc.AutoMotive/.Home.NewNotificationReceiver: pid=10143 uid=10009 gids={3002, 3001, 3003}
01-03 15:29:55.194 V/AudioTrack(14295): Underrun user: 0, server: 0, flags 0003
01-03 15:29:55.194 D/MediaPlayer(10110): beats setting trigger in start
01-03 15:29:55.194 D/MediaPlayer(10110): beats setting  true
01-03 15:29:55.194 D/MediaPlayer(10110): triggerBeatsLogo=true
01-03 15:29:55.194 D/WirelessDisplayService(14482): getMirrorDisplayStatus:falsecurState:1
01-03 15:29:55.194 D/AudioService(14482):  isSupport=true , sense version=4.0 , on=true , mAppPlay=false , isHeadsetPlugged=false , mBluetoothHeadsetConnected=false
01-03 15:29:55.194 D/WirelessDisplayService(14482): getMirrorDisplayStatus:falsecurState:1
01-03 15:29:55.194 D/AudioService(14482): mMirrorDisplayStatus=false , getMirrorDisplayStatus=false , mGlobalSoundEffect=800
01-03 15:29:55.194 D/WirelessDisplayService(14482): getMirrorDisplayStatus:falsecurState:1
01-03 15:29:55.194 D/WirelessDisplayService(14482): getMirrorDisplayStatus:falsecurState:1
01-03 15:29:55.194 D/AudioService(14482): beats setting on=false isHeadsetPlugged=false isPlaying=true , beats=false
01-03 15:29:55.194 D/WirelessDisplayService(14482): getMirrorDisplayStatus:falsecurState:1
01-03 15:29:55.194 I/AudioService(14482): setBeatsNotification() NotificationOn=false, BeatsEnable=false
01-03 15:29:55.194 D/MediaPlayer(10110): doStart() out
01-03 15:29:55.194 D/MediaPlayer(10110): [DLNA]start() out
01-03 15:29:55.214 D/        (14295): [ALT] curtemp 247 curtempstatus 0 CurrActStatus 0 mingain 14512
01-03 15:29:55.214 D/AudioHardwareMSM7X30(14295): acquire output wakelock
01-03 15:29:55.214 D/AudioHardwareMSM7X30(14295): aic3008_config (device 1, effect Original)
01-03 15:29:55.214 D/AudioHardwareMSM7X30(14295): current effect Original, new effect Playback_Speaker_Default
01-03 15:29:55.214 I/HTC Acoustic(14295): set_audio_effect: Playback_Speaker_Default
01-03 15:29:55.214 I/HTC Acoustic(14295): set_audio_effect: match with name Playback_Speaker_Default (5)
01-03 15:29:55.224 I/Adreno200-EGLSUB( 1444): <CreateImage:893>: Android Image
01-03 15:29:55.224 I/Adreno200-EGLSUB( 1444): <GetImageAttributes:1088>: RGB_565
01-03 15:29:55.234 I/Adreno200-EGLSUB( 1444): <CreateImage:893>: Android Image
01-03 15:29:55.234 I/Adreno200-EGLSUB( 1444): <GetImageAttributes:1088>: RGB_565
01-03 15:29:55.254 I/Adreno200-EGLSUB( 1444): <CreateImage:893>: Android Image
01-03 15:29:55.254 I/Adreno200-EGLSUB( 1444): <GetImageAttributes:1088>: RGB_565
01-03 15:29:55.304 I/HTC Acoustic(14295): found enabled DSP firmwares and return 0
01-03 15:29:55.304 I/AudioHardwareMSM7X30(14295): aic3008_config: sound effect (Playback_Speaker_Default)
01-03 15:29:55.304 D/AudioHardwareMSM7X30(14295): do_aic3008_control (1, 0, 0)
01-03 15:29:55.304 D/AudioHardwareMSM7X30(14295): do_aic3008_control: MODE_NORMAL
01-03 15:29:55.304 D/AudioHardwareMSM7X30(14295): do_aic3008_control: rx=PLAYBACK_SPEAKER, dual_path=0
01-03 15:29:55.304 I/AudioHardwareMSM7X30(14295): batt_temp =247
01-03 15:29:55.304 D/AudioHardwareMSM7X30(14295): do_aic3008_control: (final result) tx=23, rx=10, dual_path=0, force=0
01-03 15:29:55.304 I/AudioHardwareMSM7X30(14295): aic3008: change rx mode to 10
01-03 15:29:55.374 D/AudioHardwareMSM7X30(14295): addToTable (dec_id 5, dev_rx 6, dev_tx -1, type 1, active 1)
01-03 15:29:55.374 D/AudioHardwareMSM7X30(14295): Enable ALT for speaker
01-03 15:29:55.384 I/AudioHardwareMSM7X30(14295): batt_temp =247
01-03 15:29:55.384 D/AudioHardwareMSM7X30(14295): ALT batt temp = 247
01-03 15:29:55.384 I/HTC Acoustic(14295): update ACDB id: (tx, rx, tx_acdb, rx_acdb) = (11, 6, 0, 607)
01-03 15:29:55.384 D/AudioHardwareMSM7X30(14295): updateACDB: (6, 11, 607, 0) success!
01-03 15:29:55.384 I/AudioHardwareMSM7X30(14295): AUDIO_START: start kernel pcm_out driver.
01-03 15:29:55.574 I/ActivityThread(10143): Pub com.htc.AutoMotive: com.htc.AutoMotive.carousel.CarModeProvider
01-03 15:29:55.574 I/ActivityThread(10143): Pub com.htc.AutoMotive.provider.maps: com.htc.AutoMotive.Map.PresetProvider
01-03 15:29:55.584 D/com.htc.AutoMotive.Map.PresetProvider(10143): main onCreate called
01-03 15:29:55.584 I/ActivityThread(10143): Pub com.htc.AutoMotive.Radio.Favorite: com.htc.AutoMotive.Radio.FavoriteProvider
01-03 15:29:55.594 D/NewNotificationReceiver(10143): NewNotificationReceiver receive action = com.android.phone.action.update_misscall_count
01-03 15:29:55.654 D/AndroidRuntime(10155):
01-03 15:29:55.654 D/AndroidRuntime(10155): >>>>>> AndroidRuntime START com.android.internal.os.RuntimeInit <<<<<<
01-03 15:29:55.654 D/AndroidRuntime(10155): CheckJNI is OFF
01-03 15:29:55.765 D/UpdateNotificationCountService(10143): UpdateNotificationCountService receive action = com.android.phone.action.update_misscall_count
01-03 15:29:55.845 D/UpdateNotificationCountService(10143): UpdateNotificationCountService receive new misscall count = 0
01-03 15:29:56.185 W/Bundle  (19698): Key favorite_item_id expected Long but value was a java.lang.Integer.  The default value -1 was returned.
01-03 15:29:56.265 W/Bundle  (19698): Attempt to cast generated internal exception:
01-03 15:29:56.265 W/Bundle  (19698): java.lang.ClassCastException: java.lang.Integer cannot be cast to java.lang.Long
01-03 15:29:56.265 W/Bundle  (19698): 	at android.os.Bundle.getLong(Bundle.java:966)
01-03 15:29:56.265 W/Bundle  (19698): 	at android.content.Intent.getLongExtra(Intent.java:4237)
01-03 15:29:56.265 W/Bundle  (19698): 	at com.htc.launcher.UpdateShortcutReceiver$1.run(UpdateShortcutReceiver.java:39)
01-03 15:29:56.265 W/Bundle  (19698): 	at java.lang.Thread.run(Thread.java:864)
01-03 15:29:56.435 D/AndroidRuntime(10155): Calling main entry com.android.commands.monkey.Monkey
01-03 15:29:56.876 W/CpuWake (14482): >>acquireCpuPerfWakeLock!
01-03 15:29:56.876 W/CpuWake (14482): <<acquireCpuPerfWakeLock!
01-03 15:29:56.876 I/Intent  (14482): @test_code: getHtcIntentFlag: 0 obj: 1093130712
01-03 15:29:56.876 I/ActivityManager(14482): START intent from pid 10155
01-03 15:29:56.906 D/MediaPlayer(10110): pause() in
01-03 15:29:56.906 I/AwesomePlayer(14295): Lock success within 0 us
01-03 15:29:56.906 V/AudioTrack(14295): pause
01-03 15:29:56.906 D/AudioPolicyManager(14295): stopOutput() output 3, stream 3, session 431
01-03 15:29:56.906 V/AudioPolicyManagerBase(14295): changeRefCount() stream 3, count 0
01-03 15:29:56.906 I/AudioPolicyManagerBase(14295): getDeviceForStrategy() selected device 0
01-03 15:29:56.906 D/AudioPolicyManager(14295): setOutputDevice() output 3 device 0 delayMs 0
01-03 15:29:56.906 D/AudioPolicyManager(14295): setOutputDevice() prevDevice 2
01-03 15:29:56.906 D/AudioPolicyManager(14295): setOutputDevice() prevHWDevice 2
01-03 15:29:56.906 D/AudioPolicyManager(14295): setOutputDevice() setting same device 0 or null device for output 3
01-03 15:29:56.906 D/MediaPlayer(10110): beats setting trigger in pause
01-03 15:29:56.906 D/MediaPlayer(10110): beats setting  false
01-03 15:29:56.906 D/MediaPlayer(10110): triggerBeatsLogo=false
01-03 15:29:56.906 D/WirelessDisplayService(14482): getMirrorDisplayStatus:falsecurState:1
01-03 15:29:56.906 D/AudioService(14482):  isSupport=true , sense version=4.0 , on=false , mAppPlay=true , isHeadsetPlugged=false , mBluetoothHeadsetConnected=false
01-03 15:29:56.906 D/WirelessDisplayService(14482): getMirrorDisplayStatus:falsecurState:1
01-03 15:29:56.906 D/AudioService(14482): mMirrorDisplayStatus=false , getMirrorDisplayStatus=false , mGlobalSoundEffect=800
01-03 15:29:56.906 D/WirelessDisplayService(14482): getMirrorDisplayStatus:falsecurState:1
01-03 15:29:56.906 D/WirelessDisplayService(14482): getMirrorDisplayStatus:falsecurState:1
01-03 15:29:56.906 D/AudioService(14482): beats setting on=false isHeadsetPlugged=false isPlaying=false , beats=false
01-03 15:29:56.906 D/WirelessDisplayService(14482): getMirrorDisplayStatus:falsecurState:1
01-03 15:29:56.906 I/AudioService(14482): setBeatsNotification() NotificationOn=false, BeatsEnable=false
01-03 15:29:56.906 D/MediaPlayer(10110): pause() out
01-03 15:29:56.926 D/PowerManagerService(14482): New lightsensor value:10, lcdValue:58
01-03 15:29:56.926 D/PowerManagerService(14482): lightSensorChangedLocked, buttonValue >= 0, mPowerState = 3
01-03 15:29:56.936 D/Cocos2dxActivity(10110): model=HTC T328t
01-03 15:29:56.936 D/Cocos2dxActivity(10110): product=htc_primotd
01-03 15:29:56.936 D/Cocos2dxActivity(10110): isEmulator=false
01-03 15:29:57.086 I/Adreno200-EGLSUB(10110): <ConfigWindowMatch:2101>: Format RGB_565.
01-03 15:29:57.106 E/Adreno200-ES20(10110): <__load_uniform_float:555>: GL_INVALID_OPERATION
01-03 15:29:57.106 D/cocos2d-x debug info(10110): OpenGL error 0x0502 in E:/cocos/cocos2d-x-2.2.1/projects/Brizzle/proj.android/../../../cocos2dx/sprite_nodes/CCSprite.cpp draw 584
01-03 15:29:57.116 E/Adreno200-ES20(10110): <__load_uniform_float:555>: GL_INVALID_OPERATION
01-03 15:29:57.116 D/cocos2d-x debug info(10110): OpenGL error 0x0502 in E:/cocos/cocos2d-x-2.2.1/projects/Brizzle/proj.android/../../../cocos2dx/sprite_nodes/CCSprite.cpp draw 584
01-03 15:29:57.116 E/Adreno200-ES20(10110): <__load_uniform_float:555>: GL_INVALID_OPERATION
01-03 15:29:57.116 D/cocos2d-x debug info(10110): OpenGL error 0x0502 in E:/cocos/cocos2d-x-2.2.1/projects/Brizzle/proj.android/../../../cocos2dx/sprite_nodes/CCSprite.cpp draw 584
01-03 15:29:57.116 E/Adreno200-ES20(10110): <__load_uniform_float:555>: GL_INVALID_OPERATION
01-03 15:29:57.116 D/cocos2d-x debug info(10110): OpenGL error 0x0502 in E:/cocos/cocos2d-x-2.2.1/projects/Brizzle/proj.android/../../../cocos2dx/sprite_nodes/CCSprite.cpp draw 584
01-03 15:29:57.116 E/Adreno200-ES20(10110): <__load_uniform_float:555>: GL_INVALID_OPERATION
01-03 15:29:57.116 D/cocos2d-x debug info(10110): OpenGL error 0x0502 in E:/cocos/cocos2d-x-2.2.1/projects/Brizzle/proj.android/../../../cocos2dx/sprite_nodes/CCSprite.cpp draw 584
01-03 15:29:57.116 E/Adreno200-ES20(10110): <__load_uniform_float:555>: GL_INVALID_OPERATION
01-03 15:29:57.116 D/cocos2d-x debug info(10110): OpenGL error 0x0502 in E:/cocos/cocos2d-x-2.2.1/projects/Brizzle/proj.android/../../../cocos2dx/textures/CCTextureAtlas.cpp drawNumberOfQuads 686
01-03 15:29:57.116 E/Adreno200-ES20(10110): <__load_uniform_float:555>: GL_INVALID_OPERATION
01-03 15:29:57.126 D/cocos2d-x debug info(10110): OpenGL error 0x0502 in E:/cocos/cocos2d-x-2.2.1/projects/Brizzle/proj.android/../../../cocos2dx/sprite_nodes/CCSprite.cpp draw 584
01-03 15:29:57.126 E/Adreno200-ES20(10110): <__load_uniform_float:555>: GL_INVALID_OPERATION
01-03 15:29:57.126 D/cocos2d-x debug info(10110): OpenGL error 0x0502 in E:/cocos/cocos2d-x-2.2.1/projects/Brizzle/proj.android/../../../cocos2dx/sprite_nodes/CCSprite.cpp draw 584
01-03 15:29:57.126 E/Adreno200-ES20(10110): <__load_uniform_float:555>: GL_INVALID_OPERATION
01-03 15:29:57.136 D/cocos2d-x debug info(10110): OpenGL error 0x0502 in E:/cocos/cocos2d-x-2.2.1/projects/Brizzle/proj.android/../../../cocos2dx/sprite_nodes/CCSprite.cpp draw 584
01-03 15:29:57.136 I/Adreno200-EGLSUB( 1444): <CreateImage:893>: Android Image
01-03 15:29:57.136 I/Adreno200-EGLSUB( 1444): <GetImageAttributes:1102>: RGBA_8888
01-03 15:29:57.136 I/ActivityManager(14482): Displayed com.giant.brizzle/.Brizzle: +237ms
01-03 15:29:57.136 E/Adreno200-ES20(10110): <__load_uniform_float:555>: GL_INVALID_OPERATION
01-03 15:29:57.136 D/cocos2d-x debug info(10110): OpenGL error 0x0502 in E:/cocos/cocos2d-x-2.2.1/projects/Brizzle/proj.android/../../../cocos2dx/sprite_nodes/CCSprite.cpp draw 584
01-03 15:29:57.146 E/Adreno200-ES20(10110): <__load_uniform_float:555>: GL_INVALID_OPERATION
01-03 15:29:57.146 D/cocos2d-x debug info(10110): OpenGL error 0x0502 in E:/cocos/cocos2d-x-2.2.1/projects/Brizzle/proj.android/../../../cocos2dx/sprite_nodes/CCSprite.cpp draw 584
01-03 15:29:57.146 E/Adreno200-ES20(10110): <__load_uniform_float:555>: GL_INVALID_OPERATION
01-03 15:29:57.146 D/cocos2d-x debug info(10110): OpenGL error 0x0502 in E:/cocos/cocos2d-x-2.2.1/projects/Brizzle/proj.android/../../../cocos2dx/sprite_nodes/CCSprite.cpp draw 584
01-03 15:29:57.146 E/Adreno200-ES20(10110): <__load_uniform_float:555>: GL_INVALID_OPERATION
01-03 15:29:57.146 D/cocos2d-x debug info(10110): OpenGL error 0x0502 in E:/cocos/cocos2d-x-2.2.1/projects/Brizzle/proj.android/../../../cocos2dx/sprite_nodes/CCSprite.cpp draw 584
01-03 15:29:57.146 E/Adreno200-ES20(10110): <__load_uniform_float:555>: GL_INVALID_OPERATION
01-03 15:29:57.146 D/cocos2d-x debug info(10110): OpenGL error 0x0502 in E:/cocos/cocos2d-x-2.2.1/projects/Brizzle/proj.android/../../../cocos2dx/textures/CCTextureAtlas.cpp drawNumberOfQuads 686
01-03 15:29:57.146 E/Adreno200-ES20(10110): <__load_uniform_float:555>: GL_INVALID_OPERATION
01-03 15:29:57.146 D/cocos2d-x debug info(10110): OpenGL error 0x0502 in E:/cocos/cocos2d-x-2.2.1/projects/Brizzle/proj.android/../../../cocos2dx/sprite_nodes/CCSprite.cpp draw 584
01-03 15:29:57.146 E/Adreno200-ES20(10110): <__load_uniform_float:555>: GL_INVALID_OPERATION
01-03 15:29:57.146 D/cocos2d-x debug info(10110): OpenGL error 0x0502 in E:/cocos/cocos2d-x-2.2.1/projects/Brizzle/proj.android/../../../cocos2dx/sprite_nodes/CCSprite.cpp draw 584
01-03 15:29:57.156 E/Adreno200-ES20(10110): <__load_uniform_float:555>: GL_INVALID_OPERATION
01-03 15:29:57.156 D/cocos2d-x debug info(10110): OpenGL error 0x0502 in E:/cocos/cocos2d-x-2.2.1/projects/Brizzle/proj.android/../../../cocos2dx/sprite_nodes/CCSprite.cpp draw 584
01-03 15:29:57.166 E/Adreno200-ES20(10110): <__load_uniform_float:555>: GL_INVALID_OPERATION
01-03 15:29:57.166 D/cocos2d-x debug info(10110): OpenGL error 0x0502 in E:/cocos/cocos2d-x-2.2.1/projects/Brizzle/proj.android/../../../cocos2dx/sprite_nodes/CCSprite.cpp draw 584
01-03 15:29:57.166 E/Adreno200-ES20(10110): <__load_uniform_float:555>: GL_INVALID_OPERATION
01-03 15:29:57.166 D/cocos2d-x debug info(10110): OpenGL error 0x0502 in E:/cocos/cocos2d-x-2.2.1/projects/Brizzle/proj.android/../../../cocos2dx/sprite_nodes/CCSprite.cpp draw 584
01-03 15:29:57.166 E/Adreno200-ES20(10110): <__load_uniform_float:555>: GL_INVALID_OPERATION
01-03 15:29:57.166 D/cocos2d-x debug info(10110): OpenGL error 0x0502 in E:/cocos/cocos2d-x-2.2.1/projects/Brizzle/proj.android/../../../cocos2dx/sprite_nodes/CCSprite.cpp draw 584
01-03 15:29:57.166 E/Adreno200-ES20(10110): <__load_uniform_float:555>: GL_INVALID_OPERATION
01-03 15:29:57.166 D/cocos2d-x debug info(10110): OpenGL error 0x0502 in E:/cocos/cocos2d-x-2.2.1/projects/Brizzle/proj.android/../../../cocos2dx/sprite_nodes/CCSprite.cpp draw 584
01-03 15:29:57.176 E/Adreno200-ES20(10110): <__load_uniform_float:555>: GL_INVALID_OPERATION
01-03 15:29:57.176 D/cocos2d-x debug info(10110): OpenGL error 0x0502 in E:/cocos/cocos2d-x-2.2.1/projects/Brizzle/proj.android/../../../cocos2dx/textures/CCTextureAtlas.cpp drawNumberOfQuads 686
01-03 15:29:57.176 E/Adreno200-ES20(10110): <__load_uniform_float:555>: GL_INVALID_OPERATION
01-03 15:29:57.176 D/cocos2d-x debug info(10110): OpenGL error 0x0502 in E:/cocos/cocos2d-x-2.2.1/projects/Brizzle/proj.android/../../../cocos2dx/sprite_nodes/CCSprite.cpp draw 584
01-03 15:29:57.176 E/Adreno200-ES20(10110): <__load_uniform_float:555>: GL_INVALID_OPERATION
01-03 15:29:57.176 D/cocos2d-x debug info(10110): OpenGL error 0x0502 in E:/cocos/cocos2d-x-2.2.1/projects/Brizzle/proj.android/../../../cocos2dx/sprite_nodes/CCSprite.cpp draw 584
01-03 15:29:57.186 E/Adreno200-ES20(10110): <__load_uniform_float:555>: GL_INVALID_OPERATION
01-03 15:29:57.186 D/cocos2d-x debug info(10110): OpenGL error 0x0502 in E:/cocos/cocos2d-x-2.2.1/projects/Brizzle/proj.android/../../../cocos2dx/sprite_nodes/CCSprite.cpp draw 584
01-03 15:29:57.186 E/Adreno200-ES20(10110): <__load_uniform_float:555>: GL_INVALID_OPERATION
01-03 15:29:57.186 D/cocos2d-x debug info(10110): OpenGL error 0x0502 in E:/cocos/cocos2d-x-2.2.1/projects/Brizzle/proj.android/../../../cocos2dx/sprite_nodes/CCSprite.cpp draw 584
01-03 15:29:57.186 E/Adreno200-ES20(10110): <__load_uniform_float:555>: GL_INVALID_OPERATION
01-03 15:29:57.186 D/cocos2d-x debug info(10110): OpenGL error 0x0502 in E:/cocos/cocos2d-x-2.2.1/projects/Brizzle/proj.android/../../../cocos2dx/sprite_nodes/CCSprite.cpp draw 584
01-03 15:29:57.186 E/Adreno200-ES20(10110): <__load_uniform_float:555>: GL_INVALID_OPERATION
01-03 15:29:57.186 D/cocos2d-x debug info(10110): OpenGL error 0x0502 in E:/cocos/cocos2d-x-2.2.1/projects/Brizzle/proj.android/../../../cocos2dx/sprite_nodes/CCSprite.cpp draw 584
01-03 15:29:57.196 E/Adreno200-ES20(10110): <__load_uniform_float:555>: GL_INVALID_OPERATION
01-03 15:29:57.196 D/cocos2d-x debug info(10110): OpenGL error 0x0502 in E:/cocos/cocos2d-x-2.2.1/projects/Brizzle/proj.android/../../../cocos2dx/sprite_nodes/CCSprite.cpp draw 584
01-03 15:29:57.196 E/Adreno200-ES20(10110): <__load_uniform_float:555>: GL_INVALID_OPERATION
01-03 15:29:57.196 D/cocos2d-x debug info(10110): OpenGL error 0x0502 in E:/cocos/cocos2d-x-2.2.1/projects/Brizzle/proj.android/../../../cocos2dx/textures/CCTextureAtlas.cpp drawNumberOfQuads 686
01-03 15:29:57.196 E/Adreno200-ES20(10110): <__load_uniform_float:555>: GL_INVALID_OPERATION
01-03 15:29:57.196 D/cocos2d-x debug info(10110): OpenGL error 0x0502 in E:/cocos/cocos2d-x-2.2.1/projects/Brizzle/proj.android/../../../cocos2dx/sprite_nodes/CCSprite.cpp draw 584
01-03 15:29:57.196 E/Adreno200-ES20(10110): <__load_uniform_float:555>: GL_INVALID_OPERATION
01-03 15:29:57.196 D/cocos2d-x debug info(10110): OpenGL error 0x0502 in E:/cocos/cocos2d-x-2.2.1/projects/Brizzle/proj.android/../../../cocos2dx/sprite_nodes/CCSprite.cpp draw 584
01-03 15:29:57.206 E/Adreno200-ES20(10110): <__load_uniform_float:555>: GL_INVALID_OPERATION
01-03 15:29:57.206 D/cocos2d-x debug info(10110): OpenGL error 0x0502 in E:/cocos/cocos2d-x-2.2.1/projects/Brizzle/proj.android/../../../cocos2dx/sprite_nodes/CCSprite.cpp draw 584
01-03 15:29:57.206 E/Adreno200-ES20(10110): <__load_uniform_float:555>: GL_INVALID_OPERATION
01-03 15:29:57.206 D/cocos2d-x debug info(10110): OpenGL error 0x0502 in E:/cocos/cocos2d-x-2.2.1/projects/Brizzle/proj.android/../../../cocos2dx/sprite_nodes/CCSprite.cpp draw 584
01-03 15:29:57.206 E/Adreno200-ES20(10110): <__load_uniform_float:555>: GL_INVALID_OPERATION
01-03 15:29:57.206 D/cocos2d-x debug info(10110): OpenGL error 0x0502 in E:/cocos/cocos2d-x-2.2.1/projects/Brizzle/proj.android/../../../cocos2dx/sprite_nodes/CCSprite.cpp draw 584
01-03 15:29:57.206 E/Adreno200-ES20(10110): <__load_uniform_float:555>: GL_INVALID_OPERATION
01-03 15:29:57.206 D/cocos2d-x debug info(10110): OpenGL error 0x0502 in E:/cocos/cocos2d-x-2.2.1/projects/Brizzle/proj.android/../../../cocos2dx/sprite_nodes/CCSprite.cpp draw 584
01-03 15:29:57.206 E/Adreno200-ES20(10110): <__load_uniform_float:555>: GL_INVALID_OPERATION
01-03 15:29:57.206 D/cocos2d-x debug info(10110): OpenGL error 0x0502 in E:/cocos/cocos2d-x-2.2.1/projects/Brizzle/proj.android/../../../cocos2dx/sprite_nodes/CCSprite.cpp draw 584
01-03 15:29:57.216 E/Adreno200-ES20(10110): <__load_uniform_float:555>: GL_INVALID_OPERATION
01-03 15:29:57.216 D/cocos2d-x debug info(10110): OpenGL error 0x0502 in E:/cocos/cocos2d-x-2.2.1/projects/Brizzle/proj.android/../../../cocos2dx/textures/CCTextureAtlas.cpp drawNumberOfQuads 686
01-03 15:29:57.216 E/Adreno200-ES20(10110): <__load_uniform_float:555>: GL_INVALID_OPERATION
01-03 15:29:57.216 D/cocos2d-x debug info(10110): OpenGL error 0x0502 in E:/cocos/cocos2d-x-2.2.1/projects/Brizzle/proj.android/../../../cocos2dx/sprite_nodes/CCSprite.cpp draw 584
01-03 15:29:57.216 E/Adreno200-ES20(10110): <__load_uniform_float:555>: GL_INVALID_OPERATION
01-03 15:29:57.226 D/cocos2d-x debug info(10110): OpenGL error 0x0502 in E:/cocos/cocos2d-x-2.2.1/projects/Brizzle/proj.android/../../../cocos2dx/sprite_nodes/CCSprite.cpp draw 584
01-03 15:29:57.226 E/Adreno200-ES20(10110): <__load_uniform_float:555>: GL_INVALID_OPERATION
01-03 15:29:57.226 D/cocos2d-x debug info(10110): OpenGL error 0x0502 in E:/cocos/cocos2d-x-2.2.1/projects/Brizzle/proj.android/../../../cocos2dx/sprite_nodes/CCSprite.cpp draw 584
01-03 15:29:57.226 E/Adreno200-ES20(10110): <__load_uniform_float:555>: GL_INVALID_OPERATION
01-03 15:29:57.226 D/cocos2d-x debug info(10110): OpenGL error 0x0502 in E:/cocos/cocos2d-x-2.2.1/projects/Brizzle/proj.android/../../../cocos2dx/sprite_nodes/CCSprite.cpp draw 584
01-03 15:29:57.236 E/Adreno200-ES20(10110): <__load_uniform_float:555>: GL_INVALID_OPERATION
01-03 15:29:57.236 D/cocos2d-x debug info(10110): OpenGL error 0x0502 in E:/cocos/cocos2d-x-2.2.1/projects/Brizzle/proj.android/../../../cocos2dx/sprite_nodes/CCSprite.cpp draw 584
01-03 15:29:57.236 E/Adreno200-ES20(10110): <__load_uniform_float:555>: GL_INVALID_OPERATION
01-03 15:29:57.236 D/cocos2d-x debug info(10110): OpenGL error 0x0502 in E:/cocos/cocos2d-x-2.2.1/projects/Brizzle/proj.android/../../../cocos2dx/sprite_nodes/CCSprite.cpp draw 584
01-03 15:29:57.236 E/Adreno200-ES20(10110): <__load_uniform_float:555>: GL_INVALID_OPERATION
01-03 15:29:57.236 D/cocos2d-x debug info(10110): OpenGL error 0x0502 in E:/cocos/cocos2d-x-2.2.1/projects/Brizzle/proj.android/../../../cocos2dx/sprite_nodes/CCSprite.cpp draw 584
01-03 15:29:57.236 E/Adreno200-ES20(10110): <__load_uniform_float:555>: GL_INVALID_OPERATION
01-03 15:29:57.236 D/cocos2d-x debug info(10110): OpenGL error 0x0502 in E:/cocos/cocos2d-x-2.2.1/projects/Brizzle/proj.android/../../../cocos2dx/textures/CCTextureAtlas.cpp drawNumberOfQuads 686
01-03 15:29:57.236 E/Adreno200-ES20(10110): <__load_uniform_float:555>: GL_INVALID_OPERATION
01-03 15:29:57.236 D/cocos2d-x debug info(10110): OpenGL error 0x0502 in E:/cocos/cocos2d-x-2.2.1/projects/Brizzle/proj.android/../../../cocos2dx/sprite_nodes/CCSprite.cpp draw 584
01-03 15:29:57.236 E/Adreno200-ES20(10110): <__load_uniform_float:555>: GL_INVALID_OPERATION
01-03 15:29:57.236 D/cocos2d-x debug info(10110): OpenGL error 0x0502 in E:/cocos/cocos2d-x-2.2.1/projects/Brizzle/proj.android/../../../cocos2dx/sprite_nodes/CCSprite.cpp draw 584
01-03 15:29:57.256 E/Adreno200-ES20(10110): <__load_uniform_float:555>: GL_INVALID_OPERATION
01-03 15:29:57.256 E/Adreno200-ES20(10110): <__load_uniform_int:279>: GL_INVALID_OPERATION
01-03 15:29:57.256 D/cocos2d-x debug info(10110): OpenGL error 0x0502 in E:/cocos/cocos2d-x-2.2.1/projects/Brizzle/proj.android/../../../cocos2dx/sprite_nodes/CCSprite.cpp draw 584
01-03 15:29:57.276 D/cocos2d-x debug info(10110): OpenGL error 0x0502 in E:/cocos/cocos2d-x-2.2.1/projects/Brizzle/proj.android/../../../cocos2dx/shaders/CCShaderCache.cpp loadDefaultShader 311
01-03 15:29:57.346 W/memalloc( 1444): /dev/pmem: No more pmem available
01-03 15:29:57.346 W/memalloc( 1444): Falling back to ashmem
01-03 15:29:57.366 I/CVW     (14642): Dismiss CandidateViewWindow WCLID:0
01-03 15:29:57.366 W/View    (14642): The view is not attached to a window
01-03 15:29:57.366 I/CVW     (14642): Dismiss CandidateViewWindow WCLID:1
01-03 15:29:57.366 W/View    (14642): The view is not attached to a window
01-03 15:29:57.366 I/CVW     (14642): Dismiss CandidateViewWindow WCLID:2
01-03 15:29:57.366 W/View    (14642): The view is not attached to a window
01-03 15:29:57.366 I/CVW     (14642): Dismiss CandidateViewWindow WCLID:3
01-03 15:29:57.366 W/View    (14642): The view is not attached to a window
01-03 15:29:57.366 I/CEZSipView(14642): [notify]ACTION_SIP_UPDATE_STATUS startinput, next_prediction
01-03 15:29:57.376 D/memalloc( 1444): ashmem: Allocated buffer base:0x42e9d000 size:1536000 fd:72
01-03 15:29:57.386 D/memalloc(10110): ashmem: Mapped buffer base:0x58304000 size:1536000 fd:86
01-03 15:29:57.416 I/Adreno200-EGLSUB( 1444): <CreateImage:893>: Android Image
01-03 15:29:57.416 I/Adreno200-EGLSUB( 1444): <GetImageAttributes:1102>: RGBA_8888
01-03 15:29:57.436 D/memalloc(10110): /dev/pmem: Unmapping buffer base:0x54453000 size:11849728 offset:11079680
01-03 15:29:57.446 D/memalloc(10110): /dev/pmem: Unmapping buffer base:0x562e7000 size:3842048 offset:3072000
01-03 15:29:57.446 D/memalloc(10110): /dev/pmem: Unmapping buffer base:0x5677d000 size:10313728 offset:9543680
01-03 15:29:57.456 D/memalloc(10110): /dev/pmem: Unmapping buffer base:0x532cc000 size:16580608 offset:15044608
01-03 15:29:57.456 D/memalloc(10110): /dev/pmem: Unmapping buffer base:0x5290f000 size:6062080 offset:4526080
01-03 15:29:57.516 I/ActivityManager(14482): Start proc com.aspire.mm:push for service com.aspire.mm/.push.PushService: pid=10177 uid=10096 gids={3003, 1015}
01-03 15:29:57.546 I/PowerManagerService-JNI(14482): [Stability] PowerManagerService_userActivity JNI pass power key event to PowerManagerService userActivity()
01-03 15:29:57.726 D/skia    (14674): AndroidImageRef[ 0x8993e0 ] releasePixel fail as lockCount=1
01-03 15:29:57.797 D/skia    (14674): AndroidImageRef[ 0x7629a0 ] releasePixel fail as lockCount=1
01-03 15:29:57.917 D/cocos2d-x debug info(10110): reload all texture
01-03 15:29:58.087 I/PowerManagerService-JNI(14482): [Stability] PowerManagerService_userActivity JNI pass power key event to PowerManagerService userActivity()
01-03 15:29:58.107 D/CAT     (14659): CatService: Return current sInstance
01-03 15:29:58.157 D/WifiStateMachine(14482): fetchRssiAndLinkSpeedNative RSSI = -52
01-03 15:29:58.317 D/AndroidRuntime(10191):
01-03 15:29:58.317 D/AndroidRuntime(10191): >>>>>> AndroidRuntime START com.android.internal.os.RuntimeInit <<<<<<
01-03 15:29:58.327 D/AndroidRuntime(10191): CheckJNI is OFF
01-03 15:29:58.617 I/PowerManagerService-JNI(14482): [Stability] PowerManagerService_userActivity JNI pass power key event to PowerManagerService userActivity()
01-03 15:29:58.868 W/CpuWake (14482): >>releaseCpuPerfWakeLock
01-03 15:29:58.868 W/CpuWake (14482): <<releaseCpuPerfWakeLock
01-03 15:29:59.138 I/PowerManagerService-JNI(14482): [Stability] PowerManagerService_userActivity JNI pass power key event to PowerManagerService userActivity()
01-03 15:29:59.178 D/AndroidRuntime(10191): Calling main entry com.android.commands.am.Am
01-03 15:29:59.218 I/iTestin (10018): recv broadcast>>>itestin.service.CMD_LOG
01-03 15:29:59.218 I/TestinExternalLog(10018): <<<<<<< Capturing image (14) >>>>>>>
01-03 15:29:59.218 D/AndroidRuntime(10191): Shutting down VM
01-03 15:29:59.228 I/AndroidRuntime(10191): NOTE: attach of thread 'Binder Thread #2' failed
01-03 15:29:59.228 D/dalvikvm(10191): GC_CONCURRENT freed 102K, 71% free 613K/2048K, paused 1ms+1ms
01-03 15:29:59.628 E/Adreno200-ES20(10110): <gl_draw_error_checks:418>: GL_INVALID_OPERATION
01-03 15:29:59.628 D/cocos2d-x debug info(10110): OpenGL error 0x0502 in E:/cocos/cocos2d-x-2.2.1/projects/Brizzle/proj.android/../../../cocos2dx/sprite_nodes/CCSprite.cpp draw 584
01-03 15:29:59.628 E/Adreno200-ES20(10110): <gl_draw_error_checks:418>: GL_INVALID_OPERATION
01-03 15:29:59.638 D/cocos2d-x debug info(10110): OpenGL error 0x0502 in E:/cocos/cocos2d-x-2.2.1/projects/Brizzle/proj.android/../../../cocos2dx/sprite_nodes/CCSprite.cpp draw 584
01-03 15:29:59.638 E/Adreno200-ES20(10110): <gl_draw_error_checks:418>: GL_INVALID_OPERATION
01-03 15:29:59.638 D/cocos2d-x debug info(10110): OpenGL error 0x0502 in E:/cocos/cocos2d-x-2.2.1/projects/Brizzle/proj.android/../../../cocos2dx/sprite_nodes/CCSprite.cpp draw 584
01-03 15:29:59.638 E/Adreno200-ES20(10110): <gl_draw_error_checks:418>: GL_INVALID_OPERATION
01-03 15:29:59.638 D/cocos2d-x debug info(10110): OpenGL error 0x0502 in E:/cocos/cocos2d-x-2.2.1/projects/Brizzle/proj.android/../../../cocos2dx/sprite_nodes/CCSprite.cpp draw 584
01-03 15:29:59.638 E/Adreno200-ES20(10110): <gl_draw_error_checks:418>: GL_INVALID_OPERATION
01-03 15:29:59.638 D/cocos2d-x debug info(10110): OpenGL error 0x0502 in E:/cocos/cocos2d-x-2.2.1/projects/Brizzle/proj.android/../../../cocos2dx/sprite_nodes/CCSprite.cpp draw 584
01-03 15:29:59.638 E/Adreno200-ES20(10110): <gl_draw_error_checks:418>: GL_INVALID_OPERATION
01-03 15:29:59.638 D/cocos2d-x debug info(10110): OpenGL error 0x0502 in E:/cocos/cocos2d-x-2.2.1/projects/Brizzle/proj.android/../../../cocos2dx/textures/CCTextureAtlas.cpp drawNumberOfQuads 686
01-03 15:29:59.638 E/Adreno200-ES20(10110): <gl_draw_error_checks:418>: GL_INVALID_OPERATION
01-03 15:29:59.638 D/cocos2d-x debug info(10110): OpenGL error 0x0502 in E:/cocos/cocos2d-x-2.2.1/projects/Brizzle/proj.android/../../../cocos2dx/sprite_nodes/CCSprite.cpp draw 584
01-03 15:29:59.638 E/Adreno200-ES20(10110): <gl_draw_error_checks:418>: GL_INVALID_OPERATION
01-03 15:29:59.638 D/cocos2d-x debug info(10110): OpenGL error 0x0502 in E:/cocos/cocos2d-x-2.2.1/projects/Brizzle/proj.android/../../../cocos2dx/sprite_nodes/CCSprite.cpp draw 584
01-03 15:29:59.648 I/Adreno200-EGLSUB( 1444): <CreateImage:893>: Android Image
01-03 15:29:59.648 I/Adreno200-EGLSUB( 1444): <GetImageAttributes:1088>: RGB_565
01-03 15:29:59.668 I/PowerManagerService-JNI(14482): [Stability] PowerManagerService_userActivity JNI pass power key event to PowerManagerService userActivity()
01-03 15:29:59.678 D/CAT     (14659): CatService: Return current sInstance
01-03 15:29:59.688 I/OMXCodec(14295): clip mime type 'audio/vorbis'
01-03 15:29:59.688 D/OMXCodec(14295): matchingCodecs.size = 1
01-03 15:29:59.688 I/OMXCodec(14295): Attempting to allocate OMX node 'OMX.google.vorbis.decoder'
01-03 15:29:59.688 D/OMXCodec(14295): ComponentQuirks = 0
01-03 15:29:59.698 I/OMXCodec(14295): Successfully allocated OMX node 'OMX.google.vorbis.decoder'
01-03 15:29:59.698 D/OMXCodec(14295): configureCodec protected=0
01-03 15:29:59.698 D/AwesomePlayer(14295): Using PID = 10110
01-03 15:29:59.698 D/AwesomePlayer(14295): LPAPlayer get sample rate sampleRate 44100 channelCount 1 success 1
01-03 15:29:59.698 D/AwesomePlayer(14295): LPA:htc.audio.lpa.a2dp is 0
01-03 15:29:59.698 I/AwesomePlayer(14295): AudioPlayer created, Non-LPA mode mime audio/vorbis duration 366077
01-03 15:29:59.698 D/OMXCodec(14295): OMXCodec::freeBuffersOnPort 1
01-03 15:29:59.738 D/OMXCodec(14295): OMXCodec::freeBuffersOnPort 0
01-03 15:29:59.738 D/OMXCodec(14295): OMXCodec::freeBuffersOnPort 1
01-03 15:29:59.738 E/OMXCodec(14295): wrong state to free OMXCodec 1
01-03 15:29:59.748 V/legacy_audio_policy_hal(14295): audio_io_handle_t android_audio_legacy::ap_get_output(audio_policy*, audio_stream_type_t, uint32_t, uint32_t, uint32_t, audio_policy_output_flags_t): tid 14817
01-03 15:29:59.748 D/AudioPolicyManager(14295): getDeviceForStrategy() from cache strategy 0, device 2
01-03 15:29:59.748 V/AudioPolicyManagerBase(14295): getOutput() stream 3, samplingRate 0, format 0, channels 3, flags 0
01-03 15:29:59.748 V/AudioTrack(10110): start 0xdda048
01-03 15:29:59.748 V/AudioTrack(10110): start 0xdda048 before lock cblk 0x537e1000
01-03 15:29:59.748 D/AudioPolicyManager(14295): startOutput() output 3, stream 3, session 432
01-03 15:29:59.748 V/AudioPolicyManagerBase(14295): changeRefCount() stream 3, count 1
01-03 15:29:59.748 D/AudioPolicyManager(14295): getDeviceForStrategy() from cache strategy 0, device 2
01-03 15:29:59.748 I/AudioPolicyManagerBase(14295): getDeviceForStrategy() selected device 2
01-03 15:29:59.748 D/AudioPolicyManager(14295): getDeviceForStrategy() from cache strategy 0, device 2
01-03 15:29:59.748 I/AudioPolicyManagerBase(14295): getDeviceForStrategy() selected device 2
01-03 15:29:59.748 D/AudioPolicyManager(14295): setOutputDevice() output 3 device 2 delayMs 0
01-03 15:29:59.748 D/AudioPolicyManager(14295): setOutputDevice() prevDevice 2
01-03 15:29:59.748 D/AudioPolicyManager(14295): setOutputDevice() prevHWDevice 2
01-03 15:29:59.748 D/AudioPolicyManager(14295): setOutputDevice() setting same device 2 or null device for output 3
01-03 15:29:59.748 D/AudioPolicyManager(14295): linearToSpecifyHtcVolume(volume:100, streamType:3, audio_devices:2)
01-03 15:29:59.748 D/cocos2d-x debug info(10110): cocos2d: CCSpriteFrameCache: removing unused frame: main_bg_c@2x.png
01-03 15:29:59.748 D/cocos2d-x debug info(10110): cocos2d: CCSpriteFrameCache: removing unused frame: main_trees_a@2x.png
01-03 15:29:59.748 D/cocos2d-x debug info(10110): cocos2d: CCSpriteFrameCache: removing unused frame: main_trees_b@2x.png
01-03 15:29:59.748 D/cocos2d-x debug info(10110): cocos2d: CCSpriteFrameCache: removing unused frame: main_bg_a@2x.png
01-03 15:29:59.748 D/cocos2d-x debug info(10110): cocos2d: CCSpriteFrameCache: removing unused frame: main_bg_b@2x.png
01-03 15:29:59.748 D/cocos2d-x debug info(10110): cocos2d: CCSpriteFrameCache: removing unused frame: main_bg_light@2x.png
01-03 15:29:59.748 D/cocos2d-x debug info(10110): cocos2d: CCSpriteFrameCache: removing unused frame: main_cha_blue@2x.png
