01-03 15:29:59.748 D/cocos2d-x debug info(10110): cocos2d: CCSpriteFrameCache: removing unused frame: main_cha_green@2x.png
01-03 15:29:59.748 D/cocos2d-x debug info(10110): cocos2d: CCSpriteFrameCache: removing unused frame: main_cha_orange@2x.png
01-03 15:29:59.748 D/cocos2d-x debug info(10110): cocos2d: CCSpriteFrameCache: removing unused frame: main_cha_pink@2x.png
01-03 15:29:59.748 D/cocos2d-x debug info(10110): cocos2d: CCSpriteFrameCache: removing unused frame: main_cha_purple@2x.png
01-03 15:29:59.748 D/cocos2d-x debug info(10110): cocos2d: CCSpriteFrameCache: removing unused frame: main_cha_red@2x.png
01-03 15:29:59.748 D/cocos2d-x debug info(10110): cocos2d: CCSpriteFrameCache: removing unused frame: main_cha_white@2x.png
01-03 15:29:59.748 D/cocos2d-x debug info(10110): cocos2d: CCSpriteFrameCache: removing unused frame: main_cha_yellow@2x.png
01-03 15:29:59.748 D/cocos2d-x debug info(10110): cocos2d: CCSpriteFrameCache: removing unused frame: main_menu_bg@2x.png
01-03 15:29:59.748 D/cocos2d-x debug info(10110): cocos2d: CCSpriteFrameCache: removing unused frame: main_rank_push@2x.png
01-03 15:29:59.748 D/cocos2d-x debug info(10110): cocos2d: CCSpriteFrameCache: removing unused frame: main_rank@2x.png
01-03 15:29:59.748 D/cocos2d-x debug info(10110): cocos2d: CCSpriteFrameCache: removing unused frame: main_title@2x.png
01-03 15:29:59.748 D/cocos2d-x debug info(10110): cocos2d: CCSpriteFrameCache: removing unused frame: main_option_push@2x.png
01-03 15:29:59.748 D/cocos2d-x debug info(10110): cocos2d: CCSpriteFrameCache: removing unused frame: main_option@2x.png
01-03 15:29:59.748 D/cocos2d-x debug info(10110): cocos2d: CCSpriteFrameCache: removing unused frame: main_menu_cancel_normal_china@2x.png
01-03 15:29:59.748 D/cocos2d-x debug info(10110): cocos2d: CCSpriteFrameCache: removing unused frame: main_menu_cancel_push_china@2x.png
01-03 15:29:59.748 D/cocos2d-x debug info(10110): cocos2d: CCSpriteFrameCache: removing unused frame: main_menu_classic_china@2x.png
01-03 15:29:59.748 D/cocos2d-x debug info(10110): cocos2d: CCSpriteFrameCache: removing unused frame: main_menu_classic_push_china@2x.png
01-03 15:29:59.748 D/cocos2d-x debug info(10110): cocos2d: CCSpriteFrameCache: removing unused frame: main_menu_continue_normal_china@2x.png
01-03 15:29:59.748 D/cocos2d-x debug info(10110): cocos2d: CCSpriteFrameCache: removing unused frame: main_menu_continue_push_china@2x.png
01-03 15:29:59.748 D/cocos2d-x debug info(10110): cocos2d: CCSpriteFrameCache: removing unused frame: main_menu_icebreak_china@2x.png
01-03 15:29:59.748 D/cocos2d-x debug info(10110): cocos2d: CCSpriteFrameCache: removing unused frame: main_menu_icebreak_push_china@2x.png
01-03 15:29:59.748 D/cocos2d-x debug info(10110): cocos2d: CCSpriteFrameCache: removing unused frame: main_menu_newgame_normal_china@2x.png
01-03 15:29:59.748 D/cocos2d-x debug info(10110): cocos2d: CCSpriteFrameCache: removing unused frame: main_menu_newgame_push_china@2x.png
01-03 15:29:59.748 D/cocos2d-x debug info(10110): cocos2d: CCSpriteFrameCache: removing unused frame: main_menu_pandora_china@2x.png
01-03 15:29:59.748 D/cocos2d-x debug info(10110): cocos2d: CCSpriteFrameCache: removing unused frame: main_menu_pandora_push_china@2x.png
01-03 15:29:59.748 D/cocos2d-x debug info(10110): cocos2d: CCSpriteFrameCache: removing unused frame: main_option_china@2x.png
01-03 15:29:59.748 D/cocos2d-x debug info(10110): cocos2d: CCSpriteFrameCache: removing unused frame: main_option_push_china@2x.png
01-03 15:29:59.748 D/cocos2d-x debug info(10110): cocos2d: CCSpriteFrameCache: removing unused frame: main_rank_china@2x.png
01-03 15:29:59.748 D/cocos2d-x debug info(10110): cocos2d: CCSpriteFrameCache: removing unused frame: main_rank_push_china@2x.png
01-03 15:29:59.748 D/cocos2d-x debug info(10110): cocos2d: CCTextureCache: texture: cc_fps_images
01-03 15:29:59.748 D/cocos2d-x debug info(10110): cocos2d: CCTextureCache: texture: assets/images/main_menu/main_bg_a_RETINA.png
01-03 15:29:59.748 D/cocos2d-x debug info(10110): cocos2d: CCTextureCache: texture: assets/images/main_menu/main_bg_b_RETINA.png
01-03 15:29:59.748 D/cocos2d-x debug info(10110): cocos2d: CCTextureCache: texture: assets/images/main_menu/mainmenu_a_RETINA.png
01-03 15:29:59.748 D/cocos2d-x debug info(10110): cocos2d: CCTextureCache: texture: assets/images/main_menu/mainmenu_b_CN_RETINA.png
01-03 15:29:59.748 D/cocos2d-x debug info(10110): cocos2d: CCTextureCache: texture: assets/images/main_menu/mainmenu_a_CN_RETINA.png
01-03 15:29:59.768 V/AudioTrack(10110): Underrun user: 0, server: 0, flags 0003
01-03 15:29:59.788 D/cocos2d-x debug info(10110): cocos2d: CCSpriteFrameCache: Trying to use file images/character/Character_RETINA.png as texture
01-03 15:30:00.119 D/cocos2d-x debug info(10110): cocos2d: CCSpriteFrameCache: Trying to use file images/stage_classic/stage_RETINA.png as texture
01-03 15:30:00.149 V/AudioTrack(10110): Underrun user: 3f10, server: 3f10, flags 0002
01-03 15:30:00.149 V/AudioTrack(10110): stop 0xdda048
01-03 15:30:00.149 D/AudioPolicyManager(14295): stopOutput() output 3, stream 3, session 432
01-03 15:30:00.149 V/AudioPolicyManagerBase(14295): changeRefCount() stream 3, count 0
01-03 15:30:00.149 I/AudioPolicyManagerBase(14295): getDeviceForStrategy() selected device 0
01-03 15:30:00.149 D/AudioPolicyManager(14295): setOutputDevice() output 3 device 0 delayMs 0
01-03 15:30:00.149 D/AudioPolicyManager(14295): setOutputDevice() prevDevice 2
01-03 15:30:00.149 D/AudioPolicyManager(14295): setOutputDevice() prevHWDevice 2
01-03 15:30:00.149 D/AudioPolicyManager(14295): setOutputDevice() setting same device 0 or null device for output 3
01-03 15:30:00.179 I/PowerManagerService-JNI(14482): [Stability] PowerManagerService_userActivity JNI pass power key event to PowerManagerService userActivity()
01-03 15:30:00.189 D/CAT     (14659): CatService: Return current sInstance
01-03 15:30:00.349 D/cocos2d-x debug info(10110): cocos2d: CCSpriteFrameCache: Trying to use file images/item/itemblackhole_RETINA.png as texture
01-03 15:30:00.499 D/cocos2d-x debug info(10110): cocos2d: CCSpriteFrameCache: Trying to use file images/item/itembomb_RETINA.png as texture
01-03 15:30:00.589 D/cocos2d-x debug info(10110): cocos2d: CCSpriteFrameCache: Trying to use file images/item/itemfirebird_RETINA.png as texture
01-03 15:30:00.689 I/PowerManagerService-JNI(14482): [Stability] PowerManagerService_userActivity JNI pass power key event to PowerManagerService userActivity()
01-03 15:30:00.789 D/cocos2d-x debug info(10110): cocos2d: CCSpriteFrameCache: Trying to use file images/item/itemlightning_RETINA.png as texture
01-03 15:30:00.870 D/cocos2d-x debug info(10110): cocos2d: CCSpriteFrameCache: Trying to use file images/item_effect/effectblackhole_RETINA.png as texture
01-03 15:30:01.160 D/WifiStateMachine(14482): fetchRssiAndLinkSpeedNative RSSI = -52
01-03 15:30:01.240 D/cocos2d-x debug info(10110): cocos2d: CCSpriteFrameCache: Trying to use file images/item_effect/effectbomb_RETINA.png as texture
01-03 15:30:01.250 I/PowerManagerService-JNI(14482): [Stability] PowerManagerService_userActivity JNI pass power key event to PowerManagerService userActivity()
01-03 15:30:01.430 D/cocos2d-x debug info(10110): cocos2d: CCSpriteFrameCache: Trying to use file images/item_effect/effectfirebird_RETINA.png as texture
01-03 15:30:01.590 D/cocos2d-x debug info(10110): cocos2d: CCSpriteFrameCache: Trying to use file images/item_effect/cloud_RETINA.png as texture
01-03 15:30:01.780 I/PowerManagerService-JNI(14482): [Stability] PowerManagerService_userActivity JNI pass power key event to PowerManagerService userActivity()
01-03 15:30:02.111 I/MediaPlayer(10110): setLPAflag() in
01-03 15:30:02.111 I/MediaPlayer(10110): mContext is null, can't getMirrorDisplayStatus!!!
01-03 15:30:02.111 I/MediaPlayer(10110): setLPAflag() out
01-03 15:30:02.141 I/OMXCodec(14295): clip mime type 'audio/vorbis'
01-03 15:30:02.141 D/OMXCodec(14295): matchingCodecs.size = 1
01-03 15:30:02.141 I/OMXCodec(14295): Attempting to allocate OMX node 'OMX.google.vorbis.decoder'
01-03 15:30:02.141 D/OMXCodec(14295): ComponentQuirks = 0
01-03 15:30:02.151 I/OMXCodec(14295): Successfully allocated OMX node 'OMX.google.vorbis.decoder'
01-03 15:30:02.151 D/OMXCodec(14295): configureCodec protected=0
01-03 15:30:02.151 W/MediaPlayer(10110): info/warning (1, 902)
01-03 15:30:02.151 I/MediaPlayer(10110): Info (1,902)
01-03 15:30:02.151 D/MediaPlayer(10110): stop() in
01-03 15:30:02.151 I/AwesomePlayer(14295): Lock success within 5000 us
01-03 15:30:02.151 D/MediaPlayer(10110): beats setting trigger in stop
01-03 15:30:02.151 D/MediaPlayer(10110): beats setting  false
01-03 15:30:02.161 D/MediaPlayer(10110): triggerBeatsLogo=false
01-03 15:30:02.161 D/WirelessDisplayService(14482): getMirrorDisplayStatus:falsecurState:1
01-03 15:30:02.161 D/AudioService(14482):  isSupport=true , sense version=4.0 , on=false , mAppPlay=false , isHeadsetPlugged=false , mBluetoothHeadsetConnected=false
01-03 15:30:02.161 D/WirelessDisplayService(14482): getMirrorDisplayStatus:falsecurState:1
01-03 15:30:02.161 D/AudioService(14482): mMirrorDisplayStatus=false , getMirrorDisplayStatus=false , mGlobalSoundEffect=800
01-03 15:30:02.161 D/WirelessDisplayService(14482): getMirrorDisplayStatus:falsecurState:1
01-03 15:30:02.161 D/WirelessDisplayService(14482): getMirrorDisplayStatus:falsecurState:1
01-03 15:30:02.161 D/AudioService(14482): beats setting on=false isHeadsetPlugged=false isPlaying=false , beats=false
01-03 15:30:02.161 D/WirelessDisplayService(14482): getMirrorDisplayStatus:falsecurState:1
01-03 15:30:02.161 I/AudioService(14482): setBeatsNotification() NotificationOn=false, BeatsEnable=false
01-03 15:30:02.161 D/MediaPlayer(10110): stop() out
01-03 15:30:02.161 I/MediaPlayer(10110): setLPAflag() in
01-03 15:30:02.161 I/MediaPlayer(10110): mContext is null, can't getMirrorDisplayStatus!!!
01-03 15:30:02.161 I/MediaPlayer(10110): setLPAflag() out
01-03 15:30:02.161 W/MediaPlayer(10110): info/warning (1, 902)
01-03 15:30:02.161 I/MediaPlayer(10110): Info (1,902)
01-03 15:30:02.161 D/MediaPlayer(10110): start() in
01-03 15:30:02.161 D/MediaPlayer(10110): doStart() in
01-03 15:30:02.161 D/AwesomePlayer(14295): Using PID = 10110
01-03 15:30:02.161 D/AwesomePlayer(14295): LPAPlayer get sample rate sampleRate 22050 channelCount 2 success 1
01-03 15:30:02.161 D/AwesomePlayer(14295): LPA:htc.audio.lpa.a2dp is 0
01-03 15:30:02.161 I/AwesomePlayer(14295): AudioPlayer created, Non-LPA mode mime audio/vorbis duration 46207709
01-03 15:30:02.171 D/OMXCodec(14295): OMXCodec::freeBuffersOnPort 1
01-03 15:30:02.171 V/AudioTrack(14295): setAuxEffectSendLevel(0.000000)
01-03 15:30:02.171 V/AudioTrack(14295): attachAuxEffect(0)
01-03 15:30:02.171 V/AudioTrack(14295): setAuxEffectSendLevel(0.000000)
01-03 15:30:02.171 V/AudioTrack(14295): start 0x18e0f78
01-03 15:30:02.171 V/AudioTrack(14295): start 0x18e0f78 before lock cblk 0x4343c5c0
01-03 15:30:02.171 D/AudioPolicyManager(14295): startOutput() output 3, stream 3, session 433
01-03 15:30:02.171 V/AudioPolicyManagerBase(14295): changeRefCount() stream 3, count 1
01-03 15:30:02.171 D/AudioPolicyManager(14295): getDeviceForStrategy() from cache strategy 0, device 2
01-03 15:30:02.171 I/AudioPolicyManagerBase(14295): getDeviceForStrategy() selected device 2
01-03 15:30:02.171 D/AudioPolicyManager(14295): getDeviceForStrategy() from cache strategy 0, device 2
01-03 15:30:02.171 I/AudioPolicyManagerBase(14295): getDeviceForStrategy() selected device 2
01-03 15:30:02.171 D/AudioPolicyManager(14295): setOutputDevice() output 3 device 2 delayMs 0
01-03 15:30:02.171 D/AudioPolicyManager(14295): setOutputDevice() prevDevice 2
01-03 15:30:02.171 D/AudioPolicyManager(14295): setOutputDevice() prevHWDevice 2
01-03 15:30:02.171 D/AudioPolicyManager(14295): setOutputDevice() setting same device 2 or null device for output 3
01-03 15:30:02.171 D/AudioPolicyManager(14295): linearToSpecifyHtcVolume(volume:100, streamType:3, audio_devices:2)
01-03 15:30:02.171 D/MediaPlayer(10110): beats setting trigger in start
01-03 15:30:02.181 D/MediaPlayer(10110): beats setting  true
01-03 15:30:02.181 D/MediaPlayer(10110): triggerBeatsLogo=true
01-03 15:30:02.181 D/WirelessDisplayService(14482): getMirrorDisplayStatus:falsecurState:1
01-03 15:30:02.181 D/AudioService(14482):  isSupport=true , sense version=4.0 , on=true , mAppPlay=false , isHeadsetPlugged=false , mBluetoothHeadsetConnected=false
01-03 15:30:02.181 D/WirelessDisplayService(14482): getMirrorDisplayStatus:falsecurState:1
01-03 15:30:02.181 D/AudioService(14482): mMirrorDisplayStatus=false , getMirrorDisplayStatus=false , mGlobalSoundEffect=800
01-03 15:30:02.181 D/WirelessDisplayService(14482): getMirrorDisplayStatus:falsecurState:1
01-03 15:30:02.181 D/WirelessDisplayService(14482): getMirrorDisplayStatus:falsecurState:1
01-03 15:30:02.181 D/AudioService(14482): beats setting on=false isHeadsetPlugged=false isPlaying=true , beats=false
01-03 15:30:02.181 D/WirelessDisplayService(14482): getMirrorDisplayStatus:falsecurState:1
01-03 15:30:02.181 I/AudioService(14482): setBeatsNotification() NotificationOn=false, BeatsEnable=false
01-03 15:30:02.181 D/MediaPlayer(10110): doStart() out
01-03 15:30:02.181 D/MediaPlayer(10110): [DLNA]start() out
01-03 15:30:02.181 V/AudioTrack(14295): Underrun user: 0, server: 0, flags 0003
01-03 15:30:02.201 I/Adreno200-EGLSUB( 1444): <CreateImage:893>: Android Image
01-03 15:30:02.201 I/Adreno200-EGLSUB( 1444): <GetImageAttributes:1088>: RGB_565
01-03 15:30:02.271 I/Adreno200-EGLSUB( 1444): <CreateImage:893>: Android Image
01-03 15:30:02.271 I/Adreno200-EGLSUB( 1444): <GetImageAttributes:1088>: RGB_565
01-03 15:30:02.301 I/PowerManagerService-JNI(14482): [Stability] PowerManagerService_userActivity JNI pass power key event to PowerManagerService userActivity()
01-03 15:30:02.811 I/PowerManagerService-JNI(14482): [Stability] PowerManagerService_userActivity JNI pass power key event to PowerManagerService userActivity()
01-03 15:30:02.821 D/CAT     (14659): CatService: Return current sInstance
01-03 15:30:03.332 I/PowerManagerService-JNI(14482): [Stability] PowerManagerService_userActivity JNI pass power key event to PowerManagerService userActivity()
01-03 15:30:03.332 D/CAT     (14659): CatService: Return current sInstance
01-03 15:30:03.722 D/cocos2d-x debug info(10110): cocos2d: CCSpriteBatchNode: resizing TextureAtlas capacity from [29] to [40].
01-03 15:30:03.722 D/cocos2d-x debug info(10110): cocos2d: CCSpriteBatchNode: resizing TextureAtlas capacity from [40] to [54].
01-03 15:30:03.722 D/cocos2d-x debug info(10110): cocos2d: CCSpriteBatchNode: resizing TextureAtlas capacity from [54] to [73].
01-03 15:30:04.173 D/WifiStateMachine(14482): fetchRssiAndLinkSpeedNative RSSI = -51
01-03 15:30:04.363 I/PowerManagerService-JNI(14482): [Stability] PowerManagerService_userActivity JNI pass power key event to PowerManagerService userActivity()
01-03 15:30:04.883 I/PowerManagerService-JNI(14482): [Stability] PowerManagerService_userActivity JNI pass power key event to PowerManagerService userActivity()
01-03 15:30:04.893 D/CAT     (14659): CatService: Return current sInstance
01-03 15:30:05.224 D/PluginFactory(10110): Java class name of plugin AdsAdmob is : org/cocos2dx/plugin/AdsAdmob
01-03 15:30:05.224 I/PluginWrapper(10110): class name : ----org/cocos2dx/plugin/AdsAdmob----
01-03 15:30:05.234 D/PluginFactory(10110): The type of plugin AdsAdmob is : 1
01-03 15:30:05.234 D/ProtocolAds(10110): Class name : org/cocos2dx/plugin/AdsAdmob
01-03 15:30:05.414 D/AndroidRuntime(10214):
01-03 15:30:05.414 D/AndroidRuntime(10214): >>>>>> AndroidRuntime START com.android.internal.os.RuntimeInit <<<<<<
01-03 15:30:05.414 I/PowerManagerService-JNI(14482): [Stability] PowerManagerService_userActivity JNI pass power key event to PowerManagerService userActivity()
01-03 15:30:05.424 D/CAT     (14659): CatService: Return current sInstance
01-03 15:30:05.434 D/AndroidRuntime(10214): CheckJNI is OFF
01-03 15:30:05.934 D/webview (10110): [InitTabEffectPivot] >> nScreenWidth = 480
01-03 15:30:05.934 D/webview (10110): [InitTabEffectPivot] >> nScreenHeight = 800
01-03 15:30:05.965 D/SqliteDatabaseCpp(10110): Registering sqlite logging func: /data/data/com.giant.brizzle/databases/webview.db
01-03 15:30:05.975 D/webview (10110): [InitTabEffectPivot] >> nScreenWidth = 480
01-03 15:30:05.975 D/webview (10110): [InitTabEffectPivot] >> nScreenHeight = 800
01-03 15:30:05.985 D/SqliteDatabaseCpp(10110): DB info: open db, path = /data/data/com.giant.brizzle/databases , key = sefraes, flag = 6, file size = 12288
01-03 15:30:06.135 D/SqliteDatabaseCpp(10110): DB info: path = /data/data/com.giant.brizzle/databases , key = sefraes, handle: 0xe4d428, type: w, r/w: (0,1), mode: truncate, disk free size: 641 M
01-03 15:30:06.555 E/ActivityThread(10110): Failed to find provider info for com.google.plus.platform
01-03 15:30:06.565 D/webview (10110): [InitTabEffectPivot] >> nScreenWidth = 480
01-03 15:30:06.565 D/webview (10110): [InitTabEffectPivot] >> nScreenHeight = 800
01-03 15:30:06.605 I/Ads     (10110): To get test ads on this device, call adRequest.addTestDevice("BCA5458E499C83CE40545EE639C8B20D");
01-03 15:30:06.675 D/dalvikvm(14674): GC_BEFORE_OOM freed 315K, 17% free 4328K/5155K, paused 1627ms
01-03 15:30:06.955 I/Ads     (10110): adRequestUrlHtml: <html><head><script src="http://media.admob.com/sdk-core-v40.js"></script><script>AFMA_getSdkConstants();AFMA_buildAdURL({"preqs":0,"session_id":"10283706390402412120","u_sd":1.5,"seq_num":"1","slotname":"a152c0e2117dbe6","u_w":320,"msid":"com.giant.brizzle","js":"afma-sdk-a-v6.3.1","ms":"Md7-2eUR_6_4yK-S1PFzVyETPJjmqVZ4bymkyZ-1VLcEobF4KKiHHLdzr6aEs8TMU2ipRna46Uoc7otgqU8x8blzG0tITasnSvUbtF6td_-I0R0KD_f19MAhL_br8E0RJnwdMtSwVHZginJ8LWGcVJdPPBtVWjDEUB0dYfb6xRsUXg4EOKjufX2kXYp4Xk6mECfrLA5fhG0cORxJwgsQrhiXqW_Tix9NEbERmTy9AUUVUrcOZsdTXv9_-ykbPGYXd6o0BjwN-bJzRHIBhfyGYx6H6MMXDTcUl3OrZiMU7DJd6Vxi7fjo4AA35hlIOFnWQ-QS1lJwCbOVeD-S1CqPKA","mv":"12.com.aspire.mm","isu":"BCA5458E499C83CE40545EE639C8B20D","bas_off":0,"format":"320x50_mb","oar":0,"net":"wi","app_name":"1.android.com.giant.brizzle","hl":"zh","ad_pos":{"height":0,"visible":0,"y":0,"x":240,"width":0},"gnt":0,"u_h":533,"pt":1,"bas_on":0,"ptime":0,"u_audio":3});</script></head><body></body></html>
01-03 15:30:06.996 D/PackageManager(14482): Failed to get PackageInfo!, pkg:com.google.android.youtube, flags:5
01-03 15:30:07.136 D/AndroidRuntime(10214): Calling main entry com.android.commands.am.Am
01-03 15:30:07.156 I/PowerManagerService-JNI(14482): [Stability] PowerManagerService_userActivity JNI pass power key event to PowerManagerService userActivity()
01-03 15:30:07.166 D/CAT     (14659): CatService: Return current sInstance
01-03 15:30:07.196 D/WifiStateMachine(14482): fetchRssiAndLinkSpeedNative RSSI = -52
01-03 15:30:07.256 I/iTestin (10018): recv broadcast>>>itestin.service.CMD_LOG
01-03 15:30:07.266 I/TestinExternalLog(10018): <<<<<<< Capturing image (15) >>>>>>>
01-03 15:30:07.316 D/AndroidRuntime(10214): Shutting down VM
01-03 15:30:07.326 I/AndroidRuntime(10214): NOTE: attach of thread 'Binder Thread #2' failed
01-03 15:30:07.336 D/dalvikvm(10214): GC_CONCURRENT freed 102K, 71% free 613K/2048K, paused 0ms+5ms
01-03 15:30:07.346 I/ActivityManager(14482): Process com.htc.lockscreen (pid 10084) has died.
01-03 15:30:07.366 V/chromium(10110): external/chromium/net/host_resolver_helper/host_resolver_helper.cc:66: [0103/153007:INFO:host_resolver_helper.cc(66)] DNSPreResolver::Init got hostprovider:0x529cb220
01-03 15:30:07.366 V/chromium(10110): external/chromium/net/base/host_resolver_impl.cc:1515: [0103/153007:INFO:host_resolver_impl.cc(1515)] HostResolverImpl::SetPreresolver preresolver:0x00edbd28
01-03 15:30:07.386 V/WebRequest(10110): WebRequest::WebRequest, setPriority = 0
01-03 15:30:07.416 V/chromium(10110): external/chromium/net/disk_cache/hostres_plugin_bridge.cc:52: [0103/153007:INFO:hostres_plugin_bridge.cc(52)] StatHubCreateHostResPlugin initializing...
01-03 15:30:07.416 V/chromium(10110): external/chromium/net/disk_cache/hostres_plugin_bridge.cc:57: [0103/153007:INFO:hostres_plugin_bridge.cc(57)] StatHubCreateHostResPlugin lib loaded
01-03 15:30:07.416 V/chromium(10110): external/chromium/net/disk_cache/hostres_plugin_bridge.cc:63: [0103/153007:INFO:hostres_plugin_bridge.cc(63)] StatHubCreateHostResPlugin plugin connected
01-03 15:30:07.416 V/chromium(10110): external/chromium/net/http/http_cache.cc:1166: [0103/153007:INFO:http_cache.cc(1166)] HttpCache::OnBackendCreated HostStat created
01-03 15:30:07.426 E/chromium(10110): external/chromium/net/disk_cache/stat_hub.cc:190: [0103/153007:ERROR:stat_hub.cc(190)] StatHub::Init - App com.giant.brizzle isn't supported.
01-03 15:30:07.426 E/chromium(10110): external/chromium/net/disk_cache/stat_hub.cc:190: [0103/153007:ERROR:stat_hub.cc(190)] StatHub::Init - App com.giant.brizzle isn't supported.
01-03 15:30:07.476 I/ActivityManager(14482): Process com.htc.AutoMotive (pid 10143) has died.
01-03 15:30:07.526 I/ActivityManager(14482): Start proc com.mgyun.shua.su for service com.mgyun.shua.su/.service.SuService: pid=10242 uid=10134 gids={1015, 3003}
01-03 15:30:07.686 I/PowerManagerService-JNI(14482): [Stability] PowerManagerService_userActivity JNI pass power key event to PowerManagerService userActivity()
01-03 15:30:07.856 D/SqliteDatabaseCpp(10242): Registering sqlite logging func: /data/data/com.mgyun.shua.su/databases/download_status.db
01-03 15:30:07.856 D/SqliteDatabaseCpp(10242): DB info: open db, path = /data/data/com.mgyun.shua.su/databases , key = dksjlkYd[wtYtuw, flag = 6, file size = 5120
01-03 15:30:07.866 D/SqliteDatabaseCpp(10242): DB info: path = /data/data/com.mgyun.shua.su/databases , key = dksjlkYd[wtYtuw, handle: 0xce8650, type: w, r/w: (0,1), mode: truncate, disk free size: 641 M
01-03 15:30:07.886 I/OMXCodec(14295): clip mime type 'audio/vorbis'
01-03 15:30:07.886 D/OMXCodec(14295): matchingCodecs.size = 1
01-03 15:30:07.886 I/OMXCodec(14295): Attempting to allocate OMX node 'OMX.google.vorbis.decoder'
01-03 15:30:07.886 D/OMXCodec(14295): ComponentQuirks = 0
01-03 15:30:07.896 I/OMXCodec(14295): Successfully allocated OMX node 'OMX.google.vorbis.decoder'
01-03 15:30:07.896 D/OMXCodec(14295): configureCodec protected=0
01-03 15:30:07.906 D/AwesomePlayer(14295): Using PID = 10110
01-03 15:30:07.906 D/AwesomePlayer(14295): LPAPlayer get sample rate sampleRate 44100 channelCount 1 success 1
01-03 15:30:07.906 D/AwesomePlayer(14295): LPA:htc.audio.lpa.a2dp is 0
01-03 15:30:07.906 I/AwesomePlayer(14295): AudioPlayer created, Non-LPA mode mime audio/vorbis duration 215691
01-03 15:30:07.906 D/Socket_Alarm(10242): registerHTCSocketMonitorCallBack
01-03 15:30:07.916 D/Socket_Alarm(10242): set mSocketMonitor
01-03 15:30:07.916 D/OMXCodec(14295): OMXCodec::freeBuffersOnPort 1
01-03 15:30:07.916 D/Socket_Alarm(10242): HTCSocketMonitorImpl::HTCSocketMonitorImpl
01-03 15:30:07.936 D/SqliteDatabaseCpp(10242): DB info: open db, path = /data/data/com.mgyun.shua.su/databases , key = Yhh[ajbk, flag = 6, file size = 4096
01-03 15:30:07.936 D/SqliteDatabaseCpp(10242): DB info: path = /data/data/com.mgyun.shua.su/databases , key = Yhh[ajbk, handle: 0xd00bd0, type: w, r/w: (0,1), mode: truncate, disk free size: 641 M
01-03 15:30:07.946 D/OMXCodec(14295): OMXCodec::freeBuffersOnPort 0
01-03 15:30:07.946 D/OMXCodec(14295): OMXCodec::freeBuffersOnPort 1
01-03 15:30:07.946 E/OMXCodec(14295): wrong state to free OMXCodec 1
01-03 15:30:07.956 V/AudioTrack(10110): start 0xf3c9c0
01-03 15:30:07.956 V/AudioTrack(10110): start 0xf3c9c0 before lock cblk 0x537e35c0
01-03 15:30:07.966 D/AudioPolicyManager(14295): startOutput() output 3, stream 3, session 434
01-03 15:30:07.966 V/AudioPolicyManagerBase(14295): changeRefCount() stream 3, count 2
01-03 15:30:07.966 D/AudioPolicyManager(14295): getDeviceForStrategy() from cache strategy 0, device 2
01-03 15:30:07.966 I/AudioPolicyManagerBase(14295): getDeviceForStrategy() selected device 2
01-03 15:30:07.966 D/AudioPolicyManager(14295): getDeviceForStrategy() from cache strategy 0, device 2
01-03 15:30:07.966 I/AudioPolicyManagerBase(14295): getDeviceForStrategy() selected device 2
01-03 15:30:07.966 D/AudioPolicyManager(14295): setOutputDevice() output 3 device 2 delayMs 0
01-03 15:30:07.966 D/AudioPolicyManager(14295): setOutputDevice() prevDevice 2
01-03 15:30:07.966 D/AudioPolicyManager(14295): setOutputDevice() prevHWDevice 2
01-03 15:30:07.966 D/AudioPolicyManager(14295): setOutputDevice() setting same device 2 or null device for output 3
01-03 15:30:07.966 D/AudioPolicyManager(14295): linearToSpecifyHtcVolume(volume:100, streamType:3, audio_devices:2)
01-03 15:30:07.966 V/AudioTrack(10110): stop 0xdda048
01-03 15:30:07.966 V/AudioPolicyManagerBase(14295): releaseOutput() 3
01-03 15:30:07.976 V/AudioTrack(10110): Underrun user: 0, server: 0, flags 0003
01-03 15:30:08.006 I/libjackpal-androidterm(10242): JNI_OnLoad
01-03 15:30:08.197 D/su      (10268): su invoked.
01-03 15:30:08.207 V/AudioTrack(10110): Underrun user: 2528, server: 2528, flags 0002
01-03 15:30:08.207 V/AudioTrack(10110): stop 0xf3c9c0
01-03 15:30:08.207 D/AudioPolicyManager(14295): stopOutput() output 3, stream 3, session 434
01-03 15:30:08.207 V/AudioPolicyManagerBase(14295): changeRefCount() stream 3, count 1
01-03 15:30:08.207 D/AudioPolicyManager(14295): getDeviceForStrategy() strategy 0, device 2, a2dpoutput 0, force_use config (0, 0, 0, 0)
01-03 15:30:08.207 I/AudioPolicyManagerBase(14295): getDeviceForStrategy() selected device 2
01-03 15:30:08.207 D/AudioPolicyManager(14295): setOutputDevice() output 3 device 2 delayMs 0
01-03 15:30:08.207 D/AudioPolicyManager(14295): setOutputDevice() prevDevice 2
01-03 15:30:08.207 D/AudioPolicyManager(14295): setOutputDevice() prevHWDevice 2
01-03 15:30:08.207 D/AudioPolicyManager(14295): setOutputDevice() setting same device 2 or null device for output 3
01-03 15:30:08.217 I/PowerManagerService-JNI(14482): [Stability] PowerManagerService_userActivity JNI pass power key event to PowerManagerService userActivity()
01-03 15:30:08.227 D/su      (10272): allow, r=10134, e=0, s=0, ctx->to.uid=0
01-03 15:30:08.257 D/su      (10273): 10134 /system/bin/mksh executing 0 /system/bin/sh using binary /system/bin/sh : sh
01-03 15:30:08.257 V/AudioTrack(10110): start 0xf2a918
01-03 15:30:08.257 V/AudioTrack(10110): start 0xf2a918 before lock cblk 0x537e1000
01-03 15:30:08.257 D/AudioPolicyManager(14295): startOutput() output 3, stream 3, session 435
01-03 15:30:08.257 V/AudioPolicyManagerBase(14295): changeRefCount() stream 3, count 2
01-03 15:30:08.257 D/AudioPolicyManager(14295): getDeviceForStrategy() from cache strategy 0, device 2
01-03 15:30:08.257 I/AudioPolicyManagerBase(14295): getDeviceForStrategy() selected device 2
01-03 15:30:08.257 D/AudioPolicyManager(14295): getDeviceForStrategy() from cache strategy 0, device 2
01-03 15:30:08.257 I/AudioPolicyManagerBase(14295): getDeviceForStrategy() selected device 2
01-03 15:30:08.257 D/AudioPolicyManager(14295): setOutputDevice() output 3 device 2 delayMs 0
01-03 15:30:08.257 D/AudioPolicyManager(14295): setOutputDevice() prevDevice 2
01-03 15:30:08.257 D/AudioPolicyManager(14295): setOutputDevice() prevHWDevice 2
01-03 15:30:08.257 D/AudioPolicyManager(14295): setOutputDevice() setting same device 2 or null device for output 3
01-03 15:30:08.257 D/AudioPolicyManager(14295): linearToSpecifyHtcVolume(volume:100, streamType:3, audio_devices:2)
01-03 15:30:08.257 V/AudioTrack(10110): stop 0xf3c9c0
01-03 15:30:08.257 V/AudioPolicyManagerBase(14295): releaseOutput() 3
01-03 15:30:08.257 D/su      (10274): silent_run 1, r=10134, e=0, s=0
01-03 15:30:08.267 D/su      (10275): silent_run 2
01-03 15:30:08.267 D/su      (10269): silent_run 0, r=10134, e=0, s=0
01-03 15:30:08.267 V/AudioTrack(10110): Underrun user: 0, server: 0, flags 0003
01-03 15:30:08.267 V/AudioTrack(10110): start 0xf3c9c0
01-03 15:30:08.277 V/AudioTrack(10110): start 0xf3c9c0 before lock cblk 0x537e5b80
01-03 15:30:08.277 D/AudioPolicyManager(14295): startOutput() output 3, stream 3, session 436
01-03 15:30:08.277 V/AudioPolicyManagerBase(14295): changeRefCount() stream 3, count 3
01-03 15:30:08.277 D/AudioPolicyManager(14295): getDeviceForStrategy() from cache strategy 0, device 2
01-03 15:30:08.277 I/AudioPolicyManagerBase(14295): getDeviceForStrategy() selected device 2
01-03 15:30:08.277 D/AudioPolicyManager(14295): getDeviceForStrategy() from cache strategy 0, device 2
01-03 15:30:08.277 I/AudioPolicyManagerBase(14295): getDeviceForStrategy() selected device 2
01-03 15:30:08.277 D/AudioPolicyManager(14295): setOutputDevice() output 3 device 2 delayMs 0
01-03 15:30:08.277 D/AudioPolicyManager(14295): setOutputDevice() prevDevice 2
01-03 15:30:08.277 D/AudioPolicyManager(14295): setOutputDevice() prevHWDevice 2
01-03 15:30:08.277 D/AudioPolicyManager(14295): setOutputDevice() setting same device 2 or null device for output 3
01-03 15:30:08.277 D/AudioPolicyManager(14295): linearToSpecifyHtcVolume(volume:100, streamType:3, audio_devices:2)
01-03 15:30:08.287 V/AudioTrack(10110): Underrun user: 0, server: 0, flags 0003
01-03 15:30:08.317 W/ContentService(14482): binderDied() at ObserverNode
01-03 15:30:08.317 W/ContentService(14482): binderDied() at ObserverNode
01-03 15:30:08.317 I/ActivityManager(14482): Process com.android.htccontacts (pid 10075) has died.
01-03 15:30:08.377 I/PRIME   (10110): <CallBackProxy> Send to WebViewClient.
01-03 15:30:08.467 D/skia    (10110): notifyPluginsOnFrameLoad not postponed
01-03 15:30:08.487 I/PRIME   (10110): <CallBackProxy> Send to WebViewClient.
01-03 15:30:08.487 I/Ads     (10110): Received ad url: <url: "http://googleads.g.doubleclick.net:80/mads/gma?preqs=0&session_id=10283706390402412120&u_sd=1.5&seq_num=1&u_w=320&msid=com.giant.brizzle&js=afma-sdk-a-v6.3.1&ms=Md7-2eUR_6_4yK-S1PFzVyETPJjmqVZ4bymkyZ-1VLcEobF4KKiHHLdzr6aEs8TMU2ipRna46Uoc7otgqU8x8blzG0tITasnSvUbtF6td_-I0R0KD_f19MAhL_br8E0RJnwdMtSwVHZginJ8LWGcVJdPPBtVWjDEUB0dYfb6xRsUXg4EOKjufX2kXYp4Xk6mECfrLA5fhG0cORxJwgsQrhiXqW_Tix9NEbERmTy9AUUVUrcOZsdTXv9_-ykbPGYXd6o0BjwN-bJzRHIBhfyGYx6H6MMXDTcUl3OrZiMU7DJd6Vxi7fjo4AA35hlIOFnWQ-QS1lJwCbOVeD-S1CqPKA&mv=12.com.aspire.mm&bas_off=0&format=320x50_mb&oar=0&net=wi&app_name=1.android.com.giant.brizzle&hl=zh-CN&gnt=0&u_h=533&bas_on=0&ptime=0&u_audio=3&cap=a&u_so=p&output=html&region=mobile_app&u_tz=480&client_sdk=1&ex=1&slotname=a152c0e2117dbe6&gsb=wi&caps=inlineVideo_interactiveVideo_mraid1_th_mediation_sdkAdmobApiForAds_di&jsv=66&urll=834" type: "admob" afmaNotifyDt: "null" activationOverlayUrl: "null" useWebViewLoadUrl: "false">
01-03 15:30:08.487 I/Ads     (10110): Request scenario: Online server request.
01-03 15:30:08.497 V/AudioTrack(10110): Underrun user: 2528, server: 2528, flags 0002
01-03 15:30:08.497 V/AudioTrack(10110): stop 0xf2a918
01-03 15:30:08.507 D/AudioPolicyManager(14295): stopOutput() output 3, stream 3, session 435
01-03 15:30:08.507 V/AudioPolicyManagerBase(14295): changeRefCount() stream 3, count 2
01-03 15:30:08.507 D/AudioPolicyManager(14295): getDeviceForStrategy() strategy 0, device 2, a2dpoutput 0, force_use config (0, 0, 0, 0)
01-03 15:30:08.507 I/AudioPolicyManagerBase(14295): getDeviceForStrategy() selected device 2
01-03 15:30:08.507 D/AudioPolicyManager(14295): setOutputDevice() output 3 device 2 delayMs 0
01-03 15:30:08.507 D/AudioPolicyManager(14295): setOutputDevice() prevDevice 2
01-03 15:30:08.507 D/AudioPolicyManager(14295): setOutputDevice() prevHWDevice 2
01-03 15:30:08.507 D/AudioPolicyManager(14295): setOutputDevice() setting same device 2 or null device for output 3
01-03 15:30:08.527 V/AudioTrack(10110): Underrun user: 2528, server: 2528, flags 0002
01-03 15:30:08.527 V/AudioTrack(10110): stop 0xf3c9c0
01-03 15:30:08.527 D/AudioPolicyManager(14295): stopOutput() output 3, stream 3, session 436
01-03 15:30:08.527 V/AudioPolicyManagerBase(14295): changeRefCount() stream 3, count 1
01-03 15:30:08.527 D/AudioPolicyManager(14295): getDeviceForStrategy() strategy 0, device 2, a2dpoutput 0, force_use config (0, 0, 0, 0)
01-03 15:30:08.527 I/AudioPolicyManagerBase(14295): getDeviceForStrategy() selected device 2
01-03 15:30:08.527 D/AudioPolicyManager(14295): setOutputDevice() output 3 device 2 delayMs 0
01-03 15:30:08.527 D/AudioPolicyManager(14295): setOutputDevice() prevDevice 2
01-03 15:30:08.527 D/AudioPolicyManager(14295): setOutputDevice() prevHWDevice 2
01-03 15:30:08.527 D/AudioPolicyManager(14295): setOutputDevice() setting same device 2 or null device for output 3
01-03 15:30:08.667 D/AndroidRuntime(10270):
01-03 15:30:08.667 D/AndroidRuntime(10270): >>>>>> AndroidRuntime START com.android.internal.os.RuntimeInit <<<<<<
01-03 15:30:08.667 D/AndroidRuntime(10270): CheckJNI is OFF
01-03 15:30:08.727 I/PowerManagerService-JNI(14482): [Stability] PowerManagerService_userActivity JNI pass power key event to PowerManagerService userActivity()
01-03 15:30:08.747 D/CAT     (14659): CatService: Return current sInstance
01-03 15:30:08.847 I/ActivityManager(14482): Start proc com.htc.music for broadcast com.htc.music/.MediaButtonIntentReceiver: pid=10281 uid=10054 gids={3003, 1015, 3002, 3001, 5002}
01-03 15:30:09.168 I/ActivityThread(10281): Pub com.htc.music.onlinemusic: com.htc.music.online.OnlineMusicProvider
01-03 15:30:09.268 I/PowerManagerService-JNI(14482): [Stability] PowerManagerService_userActivity JNI pass power key event to PowerManagerService userActivity()
01-03 15:30:09.278 V/AudioTrack(10110): start 0xf032b0
01-03 15:30:09.278 V/AudioTrack(10110): start 0xf032b0 before lock cblk 0x537e35c0
01-03 15:30:09.278 D/AudioPolicyManager(14295): startOutput() output 3, stream 3, session 437
01-03 15:30:09.278 V/AudioPolicyManagerBase(14295): changeRefCount() stream 3, count 2
01-03 15:30:09.278 D/AudioPolicyManager(14295): getDeviceForStrategy() from cache strategy 0, device 2
01-03 15:30:09.278 I/AudioPolicyManagerBase(14295): getDeviceForStrategy() selected device 2
01-03 15:30:09.278 D/AudioPolicyManager(14295): getDeviceForStrategy() from cache strategy 0, device 2
01-03 15:30:09.278 I/AudioPolicyManagerBase(14295): getDeviceForStrategy() selected device 2
01-03 15:30:09.278 D/AudioPolicyManager(14295): setOutputDevice() output 3 device 2 delayMs 0
01-03 15:30:09.278 D/AudioPolicyManager(14295): setOutputDevice() prevDevice 2
01-03 15:30:09.278 D/AudioPolicyManager(14295): setOutputDevice() prevHWDevice 2
01-03 15:30:09.278 D/AudioPolicyManager(14295): setOutputDevice() setting same device 2 or null device for output 3
01-03 15:30:09.278 D/AudioPolicyManager(14295): linearToSpecifyHtcVolume(volume:100, streamType:3, audio_devices:2)
01-03 15:30:09.288 V/AudioTrack(10110): stop 0xf3c9c0
01-03 15:30:09.288 V/AudioPolicyManagerBase(14295): releaseOutput() 3
01-03 15:30:09.298 V/AudioTrack(10110): Underrun user: 0, server: 0, flags 0003
01-03 15:30:09.538 V/AudioTrack(10110): Underrun user: 2528, server: 2528, flags 0002
01-03 15:30:09.538 V/AudioTrack(10110): stop 0xf032b0
01-03 15:30:09.538 D/AudioPolicyManager(14295): stopOutput() output 3, stream 3, session 437
01-03 15:30:09.538 V/AudioPolicyManagerBase(14295): changeRefCount() stream 3, count 1
01-03 15:30:09.538 D/AudioPolicyManager(14295): getDeviceForStrategy() strategy 0, device 2, a2dpoutput 0, force_use config (0, 0, 0, 0)
01-03 15:30:09.538 I/AudioPolicyManagerBase(14295): getDeviceForStrategy() selected device 2
01-03 15:30:09.538 D/AudioPolicyManager(14295): setOutputDevice() output 3 device 2 delayMs 0
01-03 15:30:09.538 D/AudioPolicyManager(14295): setOutputDevice() prevDevice 2
01-03 15:30:09.538 D/AudioPolicyManager(14295): setOutputDevice() prevHWDevice 2
01-03 15:30:09.538 D/AudioPolicyManager(14295): setOutputDevice() setting same device 2 or null device for output 3
01-03 15:30:09.548 I/shell   (10242): response: .suv
01-03 15:30:09.548 I/shell   (10242): app_134@android:/ $ .suv
01-03 15:30:09.548 I/shell   (10242): app_134@android:/ #
01-03 15:30:09.558 I/shell   (10242): response: id
01-03 15:30:09.668 I/shell   (10242): response: uid=0(root) gid=0(root) groups=1015(sdcard_rw),3003(inet)
01-03 15:30:09.678 I/shell   (10242): response:
01-03 15:30:09.688 I/shell   (10242): response: app_134@android:/ #
01-03 15:30:09.738 I/ActivityManager(14482): Process android.process.acore (pid 4767) has died.
01-03 15:30:09.798 I/PowerManagerService-JNI(14482): [Stability] PowerManagerService_userActivity JNI pass power key event to PowerManagerService userActivity()
01-03 15:30:09.808 D/CAT     (14659): CatService: Return current sInstance
01-03 15:30:09.998 I/shell   (10242): response: id
01-03 15:30:10.139 I/shell   (10242): response: uid=0(root) gid=0(root) groups=1015(sdcard_rw),3003(inet)
01-03 15:30:10.149 I/shell   (10242): response:
01-03 15:30:10.159 I/shell   (10242): response: app_134@android:/ #
01-03 15:30:10.199 D/WifiStateMachine(14482): fetchRssiAndLinkSpeedNative RSSI = -51
01-03 15:30:10.319 I/PowerManagerService-JNI(14482): [Stability] PowerManagerService_userActivity JNI pass power key event to PowerManagerService userActivity()
01-03 15:30:10.589 D/AndroidRuntime(10270): Calling main entry com.android.commands.am.Am
01-03 15:30:10.719 D/AndroidRuntime(10270): Shutting down VM
01-03 15:30:10.739 I/AndroidRuntime(10270): NOTE: attach of thread 'Binder Thread #2' failed
01-03 15:30:10.739 D/dalvikvm(10270): GC_CONCURRENT freed 103K, 70% free 615K/2048K, paused 0ms+0ms
01-03 15:30:10.859 I/global  (10242): In close() at SocketHttpClientConnection
01-03 15:30:10.959 I/PowerManagerService-JNI(14482): [Stability] PowerManagerService_userActivity JNI pass power key event to PowerManagerService userActivity()
01-03 15:30:10.959 D/CAT     (14659): CatService: Return current sInstance
01-03 15:30:11.290 I/global  (10242): In close() at SocketHttpClientConnection
01-03 15:30:11.290 I/global  (10242): call socket close in SocketHttpClientConnection, socket=Socket[address=/124.202.162.108,port=80,localPort=39261]
01-03 15:30:11.380 D/SqliteDatabaseCpp(10242): DB info: open db, path = /data/data/com.mgyun.shua.su/databases , key = wu*wil, flag = 6, file size = 5120
01-03 15:30:11.380 D/SqliteDatabaseCpp(10242): DB info: path = /data/data/com.mgyun.shua.su/databases , key = wu*wil, handle: 0xd30768, type: w, r/w: (0,1), mode: truncate, disk free size: 641 M
01-03 15:30:11.400 D/SqliteDatabaseCpp(10242): DB info: close db, path = /data/data/com.mgyun.shua.su/databases , key = wu*wil, handle = 0xd30768, type = w, r/w = (0, 0)
01-03 15:30:11.480 I/PowerManagerService-JNI(14482): [Stability] PowerManagerService_userActivity JNI pass power key event to PowerManagerService userActivity()
01-03 15:30:11.490 I/global  (10242): In close() at SocketHttpClientConnection
01-03 15:30:11.560 I/global  (10242): In close() at SocketHttpClientConnection
01-03 15:30:11.560 I/global  (10242): call socket close in SocketHttpClientConnection, socket=Socket[address=/124.202.162.108,port=80,localPort=35036]
01-03 15:30:11.590 D/skia    (10110): notifyPluginsOnFrameLoad not postponed
01-03 15:30:11.600 D/webviewglue(10110): nativeDestroy view: 0xeff508
01-03 15:30:11.610 I/Ads     (10110): onReceiveAd()
01-03 15:30:11.610 D/AdsAdmob(10110): onReceiveAd invoked
01-03 15:30:11.630 D/ProtocolAds(10110): nativeOnAdsResult(), Get plugin ptr : 0xca17f0
01-03 15:30:11.630 D/ProtocolAds(10110): nativeOnAdsResult(), Get plugin name : AdsAdmob
01-03 15:30:11.630 D/ProtocolAds(10110): ProtocolAds::adsResult invoked!
01-03 15:30:11.630 D/cocos2d-x debug info(10110): OnAdsResult, code : 0, msg : Ads request received success!
01-03 15:30:11.670 I/Adreno200-EGLSUB( 1444): <CreateImage:893>: Android Image
01-03 15:30:11.670 I/Adreno200-EGLSUB( 1444): <GetImageAttributes:1158>: RGBX_8888
01-03 15:30:11.870 I/Adreno200-EGLSUB( 1444): <CreateImage:893>: Android Image
01-03 15:30:11.870 I/Adreno200-EGLSUB( 1444): <GetImageAttributes:1158>: RGBX_8888
01-03 15:30:11.990 I/PowerManagerService-JNI(14482): [Stability] PowerManagerService_userActivity JNI pass power key event to PowerManagerService userActivity()
01-03 15:30:12.020 V/AudioTrack(10110): start 0xe2a518
01-03 15:30:12.040 V/AudioTrack(10110): start 0xe2a518 before lock cblk 0x537e5b80
01-03 15:30:12.040 D/AudioPolicyManager(14295): startOutput() output 3, stream 3, session 438
01-03 15:30:12.040 V/AudioPolicyManagerBase(14295): changeRefCount() stream 3, count 2
01-03 15:30:12.040 D/AudioPolicyManager(14295): getDeviceForStrategy() from cache strategy 0, device 2
01-03 15:30:12.040 I/AudioPolicyManagerBase(14295): getDeviceForStrategy() selected device 2
01-03 15:30:12.040 D/AudioPolicyManager(14295): getDeviceForStrategy() from cache strategy 0, device 2
01-03 15:30:12.040 I/AudioPolicyManagerBase(14295): getDeviceForStrategy() selected device 2
01-03 15:30:12.040 D/AudioPolicyManager(14295): setOutputDevice() output 3 device 2 delayMs 0
01-03 15:30:12.040 D/AudioPolicyManager(14295): setOutputDevice() prevDevice 2
01-03 15:30:12.040 D/AudioPolicyManager(14295): setOutputDevice() prevHWDevice 2
01-03 15:30:12.040 D/AudioPolicyManager(14295): setOutputDevice() setting same device 2 or null device for output 3
01-03 15:30:12.040 D/AudioPolicyManager(14295): linearToSpecifyHtcVolume(volume:100, streamType:3, audio_devices:2)
01-03 15:30:12.040 V/AudioTrack(10110): Underrun user: 0, server: 0, flags 0003
01-03 15:30:12.040 V/AudioTrack(10110): stop 0xf032b0
01-03 15:30:12.040 V/AudioPolicyManagerBase(14295): releaseOutput() 3
01-03 15:30:12.291 V/AudioTrack(10110): Underrun user: 2528, server: 2528, flags 0002
01-03 15:30:12.291 V/AudioTrack(10110): stop 0xe2a518
01-03 15:30:12.291 D/AudioPolicyManager(14295): stopOutput() output 3, stream 3, session 438
01-03 15:30:12.291 V/AudioPolicyManagerBase(14295): changeRefCount() stream 3, count 1
01-03 15:30:12.291 D/AudioPolicyManager(14295): getDeviceForStrategy() strategy 0, device 2, a2dpoutput 0, force_use config (0, 0, 0, 0)
01-03 15:30:12.291 I/AudioPolicyManagerBase(14295): getDeviceForStrategy() selected device 2
01-03 15:30:12.291 D/AudioPolicyManager(14295): setOutputDevice() output 3 device 2 delayMs 0
01-03 15:30:12.291 D/AudioPolicyManager(14295): setOutputDevice() prevDevice 2
01-03 15:30:12.291 D/AudioPolicyManager(14295): setOutputDevice() prevHWDevice 2
01-03 15:30:12.291 D/AudioPolicyManager(14295): setOutputDevice() setting same device 2 or null device for output 3
01-03 15:30:12.531 I/PowerManagerService-JNI(14482): [Stability] PowerManagerService_userActivity JNI pass power key event to PowerManagerService userActivity()
01-03 15:30:12.531 D/CAT     (14659): CatService: Return current sInstance
01-03 15:30:13.041 I/PowerManagerService-JNI(14482): [Stability] PowerManagerService_userActivity JNI pass power key event to PowerManagerService userActivity()
01-03 15:30:13.051 D/CAT     (14659): CatService: Return current sInstance
01-03 15:30:13.212 D/WifiStateMachine(14482): fetchRssiAndLinkSpeedNative RSSI = -51
01-03 15:30:13.652 I/PowerManagerService-JNI(14482): [Stability] PowerManagerService_userActivity JNI pass power key event to PowerManagerService userActivity()
01-03 15:30:13.932 D/AndroidRuntime(10320):
01-03 15:30:13.932 D/AndroidRuntime(10320): >>>>>> AndroidRuntime START com.android.internal.os.RuntimeInit <<<<<<
01-03 15:30:13.932 D/AndroidRuntime(10320): CheckJNI is OFF
01-03 15:30:14.193 I/PowerManagerService-JNI(14482): [Stability] PowerManagerService_userActivity JNI pass power key event to PowerManagerService userActivity()
01-03 15:30:14.233 V/AudioTrack(10110): start 0x108ba78
01-03 15:30:14.233 V/AudioTrack(10110): start 0x108ba78 before lock cblk 0x537e35c0
01-03 15:30:14.233 D/AudioPolicyManager(14295): startOutput() output 3, stream 3, session 439
01-03 15:30:14.233 V/AudioPolicyManagerBase(14295): changeRefCount() stream 3, count 2
01-03 15:30:14.233 D/AudioPolicyManager(14295): getDeviceForStrategy() from cache strategy 0, device 2
01-03 15:30:14.233 I/AudioPolicyManagerBase(14295): getDeviceForStrategy() selected device 2
01-03 15:30:14.233 D/AudioPolicyManager(14295): getDeviceForStrategy() from cache strategy 0, device 2
01-03 15:30:14.233 I/AudioPolicyManagerBase(14295): getDeviceForStrategy() selected device 2
01-03 15:30:14.233 D/AudioPolicyManager(14295): setOutputDevice() output 3 device 2 delayMs 0
01-03 15:30:14.233 D/AudioPolicyManager(14295): setOutputDevice() prevDevice 2
01-03 15:30:14.233 D/AudioPolicyManager(14295): setOutputDevice() prevHWDevice 2
01-03 15:30:14.233 D/AudioPolicyManager(14295): setOutputDevice() setting same device 2 or null device for output 3
01-03 15:30:14.233 D/AudioPolicyManager(14295): linearToSpecifyHtcVolume(volume:100, streamType:3, audio_devices:2)
01-03 15:30:14.243 V/AudioTrack(10110): stop 0xe2a518
01-03 15:30:14.243 V/AudioPolicyManagerBase(14295): releaseOutput() 3
01-03 15:30:14.253 V/AudioTrack(10110): Underrun user: 0, server: 0, flags 0003
01-03 15:30:14.513 V/AudioTrack(10110): Underrun user: 2528, server: 2528, flags 0002
01-03 15:30:14.513 V/AudioTrack(10110): stop 0x108ba78
01-03 15:30:14.513 D/AudioPolicyManager(14295): stopOutput() output 3, stream 3, session 439
01-03 15:30:14.513 V/AudioPolicyManagerBase(14295): changeRefCount() stream 3, count 1
01-03 15:30:14.513 D/AudioPolicyManager(14295): getDeviceForStrategy() strategy 0, device 2, a2dpoutput 0, force_use config (0, 0, 0, 0)
01-03 15:30:14.513 I/AudioPolicyManagerBase(14295): getDeviceForStrategy() selected device 2
01-03 15:30:14.513 D/AudioPolicyManager(14295): setOutputDevice() output 3 device 2 delayMs 0
01-03 15:30:14.513 D/AudioPolicyManager(14295): setOutputDevice() prevDevice 2
01-03 15:30:14.513 D/AudioPolicyManager(14295): setOutputDevice() prevHWDevice 2
01-03 15:30:14.513 D/AudioPolicyManager(14295): setOutputDevice() setting same device 2 or null device for output 3
01-03 15:30:14.733 I/PowerManagerService-JNI(14482): [Stability] PowerManagerService_userActivity JNI pass power key event to PowerManagerService userActivity()
01-03 15:30:14.873 D/dalvikvm(10155): GC_FOR_ALLOC freed 3015K, 74% free 1078K/4099K, paused 46ms
01-03 15:30:15.183 D/AndroidRuntime(10320): Calling main entry com.android.commands.am.Am
01-03 15:30:15.224 I/iTestin (10018): recv broadcast>>>itestin.service.CMD_LOG
01-03 15:30:15.234 I/TestinExternalLog(10018): <<<<<<< Capturing image (16) >>>>>>>
01-03 15:30:15.244 D/AndroidRuntime(10320): Shutting down VM
01-03 15:30:15.264 D/dalvikvm(10320): GC_CONCURRENT freed 102K, 71% free 613K/2048K, paused 1ms+1ms
01-03 15:30:15.274 I/AndroidRuntime(10320): NOTE: attach of thread 'Binder Thread #3' failed
01-03 15:30:15.394 I/PowerManagerService-JNI(14482): [Stability] PowerManagerService_userActivity JNI pass power key event to PowerManagerService userActivity()
01-03 15:30:15.424 V/AudioTrack(10110): start 0xfbd620
01-03 15:30:15.424 V/AudioTrack(10110): start 0xfbd620 before lock cblk 0x537e5b80
01-03 15:30:15.424 D/AudioPolicyManager(14295): startOutput() output 3, stream 3, session 440
01-03 15:30:15.424 V/AudioPolicyManagerBase(14295): changeRefCount() stream 3, count 2
01-03 15:30:15.424 D/AudioPolicyManager(14295): getDeviceForStrategy() from cache strategy 0, device 2
01-03 15:30:15.424 I/AudioPolicyManagerBase(14295): getDeviceForStrategy() selected device 2
01-03 15:30:15.424 D/AudioPolicyManager(14295): getDeviceForStrategy() from cache strategy 0, device 2
01-03 15:30:15.424 I/AudioPolicyManagerBase(14295): getDeviceForStrategy() selected device 2
01-03 15:30:15.424 D/AudioPolicyManager(14295): setOutputDevice() output 3 device 2 delayMs 0
01-03 15:30:15.424 D/AudioPolicyManager(14295): setOutputDevice() prevDevice 2
01-03 15:30:15.424 D/AudioPolicyManager(14295): setOutputDevice() prevHWDevice 2
01-03 15:30:15.424 D/AudioPolicyManager(14295): setOutputDevice() setting same device 2 or null device for output 3
01-03 15:30:15.424 D/AudioPolicyManager(14295): linearToSpecifyHtcVolume(volume:100, streamType:3, audio_devices:2)
01-03 15:30:15.424 V/AudioTrack(10110): stop 0x108ba78
01-03 15:30:15.424 V/AudioPolicyManagerBase(14295): releaseOutput() 3
01-03 15:30:15.434 V/AudioTrack(10110): Underrun user: 0, server: 0, flags 0003
01-03 15:30:15.664 V/AudioTrack(10110): Underrun user: 2528, server: 2528, flags 0002
01-03 15:30:15.664 V/AudioTrack(10110): stop 0xfbd620
01-03 15:30:15.664 D/AudioPolicyManager(14295): stopOutput() output 3, stream 3, session 440
01-03 15:30:15.664 V/AudioPolicyManagerBase(14295): changeRefCount() stream 3, count 1
01-03 15:30:15.664 D/AudioPolicyManager(14295): getDeviceForStrategy() strategy 0, device 2, a2dpoutput 0, force_use config (0, 0, 0, 0)
01-03 15:30:15.664 I/AudioPolicyManagerBase(14295): getDeviceForStrategy() selected device 2
01-03 15:30:15.664 D/AudioPolicyManager(14295): setOutputDevice() output 3 device 2 delayMs 0
01-03 15:30:15.664 D/AudioPolicyManager(14295): setOutputDevice() prevDevice 2
01-03 15:30:15.664 D/AudioPolicyManager(14295): setOutputDevice() prevHWDevice 2
01-03 15:30:15.664 D/AudioPolicyManager(14295): setOutputDevice() setting same device 2 or null device for output 3
01-03 15:30:15.914 I/PowerManagerService-JNI(14482): [Stability] PowerManagerService_userActivity JNI pass power key event to PowerManagerService userActivity()
01-03 15:30:16.225 D/WifiStateMachine(14482): fetchRssiAndLinkSpeedNative RSSI = -50
01-03 15:30:16.445 I/PowerManagerService-JNI(14482): [Stability] PowerManagerService_userActivity JNI pass power key event to PowerManagerService userActivity()
01-03 15:30:16.465 V/AudioTrack(10110): start 0x1018d90
01-03 15:30:16.465 V/AudioTrack(10110): start 0x1018d90 before lock cblk 0x537e35c0
01-03 15:30:16.465 D/AudioPolicyManager(14295): startOutput() output 3, stream 3, session 441
01-03 15:30:16.465 V/AudioPolicyManagerBase(14295): changeRefCount() stream 3, count 2
01-03 15:30:16.465 D/AudioPolicyManager(14295): getDeviceForStrategy() from cache strategy 0, device 2
