01-03 15:29:20.460 D/AudioHardwareMSM7X30(14295): current effect Playback_Speaker_Default, new effect Playback_Default
01-03 15:29:20.460 I/HTC Acoustic(14295): set_audio_effect: Playback_Default
01-03 15:29:20.460 I/HTC Acoustic(14295): set_audio_effect: match with name Playback_Default (-1)
01-03 15:29:20.460 I/HTC Acoustic(14295): disabled sound effect
01-03 15:29:20.460 W/AudioHardwareMSM7X30(14295): set_sound_effect failed
01-03 15:29:20.460 D/AudioHardwareMSM7X30(14295): do_aic3008_control (1, 0, 1)
01-03 15:29:20.460 D/AudioHardwareMSM7X30(14295): do_aic3008_control: (final result) tx=23, rx=23, dual_path=0, force=0
01-03 15:29:20.460 I/AudioHardwareMSM7X30(14295): aic3008: change rx mode to 23
01-03 15:29:20.460 I/AudioHardwareMSM7X30(14295): disable current rx device = 6
01-03 15:29:20.470 I/AudioHardwareMSM7X30(14295): virtual android::status_t android_audio_legacy::AudioHardware::AudioStreamOutMSM72xx::standby(), aic3008_powerdown
01-03 15:29:20.470 I/AudioHardwareMSM7X30(14295): AudioHardware pcm playback is going to standby.
01-03 15:29:20.470 D/        (14295): [ALT] reset
01-03 15:29:20.470 D/StreamProcess(14295): ALC parameter: ALC_THRESHOLD:65535
01-03 15:29:20.470 D/StreamProcess(14295): SAMPLE_THRESHOLD:10361
01-03 15:29:20.470 D/StreamProcess(14295): PAGE_THRESHOLD:256
01-03 15:29:20.470 D/StreamProcess(14295): MAX_ACL_ATT:26
01-03 15:29:20.470 D/StreamProcess(14295): STRESS_THRESHOLD:40
01-03 15:29:20.470 D/StreamProcess(14295):         mBURSTWEIGHT_SHIFT:3
01-03 15:29:20.470 D/StreamProcess(14295): NORMAL_THRESHOLD:24
01-03 15:29:20.470 D/StreamProcess(14295): NORMAL_BURST_THRESHOLD:8
01-03 15:29:20.470 D/StreamProcess(14295): STRESS_BURST_THRESHOLD:8
01-03 15:29:20.470 D/StreamProcess(14295): OutputStreamProcess::ResetAOLC()
01-03 15:29:20.931 D/AndroidRuntime( 9930):
01-03 15:29:20.931 D/AndroidRuntime( 9930): >>>>>> AndroidRuntime START com.android.internal.os.RuntimeInit <<<<<<
01-03 15:29:20.931 D/AndroidRuntime( 9930): CheckJNI is OFF
01-03 15:29:21.861 I/TestinExternalLog( 1119): Battery>>>> Temperature 24.7
01-03 15:29:21.962 D/WifiStateMachine(14482): fetchRssiAndLinkSpeedNative RSSI = -52
01-03 15:29:22.382 D/my      (14674): myGC1
01-03 15:29:22.492 I/ActivityManager(14482): Process com.aspire.g3wlan.client (pid 1069) has died.
01-03 15:29:22.492 W/ActivityManager(14482): Scheduling restart of crashed service com.aspire.g3wlan.client/.G3WLANService in 5000ms
01-03 15:29:22.782 D/AndroidRuntime( 9930): Calling main entry com.android.commands.am.Am
01-03 15:29:22.913 I/iTestin ( 1119): recv broadcast>>>itestin.service.CMD_LOG
01-03 15:29:22.923 I/TestinExternalLog( 1119): <<<<<<< Capturing image (10) >>>>>>>
01-03 15:29:22.923 D/AndroidRuntime( 9930): Shutting down VM
01-03 15:29:23.093 I/AndroidRuntime( 9930): NOTE: attach of thread 'Binder Thread #3' failed
01-03 15:29:23.113 D/dalvikvm( 9930): GC_CONCURRENT freed 102K, 71% free 613K/2048K, paused 1ms+1ms
01-03 15:29:23.343 D/dalvikvm( 9716): GC_CONCURRENT freed 1656K, 35% free 3652K/5539K, paused 8ms+11ms
01-03 15:29:23.363 V/AudioTrack( 9716): stop 0xd965b0
01-03 15:29:23.433 V/AudioPolicyManagerBase(14295): releaseOutput() 3
01-03 15:29:23.433 W/MediaPlayer-JNI( 9716): MediaPlayer finalized without being released
01-03 15:29:23.443 I/ActivityManager(14482): Process com.htc.android.omadm.service (pid 837) has died.
01-03 15:29:23.453 W/ActivityManager(14482): Scheduling restart of crashed service com.htc.android.omadm.service/.HtcDmService in 14047ms
01-03 15:29:23.453 V/AudioTrack(14295): stop 0x1908908
01-03 15:29:23.463 D/AudioSink(14295): close L=1564
01-03 15:29:23.463 V/AudioTrack(14295): stop 0x1908908
01-03 15:29:23.463 V/AudioPolicyManagerBase(14295): releaseOutput() 3
01-03 15:29:23.463 D/AudioSink(14295): close L=1566
01-03 15:29:23.483 D/OMXCodec(14295): OMXCodec::freeBuffersOnPort 0
01-03 15:29:23.483 D/OMXCodec(14295): OMXCodec::freeBuffersOnPort 1
01-03 15:29:23.483 E/OMXCodec(14295): wrong state to free OMXCodec 1
01-03 15:29:23.813 D/dalvikvm( 9716): GC_CONCURRENT freed 1971K, 37% free 3557K/5603K, paused 2ms+23ms
01-03 15:29:24.134 I/PowerManagerService-JNI(14482): [Stability] PowerManagerService_userActivity JNI pass power key event to PowerManagerService userActivity()
01-03 15:29:24.144 I/ActivityManager(14482): Process com.smithmicro.DM (pid 974) has died.
01-03 15:29:24.154 W/ActivityManager(14482): Scheduling restart of crashed service com.smithmicro.DM/.DMServiceApp in 23348ms
01-03 15:29:24.534 I/ActivityManager(14482): Process com.aspire.mm:push (pid 29752) has died.
01-03 15:29:24.534 W/ActivityManager(14482): Scheduling restart of crashed service com.aspire.mm/.push.PushService in 32961ms
01-03 15:29:25.015 D/WifiStateMachine(14482): fetchRssiAndLinkSpeedNative RSSI = -52
01-03 15:29:25.325 W/InputDispatcher(14482): channel '4194d190 com.htc.htcfilemanager/com.htc.htcfilemanager.FolderManager (server)' ~ Consumer closed input channel or an error occurred.  events=0x8
01-03 15:29:25.325 E/InputDispatcher(14482): channel '4194d190 com.htc.htcfilemanager/com.htc.htcfilemanager.FolderManager (server)' ~ Channel is unrecoverably broken and will be disposed!
01-03 15:29:25.375 I/ActivityManager(14482): Process com.htc.htcfilemanager (pid 4008) has died.
01-03 15:29:25.405 I/WindowManager(14482): WIN DEATH: Window{4194d190 com.htc.htcfilemanager/com.htc.htcfilemanager.FolderManager paused=false}
01-03 15:29:25.415 W/InputDispatcher(14482): Attempted to unregister already unregistered input channel '4194d190 com.htc.htcfilemanager/com.htc.htcfilemanager.FolderManager (server)'
01-03 15:29:25.435 I/WindowManager(14482): WINDOW DIED Window{4194d190 com.htc.htcfilemanager/com.htc.htcfilemanager.FolderManager paused=false}
01-03 15:29:26.016 D/dalvikvm(14674): GC_EXPLICIT freed 335K, 22% free 4073K/5155K, paused 168ms+135ms
01-03 15:29:26.146 I/Adreno200-EGLSUB( 1444): <CreateImage:893>: Android Image
01-03 15:29:26.146 I/Adreno200-EGLSUB( 1444): <GetImageAttributes:1088>: RGB_565
01-03 15:29:26.166 I/Adreno200-EGLSUB( 1444): <CreateImage:893>: Android Image
01-03 15:29:26.166 I/Adreno200-EGLSUB( 1444): <GetImageAttributes:1088>: RGB_565
01-03 15:29:26.176 I/TestinExternalLog( 1119): NetFlow>>>> UpFlow 51792694, DownFlow 1323205417, TotalFlow 1374998111
01-03 15:29:26.186 I/Adreno200-EGLSUB( 1444): <CreateImage:893>: Android Image
01-03 15:29:26.186 I/Adreno200-EGLSUB( 1444): <GetImageAttributes:1088>: RGB_565
01-03 15:29:26.246 V/MfLog   (14674): Dialer{40f0c228 #0 id=0x7f07004d}, onStop
01-03 15:29:26.266 D/HtcDialer(14674): EVENT_ON_PAUSED_MESSAGE
01-03 15:29:26.276 D/HtcDialer(14674): intent onPause Broadcast
01-03 15:29:26.286 D/skia    (14674): AndroidImageRef[ 0x8993e0 ] releasePixel fail as lockCount=1
01-03 15:29:26.286 D/skia    (14674): AndroidImageRef[ 0x7629a0 ] releasePixel fail as lockCount=1
01-03 15:29:26.286 D/ConnectivityService(14482): onUidRulesChanged(uid=10023, uidRules=0)
01-03 15:29:26.896 I/TestinExternalLog( 1119): Battery>>>> Temperature 24.7
01-03 15:29:27.927 I/ActivityManager(14482): Start proc com.aspire.g3wlan.client for service com.aspire.g3wlan.client/.G3WLANService: pid=9944 uid=10033 gids={3003, 1015}
01-03 15:29:27.997 I/ActivityManager(14482): Process com.mgyun.shua.su (pid 1323) has died.
01-03 15:29:27.997 W/ActivityManager(14482): Scheduling restart of crashed service com.mgyun.shua.su/.service.SuService in 39495ms
01-03 15:29:28.058 D/WifiStateMachine(14482): fetchRssiAndLinkSpeedNative RSSI = -53
01-03 15:29:28.518 W/Service ( 9944): setForeground: ignoring old API call on com.aspire.g3wlan.client.G3WLANService
01-03 15:29:28.528 I/G3WLANService( 9944): onCreate
01-03 15:29:28.538 I/System.out( 9944): 6.2.0815
01-03 15:29:28.588 D/Socket_Alarm( 9944): registerHTCSocketMonitorCallBack
01-03 15:29:28.588 D/Socket_Alarm( 9944): set mSocketMonitor
01-03 15:29:28.588 D/Socket_Alarm( 9944): HTCSocketMonitorImpl::HTCSocketMonitorImpl
01-03 15:29:28.688 D/AndroidRuntime( 9956):
01-03 15:29:28.688 D/AndroidRuntime( 9956): >>>>>> AndroidRuntime START com.android.internal.os.RuntimeInit <<<<<<
01-03 15:29:28.698 D/AndroidRuntime( 9956): CheckJNI is OFF
01-03 15:29:28.828 V/DbKit   ( 9944): ctx=com.aspire.g3wlan.client.G3WLANService@40da46b8
01-03 15:29:28.858 D/SqliteDatabaseCpp( 9944): Registering sqlite logging func: /data/data/com.aspire.g3wlan.client/databases/cmcc.db
01-03 15:29:28.858 D/SqliteDatabaseCpp( 9944): DB info: open db, path = /data/data/com.aspire.g3wlan.client/databases , key = gmgg, flag = 6, file size = 416768
01-03 15:29:28.898 D/SqliteDatabaseCpp( 9944): DB info: path = /data/data/com.aspire.g3wlan.client/databases , key = gmgg, handle: 0xcf1d00, type: w, r/w: (0,1), mode: truncate, disk free size: 641 M
01-03 15:29:28.948 I/G3WLANService( 9944): initPhoneStateListener  sim=false
01-03 15:29:29.169 I/WLANOperator( 9944): receiver action=android.net.wifi.WIFI_STATE_CHANGED state=NONE
01-03 15:29:29.299 I/WLANOperator( 9944): receiver action=android.net.conn.CONNECTIVITY_CHANGE state=NONE
01-03 15:29:29.389 I/WifiConnReceiver( 9944): android.net.wifi.WIFI_STATE_CHANGED
01-03 15:29:29.479 I/WifiConnReceiver( 9944): android.net.conn.CONNECTIVITY_CHANGE
01-03 15:29:29.489 I/G3WLANService( 9944): onStart  Intent { cmp=com.aspire.g3wlan.client/.G3WLANService (has extras) }
01-03 15:29:29.489 I/G3WLANService( 9944): state:1     runState:0
01-03 15:29:29.489 D/WifiStateMachine(14482): syncRequestConnectionInfo mWifiInfo=SSID: testin-w-06, BSSID: c4:ca:d9:8d:07:10, MAC: bc:cf:cc:5e:60:19, Supplicant state: COMPLETED, RSSI: -53, Link speed: 54, Frequency: 2467, Net ID: 0, Explicit connect: false
01-03 15:29:29.529 I/DetectHandler( 9944): detectCMCC from wifi_enabled
01-03 15:29:29.539 I/WLANUtils( 9944): testin-w-06 connected.
01-03 15:29:29.539 I/WLANOperator( 9944): scan()
01-03 15:29:29.539 D/WifiStateMachine(14482): syncRequestConnectionInfo mWifiInfo=SSID: testin-w-06, BSSID: c4:ca:d9:8d:07:10, MAC: bc:cf:cc:5e:60:19, Supplicant state: COMPLETED, RSSI: -53, Link speed: 54, Frequency: 2467, Net ID: 0, Explicit connect: false
01-03 15:29:29.549 I/WLANOperator( 9944): scan result=true
01-03 15:29:29.579 I/G3WLANService( 9944): onStart  Intent { cmp=com.aspire.g3wlan.client/.G3WLANService (has extras) }
01-03 15:29:29.579 I/G3WLANService( 9944): state:4     runState:0
01-03 15:29:29.589 I/DetectHandler( 9944): detectCMCC from wifi_enabled
01-03 15:29:29.589 D/WifiStateMachine(14482): syncRequestConnectionInfo mWifiInfo=SSID: testin-w-06, BSSID: c4:ca:d9:8d:07:10, MAC: bc:cf:cc:5e:60:19, Supplicant state: COMPLETED, RSSI: -53, Link speed: 54, Frequency: 2467, Net ID: 0, Explicit connect: false
01-03 15:29:29.599 I/WLANUtils( 9944): testin-w-06 connected.
01-03 15:29:29.599 I/WLANOperator( 9944): scan()
01-03 15:29:30.330 D/AndroidRuntime( 9956): Calling main entry com.android.commands.am.Am
01-03 15:29:30.430 I/iTestin ( 1119): recv broadcast>>>itestin.service.CMD_LOG
01-03 15:29:30.430 I/TestinExternalLog( 1119): <<<<<<< Capturing image (11) >>>>>>>
01-03 15:29:30.440 D/AndroidRuntime( 9956): Shutting down VM
01-03 15:29:30.450 D/dalvikvm( 9716): GC_CONCURRENT freed 1780K, 36% free 3620K/5603K, paused 6ms+6ms
01-03 15:29:30.600 I/AndroidRuntime( 9956): NOTE: attach of thread 'Binder Thread #3' failed
01-03 15:29:30.610 W/wpa_supplicant(14953): wlan0: [HTC] wpa_supplicant_event():2234- Got an original EVENT_SCAN_RESULTS
01-03 15:29:30.610 I/wpa_supplicant(14953): Got an original EVENT_SCAN_RESULTS
01-03 15:29:30.610 I/wpa_supplicant(14953): [testin-w-06] c4:ca:d9:8d:07:10 freq=2467 qual=0 noise=0 level=-51 flags=0x2b
01-03 15:29:30.610 I/wpa_supplicant(14953): [testin-w-07] c4:ca:d9:8d:07:b0 freq=2447 qual=0 noise=0 level=-57 flags=0xb
01-03 15:29:30.610 I/wpa_supplicant(14953): [testin-w-04] c4:ca:d9:8c:e7:50 freq=2432 qual=0 noise=0 level=-62 flags=0xb
01-03 15:29:30.610 I/wpa_supplicant(14953): [Connectify-xiong] e0:06:e6:cd:d9:93 freq=2437 qual=0 noise=0 level=-65 flags=0xb
01-03 15:29:30.610 I/wpa_supplicant(14953): [testin-w-07] c4:ca:d9:8d:13:a0 freq=2422 qual=0 noise=0 level=-66 flags=0xb
01-03 15:29:30.610 I/wpa_supplicant(14953): [testin-w-07] c4:ca:d9:8d:07:70 freq=2472 qual=0 noise=0 level=-67 flags=0xb
01-03 15:29:30.610 I/wpa_supplicant(14953): [testin-w-05] c4:ca:d9:8c:9d:c0 freq=2442 qual=0 noise=0 level=-70 flags=0xb
01-03 15:29:30.610 I/wpa_supplicant(14953): [testin-w-05] c4:ca:d9:8c:9c:10 freq=2467 qual=0 noise=0 level=-71 flags=0xb
01-03 15:29:30.610 I/wpa_supplicant(14953): [ludashi-70] f8:2f:a8:f7:cd:d1 freq=2462 qual=0 noise=0 level=-73 flags=0xb
01-03 15:29:30.620 D/Tethering(14482): [isWifi] getHotspotEnabled: false
01-03 15:29:30.630 D/WirelessDisplayService(14482): Receive Wifi scan results available intent.
01-03 15:29:30.630 D/WirelessDisplayService(14482): HANDLE_WIFI_SCAN_RESULT_AVAILABLE, dongle scan = 0
01-03 15:29:30.630 D/WirelessDisplayService(14482): constructDongleInfoFromWifi() dongleScan = false
01-03 15:29:30.630 D/WirelessDisplayService(14482): Sending intent: MIRROR_DISPLAY_DONGLE_AVAILABLE_ACTION
01-03 15:29:30.660 D/dalvikvm( 9956): GC_CONCURRENT freed 102K, 71% free 613K/2048K, paused 0ms+8ms
01-03 15:29:31.040 D/dalvikvm( 9716): GC_CONCURRENT freed 1852K, 36% free 3610K/5603K, paused 2ms+3ms
01-03 15:29:31.080 D/WifiStateMachine(14482): fetchRssiAndLinkSpeedNative RSSI = -52
01-03 15:29:31.471 I/ActivityManager(14482): Start proc com.android.settings for broadcast com.android.settings/.wifi.WifiOffloadRequest: pid=9971 uid=1000 gids={1015, 3002, 3001, 3003, 5001, 5004, 5003, 3006, 2001, 1007}
01-03 15:29:31.481 D/WirelessDisplayService(14482): getDiscoveryDongleList
01-03 15:29:31.561 D/dalvikvm( 9716): GC_CONCURRENT freed 1820K, 36% free 3633K/5603K, paused 2ms+8ms
01-03 15:29:31.901 I/TestinExternalLog( 1119): Battery>>>> Temperature 24.7
01-03 15:29:31.971 I/ActivityManager(14482): Process com.aspire.g3wlan.client (pid 9944) has died.
01-03 15:29:31.971 W/ActivityManager(14482): Scheduling restart of crashed service com.aspire.g3wlan.client/.G3WLANService in 45526ms
01-03 15:29:32.392 I/ActivityThread( 9971): Pub com.htc.usage.usagecarousel: com.htc.usage.UsageCarousel
01-03 15:29:32.542 I/ActivityManager(14482): Process cn.testin.itestin (pid 1119) has died.
01-03 15:29:32.542 W/ActivityManager(14482): Scheduling restart of crashed service cn.testin.itestin/.os.ServicesManagerNew in 54950ms
01-03 15:29:32.682 I/ActivityThread( 9971): Pub com.android.settings.provider.suggestion: com.android.settings.framework.search.SuggestionProvider
01-03 15:29:32.722 I/ActivityThread( 9971): Pub com.android.settings.provider.cdmasettings: com.android.settings.HtcCdmaSettingsProvider
01-03 15:29:32.722 D/HtcCdmaSettingsProvider( 9971): onCreate !
01-03 15:29:32.722 I/ActivityThread( 9971): Pub framework.activity.powersaver: com.android.settings.framework.activity.powersaver.SmartSyncProvider
01-03 15:29:32.742 I/ActivityThread( 9971): Pub wispr: com.android.settings.wifi.WISPrProvider
01-03 15:29:32.862 I/PowerManagerService-JNI(14482): [Stability] PowerManagerService_userActivity JNI pass power key event to PowerManagerService userActivity()
01-03 15:29:32.962 I/ActivityManager(14482): Process com.android.settings (pid 9971) has died.
01-03 15:29:33.032 I/OMXCodec(14295): clip mime type 'audio/vorbis'
01-03 15:29:33.032 D/OMXCodec(14295): matchingCodecs.size = 1
01-03 15:29:33.032 I/OMXCodec(14295): Attempting to allocate OMX node 'OMX.google.vorbis.decoder'
01-03 15:29:33.032 D/OMXCodec(14295): ComponentQuirks = 0
01-03 15:29:33.042 I/OMXCodec(14295): Successfully allocated OMX node 'OMX.google.vorbis.decoder'
01-03 15:29:33.042 D/OMXCodec(14295): configureCodec protected=0
01-03 15:29:33.042 D/AwesomePlayer(14295): Using PID = 9716
01-03 15:29:33.042 D/AwesomePlayer(14295): LPAPlayer get sample rate sampleRate 44100 channelCount 1 success 1
01-03 15:29:33.042 D/AwesomePlayer(14295): LPA:htc.audio.lpa.a2dp is 0
01-03 15:29:33.042 I/AwesomePlayer(14295): AudioPlayer created, Non-LPA mode mime audio/vorbis duration 215691
01-03 15:29:33.042 D/OMXCodec(14295): OMXCodec::freeBuffersOnPort 1
01-03 15:29:33.062 D/OMXCodec(14295): OMXCodec::freeBuffersOnPort 0
01-03 15:29:33.062 D/OMXCodec(14295): OMXCodec::freeBuffersOnPort 1
01-03 15:29:33.062 E/OMXCodec(14295): wrong state to free OMXCodec 1
01-03 15:29:33.082 V/AudioTrack( 9716): start 0x1001290
01-03 15:29:33.082 V/AudioTrack( 9716): start 0x1001290 before lock cblk 0x54ab3000
01-03 15:29:33.082 D/AudioPolicyManager(14295): startOutput() output 3, stream 3, session 429
01-03 15:29:33.082 V/AudioPolicyManagerBase(14295): changeRefCount() stream 3, count 1
01-03 15:29:33.082 D/AudioPolicyManager(14295): getDeviceForStrategy() from cache strategy 0, device 2
01-03 15:29:33.082 I/AudioPolicyManagerBase(14295): getDeviceForStrategy() selected device 2
01-03 15:29:33.082 D/AudioPolicyManager(14295): getDeviceForStrategy() from cache strategy 0, device 2
01-03 15:29:33.082 I/AudioPolicyManagerBase(14295): getDeviceForStrategy() selected device 2
01-03 15:29:33.082 D/AudioPolicyManager(14295): setOutputDevice() output 3 device 2 delayMs 0
01-03 15:29:33.082 D/AudioPolicyManager(14295): setOutputDevice() prevDevice 2
01-03 15:29:33.082 D/AudioPolicyManager(14295): setOutputDevice() prevHWDevice 2
01-03 15:29:33.082 D/AudioPolicyManager(14295): setOutputDevice() setting same device 2 or null device for output 3
01-03 15:29:33.082 D/AudioPolicyManager(14295): linearToSpecifyHtcVolume(volume:100, streamType:3, audio_devices:2)
01-03 15:29:33.092 V/AudioTrack( 9716): Underrun user: 0, server: 0, flags 0003
01-03 15:29:33.112 D/        (14295): [ALT] curtemp 247 curtempstatus 0 CurrActStatus 0 mingain 14512
01-03 15:29:33.112 D/AudioHardwareMSM7X30(14295): acquire output wakelock
01-03 15:29:33.112 D/AudioHardwareMSM7X30(14295): aic3008_config (device 1, effect Original)
01-03 15:29:33.112 D/AudioHardwareMSM7X30(14295): current effect Original, new effect Playback_Speaker_Default
01-03 15:29:33.112 I/HTC Acoustic(14295): set_audio_effect: Playback_Speaker_Default
01-03 15:29:33.112 I/HTC Acoustic(14295): set_audio_effect: match with name Playback_Speaker_Default (5)
01-03 15:29:33.193 I/HTC Acoustic(14295): found enabled DSP firmwares and return 0
01-03 15:29:33.193 I/AudioHardwareMSM7X30(14295): aic3008_config: sound effect (Playback_Speaker_Default)
01-03 15:29:33.193 D/AudioHardwareMSM7X30(14295): do_aic3008_control (1, 0, 0)
01-03 15:29:33.193 D/AudioHardwareMSM7X30(14295): do_aic3008_control: MODE_NORMAL
01-03 15:29:33.193 D/AudioHardwareMSM7X30(14295): do_aic3008_control: rx=PLAYBACK_SPEAKER, dual_path=0
01-03 15:29:33.193 I/AudioHardwareMSM7X30(14295): batt_temp =247
01-03 15:29:33.193 D/AudioHardwareMSM7X30(14295): do_aic3008_control: (final result) tx=23, rx=10, dual_path=0, force=0
01-03 15:29:33.193 I/AudioHardwareMSM7X30(14295): aic3008: change rx mode to 10
01-03 15:29:33.253 D/AudioHardwareMSM7X30(14295): addToTable (dec_id 5, dev_rx 6, dev_tx -1, type 1, active 1)
01-03 15:29:33.263 D/AudioHardwareMSM7X30(14295): Enable ALT for speaker
01-03 15:29:33.263 I/AudioHardwareMSM7X30(14295): batt_temp =247
01-03 15:29:33.263 D/AudioHardwareMSM7X30(14295): ALT batt temp = 247
01-03 15:29:33.263 I/HTC Acoustic(14295): update ACDB id: (tx, rx, tx_acdb, rx_acdb) = (11, 6, 0, 607)
01-03 15:29:33.263 D/AudioHardwareMSM7X30(14295): updateACDB: (6, 11, 607, 0) success!
01-03 15:29:33.273 I/AudioHardwareMSM7X30(14295): AUDIO_START: start kernel pcm_out driver.
01-03 15:29:33.443 V/AudioTrack( 9716): Underrun user: 2528, server: 2528, flags 0002
01-03 15:29:33.443 V/AudioTrack( 9716): stop 0x1001290
01-03 15:29:33.443 D/AudioPolicyManager(14295): stopOutput() output 3, stream 3, session 429
01-03 15:29:33.443 V/AudioPolicyManagerBase(14295): changeRefCount() stream 3, count 0
01-03 15:29:33.443 I/AudioPolicyManagerBase(14295): getDeviceForStrategy() selected device 0
01-03 15:29:33.443 D/AudioPolicyManager(14295): setOutputDevice() output 3 device 0 delayMs 0
01-03 15:29:33.443 D/AudioPolicyManager(14295): setOutputDevice() prevDevice 2
01-03 15:29:33.443 D/AudioPolicyManager(14295): setOutputDevice() prevHWDevice 2
01-03 15:29:33.443 D/AudioPolicyManager(14295): setOutputDevice() setting same device 0 or null device for output 3
01-03 15:29:34.083 D/WifiStateMachine(14482): fetchRssiAndLinkSpeedNative RSSI = -52
01-03 15:29:36.446 D/AudioHardwareMSM7X30(14295): release output wakelock
01-03 15:29:36.446 D/AudioHardwareMSM7X30(14295): deleteFromTable, type 1
01-03 15:29:36.446 D/AudioHardwareMSM7X30(14295): aic3008_config (device 1, effect Original)
01-03 15:29:36.446 D/AudioHardwareMSM7X30(14295): current effect Playback_Speaker_Default, new effect Playback_Default
01-03 15:29:36.446 I/HTC Acoustic(14295): set_audio_effect: Playback_Default
01-03 15:29:36.446 I/HTC Acoustic(14295): set_audio_effect: match with name Playback_Default (-1)
01-03 15:29:36.446 I/HTC Acoustic(14295): disabled sound effect
01-03 15:29:36.446 W/AudioHardwareMSM7X30(14295): set_sound_effect failed
01-03 15:29:36.446 D/AudioHardwareMSM7X30(14295): do_aic3008_control (1, 0, 1)
01-03 15:29:36.446 D/AudioHardwareMSM7X30(14295): do_aic3008_control: (final result) tx=23, rx=23, dual_path=0, force=0
01-03 15:29:36.446 I/AudioHardwareMSM7X30(14295): aic3008: change rx mode to 23
01-03 15:29:36.446 I/AudioHardwareMSM7X30(14295): disable current rx device = 6
01-03 15:29:36.446 I/AudioHardwareMSM7X30(14295): virtual android::status_t android_audio_legacy::AudioHardware::AudioStreamOutMSM72xx::standby(), aic3008_powerdown
01-03 15:29:36.456 I/AudioHardwareMSM7X30(14295): AudioHardware pcm playback is going to standby.
01-03 15:29:36.456 D/        (14295): [ALT] reset
01-03 15:29:36.456 D/StreamProcess(14295): ALC parameter: ALC_THRESHOLD:65535
01-03 15:29:36.456 D/StreamProcess(14295): SAMPLE_THRESHOLD:10361
01-03 15:29:36.456 D/StreamProcess(14295): PAGE_THRESHOLD:256
01-03 15:29:36.456 D/StreamProcess(14295): MAX_ACL_ATT:26
01-03 15:29:36.456 D/StreamProcess(14295): STRESS_THRESHOLD:40
01-03 15:29:36.456 D/StreamProcess(14295):         mBURSTWEIGHT_SHIFT:3
01-03 15:29:36.456 D/StreamProcess(14295): NORMAL_THRESHOLD:24
01-03 15:29:36.456 D/StreamProcess(14295): NORMAL_BURST_THRESHOLD:8
01-03 15:29:36.456 D/StreamProcess(14295): STRESS_BURST_THRESHOLD:8
01-03 15:29:36.456 D/StreamProcess(14295): OutputStreamProcess::ResetAOLC()
01-03 15:29:36.896 D/dalvikvm(14674): GC_BEFORE_OOM freed 40K, 21% free 4096K/5155K, paused 634ms
01-03 15:29:37.086 D/WifiStateMachine(14482): fetchRssiAndLinkSpeedNative RSSI = -52
01-03 15:29:37.206 D/AndroidRuntime( 9993):
01-03 15:29:37.206 D/AndroidRuntime( 9993): >>>>>> AndroidRuntime START com.android.internal.os.RuntimeInit <<<<<<
01-03 15:29:37.206 D/AndroidRuntime( 9993): CheckJNI is OFF
01-03 15:29:37.557 I/ActivityManager(14482): Start proc com.htc.android.omadm.service for service com.htc.android.omadm.service/.HtcDmService: pid=10001 uid=10056 gids={3003, 2001}
01-03 15:29:37.707 I/HtcDmService(10001): onCreate
01-03 15:29:37.737 I/HtcDmService(10001): onStart --> 1.0.0.9 SDK
01-03 15:29:37.837 D/PowerManagerService(14482): New lightsensor value:40, lcdValue:58
01-03 15:29:37.837 D/PowerManagerService(14482): lightSensorChangedLocked, buttonValue >= 0, mPowerState = 3
01-03 15:29:37.857 D/DMdefine(10001): getProjectName is CMCC project
01-03 15:29:37.907 D/DMdefine(10001): getProjectName project name is -->CMCC
01-03 15:29:37.907 D/Setting (10001): Setting-->createSetting-->cmcc
01-03 15:29:37.927 D/Setting (10001): SettingFactory-->this is the constructor---> context is null ? false
01-03 15:29:37.987 D/CMCCSetting(10001): CMCCSetting-->this is the CMCCSetting constructor.
01-03 15:29:38.087 I/CMCCSetting(10001): PROJECT: HTC T328t
01-03 15:29:38.087 D/DMdefine(10001): [isTestServer] buildtag = release-keys buildtype = user builddmflag = unknow
01-03 15:29:38.087 D/DMdefine(10001): [isTestServer] release-keys tags and user type
01-03 15:29:38.097 I/CMCCSetting(10001): SERVER_ADDRESS: 10654040
01-03 15:29:38.097 D/Setting (10001): Setting-->createSetting-->cmcc and setting is null? false
01-03 15:29:38.107 D/DMdefine(10001): getProjectName is CMCC project
01-03 15:29:38.107 D/DMdefine(10001): getProjectName project name is -->CMCC
01-03 15:29:38.107 D/Setting (10001): Setting-->createSetting-->cmcc
01-03 15:29:38.107 D/Setting (10001): Setting-->createSetting-->cmcc and setting is null? false
01-03 15:29:38.107 D/ServerAddr(10001): SERVERADDR-->this is the constructor of the SERVERADDR
01-03 15:29:38.107 D/DMdefine(10001): getProjectName is CMCC project
01-03 15:29:38.107 D/DMdefine(10001): getProjectName project name is -->CMCC
01-03 15:29:38.107 D/Setting (10001): Setting-->createSetting-->cmcc
01-03 15:29:38.107 D/Setting (10001): Setting-->createSetting-->cmcc and setting is null? false
01-03 15:29:38.127 D/DMdefine(10001): getProjectName is CMCC project
01-03 15:29:38.127 D/DMdefine(10001): getProjectName project name is -->CMCC
01-03 15:29:38.127 D/Setting (10001): Setting-->createSetting-->cmcc
01-03 15:29:38.127 D/Setting (10001): Setting-->createSetting-->cmcc and setting is null? false
01-03 15:29:38.127 D/cmnet   (10001): CMNAPN getInstance
01-03 15:29:38.127 D/cmsip   (10001): CMSAPN-->getInstance
01-03 15:29:38.127 D/stream  (10001): STREAMING-->getInstance
01-03 15:29:38.127 D/stream  (10001): STREAMING-->this is the constructor
01-03 15:29:38.137 D/DMdefine(10001): getProjectName is CMCC project
01-03 15:29:38.137 D/DMdefine(10001): getProjectName project name is -->CMCC
01-03 15:29:38.137 D/Setting (10001): Setting-->createSetting-->cmcc
01-03 15:29:38.137 D/Setting (10001): Setting-->createSetting-->cmcc and setting is null? false
01-03 15:29:38.137 D/mail    (10001): MAIL-->getInstance
01-03 15:29:38.157 I/        (10001): Entering JNI_OnLoad
01-03 15:29:38.157 I/        (10001): Leaving JNI_OnLoad (result=0x10004)
01-03 15:29:38.247 I/MDReceiver(10001): [onReceive] In
01-03 15:29:38.257 I/MDReceiver(10001): [onReceive] Type = 1Type name = WIFI
01-03 15:29:38.257 I/MDReceiver(10001): [onReceive] type != TYPE_MOBILE_ADMIN
01-03 15:29:38.288 I/Fumo    (10001): check fumo result.
01-03 15:29:38.288 I/FWUpdate(10001): checkFUMOresult
01-03 15:29:38.288 I/FWUpdate(10001): java.io.FileNotFoundException: /data/data/recovery/OMADM/update_result.log: open failed: ENOENT (No such file or directory)
01-03 15:29:38.288 V/FWUpdate(10001): reportUpdateResult:-1
01-03 15:29:38.288 V/FWUpdate(10001): fumoResult: "Not report"
01-03 15:29:38.288 I/Scomo   (10001): Check unfinish job.
01-03 15:29:38.288 I/Scomo   (10001): No unfinish job.
01-03 15:29:38.298 D/ConnCtl (10001): ConnectCtl-->onServiceStateChanged-->state is 1 home null null null  Unknown CSS not supported -1 -1 RoamInd=-1 DefRoamInd=-1EriInd= -1EriMode= -1RadioPowerSv: false EmergOnly=false
01-03 15:29:38.298 D/ConnCtl (10001): ConnectCtl-->onCallStateChanged-->state is 0
01-03 15:29:38.308 D/ConnCtl (10001): Dormancy countdown sec:14
01-03 15:29:38.338 D/DMdefine(10001): getProjectName is CMCC project
01-03 15:29:38.348 D/DMdefine(10001): getProjectName project name is -->CMCC
01-03 15:29:38.348 D/Setting (10001): Setting-->createSetting-->cmcc
01-03 15:29:38.358 D/Setting (10001): Setting-->createSetting-->cmcc and setting is null? false
01-03 15:29:38.358 I/Lawmo   (10001): Didn't receive boot completed, skip check phone lock.
01-03 15:29:38.448 D/AndroidRuntime( 9993): Calling main entry com.android.commands.am.Am
01-03 15:29:38.498 I/ActivityManager(14482): Start proc cn.testin.itestin for broadcast cn.testin.itestin/.TestinService: pid=10018 uid=10135 gids={3003}
01-03 15:29:38.608 I/iTestin (10018): recv broadcast>>>itestin.service.CMD_LOG
01-03 15:29:38.618 D/AndroidRuntime( 9993): Shutting down VM
01-03 15:29:38.628 I/iTestin (10018): install system
01-03 15:29:38.638 I/AndroidRuntime( 9993): NOTE: attach of thread 'Binder Thread #3' failed
01-03 15:29:38.638 D/dalvikvm( 9993): GC_CONCURRENT freed 102K, 71% free 613K/2048K, paused 0ms+1ms
01-03 15:29:38.688 D/WifiStateMachine(14482): syncRequestConnectionInfo mWifiInfo=SSID: testin-w-06, BSSID: c4:ca:d9:8d:07:10, MAC: bc:cf:cc:5e:60:19, Supplicant state: COMPLETED, RSSI: -52, Link speed: 54, Frequency: 2467, Net ID: 0, Explicit connect: false
01-03 15:29:38.708 D/WifiStateMachine(14482): syncRequestConnectionInfo mWifiInfo=SSID: testin-w-06, BSSID: c4:ca:d9:8d:07:10, MAC: bc:cf:cc:5e:60:19, Supplicant state: COMPLETED, RSSI: -52, Link speed: 54, Frequency: 2467, Net ID: 0, Explicit connect: false
01-03 15:29:38.818 I/TestinExternalLog(10018): <<<<<<< Capturing image (12) >>>>>>>
01-03 15:29:38.838 I/TestinExternalLog(10018): <<<<<<< StartApp >>>>>>>
01-03 15:29:38.838 I/TestinExternalLog(10018): <<<<<<< com.giant.brizzle(9716) >>>>>>>
01-03 15:29:39.208 D/dalvikvm( 9716): GC_CONCURRENT freed 1929K, 37% free 3546K/5603K, paused 4ms+3ms
01-03 15:29:39.319 D/ConnCtl (10001): Dormancy countdown sec:13
01-03 15:29:39.639 D/dalvikvm( 9716): GC_CONCURRENT freed 1755K, 36% free 3634K/5603K, paused 2ms+6ms
01-03 15:29:39.939 I/Ads     ( 9716): Refreshing ad.
01-03 15:29:39.939 W/Ads     ( 9716): loadAd called while an interstitial or landing page is displayed, so aborting
01-03 15:29:40.069 D/dalvikvm( 9716): GC_CONCURRENT freed 1895K, 37% free 3581K/5603K, paused 2ms+3ms
01-03 15:29:40.089 D/WifiStateMachine(14482): fetchRssiAndLinkSpeedNative RSSI = -53
01-03 15:29:40.219 I/PowerManagerService-JNI(14482): [Stability] PowerManagerService_userActivity JNI pass power key event to PowerManagerService userActivity()
01-03 15:29:40.259 F/libc    ( 9716): Fatal signal 11 (SIGSEGV) at 0x00000050 (code=1)
01-03 15:29:40.319 D/ConnCtl (10001): Dormancy countdown sec:12
01-03 15:29:40.680 I/DEBUG   (13163): debuggerd: 2014-01-03 15:29:40
01-03 15:29:40.680 I/DEBUG   (13163): *** *** *** *** *** *** *** *** *** *** *** *** *** *** *** ***
01-03 15:29:40.680 I/DEBUG   (13163): Build fingerprint: 'htccn_chs_cmcc/htc_primotd/primotd:4.0.3/IML74K/103812.4:user/release-keys'
01-03 15:29:40.680 I/DEBUG   (13163): pid: 9716, tid: 9716  >>> com.giant.brizzle <<<
01-03 15:29:40.680 I/DEBUG   (13163): signal 11 (SIGSEGV), code 1 (SEGV_MAPERR), fault addr 00000050
01-03 15:29:40.680 I/DEBUG   (13163):  r0 00000002  r1 00d57d2c  r2 00dbe250  r3 00000050
01-03 15:29:40.680 I/DEBUG   (13163):  r4 4c0d0f68  r5 00650d48  r6 00000000  r7 4bd7edc0
01-03 15:29:40.680 I/DEBUG   (13163):  r8 bef3f5d0  r9 4bd7edb8  10 00000008  fp bef3f5bc
01-03 15:29:40.680 I/DEBUG   (13163):  ip 00007469  sp bef3f590  lr 522bf3b8  pc 522bf394  cpsr 20000010
01-03 15:29:40.680 I/DEBUG   (13163):  d0  2e6761742e676f6c  d1  000000b0000000dc
01-03 15:29:40.680 I/DEBUG   (13163):  d2  40e57d86436e00db  d3  41000000436e0000
01-03 15:29:40.680 I/DEBUG   (13163):  d4  000000040000006e  d5  0000000200000001
01-03 15:29:40.680 I/DEBUG   (13163):  d6  00000101ffffffff  d7  0000000400000001
01-03 15:29:40.680 I/DEBUG   (13163):  d8  4296000042960000  d9  000001e000000000
01-03 15:29:40.680 I/DEBUG   (13163):  d10 4263af0c0000004b  d11 4320b03c4320b03c
01-03 15:29:40.680 I/DEBUG   (13163):  d12 438bbf2440ffccc0  d13 404cbd60438bbf24
01-03 15:29:40.680 I/DEBUG   (13163):  d14 4304fdbf4265eb04  d15 43365072433e7880
01-03 15:29:40.680 I/DEBUG   (13163):  d16 1d58fed700000001  d17 7e37e43c8800759c
01-03 15:29:40.680 I/DEBUG   (13163):  d18 0000000000000000  d19 0000000000000000
01-03 15:29:40.680 I/DEBUG   (13163):  d20 3ff0000000000000  d21 8000000000000000
01-03 15:29:40.680 I/DEBUG   (13163):  d22 0000000000000000  d23 0000000000000000
01-03 15:29:40.680 I/DEBUG   (13163):  d24 0000000000000000  d25 0000000000000000
01-03 15:29:40.680 I/DEBUG   (13163):  d26 0000000000000000  d27 0000000000000000
01-03 15:29:40.680 I/DEBUG   (13163):  d28 0100010001000100  d29 3ff0000000000000
01-03 15:29:40.680 I/DEBUG   (13163):  d30 0000000000000000  d31 3ff0000000000000
01-03 15:29:40.680 I/DEBUG   (13163):  scr 88000012
01-03 15:29:40.680 I/DEBUG   (13163):
01-03 15:29:41.160 I/DEBUG   (13163):          #00  pc 00375394  /data/data/com.giant.brizzle/lib/libcocos2dcpp.so (_ZN7cocos2d20CCNotificationCenter16postNotificationEPKcPNS_8CCObjectE)
01-03 15:29:41.170 I/DEBUG   (13163):          #01  pc 001a20d0  /data/data/com.giant.brizzle/lib/libcocos2dcpp.so (Java_com_giant_brizzle_Brizzle_exitGame)
01-03 15:29:41.170 I/DEBUG   (13163):          #02  pc 0001fcf0  /system/lib/libdvm.so (dvmPlatformInvoke)
01-03 15:29:41.180 I/DEBUG   (13163):          #03  pc 0005ab98  /system/lib/libdvm.so (_Z16dvmCallJNIMethodPKjP6JValuePK6MethodP6Thread)
01-03 15:29:41.180 I/DEBUG   (13163):
01-03 15:29:41.180 I/DEBUG   (13163): code around pc:
01-03 15:29:41.180 I/DEBUG   (13163): 522bf374 e50b3010 ea00004f e51b301c e50b300c  .0..O....0...0..
01-03 15:29:41.180 I/DEBUG   (13163): 522bf384 e51b300c e3530000 0a000046 e51b300c  .0....S.F....0..
01-03 15:29:41.180 I/DEBUG   (13163): 522bf394 e5933000 e2833020 e5933000 e51b000c  .0.. 0...0......
01-03 15:29:41.180 I/DEBUG   (13163): 522bf3a4 e12fff33 e1a03000 e51b0024 e1a01003  3./..0..$.......
01-03 15:29:41.180 I/DEBUG   (13163): 522bf3b4 ebf8adb9 e1a03000 e3530000 1a000017  .....0....S.....
01-03 15:29:41.180 I/DEBUG   (13163):
01-03 15:29:41.180 I/DEBUG   (13163): code around lr:
01-03 15:29:41.180 I/DEBUG   (13163): 522bf398 e2833020 e5933000 e51b000c e12fff33   0...0......3./.
01-03 15:29:41.180 I/DEBUG   (13163): 522bf3a8 e1a03000 e51b0024 e1a01003 ebf8adb9  .0..$...........
01-03 15:29:41.180 I/DEBUG   (13163): 522bf3b8 e1a03000 e3530000 1a000017 e51b300c  .0....S......0..
01-03 15:29:41.180 I/DEBUG   (13163): 522bf3c8 e5933000 e2833024 e5933000 e51b000c  .0..$0...0......
01-03 15:29:41.180 I/DEBUG   (13163): 522bf3d8 e12fff33 e1a02000 e51b3028 e1520003  3./.. ..(0....R.
01-03 15:29:41.180 I/DEBUG   (13163):
01-03 15:29:41.180 I/DEBUG   (13163): stack:
01-03 15:29:41.180 I/DEBUG   (13163):     bef3f550  00000000
01-03 15:29:41.190 I/DEBUG   (13163):     bef3f554  520ecefc  /data/data/com.giant.brizzle/lib/libcocos2dcpp.so
01-03 15:29:41.190 I/DEBUG   (13163):     bef3f558  00000000
01-03 15:29:41.190 I/DEBUG   (13163):     bef3f55c  00d94068  [heap]
01-03 15:29:41.190 I/DEBUG   (13163):     bef3f560  bef3f57c  [stack]
01-03 15:29:41.190 I/DEBUG   (13163):     bef3f564  520ecffc  /data/data/com.giant.brizzle/lib/libcocos2dcpp.so
01-03 15:29:41.190 I/DEBUG   (13163):     bef3f568  00000000
01-03 15:29:41.190 I/DEBUG   (13163):     bef3f56c  00d94068  [heap]
01-03 15:29:41.190 I/DEBUG   (13163):     bef3f570  520ecefc  /data/data/com.giant.brizzle/lib/libcocos2dcpp.so
01-03 15:29:41.190 I/DEBUG   (13163):     bef3f574  00000000
01-03 15:29:41.190 I/DEBUG   (13163):     bef3f578  bef3f58c  [stack]
01-03 15:29:41.190 I/DEBUG   (13163):     bef3f57c  522bf9f8  /data/data/com.giant.brizzle/lib/libcocos2dcpp.so
01-03 15:29:41.190 I/DEBUG   (13163):     bef3f580  00000000
01-03 15:29:41.200 I/DEBUG   (13163):     bef3f584  00dd9c90  [heap]
01-03 15:29:41.200 I/DEBUG   (13163):     bef3f588  df0027ad
01-03 15:29:41.200 I/DEBUG   (13163):     bef3f58c  00000000
01-03 15:29:41.200 I/DEBUG   (13163): #00 bef3f590  4bde7a18  /dev/ashmem/dalvik-LinearAlloc (deleted)
01-03 15:29:41.200 I/DEBUG   (13163):     bef3f594  00000000
01-03 15:29:41.200 I/DEBUG   (13163):     bef3f598  52551b48  /data/data/com.giant.brizzle/lib/libcocos2dcpp.so
01-03 15:29:41.210 I/DEBUG   (13163):     bef3f59c  00db7748  [heap]
01-03 15:29:41.210 I/DEBUG   (13163):     bef3f5a0  00000050
01-03 15:29:41.210 I/DEBUG   (13163):     bef3f5a4  00dbe250  [heap]
01-03 15:29:41.210 I/DEBUG   (13163):     bef3f5a8  00d03528  [heap]
01-03 15:29:41.210 I/DEBUG   (13163):     bef3f5ac  00dbe250  [heap]
01-03 15:29:41.210 I/DEBUG   (13163):     bef3f5b0  00000050
01-03 15:29:41.210 I/DEBUG   (13163):     bef3f5b4  4c0d0f68  /dev/ashmem/dalvik-LinearAlloc (deleted)
01-03 15:29:41.210 I/DEBUG   (13163):     bef3f5b8  bef3f5cc  [stack]
01-03 15:29:41.210 I/DEBUG   (13163):     bef3f5bc  520ec0d4  /data/data/com.giant.brizzle/lib/libcocos2dcpp.so
01-03 15:29:41.210 I/DEBUG   (13163): #01 bef3f5c0  40da30f0  /dev/ashmem/dalvik-heap (deleted)
01-03 15:29:41.210 I/DEBUG   (13163):     bef3f5c4  0064d6d8  [heap]
01-03 15:29:41.210 I/DEBUG   (13163):     bef3f5c8  bef3f5e4  [stack]
01-03 15:29:41.220 I/DEBUG   (13163):     bef3f5cc  4088fcf4  /system/lib/libdvm.so
01-03 15:29:41.330 D/ConnCtl (10001): Dormancy countdown sec:11
01-03 15:29:42.331 D/ConnCtl (10001): Dormancy countdown sec:10
01-03 15:29:43.102 D/WifiStateMachine(14482): fetchRssiAndLinkSpeedNative RSSI = -52
01-03 15:29:43.332 D/ConnCtl (10001): Dormancy countdown sec:9
01-03 15:29:44.343 D/ConnCtl (10001): Dormancy countdown sec:8
01-03 15:29:44.524 D/AndroidRuntime(10048):
01-03 15:29:44.524 D/AndroidRuntime(10048): >>>>>> AndroidRuntime START com.android.internal.os.RuntimeInit <<<<<<
01-03 15:29:44.524 D/AndroidRuntime(10048): CheckJNI is OFF
01-03 15:29:45.344 D/ConnCtl (10001): Dormancy countdown sec:7
01-03 15:29:46.025 D/AndroidRuntime(10048): Calling main entry com.android.commands.am.Am
01-03 15:29:46.075 I/iTestin (10018): recv broadcast>>>itestin.service.CMD_LOG
01-03 15:29:46.085 D/AndroidRuntime(10048): Shutting down VM
01-03 15:29:46.085 I/TestinExternalLog(10018): <<<<<<< Capturing image (13) >>>>>>>
01-03 15:29:46.105 I/AndroidRuntime(10048): NOTE: attach of thread 'Binder Thread #3' failed
01-03 15:29:46.105 D/dalvikvm(10048): GC_CONCURRENT freed 102K, 71% free 613K/2048K, paused 0ms+8ms
01-03 15:29:46.105 D/WifiStateMachine(14482): fetchRssiAndLinkSpeedNative RSSI = -52
01-03 15:29:46.345 D/ConnCtl (10001): Dormancy countdown sec:6
01-03 15:29:46.616 D/dalvikvm( 9716): GC_CONCURRENT freed 1823K, 36% free 3601K/5603K, paused 7ms+3ms
01-03 15:29:47.086 D/dalvikvm( 9716): GC_CONCURRENT freed 1845K, 36% free 3598K/5603K, paused 3ms+18ms
01-03 15:29:47.346 D/ConnCtl (10001): Dormancy countdown sec:5
01-03 15:29:47.537 I/ActivityManager(14482): Start proc com.smithmicro.DM for service com.smithmicro.DM/.DMServiceApp: pid=10059 uid=10027 gids={3003, 1015}
01-03 15:29:47.677 D/dalvikvm( 9716): GC_CONCURRENT freed 1817K, 36% free 3623K/5603K, paused 3ms+8ms
01-03 15:29:47.737 I/PowerManagerService-JNI(14482): [Stability] PowerManagerService_userActivity JNI pass power key event to PowerManagerService userActivity()
01-03 15:29:47.957 D/OMC     (10059): Library already present
01-03 15:29:48.017 I/OMC     (10059): Trying to load /data/data/com.smithmicro.DM/libomc_cmcc.so
01-03 15:29:48.227 I/OMC     (10059): Log Mode :true
01-03 15:29:48.237 I/OMC     (10059): DM Service : onCreate
01-03 15:29:48.237 I/OMC     (10059): Save Log Mode :false
01-03 15:29:48.257 I/OMC     (10059): SD state is mounted
01-03 15:29:48.267 I/OMC     (10059): log level: 6 save_log: 0
01-03 15:29:48.357 D/ConnCtl (10001): Dormancy countdown sec:4
01-03 15:29:48.417 I/HtcDmService(10001): onBind
01-03 15:29:48.417 I/HtcDmService(10001): return Binder.
01-03 15:29:48.447 I/OMC     (10059): DM Service : DMLib connected android.os.BinderProxy@40daf988
01-03 15:29:48.527 W/HTCLoad (10059): HTC_LoadSymbols: func=4cb34461
01-03 15:29:48.678 D/OMC     (10059): onCallStateChanged() 0
01-03 15:29:49.108 D/WifiStateMachine(14482): fetchRssiAndLinkSpeedNative RSSI = -53
01-03 15:29:49.358 D/ConnCtl (10001): Dormancy countdown sec:3
01-03 15:29:49.869 D/lights  (14482): [LedInfo] write attr ok name=/sys/class/leds/amber/brightness string=0,len=1
01-03 15:29:49.869 D/lights  (14482): [LedInfo] write attr ok name=/sys/class/leds/amber/blink string=0,len=1
01-03 15:29:49.869 D/lights  (14482): [LedInfo] write attr ok name=/sys/class/leds/amber/off_timer string=0 0,len=3
01-03 15:29:49.869 D/lights  (14482): [LedInfo] write attr ok name=/sys/class/leds/green/brightness string=1,len=1
01-03 15:29:49.869 D/lights  (14482): [LedInfo] write attr ok name=/sys/class/leds/green/blink string=0,len=1
01-03 15:29:49.879 D/lights  (14482): [LedInfo] write attr ok name=/sys/class/leds/green/off_timer string=0 0,len=3
01-03 15:29:49.899 E/HtcLockScreen2.0(14482): HtcLockScreen: updateSimStatusIcon mSimState=ABSENT,mServiceStatus=1,mIsAUS=false
01-03 15:29:50.189 D/HtcLockScreen2.0(14482): HtcLockScreen: Do Hide: doHideShortcutArea mIsCMASBtn =false
01-03 15:29:50.189 I/ActivityManager(14482): Start proc com.android.htccontacts for broadcast com.android.htccontacts/.NotificationRemoveBroadcastReceiver: pid=10075 uid=10023 gids={3003, 1015}
01-03 15:29:50.239 I/ActivityManager(14482): Start proc com.htc.lockscreen for content provider com.htc.lockscreen/.ShortcutProvider: pid=10084 uid=10049 gids={}
01-03 15:29:50.269 D/MediaPlayer( 9505): reset() in
01-03 15:29:50.279 D/MediaPlayer( 9505): beats setting trigger in reset
01-03 15:29:50.279 D/MediaPlayer( 9505): beats setting  false
01-03 15:29:50.279 D/MediaPlayer( 9505): triggerBeatsLogo=false
01-03 15:29:50.289 D/WirelessDisplayService(14482): getMirrorDisplayStatus:falsecurState:1
01-03 15:29:50.289 D/AudioService(14482):  isSupport=true , sense version=4.0 , on=false , mAppPlay=false , isHeadsetPlugged=false , mBluetoothHeadsetConnected=false
01-03 15:29:50.289 D/WirelessDisplayService(14482): getMirrorDisplayStatus:falsecurState:1
01-03 15:29:50.289 D/AudioService(14482): mMirrorDisplayStatus=false , getMirrorDisplayStatus=false , mGlobalSoundEffect=800
01-03 15:29:50.289 D/WirelessDisplayService(14482): getMirrorDisplayStatus:falsecurState:1
01-03 15:29:50.289 D/WirelessDisplayService(14482): getMirrorDisplayStatus:falsecurState:1
01-03 15:29:50.289 D/MediaPlayer( 9505): reset() out
01-03 15:29:50.289 D/MediaPlayer( 9505): release() in
01-03 15:29:50.329 D/AudioService(14482): beats setting on=false isHeadsetPlugged=false isPlaying=false , beats=false
01-03 15:29:50.329 D/WirelessDisplayService(14482): getMirrorDisplayStatus:falsecurState:1
01-03 15:29:50.329 I/AudioService(14482): setBeatsNotification() NotificationOn=false, BeatsEnable=false
01-03 15:29:50.329 D/MediaPlayer( 9505): beats setting trigger in release
01-03 15:29:50.329 D/MediaPlayer( 9505): beats setting  false
01-03 15:29:50.329 D/MediaPlayer( 9505): triggerBeatsLogo=false
01-03 15:29:50.329 D/WirelessDisplayService(14482): getMirrorDisplayStatus:falsecurState:1
01-03 15:29:50.329 D/AudioService(14482):  isSupport=true , sense version=4.0 , on=false , mAppPlay=false , isHeadsetPlugged=false , mBluetoothHeadsetConnected=false
01-03 15:29:50.329 D/WirelessDisplayService(14482): getMirrorDisplayStatus:falsecurState:1
01-03 15:29:50.329 D/AudioService(14482): mMirrorDisplayStatus=false , getMirrorDisplayStatus=false , mGlobalSoundEffect=800
01-03 15:29:50.329 D/WirelessDisplayService(14482): getMirrorDisplayStatus:falsecurState:1
01-03 15:29:50.329 D/WirelessDisplayService(14482): getMirrorDisplayStatus:falsecurState:1
01-03 15:29:50.339 D/AudioService(14482): beats setting on=false isHeadsetPlugged=false isPlaying=false , beats=false
01-03 15:29:50.339 D/WirelessDisplayService(14482): getMirrorDisplayStatus:falsecurState:1
01-03 15:29:50.339 I/AudioService(14482): setBeatsNotification() NotificationOn=false, BeatsEnable=false
01-03 15:29:50.339 V/AudioService(14482): unregisterBeatsMediaClient
01-03 15:29:50.339 D/MediaPlayer( 9505): release() out
01-03 15:29:50.349 I/AudioService(14482):  AudioFocus  abandonAudioFocus() from android.media.AudioManager@40db4bb8com.htc.music.MediaPlaybackService$6@40db3088
01-03 15:29:50.369 D/ConnCtl (10001): Dormancy countdown sec:2
01-03 15:29:50.439 D/dalvikvm(14297): GC_EXPLICIT freed 37K, 26% free 2821K/3807K, paused 7ms+3ms
01-03 15:29:50.600 D/dalvikvm(14297): GC_EXPLICIT freed <1K, 26% free 2821K/3807K, paused 2ms+2ms
01-03 15:29:50.640 I/ActivityThread(10084): Pub com.htc.lockscreen.provider: com.htc.lockscreen.ShortcutProvider
01-03 15:29:50.700 D/SqliteDatabaseCpp(10084): Registering sqlite logging func: /data/data/com.htc.lockscreen/databases/shortcut.db
01-03 15:29:50.700 D/SqliteDatabaseCpp(10084): DB info: open db, path = /data/data/com.htc.lockscreen/databases , key = w`kvtgut, flag = 6, file size = 5120
01-03 15:29:50.780 D/dalvikvm(14297): GC_EXPLICIT freed <1K, 26% free 2821K/3807K, paused 12ms+17ms
01-03 15:29:50.810 D/SqliteDatabaseCpp(10084): DB info: path = /data/data/com.htc.lockscreen/databases , key = w`kvtgut, handle: 0xce5ac0, type: w, r/w: (0,1), mode: truncate, disk free size: 641 M
01-03 15:29:50.910 V/PeopleApp(10075): PeopleApp constructed: com.android.htccontacts.PeopleApp@40db1590
01-03 15:29:50.910 I/ActivityThread(10075): Pub com.android.htccontacts.TabProvider: com.android.htccontacts.TabProvider
01-03 15:29:51.380 D/ConnCtl (10001): Dormancy countdown sec:1
01-03 15:29:51.390 V/PeopleApp(10075): PeopleApp created done: com.android.htccontacts.PeopleApp@40db1590
01-03 15:29:51.400 E/PeopleApp(10075): DialerService connected !
01-03 15:29:51.480 W/AudioService(14482):   RemoteControlClient died
01-03 15:29:51.480 W/AudioFlinger(14295): AudioFlinger::NotificationClient::binderDied() died
01-03 15:29:51.520 I/ActivityManager(14482): Process com.htc.music:mediaplaybackservice (pid 9505) has died.
01-03 15:29:51.691 I/BootReceiver(14482): Copying /data/tombstones/tombstone_04 to DropBox (SYSTEM_TOMBSTONE)
01-03 15:29:51.801 D/Zygote  (14297): Process 9716 terminated by signal (11)
01-03 15:29:51.841 I/PeopleApp(10075): Preload all people cursor with - displayOnlyPhones: false
01-03 15:29:51.841 W/InputDispatcher(14482): channel '41ac2c98 com.giant.brizzle/com.giant.brizzle.Brizzle (server)' ~ Consumer closed input channel or an error occurred.  events=0x8
01-03 15:29:51.841 E/InputDispatcher(14482): channel '41ac2c98 com.giant.brizzle/com.giant.brizzle.Brizzle (server)' ~ Channel is unrecoverably broken and will be disposed!
01-03 15:29:51.851 W/InputDispatcher(14482): Attempted to unregister already unregistered input channel '41ac2c98 com.giant.brizzle/com.giant.brizzle.Brizzle (server)'
01-03 15:29:51.851 I/WindowManager(14482): WINDOW DIED Window{41ac2c98 com.giant.brizzle/com.giant.brizzle.Brizzle paused=false}
01-03 15:29:51.851 W/WindowManager(14482): Force-removing child win Window{40e129e8 Panel:com.giant.brizzle/com.giant.brizzle.Brizzle paused=false} from container Window{41ac2c98 com.giant.brizzle/com.giant.brizzle.Brizzle paused=false}
01-03 15:29:51.861 W/AudioFlinger(14295): AudioFlinger::NotificationClient::binderDied() died
01-03 15:29:51.871 W/WindowManager(14482): Force-removing child win Window{4219a6d8 SurfaceView paused=false} from container Window{41ac2c98 com.giant.brizzle/com.giant.brizzle.Brizzle paused=false}
01-03 15:29:51.871 I/ActivityManager(14482): Process com.giant.brizzle (pid 9716) has died.
01-03 15:29:51.871 W/ActivityManager(14482): Force removing ActivityRecord{41e330a8 com.giant.brizzle/.Brizzle}: app died, no saved state
01-03 15:29:51.881 W/InputDispatcher(14482): channel '42157bc0 com.giant.brizzle/com.google.ads.AdActivity (server)' ~ Consumer closed input channel or an error occurred.  events=0x8
01-03 15:29:51.881 E/InputDispatcher(14482): channel '42157bc0 com.giant.brizzle/com.google.ads.AdActivity (server)' ~ Channel is unrecoverably broken and will be disposed!
01-03 15:29:51.891 V/AudioPolicyManagerBase(14295): releaseOutput() 3
01-03 15:29:51.891 D/ConnectivityService(14482): onUidRulesChanged(uid=10132, uidRules=0)
01-03 15:29:51.911 W/InputDispatcher(14482): Attempted to unregister already unregistered input channel '42157bc0 com.giant.brizzle/com.google.ads.AdActivity (server)'
01-03 15:29:51.911 W/InputDispatcher(14482): channel '41237f78 com.giant.brizzle/com.giant.brizzle.Brizzle (server)' ~ Consumer closed input channel or an error occurred.  events=0x8
01-03 15:29:51.911 E/InputDispatcher(14482): channel '41237f78 com.giant.brizzle/com.giant.brizzle.Brizzle (server)' ~ Channel is unrecoverably broken and will be disposed!
01-03 15:29:51.911 W/InputDispatcher(14482): Attempted to unregister already unregistered input channel '41237f78 com.giant.brizzle/com.giant.brizzle.Brizzle (server)'
01-03 15:29:51.911 I/WindowManager(14482): WINDOW DIED Window{42157bc0 com.giant.brizzle/com.google.ads.AdActivity paused=false}
01-03 15:29:51.911 I/WindowManager(14482): WINDOW DIED Window{41237f78 com.giant.brizzle/com.giant.brizzle.Brizzle paused=false}
01-03 15:29:51.911 W/WindowManager(14482): Force-removing child win Window{41af7950 SurfaceView paused=false} from container Window{41237f78 com.giant.brizzle/com.giant.brizzle.Brizzle paused=false}
01-03 15:29:51.911 W/ActivityManager(14482): Force removing ActivityRecord{41e88948 com.giant.brizzle/com.google.ads.AdActivity}: app died, no saved state
01-03 15:29:51.921 W/ActivityManager(14482): Crash of app com.giant.brizzle running instrumentation ComponentInfo{cn.itestin.tester/cn.itestin.tester.TestRunner}
01-03 15:29:51.921 D/memalloc( 1444): ashmem: Freeing buffer base:0x42e9d000 size:1536000 fd:33
01-03 15:29:51.921 I/ActivityManager(14482): Force stopping package com.giant.brizzle uid=10132
01-03 15:29:51.921 I/ActivityManager(14482):   Force finishing activity ActivityRecord{41236138 com.giant.brizzle/.Brizzle}
01-03 15:29:51.931 D/AndroidRuntime( 9706): Shutting down VM
01-03 15:29:51.941 I/AndroidRuntime( 9706): NOTE: attach of thread 'Binder Thread #3' failed
01-03 15:29:51.941 D/dalvikvm( 9706): GC_CONCURRENT freed 108K, 72% free 586K/2048K, paused 0ms+3ms
01-03 15:29:51.941 W/ActivityManager(14482): handleTopAppChanged(): The previous AP is died unexpectedly.
01-03 15:29:51.941 D/ConnectivityService(14482): onUidRulesChanged(uid=10023, uidRules=0)
01-03 15:29:51.991 W/WindowManager(14482): Failed looking up window
01-03 15:29:51.991 W/WindowManager(14482): java.lang.IllegalArgumentException: Requested window android.os.BinderProxy@417890e0 does not exist
01-03 15:29:51.991 W/WindowManager(14482): 	at com.android.server.wm.WindowManagerService.windowForClientLocked(WindowManagerService.java:8067)
01-03 15:29:51.991 W/WindowManager(14482): 	at com.android.server.wm.WindowManagerService.windowForClientLocked(WindowManagerService.java:8058)
