01-03 15:27:51.683 I/PowerManagerService-JNI(14482): [Stability] PowerManagerService_userActivity JNI pass power key event to PowerManagerService userActivity()
01-03 15:27:51.774 D/WifiStateMachine(14482): fetchRssiAndLinkSpeedNative RSSI = -53
01-03 15:27:51.894 I/PeopleApp( 9519): AllPeopleCursor preload completed - 1 contacts preloaded!
01-03 15:27:51.894 D/AccountTypeManager( 9519): Registering external account type=com.htc.friendstream.renrenwebplugin, packageName=com.htc.friendstream.renrenwebplugin
01-03 15:27:51.924 D/AccountTypeManager( 9519): Registering external account type=com.htc.friendstream.sinaweiboplugin, packageName=com.htc.friendstream.sinaweiboplugin
01-03 15:27:51.954 I/AccountTypeManager( 9519): Loaded meta-data for 5 account types, 1 accounts in 66ms(wall) 27ms(cpu)
01-03 15:27:51.954 D/AccountTypeManager( 9519): Registering external account type=com.htc.friendstream.renrenwebplugin, packageName=com.htc.friendstream.renrenwebplugin
01-03 15:27:51.964 D/AccountTypeManager( 9519): Registering external account type=com.htc.friendstream.sinaweiboplugin, packageName=com.htc.friendstream.sinaweiboplugin
01-03 15:27:51.974 I/AccountTypeManager( 9519): Loaded meta-data for 5 account types, 1 accounts in 25ms(wall) 15ms(cpu)
01-03 15:27:52.034 D/dalvikvm(19698): GC_CONCURRENT freed 164K, 52% free 12363K/25571K, paused 2ms+3ms
01-03 15:27:52.304 D/AndroidRuntime( 9573):
01-03 15:27:52.304 D/AndroidRuntime( 9573): >>>>>> AndroidRuntime START com.android.internal.os.RuntimeInit <<<<<<
01-03 15:27:52.304 D/AndroidRuntime( 9573): CheckJNI is OFF
01-03 15:27:52.704 D/AndroidRuntime( 9573): Calling main entry com.android.commands.input.Input
01-03 15:27:52.704 I/SendKeyEvent( 9573): 21
01-03 15:27:52.704 I/PowerManagerService-JNI(14482): [Stability] PowerManagerService_userActivity JNI pass power key event to PowerManagerService userActivity()
01-03 15:27:52.725 D/CAT     (14659): CatService: Return current sInstance
01-03 15:27:52.735 W/InputManagerService(14482): Got RemoteException sending setActive(false) notification to pid 8293 uid 10132
01-03 15:27:52.735 I/InputManagerService(14482): [startInputLocked] Enable input method client.
01-03 15:27:52.735 D/AndroidRuntime( 9573): Shutting down VM
01-03 15:27:52.745 I/AndroidRuntime( 9573): NOTE: attach of thread 'Binder Thread #3' failed
01-03 15:27:52.745 D/dalvikvm( 9573): GC_CONCURRENT freed 100K, 72% free 574K/2048K, paused 1ms+0ms
01-03 15:27:53.105 D/AndroidRuntime( 9586):
01-03 15:27:53.105 D/AndroidRuntime( 9586): >>>>>> AndroidRuntime START com.android.internal.os.RuntimeInit <<<<<<
01-03 15:27:53.105 D/AndroidRuntime( 9586): CheckJNI is OFF
01-03 15:27:53.485 D/AndroidRuntime( 9586): Calling main entry com.android.commands.input.Input
01-03 15:27:53.485 I/SendKeyEvent( 9586): 23
01-03 15:27:53.495 I/PowerManagerService-JNI(14482): [Stability] PowerManagerService_userActivity JNI pass power key event to PowerManagerService userActivity()
01-03 15:27:53.505 D/CAT     (14659): CatService: Return current sInstance
01-03 15:27:53.505 D/AndroidRuntime( 9586): Shutting down VM
01-03 15:27:53.515 D/dalvikvm( 9586): GC_CONCURRENT freed 100K, 72% free 574K/2048K, paused 0ms+1ms
01-03 15:27:53.515 I/AndroidRuntime( 9586): NOTE: attach of thread 'Binder Thread #3' failed
01-03 15:27:53.866 D/AndroidRuntime( 9599):
01-03 15:27:53.866 D/AndroidRuntime( 9599): >>>>>> AndroidRuntime START com.android.internal.os.RuntimeInit <<<<<<
01-03 15:27:53.866 D/AndroidRuntime( 9599): CheckJNI is OFF
01-03 15:27:54.256 D/AndroidRuntime( 9599): Calling main entry com.android.commands.input.Input
01-03 15:27:54.256 I/SendKeyEvent( 9599): 3
01-03 15:27:54.266 I/PowerManagerService-JNI(14482): [Stability] PowerManagerService_userActivity JNI pass power key event to PowerManagerService userActivity()
01-03 15:27:54.266 D/CAT     (14659): CatService: Return current sInstance
01-03 15:27:54.286 W/CpuWake (14482): >>acquireCpuPerfWakeLock!
01-03 15:27:54.286 W/CpuWake (14482): <<acquireCpuPerfWakeLock!
01-03 15:27:54.286 I/ActivityManager(14482): START intent from pid 14482
01-03 15:27:54.316 I/Intent  (14482): @test_code: getHtcIntentFlag: 0 obj: 1101559112
01-03 15:27:54.326 D/AndroidRuntime( 9599): Shutting down VM
01-03 15:27:54.326 D/PhotoAlbumWidgetView(19698): [onNotifyWidgetPause] notifyCause = 30
01-03 15:27:54.336 D/CAT     (14659): CatService: Return current sInstance
01-03 15:27:54.336 I/AndroidRuntime( 9599): NOTE: attach of thread 'Binder Thread #3' failed
01-03 15:27:54.336 D/dalvikvm( 9599): GC_CONCURRENT freed 100K, 72% free 574K/2048K, paused 1ms+0ms
01-03 15:27:54.346 I/CVW     (14642): Dismiss CandidateViewWindow WCLID:0
01-03 15:27:54.346 W/View    (14642): The view is not attached to a window
01-03 15:27:54.346 I/CVW     (14642): Dismiss CandidateViewWindow WCLID:1
01-03 15:27:54.346 W/View    (14642): The view is not attached to a window
01-03 15:27:54.346 I/CVW     (14642): Dismiss CandidateViewWindow WCLID:2
01-03 15:27:54.346 W/View    (14642): The view is not attached to a window
01-03 15:27:54.346 I/CVW     (14642): Dismiss CandidateViewWindow WCLID:3
01-03 15:27:54.346 W/View    (14642): The view is not attached to a window
01-03 15:27:54.356 D/CAT     (14659): CatService: Return current sInstance
01-03 15:27:54.356 I/CEZSipView(14642): [notify]ACTION_SIP_UPDATE_STATUS startinput, next_prediction
01-03 15:27:54.416 D/dalvikvm(14555): GC_EXPLICIT freed 1K, 59% free 16376K/39523K, paused 3ms+4ms
01-03 15:27:54.436 D/TileRenderer(19698): glEndTilingQCOM: 0x502
01-03 15:27:54.716 D/TileRenderer(19698): glEndTilingQCOM: 0x502
01-03 15:27:54.777 D/WifiStateMachine(14482): fetchRssiAndLinkSpeedNative RSSI = -53
01-03 15:27:54.807 D/AndroidRuntime( 9612):
01-03 15:27:54.807 D/AndroidRuntime( 9612): >>>>>> AndroidRuntime START com.android.internal.os.RuntimeInit <<<<<<
01-03 15:27:54.807 D/AndroidRuntime( 9612): CheckJNI is OFF
01-03 15:27:55.447 D/AndroidRuntime( 9612): Calling main entry com.android.commands.am.Am
01-03 15:27:55.467 D/AndroidRuntime( 9612): Shutting down VM
01-03 15:27:55.477 I/AndroidRuntime( 9612): NOTE: attach of thread 'Binder Thread #3' failed
01-03 15:27:55.487 D/dalvikvm( 9612): GC_CONCURRENT freed 101K, 71% free 608K/2048K, paused 0ms+4ms
01-03 15:27:56.288 W/CpuWake (14482): >>releaseCpuPerfWakeLock
01-03 15:27:56.288 W/CpuWake (14482): <<releaseCpuPerfWakeLock
01-03 15:27:56.288 I/TestinExternalLog(1): <<<<<<< Starting Package com.giant.brizzle >>>>>>>
01-03 15:27:56.859 D/AndroidRuntime( 9625):
01-03 15:27:56.859 D/AndroidRuntime( 9625): >>>>>> AndroidRuntime START com.android.internal.os.RuntimeInit <<<<<<
01-03 15:27:56.859 D/AndroidRuntime( 9625): CheckJNI is OFF
01-03 15:27:57.249 D/AndroidRuntime( 9625): Calling main entry com.android.commands.am.Am
01-03 15:27:57.259 W/CpuWake (14482): >>acquireCpuPerfWakeLock!
01-03 15:27:57.259 W/CpuWake (14482): <<acquireCpuPerfWakeLock!
01-03 15:27:57.259 I/ActivityManager(14482): START intent from pid 9625
01-03 15:27:57.269 I/Intent  (14482): @test_code: getHtcIntentFlag: 0 obj: 1095859064
01-03 15:27:57.279 D/CAT     (14659): CatService: Return current sInstance
01-03 15:27:57.289 D/ViewRootImpl(14482): @@@- disable SystemServer HW acceleration
01-03 15:27:57.329 I/Adreno200-EGLSUB( 1444): <CreateImage:893>: Android Image
01-03 15:27:57.339 I/Adreno200-EGLSUB( 1444): <GetImageAttributes:1158>: RGBX_8888
01-03 15:27:57.339 I/ActivityManager(14482): Start proc com.giant.brizzle for activity com.giant.brizzle/.Brizzle: pid=9635 uid=10132 gids={3003}
01-03 15:27:57.389 D/ConnectivityService(14482): onUidRulesChanged(uid=10132, uidRules=0)
01-03 15:27:57.419 D/OpenGLRenderer(19698): Flushing caches (mode 1)
01-03 15:27:57.539 D/dalvikvm(14555): GC_EXPLICIT freed <1K, 59% free 16375K/39523K, paused 3ms+5ms
01-03 15:27:57.539 D/OpenGLRenderer(19698): Flushing caches (mode 0)
01-03 15:27:57.549 D/memalloc(19698): /dev/pmem: Unmapping buffer base:0x55944000 size:16580608 offset:15044608
01-03 15:27:57.549 D/memalloc(19698): /dev/pmem: Unmapping buffer base:0x57495000 size:11079680 offset:9543680
01-03 15:27:57.549 D/memalloc(19698): /dev/pmem: Unmapping buffer base:0x57f26000 size:6062080 offset:4526080
01-03 15:27:57.719 D/Cocos2dxActivity( 9635): model=HTC T328t
01-03 15:27:57.719 D/Cocos2dxActivity( 9635): product=htc_primotd
01-03 15:27:57.719 D/Cocos2dxActivity( 9635): isEmulator=false
01-03 15:27:57.789 D/WifiStateMachine(14482): fetchRssiAndLinkSpeedNative RSSI = -53
01-03 15:27:57.819 D/libEGL  ( 9635): loaded /system/lib/egl/libGLES_android.so
01-03 15:27:57.829 D/libEGL  ( 9635): loaded /system/lib/egl/libEGL_adreno200.so
01-03 15:27:57.850 I/Adreno200-EGLSUB( 1444): <CreateImage:893>: Android Image
01-03 15:27:57.850 I/Adreno200-EGLSUB( 1444): <GetImageAttributes:1102>: RGBA_8888
01-03 15:27:57.850 I/ActivityManager(14482): Displayed com.giant.brizzle/.Brizzle: +568ms
01-03 15:27:57.860 D/libEGL  ( 9635): loaded /system/lib/egl/libGLESv1_CM_adreno200.so
01-03 15:27:57.860 D/AndroidRuntime( 9625): Shutting down VM
01-03 15:27:57.870 D/libEGL  ( 9635): loaded /system/lib/egl/libGLESv2_adreno200.so
01-03 15:27:57.880 I/AndroidRuntime( 9625): NOTE: attach of thread 'Binder Thread #3' failed
01-03 15:27:57.880 I/InputManagerService(14482): [unbindCurrentClientLocked] Disable input method client.
01-03 15:27:57.880 I/InputManagerService(14482): [startInputLocked] Enable input method client.
01-03 15:27:57.880 D/dalvikvm( 9625): GC_CONCURRENT freed 103K, 71% free 612K/2048K, paused 0ms+0ms
01-03 15:27:57.890 D/memalloc(14482): /dev/pmem: Unmapping buffer base:0x57b8f000 size:7598080 offset:6062080
01-03 15:27:57.890 W/InputManagerService(14482): Starting input on non-focused client com.android.internal.view.IInputMethodClient$Stub$Proxy@410eb238 (uid=9999 pid=19698)
01-03 15:27:57.910 I/Adreno200-EGLSUB( 1444): <CreateImage:893>: Android Image
01-03 15:27:57.910 I/Adreno200-EGLSUB( 1444): <GetImageAttributes:1102>: RGBA_8888
01-03 15:27:57.940 D/ConnectivityService(14482): onUidRulesChanged(uid=9999, uidRules=0)
01-03 15:27:57.950 D/OpenGLRenderer(19698): Flushing caches (mode 2)
01-03 15:27:57.960 D/OpenGLRenderer(19698): Flushing caches (mode 0)
01-03 15:27:57.960 I/Adreno200-EGLSUB( 9635): <ConfigWindowMatch:2101>: Format RGB_565.
01-03 15:27:57.970 D/ManagedEGLContext(19698): doTerminate() is called due to trimMemory
01-03 15:27:57.970 D/cocos2d-x debug info( 9635):
01-03 15:27:57.970 D/cocos2d-x debug info( 9635): <dict>
01-03 15:27:57.970 D/cocos2d-x debug info( 9635): 	cocos2d.x.version: 2.2.1
01-03 15:27:57.970 D/cocos2d-x debug info( 9635): 	cocos2d.x.compiled_with_profiler: false
01-03 15:27:57.970 D/cocos2d-x debug info( 9635): 	cocos2d.x.compiled_with_gl_state_cache: true
01-03 15:27:57.970 D/cocos2d-x debug info( 9635): 	gl.vendor: Qualcomm
01-03 15:27:57.970 D/cocos2d-x debug info( 9635): 	gl.renderer: Adreno (TM) 205
01-03 15:27:57.970 D/cocos2d-x debug info( 9635): 	gl.version: OpenGL ES 2.0 2184622
01-03 15:27:57.970 D/cocos2d-x debug info( 9635): 	gl.max_texture_size: 4096
01-03 15:27:57.970 D/cocos2d-x debug info( 9635): 	gl.max_texture_units: 20
01-03 15:27:57.970 D/cocos2d-x debug info( 9635): 	gl.supports_PVRTC: false
01-03 15:27:57.970 D/cocos2d-x debug info( 9635): 	gl.supports_NPOT: true
01-03 15:27:57.970 D/cocos2d-x debug info( 9635): 	gl.supports_BGRA8888: false
01-03 15:27:57.970 D/cocos2d-x debug info( 9635): 	gl.supports_discard_framebuffer: false
01-03 15:27:57.970 D/cocos2d-x debug info( 9635): 	gl.supports_vertex_array_object: true
01-03 15:27:57.970 D/cocos2d-x debug info( 9635): </dict>
01-03 15:27:57.970 I/TestinExternalLog(1): Displayed com.giant.brizzle/com.giant.brizzle.Brizzle: +568ms
01-03 15:27:58.270 D/cocos2d-x debug info( 9635): cocos2d: CCTextureCache: texture: cc_fps_images
01-03 15:27:58.290 D/cocos2d-x debug info( 9635): cocos2d: CCSpriteFrameCache: Trying to use file images/main_menu/main_bg_a_RETINA.png as texture
01-03 15:27:58.460 D/AndroidRuntime( 9655):
01-03 15:27:58.460 D/AndroidRuntime( 9655): >>>>>> AndroidRuntime START com.android.internal.os.RuntimeInit <<<<<<
01-03 15:27:58.460 D/AndroidRuntime( 9655): CheckJNI is OFF
01-03 15:27:58.941 D/cocos2d-x debug info( 9635): cocos2d: CCSpriteFrameCache: Trying to use file images/main_menu/main_bg_b_RETINA.png as texture
01-03 15:27:59.251 D/AndroidRuntime( 9655): Calling main entry com.android.commands.am.Am
01-03 15:27:59.261 W/CpuWake (14482): >>releaseCpuPerfWakeLock
01-03 15:27:59.261 W/CpuWake (14482): <<releaseCpuPerfWakeLock
01-03 15:27:59.281 I/iTestin ( 1119): recv broadcast>>>itestin.service.CMD_AllService
01-03 15:27:59.291 D/AndroidRuntime( 9655): Shutting down VM
01-03 15:27:59.301 I/AndroidRuntime( 9655): NOTE: attach of thread 'Binder Thread #3' failed
01-03 15:27:59.301 D/dalvikvm( 9655): GC_CONCURRENT freed 102K, 71% free 614K/2048K, paused 1ms+5ms
01-03 15:27:59.361 D/cocos2d-x debug info( 9635): cocos2d: CCSpriteFrameCache: Trying to use file images/main_menu/mainmenu_a_RETINA.png as texture
01-03 15:27:59.361 I/TestinExternalLog(1): <<<<<<< StartTest launcher Package com.giant.brizzle >>>>>>>
01-03 15:28:00.322 D/cocos2d-x debug info( 9635): cocos2d: CCSpriteFrameCache: Trying to use file images/main_menu/mainmenu_b_CN_RETINA.png as texture
01-03 15:28:00.362 I/ActivityManager(14482): Start proc android.process.media for content provider com.android.providers.media/.MediaProvider: pid=9667 uid=10028 gids={1015, 1023, 1024, 5001, 5002, 2001, 3003, 3007}
01-03 15:28:00.432 I/ActivityThread( 9667): Pub downloads: com.android.providers.downloads.DownloadProvider
01-03 15:28:00.562 I/ActivityThread( 9667): Pub drm: com.android.providers.drm.DrmProvider
01-03 15:28:00.592 I/ActivityThread( 9667): Pub media: com.android.providers.media.MediaProvider
01-03 15:28:00.592 D/SqliteDatabaseCpp( 9667): Registering sqlite logging func: /data/data/com.android.providers.downloads/databases/downloads.db
01-03 15:28:00.592 D/SqliteDatabaseCpp( 9667): DB info: open db, path = /data/data/com.android.providers.downloads/databases , key = dksjlkYdw, flag = 6, file size = 70656
01-03 15:28:00.602 D/SqliteDatabaseCpp( 9667): DB info: path = /data/data/com.android.providers.downloads/databases , key = dksjlkYdw, handle: 0xd00ad8, type: w, r/w: (0,1), mode: truncate, disk free size: 641 M
01-03 15:28:00.782 D/SqliteDatabaseCpp( 9667): DB info: open db, path = /data/data/com.android.providers.media/databases , key = eptevjYl, flag = 6, file size = 193536
01-03 15:28:00.782 D/cocos2d-x debug info( 9635): cocos2d: CCSpriteFrameCache: Trying to use file images/main_menu/mainmenu_a_CN_RETINA.png as texture
01-03 15:28:00.782 D/MediaProvider( 9667): [MediaProvider][onCreate]-
01-03 15:28:00.802 D/WifiStateMachine(14482): fetchRssiAndLinkSpeedNative RSSI = -53
01-03 15:28:00.842 I/TestinExternalLog( 1119): Mem>>>> Avalable:89816KB, com.giant.brizzle(9635) used:24966KB
01-03 15:28:01.013 D/SqliteDatabaseCpp( 9667): DB info: path = /data/data/com.android.providers.media/databases , key = eptevjYl, handle: 0xcf3940, type: w, r/w: (0,1), mode: truncate, disk free size: 641 M
01-03 15:28:01.033 I/Adreno200-EGLSUB( 1444): <CreateImage:893>: Android Image
01-03 15:28:01.033 I/Adreno200-EGLSUB( 1444): <GetImageAttributes:1088>: RGB_565
01-03 15:28:01.043 I/Adreno200-EGLSUB( 1444): <CreateImage:893>: Android Image
01-03 15:28:01.043 I/Adreno200-EGLSUB( 1444): <GetImageAttributes:1088>: RGB_565
01-03 15:28:01.043 D/SQLiteDatabase( 9667): Create pool connection
01-03 15:28:01.043 D/SqliteDatabaseCpp( 9667): DB info: open db, path = /data/data/com.android.providers.media/databases , key = eptevjYl, flag = 1, file size = 193536
01-03 15:28:01.063 I/Adreno200-EGLSUB( 1444): <CreateImage:893>: Android Image
01-03 15:28:01.063 I/Adreno200-EGLSUB( 1444): <GetImageAttributes:1088>: RGB_565
01-03 15:28:01.083 I/SqliteDatabaseCpp( 9667): sqlite returned: error code = 3850, msg = statement aborts at 1: [PRAGMA journal_mode=TRUNCATE;]
01-03 15:28:01.083 D/SqliteDatabaseCpp( 9667): DB info: path = /data/data/com.android.providers.media/databases , key = eptevjYl, handle: 0xd73b70, type: r, r/w: (1,1), mode: wal, disk free size: 641 M
01-03 15:28:01.233 D/dalvikvm(19698): GC_EXPLICIT freed 1571K, 58% free 10884K/25571K, paused 3ms+10ms
01-03 15:28:01.553 I/TestinExternalLog( 1119): Battery>>>> Temperature 24.7
01-03 15:28:01.573 D/dalvikvm( 9667): GC_CONCURRENT freed 797K, 19% free 3771K/4643K, paused 2ms+7ms
01-03 15:28:03.805 D/WifiStateMachine(14482): fetchRssiAndLinkSpeedNative RSSI = -53
01-03 15:28:04.306 D/dalvikvm( 1119): GC_CONCURRENT freed 1734K, 43% free 3170K/5475K, paused 4ms+13ms
01-03 15:28:04.436 I/TestinExternalLog( 1119): NetFlow>>>> UpFlow 51780759, DownFlow 1323153437, TotalFlow 1374934196
01-03 15:28:04.786 I/TestinExternalLog( 1119): CPU>>>> User 48%, System 20%, IOW 21%, IRQ 0%, com.giant.brizzle(9635):10%
01-03 15:28:05.667 I/ActivityManager(14482): Process com.android.settings (pid 9446) has died.
01-03 15:28:06.548 I/TestinExternalLog( 1119): Battery>>>> Temperature 24.7
01-03 15:28:06.808 D/WifiStateMachine(14482): fetchRssiAndLinkSpeedNative RSSI = -53
01-03 15:28:07.449 D/dalvikvm(19698): GC_BEFORE_OOM freed 2352K, 67% free 8532K/25571K, paused 62ms
01-03 15:28:09.811 D/WifiStateMachine(14482): fetchRssiAndLinkSpeedNative RSSI = -52
01-03 15:28:09.951 I/TestinExternalLog( 1119): Mem>>>> Avalable:99960KB, com.giant.brizzle(9635) used:26079KB
01-03 15:28:10.252 I/TestinExternalLog( 1119): NetFlow>>>> UpFlow 51780759, DownFlow 1323153437, TotalFlow 1374934196
01-03 15:28:11.563 I/TestinExternalLog( 1119): Battery>>>> Temperature 24.7
01-03 15:28:12.824 D/WifiStateMachine(14482): fetchRssiAndLinkSpeedNative RSSI = -53
01-03 15:28:13.705 I/TestinExternalLog( 1119): CPU>>>> User 17%, System 13%, IOW 50%, IRQ 0%, com.giant.brizzle(9635):8%
01-03 15:28:15.307 D/AndroidRuntime( 9693):
01-03 15:28:15.307 D/AndroidRuntime( 9693): >>>>>> AndroidRuntime START com.android.internal.os.RuntimeInit <<<<<<
01-03 15:28:15.307 D/AndroidRuntime( 9693): CheckJNI is OFF
01-03 15:28:15.827 D/WifiStateMachine(14482): fetchRssiAndLinkSpeedNative RSSI = -52
01-03 15:28:15.957 D/AndroidRuntime( 9693): Calling main entry com.android.commands.am.Am
01-03 15:28:15.987 I/iTestin ( 1119): recv broadcast>>>itestin.service.CMD_LOG
01-03 15:28:15.997 I/TestinExternalLog( 1119): <<<<<<< Capturing image (1) >>>>>>>
01-03 15:28:15.997 D/AndroidRuntime( 9693): Shutting down VM
01-03 15:28:16.007 I/AndroidRuntime( 9693): NOTE: attach of thread 'Binder Thread #3' failed
01-03 15:28:16.007 D/dalvikvm( 9693): GC_CONCURRENT freed 102K, 71% free 613K/2048K, paused 0ms+0ms
01-03 15:28:16.007 I/TestinExternalLog(1): <<<<<<< StopTest launcher Package com.giant.brizzle >>>>>>>
01-03 15:28:16.007 I/TestinExternalLog(1): <<<<<<< StartTest ui Package com.giant.brizzle >>>>>>>
01-03 15:28:16.478 D/AndroidRuntime( 9706):
01-03 15:28:16.478 D/AndroidRuntime( 9706): >>>>>> AndroidRuntime START com.android.internal.os.RuntimeInit <<<<<<
01-03 15:28:16.478 D/AndroidRuntime( 9706): CheckJNI is OFF
01-03 15:28:16.568 I/TestinExternalLog( 1119): Battery>>>> Temperature 24.7
01-03 15:28:17.138 D/AndroidRuntime( 9706): Calling main entry com.android.commands.am.Am
01-03 15:28:17.168 I/ActivityManager(14482): Force stopping package com.giant.brizzle uid=10132
01-03 15:28:17.168 I/ActivityManager(14482): Killing proc 9635:com.giant.brizzle/10132: force stop
01-03 15:28:17.168 D/ConnectivityService(14482): onUidRulesChanged(uid=10132, uidRules=0)
01-03 15:28:17.168 W/ActivityManager(14482): Force removing ActivityRecord{412038d0 com.giant.brizzle/.Brizzle}: app died, no saved state
01-03 15:28:17.178 D/Process (14482): killProcessQuiet, pid=9635
01-03 15:28:17.188 D/SensorService(14482): enable: get sensor name = BMA250 3-axis Accelerometer
01-03 15:28:17.188 D/Sensors (14482): Enable G-Sensor: en = 1
01-03 15:28:17.198 D/Sensors (14482): mEnabled = 0x1
01-03 15:28:17.218 D/Sensors (14482): /data/misc/AccPrmsF.ini does not exist
01-03 15:28:17.218 D/SensorService(14482): SensorDevice::activate--: handle = 0x0, enabled = 0x1
01-03 15:28:17.218 D/SensorService(14482): pid=14482, uid=1000
01-03 15:28:17.228 D/Process (14482): dalvik.system.VMStack.getThreadStackTrace(Native Method)
01-03 15:28:17.228 D/Process (14482): java.lang.Thread.getStackTrace(Thread.java:599)
01-03 15:28:17.228 D/Process (14482): android.os.Process.killProcessQuiet(Process.java:837)
01-03 15:28:17.228 D/Process (14482): com.android.server.am.ActivityManagerService.removeProcessLocked(ActivityManagerService.java:4083)
01-03 15:28:17.228 D/Process (14482): com.android.server.am.ActivityManagerService.killPackageProcessesLocked(ActivityManagerService.java:3926)
01-03 15:28:17.228 D/Process (14482): com.android.server.am.ActivityManagerService.forceStopPackageLocked(ActivityManagerService.java:3956)
01-03 15:28:17.228 D/Process (14482): com.android.server.am.ActivityManagerService.startInstrumentation(ActivityManagerService.java:14283)
01-03 15:28:17.228 D/Process (14482): android.app.ActivityManagerNative.onTransact(ActivityManagerNative.java:736)
01-03 15:28:17.228 D/Process (14482): com.android.server.am.ActivityManagerService.onTransact(ActivityManagerService.java:1739)
01-03 15:28:17.228 D/Process (14482): android.os.Binder.execTransact(Binder.java:338)
01-03 15:28:17.228 D/Process (14482): dalvik.system.NativeStart.run(Native Method)
01-03 15:28:17.238 W/ActivityManager(14482): handleTopAppChanged(): The previous AP is died unexpectedly.
01-03 15:28:17.248 D/SensorService(14482): disable: get sensor name = BMA250 3-axis Accelerometer
01-03 15:28:17.248 D/ConnectivityService(14482): onUidRulesChanged(uid=9999, uidRules=0)
01-03 15:28:17.248 D/Sensors (14482): Enable G-Sensor: en = 0
01-03 15:28:17.248 D/Sensors (14482): mEnabled = 0x0
01-03 15:28:17.248 D/Sensors (14482): /data/misc/AccPrmsF.ini does not exist
01-03 15:28:17.258 D/SensorService(14482): SensorDevice::activate--: handle = 0x0, enabled = 0x0
01-03 15:28:17.258 D/SensorService(14482): pid=14482, uid=1000
01-03 15:28:17.278 I/ActivityManager(14482): Start proc com.giant.brizzle for added application com.giant.brizzle: pid=9716 uid=10132 gids={3003}
01-03 15:28:17.278 I/WindowManager(14482): WIN DEATH: Window{414c0238 com.giant.brizzle/com.giant.brizzle.Brizzle paused=false}
01-03 15:28:17.278 W/WindowManager(14482): Force-removing child win Window{414fa120 SurfaceView paused=false} from container Window{414c0238 com.giant.brizzle/com.giant.brizzle.Brizzle paused=false}
01-03 15:28:17.298 W/WindowManager(14482): Failed looking up window
01-03 15:28:17.298 W/WindowManager(14482): java.lang.IllegalArgumentException: Requested window android.os.BinderProxy@41226930 does not exist
01-03 15:28:17.298 W/WindowManager(14482): 	at com.android.server.wm.WindowManagerService.windowForClientLocked(WindowManagerService.java:8067)
01-03 15:28:17.298 W/WindowManager(14482): 	at com.android.server.wm.WindowManagerService.windowForClientLocked(WindowManagerService.java:8058)
01-03 15:28:17.298 W/WindowManager(14482): 	at com.android.server.wm.WindowState$DeathRecipient.binderDied(WindowState.java:1613)
01-03 15:28:17.298 W/WindowManager(14482): 	at android.os.BinderProxy.sendDeathNotice(Binder.java:417)
01-03 15:28:17.298 W/WindowManager(14482): 	at dalvik.system.NativeStart.run(Native Method)
01-03 15:28:17.298 I/WindowManager(14482): WIN DEATH: null
01-03 15:28:17.329 D/CAT     (14659): CatService: Return current sInstance
01-03 15:28:17.379 I/Adreno200-EGLSUB(19698): <ConfigWindowMatch:2078>: Format RGBA_8888.
01-03 15:28:17.499 I/TestRunner( 9716): started: test1(a.ApiTestCase)
01-03 15:28:17.499 I/Intent  (14482): @test_code: getHtcIntentFlag: 0 obj: 1092837016
01-03 15:28:17.499 W/CpuWake (14482): >>acquireCpuPerfWakeLock!
01-03 15:28:17.499 W/CpuWake (14482): <<acquireCpuPerfWakeLock!
01-03 15:28:17.499 I/ActivityManager(14482): START intent from pid 9716
01-03 15:28:17.509 D/ViewRootImpl(14482): @@@- disable SystemServer HW acceleration
01-03 15:28:17.529 I/TestinExternalLog( 1119): NetFlow>>>> UpFlow 51780759, DownFlow 1323153437, TotalFlow 1374934196
01-03 15:28:17.529 I/Adreno200-EGLSUB( 1444): <CreateImage:893>: Android Image
01-03 15:28:17.529 I/Adreno200-EGLSUB( 1444): <GetImageAttributes:1158>: RGBX_8888
01-03 15:28:17.739 D/OpenGLRenderer(19698): updateVerticesTiles
01-03 15:28:17.829 D/skia    (19698): Decode special JPEG file
01-03 15:28:17.879 D/skia    (19698): Decode special JPEG file
01-03 15:28:17.919 D/skia    (19698): Decode special JPEG file
01-03 15:28:17.929 D/skia    (19698): Decode special JPEG file
01-03 15:28:17.949 D/OpenGLRenderer(19698): updateVerticesTiles
01-03 15:28:17.949 D/OpenGLRenderer(19698): updateVerticesTiles
01-03 15:28:17.959 D/skia    (19698): Decode special JPEG file
01-03 15:28:17.969 D/OpenGLRenderer(19698): updateVerticesTiles
01-03 15:28:17.989 D/OpenGLRenderer(19698): updateVerticesTiles
01-03 15:28:17.999 D/skia    (19698): Decode special JPEG file
01-03 15:28:18.019 W/ActivityManager(14482): Activity pause timeout for ActivityRecord{40fdd260 com.htc.launcher/.Launcher}
01-03 15:28:18.029 D/ConnectivityService(14482): onUidRulesChanged(uid=10132, uidRules=0)
01-03 15:28:18.049 D/OpenGLRenderer(19698): updateVerticesTiles
01-03 15:28:18.069 D/Cocos2dxActivity( 9716): model=HTC T328t
01-03 15:28:18.069 D/Cocos2dxActivity( 9716): product=htc_primotd
01-03 15:28:18.069 D/Cocos2dxActivity( 9716): isEmulator=false
01-03 15:28:18.149 D/libEGL  ( 9716): loaded /system/lib/egl/libGLES_android.so
01-03 15:28:18.179 D/libEGL  ( 9716): loaded /system/lib/egl/libEGL_adreno200.so
01-03 15:28:18.189 D/libEGL  ( 9716): loaded /system/lib/egl/libGLESv1_CM_adreno200.so
01-03 15:28:18.189 D/libEGL  ( 9716): loaded /system/lib/egl/libGLESv2_adreno200.so
01-03 15:28:18.209 I/Adreno200-EGLSUB( 1444): <CreateImage:893>: Android Image
01-03 15:28:18.209 I/Adreno200-EGLSUB( 1444): <GetImageAttributes:1102>: RGBA_8888
01-03 15:28:18.219 I/ActivityManager(14482): Displayed com.giant.brizzle/.Brizzle: +191ms
01-03 15:28:18.229 W/InputManagerService(14482): Got RemoteException sending setActive(false) notification to pid 9635 uid 10132
01-03 15:28:18.229 I/InputManagerService(14482): [startInputLocked] Enable input method client.
01-03 15:28:18.239 D/memalloc(14482): /dev/pmem: Unmapping buffer base:0x57b8f000 size:11079680 offset:9543680
01-03 15:28:18.269 I/Adreno200-EGLSUB( 1444): <CreateImage:893>: Android Image
01-03 15:28:18.269 I/Adreno200-EGLSUB( 1444): <GetImageAttributes:1102>: RGBA_8888
01-03 15:28:18.269 I/Adreno200-EGLSUB( 9716): <ConfigWindowMatch:2101>: Format RGB_565.
01-03 15:28:18.319 D/cocos2d-x debug info( 9716):
01-03 15:28:18.319 D/cocos2d-x debug info( 9716): <dict>
01-03 15:28:18.319 D/cocos2d-x debug info( 9716): 	cocos2d.x.version: 2.2.1
01-03 15:28:18.319 D/cocos2d-x debug info( 9716): 	cocos2d.x.compiled_with_profiler: false
01-03 15:28:18.319 D/cocos2d-x debug info( 9716): 	cocos2d.x.compiled_with_gl_state_cache: true
01-03 15:28:18.319 D/cocos2d-x debug info( 9716): 	gl.vendor: Qualcomm
01-03 15:28:18.319 D/cocos2d-x debug info( 9716): 	gl.renderer: Adreno (TM) 205
01-03 15:28:18.319 D/cocos2d-x debug info( 9716): 	gl.version: OpenGL ES 2.0 2184622
01-03 15:28:18.319 D/cocos2d-x debug info( 9716): 	gl.max_texture_size: 4096
01-03 15:28:18.319 D/cocos2d-x debug info( 9716): 	gl.max_texture_units: 20
01-03 15:28:18.319 D/cocos2d-x debug info( 9716): 	gl.supports_PVRTC: false
01-03 15:28:18.319 D/cocos2d-x debug info( 9716): 	gl.supports_NPOT: true
01-03 15:28:18.319 D/cocos2d-x debug info( 9716): 	gl.supports_BGRA8888: false
01-03 15:28:18.319 D/cocos2d-x debug info( 9716): 	gl.supports_discard_framebuffer: false
01-03 15:28:18.319 D/cocos2d-x debug info( 9716): 	gl.supports_vertex_array_object: true
01-03 15:28:18.319 D/cocos2d-x debug info( 9716): </dict>
01-03 15:28:18.730 D/cocos2d-x debug info( 9716): cocos2d: CCTextureCache: texture: cc_fps_images
01-03 15:28:18.740 D/cocos2d-x debug info( 9716): cocos2d: CCSpriteFrameCache: Trying to use file images/main_menu/main_bg_a_RETINA.png as texture
01-03 15:28:18.770 D/AndroidRuntime( 9737):
01-03 15:28:18.770 D/AndroidRuntime( 9737): >>>>>> AndroidRuntime START com.android.internal.os.RuntimeInit <<<<<<
01-03 15:28:18.780 D/AndroidRuntime( 9737): CheckJNI is OFF
01-03 15:28:18.830 D/WifiStateMachine(14482): fetchRssiAndLinkSpeedNative RSSI = -53
01-03 15:28:19.070 D/BatteryService(14482): updateBatteryStats ======================================
01-03 15:28:19.090 D/PackageManager(14482): Failed to get PackageInfo!, pkg:com.htc.demoflorebooter, flags:1
01-03 15:28:19.090 D/StatusBar.BatteryController(14555): updateBattery level=100 icon=17302774 status=5
01-03 15:28:19.090 D/StatusBar.BatteryController(14555): updateBattery java.util.MissingFormatArgumentException: Format specifier: 。
01-03 15:28:19.100 D/HtcPowerSaver(14482): Recived battery changed intent.
01-03 15:28:19.100 D/UsbnetService(14482): BroadcastReceiver::onReceive+
01-03 15:28:19.100 D/UsbnetService(14482): onReceive BATTERY_CHANGED
01-03 15:28:19.100 D/UsbnetService(14482):  --> pluggedType = 2, mPluggedType = 0, mScreenOff = false
01-03 15:28:19.100 D/UsbnetService(14482): BroadcastReceiver::onReceive-
01-03 15:28:19.100 D/PowerUI (14555): closing low battery warning: level=100
01-03 15:28:19.100 D/PowerUI (14555): plugged = true, health = 2, mBatteryLevel = 100, mPluggedBatteryLevel = 100, mLowBatteryWarningLevel2 = 25, mshowLowChargingWarning2 = true
01-03 15:28:19.110 D/HtcPowerSaver(14482): Checking...
01-03 15:28:19.110 I/HtcPowerSaver(14482): >> updateStatus
01-03 15:28:19.110 D/WifiService(14482): ACTION_BATTERY_CHANGED pluggedType: 2
01-03 15:28:19.110 D/PowerManagerService(14482): runHtcPowerSaverCheck ======================================
01-03 15:28:19.140 I/HtcPowerSaver(14482): currentStatus=8000, currentLevel=100, enableLevel=20, enable=false, popDialog=false, statusChangeTo=-1
01-03 15:28:19.140 I/HtcPowerSaver(14482): << updateStatus
01-03 15:28:19.501 W/CpuWake (14482): >>releaseCpuPerfWakeLock
01-03 15:28:19.501 W/CpuWake (14482): <<releaseCpuPerfWakeLock
01-03 15:28:19.511 I/TestinExternalLog( 1119): Mem>>>> Avalable:85896KB, com.giant.brizzle(9716) used:16730KB
01-03 15:28:19.521 D/cocos2d-x debug info( 9716): cocos2d: CCSpriteFrameCache: Trying to use file images/main_menu/main_bg_b_RETINA.png as texture
01-03 15:28:19.911 D/AndroidRuntime( 9737): Calling main entry com.android.commands.am.Am
01-03 15:28:19.911 D/cocos2d-x debug info( 9716): cocos2d: CCSpriteFrameCache: Trying to use file images/main_menu/mainmenu_a_RETINA.png as texture
01-03 15:28:19.981 I/iTestin ( 1119): recv broadcast>>>itestin.service.CMD_STARTPROCESSSTATEMONITOR
01-03 15:28:19.991 I/ActivityManager(14482): Process com.htc.lockscreen (pid 9533) has died.
01-03 15:28:20.001 D/AndroidRuntime( 9737): Shutting down VM
01-03 15:28:20.011 I/AndroidRuntime( 9737): NOTE: attach of thread 'Binder Thread #3' failed
01-03 15:28:20.011 D/dalvikvm( 9737): GC_CONCURRENT freed 103K, 71% free 614K/2048K, paused 1ms+3ms
01-03 15:28:20.291 I/TestinExternalLog( 1119): <<<<<<< StartApp >>>>>>>
01-03 15:28:20.321 D/cocos2d-x debug info( 9716): cocos2d: CCSpriteFrameCache: Trying to use file images/main_menu/mainmenu_b_CN_RETINA.png as texture
01-03 15:28:20.371 I/TestinExternalLog( 1119): <<<<<<< com.giant.brizzle(9716) >>>>>>>
01-03 15:28:20.492 D/cocos2d-x debug info( 9716): cocos2d: CCSpriteFrameCache: Trying to use file images/main_menu/mainmenu_a_CN_RETINA.png as texture
01-03 15:28:20.602 D/Device Model( 9716): HTC T328t
01-03 15:28:20.702 I/MediaPlayer( 9716): setLPAflag() in
01-03 15:28:20.702 I/MediaPlayer( 9716): mContext is null, can't getMirrorDisplayStatus!!!
01-03 15:28:20.702 I/MediaPlayer( 9716): setLPAflag() out
01-03 15:28:20.702 I/OMXCodec(14295): clip mime type 'audio/vorbis'
01-03 15:28:20.702 D/OMXCodec(14295): matchingCodecs.size = 1
01-03 15:28:20.702 I/OMXCodec(14295): Attempting to allocate OMX node 'OMX.google.vorbis.decoder'
01-03 15:28:20.712 D/OMXCodec(14295): ComponentQuirks = 0
01-03 15:28:20.712 I/OMXCodec(14295): Successfully allocated OMX node 'OMX.google.vorbis.decoder'
01-03 15:28:20.712 D/OMXCodec(14295): configureCodec protected=0
01-03 15:28:20.712 W/MediaPlayer( 9716): info/warning (1, 902)
01-03 15:28:20.712 I/MediaPlayer( 9716): Info (1,902)
01-03 15:28:20.712 D/MediaPlayer( 9716): stop() in
01-03 15:28:20.722 I/AwesomePlayer(14295): Lock success within 0 us
01-03 15:28:20.722 D/MediaPlayer( 9716): beats setting trigger in stop
01-03 15:28:20.722 D/MediaPlayer( 9716): beats setting  false
01-03 15:28:20.722 D/MediaPlayer( 9716): triggerBeatsLogo=false
01-03 15:28:20.722 D/WirelessDisplayService(14482): getMirrorDisplayStatus:falsecurState:1
01-03 15:28:20.722 D/AudioService(14482):  isSupport=true , sense version=4.0 , on=false , mAppPlay=false , isHeadsetPlugged=false , mBluetoothHeadsetConnected=false
01-03 15:28:20.722 D/WirelessDisplayService(14482): getMirrorDisplayStatus:falsecurState:1
01-03 15:28:20.722 D/AudioService(14482): mMirrorDisplayStatus=false , getMirrorDisplayStatus=false , mGlobalSoundEffect=800
01-03 15:28:20.722 D/WirelessDisplayService(14482): getMirrorDisplayStatus:falsecurState:1
01-03 15:28:20.722 D/WirelessDisplayService(14482): getMirrorDisplayStatus:falsecurState:1
01-03 15:28:20.722 D/MediaPlayer( 9716): stop() out
01-03 15:28:20.722 I/MediaPlayer( 9716): setLPAflag() in
01-03 15:28:20.732 I/MediaPlayer( 9716): mContext is null, can't getMirrorDisplayStatus!!!
01-03 15:28:20.732 I/MediaPlayer( 9716): setLPAflag() out
01-03 15:28:20.732 W/MediaPlayer( 9716): info/warning (1, 902)
01-03 15:28:20.732 I/MediaPlayer( 9716): Info (1,902)
01-03 15:28:20.732 D/MediaPlayer( 9716): start() in
01-03 15:28:20.732 D/MediaPlayer( 9716): doStart() in
01-03 15:28:20.732 D/AudioService(14482): beats setting on=false isHeadsetPlugged=false isPlaying=false , beats=false
01-03 15:28:20.732 D/WirelessDisplayService(14482): getMirrorDisplayStatus:falsecurState:1
01-03 15:28:20.732 I/AudioService(14482): setBeatsNotification() NotificationOn=false, BeatsEnable=false
01-03 15:28:20.732 D/AwesomePlayer(14295): Using PID = 9716
01-03 15:28:20.732 D/AwesomePlayer(14295): LPAPlayer get sample rate sampleRate 22050 channelCount 2 success 1
01-03 15:28:20.732 D/AwesomePlayer(14295): LPA:htc.audio.lpa.a2dp is 0
01-03 15:28:20.732 I/AwesomePlayer(14295): AudioPlayer created, Non-LPA mode mime audio/vorbis duration 0
01-03 15:28:20.732 D/OMXCodec(14295): OMXCodec::freeBuffersOnPort 1
01-03 15:28:20.742 V/AudioTrack(14295): setAuxEffectSendLevel(0.000000)
01-03 15:28:20.742 V/AudioTrack(14295): attachAuxEffect(0)
01-03 15:28:20.742 V/AudioTrack(14295): setAuxEffectSendLevel(0.000000)
01-03 15:28:20.742 V/AudioTrack(14295): start 0x18e7c78
01-03 15:28:20.742 V/AudioTrack(14295): start 0x18e7c78 before lock cblk 0x43447000
01-03 15:28:20.742 D/AudioPolicyManager(14295): startOutput() output 3, stream 3, session 426
01-03 15:28:20.742 V/AudioPolicyManagerBase(14295): changeRefCount() stream 3, count 1
01-03 15:28:20.742 D/AudioPolicyManager(14295): getDeviceForStrategy() from cache strategy 0, device 2
01-03 15:28:20.742 I/AudioPolicyManagerBase(14295): getDeviceForStrategy() selected device 2
01-03 15:28:20.742 D/AudioPolicyManager(14295): getDeviceForStrategy() from cache strategy 0, device 2
01-03 15:28:20.742 I/AudioPolicyManagerBase(14295): getDeviceForStrategy() selected device 2
01-03 15:28:20.742 D/AudioPolicyManager(14295): setOutputDevice() output 3 device 2 delayMs 0
01-03 15:28:20.742 D/AudioPolicyManager(14295): setOutputDevice() prevDevice 2
01-03 15:28:20.742 D/AudioPolicyManager(14295): setOutputDevice() prevHWDevice 2
01-03 15:28:20.742 D/AudioPolicyManager(14295): setOutputDevice() setting same device 2 or null device for output 3
01-03 15:28:20.742 D/AudioPolicyManager(14295): linearToSpecifyHtcVolume(volume:100, streamType:3, audio_devices:2)
01-03 15:28:20.742 D/MediaPlayer( 9716): beats setting trigger in start
01-03 15:28:20.742 D/MediaPlayer( 9716): beats setting  true
01-03 15:28:20.742 D/MediaPlayer( 9716): triggerBeatsLogo=true
01-03 15:28:20.742 D/WirelessDisplayService(14482): getMirrorDisplayStatus:falsecurState:1
01-03 15:28:20.742 D/AudioService(14482):  isSupport=true , sense version=4.0 , on=true , mAppPlay=false , isHeadsetPlugged=false , mBluetoothHeadsetConnected=false
01-03 15:28:20.742 D/WirelessDisplayService(14482): getMirrorDisplayStatus:falsecurState:1
01-03 15:28:20.742 D/AudioService(14482): mMirrorDisplayStatus=false , getMirrorDisplayStatus=false , mGlobalSoundEffect=800
01-03 15:28:20.742 D/WirelessDisplayService(14482): getMirrorDisplayStatus:falsecurState:1
01-03 15:28:20.742 D/MediaPlayer( 9716): doStart() out
01-03 15:28:20.742 D/MediaPlayer( 9716): [DLNA]start() out
01-03 15:28:20.742 D/WirelessDisplayService(14482): getMirrorDisplayStatus:falsecurState:1
01-03 15:28:20.742 D/AudioService(14482): beats setting on=false isHeadsetPlugged=false isPlaying=true , beats=false
01-03 15:28:20.742 D/WirelessDisplayService(14482): getMirrorDisplayStatus:falsecurState:1
01-03 15:28:20.742 I/AudioService(14482): setBeatsNotification() NotificationOn=false, BeatsEnable=false
01-03 15:28:20.762 V/AudioTrack(14295): Underrun user: 0, server: 0, flags 0003
01-03 15:28:20.762 D/        (14295): [ALT] curtemp 247 curtempstatus 0 CurrActStatus 0 mingain 14512
01-03 15:28:20.762 D/AudioHardwareMSM7X30(14295): acquire output wakelock
01-03 15:28:20.772 D/AudioHardwareMSM7X30(14295): aic3008_config (device 1, effect Original)
01-03 15:28:20.772 D/AudioHardwareMSM7X30(14295): current effect Original, new effect Playback_Speaker_Default
01-03 15:28:20.772 I/HTC Acoustic(14295): set_audio_effect: Playback_Speaker_Default
01-03 15:28:20.772 I/HTC Acoustic(14295): set_audio_effect: match with name Playback_Speaker_Default (5)
01-03 15:28:20.792 I/Adreno200-EGLSUB( 1444): <CreateImage:893>: Android Image
01-03 15:28:20.792 I/Adreno200-EGLSUB( 1444): <GetImageAttributes:1088>: RGB_565
01-03 15:28:20.802 I/Adreno200-EGLSUB( 1444): <CreateImage:893>: Android Image
01-03 15:28:20.802 I/Adreno200-EGLSUB( 1444): <GetImageAttributes:1088>: RGB_565
01-03 15:28:20.812 I/Adreno200-EGLSUB( 1444): <CreateImage:893>: Android Image
01-03 15:28:20.812 I/Adreno200-EGLSUB( 1444): <GetImageAttributes:1088>: RGB_565
01-03 15:28:20.852 I/HTC Acoustic(14295): found enabled DSP firmwares and return 0
01-03 15:28:20.852 I/AudioHardwareMSM7X30(14295): aic3008_config: sound effect (Playback_Speaker_Default)
01-03 15:28:20.852 D/AudioHardwareMSM7X30(14295): do_aic3008_control (1, 0, 0)
01-03 15:28:20.852 D/AudioHardwareMSM7X30(14295): do_aic3008_control: MODE_NORMAL
01-03 15:28:20.852 D/AudioHardwareMSM7X30(14295): do_aic3008_control: rx=PLAYBACK_SPEAKER, dual_path=0
01-03 15:28:20.852 I/AudioHardwareMSM7X30(14295): batt_temp =247
01-03 15:28:20.852 D/AudioHardwareMSM7X30(14295): do_aic3008_control: (final result) tx=23, rx=10, dual_path=0, force=0
01-03 15:28:20.852 I/AudioHardwareMSM7X30(14295): aic3008: change rx mode to 10
01-03 15:28:20.912 D/AudioHardwareMSM7X30(14295): addToTable (dec_id 5, dev_rx 6, dev_tx -1, type 1, active 1)
01-03 15:28:20.922 D/AudioHardwareMSM7X30(14295): Enable ALT for speaker
01-03 15:28:20.922 I/AudioHardwareMSM7X30(14295): batt_temp =247
01-03 15:28:20.922 D/AudioHardwareMSM7X30(14295): ALT batt temp = 247
01-03 15:28:20.922 I/HTC Acoustic(14295): update ACDB id: (tx, rx, tx_acdb, rx_acdb) = (11, 6, 0, 607)
01-03 15:28:20.922 D/AudioHardwareMSM7X30(14295): updateACDB: (6, 11, 607, 0) success!
01-03 15:28:20.932 I/AudioHardwareMSM7X30(14295): AUDIO_START: start kernel pcm_out driver.
01-03 15:28:21.032 D/skia    (19698): Decode special JPEG file
01-03 15:28:21.072 W/InputManagerService(14482): Starting input on non-focused client com.android.internal.view.IInputMethodClient$Stub$Proxy@410eb238 (uid=9999 pid=19698)
01-03 15:28:21.072 W/InputManagerService(14482): Client not active, ignoring focus gain of: com.android.internal.view.IInputMethodClient$Stub$Proxy@41184df8
01-03 15:28:21.112 D/skia    (19698): Decode special JPEG file
01-03 15:28:21.152 D/CAT     (14659): CatService: Return current sInstance
01-03 15:28:21.192 D/OpenGLRenderer(19698): Flushing caches (mode 1)
01-03 15:28:21.202 I/Adreno200-EGLSUB( 1444): <CreateImage:893>: Android Image
01-03 15:28:21.202 I/Adreno200-EGLSUB( 1444): <GetImageAttributes:1102>: RGBA_8888
01-03 15:28:21.242 D/ConnectivityService(14482): onUidRulesChanged(uid=9999, uidRules=0)
01-03 15:28:21.272 D/OpenGLRenderer(19698): Flushing caches (mode 0)
01-03 15:28:21.272 D/memalloc(19698): /dev/pmem: Unmapping buffer base:0x55944000 size:16580608 offset:15044608
01-03 15:28:21.282 D/memalloc(19698): /dev/pmem: Unmapping buffer base:0x5731e000 size:8368128 offset:6832128
01-03 15:28:21.282 D/OpenGLRenderer(19698): Flushing caches (mode 2)
01-03 15:28:21.292 D/OpenGLRenderer(19698): Flushing caches (mode 0)
01-03 15:28:21.292 D/ManagedEGLContext(19698): doTerminate() is called due to trimMemory
01-03 15:28:21.573 I/TestinExternalLog( 1119): Battery>>>> Temperature 24.7
01-03 15:28:21.813 D/dalvikvm( 9716): GC_CONCURRENT freed 1554K, 35% free 3080K/4707K, paused 2ms+2ms
01-03 15:28:21.843 D/WifiStateMachine(14482): fetchRssiAndLinkSpeedNative RSSI = -52
01-03 15:28:23.284 D/AndroidRuntime( 9759):
01-03 15:28:23.284 D/AndroidRuntime( 9759): >>>>>> AndroidRuntime START com.android.internal.os.RuntimeInit <<<<<<
01-03 15:28:23.284 D/AndroidRuntime( 9759): CheckJNI is OFF
01-03 15:28:24.025 D/AndroidRuntime( 9759): Calling main entry com.android.commands.am.Am
01-03 15:28:24.055 I/iTestin ( 1119): recv broadcast>>>itestin.service.CMD_LOG
01-03 15:28:24.065 D/AndroidRuntime( 9759): Shutting down VM
01-03 15:28:24.075 I/TestinExternalLog( 1119): <<<<<<< Capturing image (2) >>>>>>>
01-03 15:28:24.085 I/AndroidRuntime( 9759): NOTE: attach of thread 'Binder Thread #3' failed
01-03 15:28:24.085 D/dalvikvm( 9759): GC_CONCURRENT freed 102K, 71% free 613K/2048K, paused 0ms+0ms
01-03 15:28:24.455 I/TestinExternalLog( 1119): NetFlow>>>> UpFlow 51780759, DownFlow 1323153437, TotalFlow 1374934196
01-03 15:28:24.846 D/WifiStateMachine(14482): fetchRssiAndLinkSpeedNative RSSI = -53
01-03 15:28:24.856 I/TestinExternalLog( 1119): CPU>>>> User 59%, System 30%, IOW 9%, IRQ 0%, com.giant.brizzle(9716):27%
01-03 15:28:26.628 I/TestinExternalLog( 1119): Battery>>>> Temperature 24.7
01-03 15:28:27.058 D/AndroidRuntime( 9774):
01-03 15:28:27.058 D/AndroidRuntime( 9774): >>>>>> AndroidRuntime START com.android.internal.os.RuntimeInit <<<<<<
01-03 15:28:27.058 D/AndroidRuntime( 9774): CheckJNI is OFF
01-03 15:28:27.659 D/AndroidRuntime( 9774): Calling main entry com.android.commands.am.Am
01-03 15:28:27.679 I/iTestin ( 1119): recv broadcast>>>itestin.service.CMD_LOG
01-03 15:28:27.679 I/TestinExternalLog( 1119): <<<<<<< Capturing image (3) >>>>>>>
01-03 15:28:27.689 D/AndroidRuntime( 9774): Shutting down VM
01-03 15:28:27.709 I/AndroidRuntime( 9774): NOTE: attach of thread 'Binder Thread #3' failed
01-03 15:28:27.709 D/dalvikvm( 9774): GC_CONCURRENT freed 102K, 71% free 613K/2048K, paused 1ms+4ms
01-03 15:28:27.849 D/WifiStateMachine(14482): fetchRssiAndLinkSpeedNative RSSI = -53
01-03 15:28:29.300 D/dalvikvm( 9716): GC_CONCURRENT freed 1874K, 39% free 3078K/5027K, paused 2ms+4ms
01-03 15:28:29.711 D/dalvikvm( 9716): GC_CONCURRENT freed 1798K, 38% free 3123K/5027K, paused 2ms+7ms
01-03 15:28:30.021 I/TestinExternalLog( 1119): Mem>>>> Avalable:91528KB, com.giant.brizzle(9716) used:27863KB
01-03 15:28:30.341 D/dalvikvm( 1119): GC_CONCURRENT freed 1508K, 37% free 3492K/5475K, paused 6ms+24ms
01-03 15:28:30.852 D/WifiStateMachine(14482): fetchRssiAndLinkSpeedNative RSSI = -52
01-03 15:28:30.882 I/PowerManagerService-JNI(14482): [Stability] PowerManagerService_userActivity JNI pass power key event to PowerManagerService userActivity()
01-03 15:28:30.942 I/OMXCodec(14295): clip mime type 'audio/vorbis'
01-03 15:28:30.942 D/OMXCodec(14295): matchingCodecs.size = 1
01-03 15:28:30.942 I/OMXCodec(14295): Attempting to allocate OMX node 'OMX.google.vorbis.decoder'
01-03 15:28:30.942 D/OMXCodec(14295): ComponentQuirks = 0
01-03 15:28:30.942 I/OMXCodec(14295): Successfully allocated OMX node 'OMX.google.vorbis.decoder'
01-03 15:28:30.942 D/OMXCodec(14295): configureCodec protected=0
01-03 15:28:30.952 D/AwesomePlayer(14295): Using PID = 9716
01-03 15:28:30.952 D/AwesomePlayer(14295): LPAPlayer get sample rate sampleRate 44100 channelCount 1 success 1
01-03 15:28:30.952 D/AwesomePlayer(14295): LPA:htc.audio.lpa.a2dp is 0
01-03 15:28:30.952 I/AwesomePlayer(14295): AudioPlayer created, Non-LPA mode mime audio/vorbis duration 366077
01-03 15:28:30.952 D/OMXCodec(14295): OMXCodec::freeBuffersOnPort 1
01-03 15:28:30.992 I/TestinExternalLog( 1119): NetFlow>>>> UpFlow 51780759, DownFlow 1323153437, TotalFlow 1374934196
01-03 15:28:31.002 D/OMXCodec(14295): OMXCodec::freeBuffersOnPort 0
01-03 15:28:31.002 D/OMXCodec(14295): OMXCodec::freeBuffersOnPort 1
01-03 15:28:31.002 E/OMXCodec(14295): wrong state to free OMXCodec 1
01-03 15:28:31.002 V/legacy_audio_policy_hal(14295): audio_io_handle_t android_audio_legacy::ap_get_output(audio_policy*, audio_stream_type_t, uint32_t, uint32_t, uint32_t, audio_policy_output_flags_t): tid 15865
01-03 15:28:31.002 D/AudioPolicyManager(14295): getDeviceForStrategy() from cache strategy 0, device 2
01-03 15:28:31.002 V/AudioPolicyManagerBase(14295): getOutput() stream 3, samplingRate 0, format 0, channels 3, flags 0
01-03 15:28:31.002 V/AudioTrack( 9716): start 0xd965b0
01-03 15:28:31.002 V/AudioTrack( 9716): start 0xd965b0 before lock cblk 0x559e9000
01-03 15:28:31.002 D/AudioPolicyManager(14295): startOutput() output 3, stream 3, session 427
01-03 15:28:31.002 V/AudioPolicyManagerBase(14295): changeRefCount() stream 3, count 2
01-03 15:28:31.002 D/AudioPolicyManager(14295): getDeviceForStrategy() from cache strategy 0, device 2
01-03 15:28:31.002 I/AudioPolicyManagerBase(14295): getDeviceForStrategy() selected device 2
01-03 15:28:31.002 D/AudioPolicyManager(14295): getDeviceForStrategy() from cache strategy 0, device 2
01-03 15:28:31.002 I/AudioPolicyManagerBase(14295): getDeviceForStrategy() selected device 2
01-03 15:28:31.002 D/AudioPolicyManager(14295): setOutputDevice() output 3 device 2 delayMs 0
01-03 15:28:31.002 D/AudioPolicyManager(14295): setOutputDevice() prevDevice 2
01-03 15:28:31.002 D/AudioPolicyManager(14295): setOutputDevice() prevHWDevice 2
01-03 15:28:31.002 D/AudioPolicyManager(14295): setOutputDevice() setting same device 2 or null device for output 3
01-03 15:28:31.002 D/AudioPolicyManager(14295): linearToSpecifyHtcVolume(volume:100, streamType:3, audio_devices:2)
01-03 15:28:31.002 D/cocos2d-x debug info( 9716): cocos2d: CCSpriteFrameCache: removing unused frame: main_bg_c@2x.png
01-03 15:28:31.002 D/cocos2d-x debug info( 9716): cocos2d: CCSpriteFrameCache: removing unused frame: main_trees_a@2x.png
01-03 15:28:31.002 D/cocos2d-x debug info( 9716): cocos2d: CCSpriteFrameCache: removing unused frame: main_trees_b@2x.png
01-03 15:28:31.002 D/cocos2d-x debug info( 9716): cocos2d: CCSpriteFrameCache: removing unused frame: main_bg_a@2x.png
01-03 15:28:31.002 D/cocos2d-x debug info( 9716): cocos2d: CCSpriteFrameCache: removing unused frame: main_bg_b@2x.png
01-03 15:28:31.002 D/cocos2d-x debug info( 9716): cocos2d: CCSpriteFrameCache: removing unused frame: main_bg_light@2x.png
01-03 15:28:31.002 D/cocos2d-x debug info( 9716): cocos2d: CCSpriteFrameCache: removing unused frame: main_cha_blue@2x.png
01-03 15:28:31.002 D/cocos2d-x debug info( 9716): cocos2d: CCSpriteFrameCache: removing unused frame: main_cha_green@2x.png
01-03 15:28:31.002 D/cocos2d-x debug info( 9716): cocos2d: CCSpriteFrameCache: removing unused frame: main_cha_orange@2x.png
01-03 15:28:31.002 D/cocos2d-x debug info( 9716): cocos2d: CCSpriteFrameCache: removing unused frame: main_cha_pink@2x.png
01-03 15:28:31.002 D/cocos2d-x debug info( 9716): cocos2d: CCSpriteFrameCache: removing unused frame: main_cha_purple@2x.png
01-03 15:28:31.002 D/cocos2d-x debug info( 9716): cocos2d: CCSpriteFrameCache: removing unused frame: main_cha_red@2x.png
01-03 15:28:31.002 D/cocos2d-x debug info( 9716): cocos2d: CCSpriteFrameCache: removing unused frame: main_cha_white@2x.png
01-03 15:28:31.002 D/cocos2d-x debug info( 9716): cocos2d: CCSpriteFrameCache: removing unused frame: main_cha_yellow@2x.png
01-03 15:28:31.002 D/cocos2d-x debug info( 9716): cocos2d: CCSpriteFrameCache: removing unused frame: main_menu_bg@2x.png
01-03 15:28:31.002 D/cocos2d-x debug info( 9716): cocos2d: CCSpriteFrameCache: removing unused frame: main_rank_push@2x.png
01-03 15:28:31.002 D/cocos2d-x debug info( 9716): cocos2d: CCSpriteFrameCache: removing unused frame: main_rank@2x.png
01-03 15:28:31.002 D/cocos2d-x debug info( 9716): cocos2d: CCSpriteFrameCache: removing unused frame: main_title@2x.png
01-03 15:28:31.002 D/cocos2d-x debug info( 9716): cocos2d: CCSpriteFrameCache: removing unused frame: main_option_push@2x.png
01-03 15:28:31.002 D/cocos2d-x debug info( 9716): cocos2d: CCSpriteFrameCache: removing unused frame: main_option@2x.png
01-03 15:28:31.002 D/cocos2d-x debug info( 9716): cocos2d: CCSpriteFrameCache: removing unused frame: main_menu_cancel_normal_china@2x.png
01-03 15:28:31.002 D/cocos2d-x debug info( 9716): cocos2d: CCSpriteFrameCache: removing unused frame: main_menu_cancel_push_china@2x.png
01-03 15:28:31.002 D/cocos2d-x debug info( 9716): cocos2d: CCSpriteFrameCache: removing unused frame: main_menu_classic_china@2x.png
01-03 15:28:31.002 D/cocos2d-x debug info( 9716): cocos2d: CCSpriteFrameCache: removing unused frame: main_menu_classic_push_china@2x.png
01-03 15:28:31.002 D/cocos2d-x debug info( 9716): cocos2d: CCSpriteFrameCache: removing unused frame: main_menu_continue_normal_china@2x.png
01-03 15:28:31.002 D/cocos2d-x debug info( 9716): cocos2d: CCSpriteFrameCache: removing unused frame: main_menu_continue_push_china@2x.png
