01-08 11:41:00.879 E/BT_DUN  (  405): Error while opening socket!
01-08 11:41:00.879 E/BT_DUN  (  405): Error while opening socket!
01-08 11:41:00.879 E/BT_DUN  (  405): Error while opening socket!
01-08 11:41:00.879 E/BT_DUN  (  405): Error while opening socket!
01-08 11:41:00.879 E/BT_DUN  (  405): Error while opening socket!
01-08 11:41:00.879 E/BT_DUN  (  405): Error while opening socket!
01-08 11:41:00.879 E/BT_DUN  (  405): Error while opening socket!
01-08 11:41:00.879 D/BT_DUN  (  405): Ignoring event PLATFORM_EVENT_ERROR in EMB_DATA_CALL_IDLE 
01-08 11:41:00.879 D/BT_DUN  (  405): Moved to state(EMB_DATA_CALL_IDLE) 
01-08 11:41:00.879 D/BT_DUN  (  405): Ignoring event PLATFORM_EVENT_ERROR in EMB_DATA_CALL_IDLE 
01-08 11:41:00.879 D/BT_DUN  (  405): Moved to state(EMB_DATA_CALL_IDLE) 
01-08 11:41:00.879 D/BT_DUN  (  405): Ignoring event PLATFORM_EVENT_ERROR in EMB_DATA_CALL_IDLE 
01-08 11:41:00.879 D/BT_DUN  (  405): Moved to state(EMB_DATA_CALL_IDLE) 
01-08 11:41:00.879 D/BT_DUN  (  405): Ignoring event PLATFORM_EVENT_ERROR in EMB_DATA_CALL_IDLE 
01-08 11:41:00.879 D/BT_DUN  (  405): Moved to state(EMB_DATA_CALL_IDLE) 
01-08 11:41:00.879 D/BT_DUN  (  405): Ignoring event PLATFORM_EVENT_ERROR in EMB_DATA_CALL_IDLE 
01-08 11:41:00.879 D/BT_DUN  (  405): Moved to state(EMB_DATA_CALL_IDLE) 
01-08 11:41:00.879 D/BT_DUN  (  405): Ignoring event PLATFORM_EVENT_ERROR in EMB_DATA_CALL_IDLE 
01-08 11:41:00.879 D/BT_DUN  (  405): Moved to state(EMB_DATA_CALL_IDLE) 
01-08 11:41:00.879 D/BT_DUN  (  405): Ignoring event PLATFORM_EVENT_ERROR in EMB_DATA_CALL_IDLE 
01-08 11:41:00.879 D/BT_DUN  (  405): Moved to state(EMB_DATA_CALL_IDLE) 
01-08 11:41:00.949 E/BT_DUN  (  405): Error while opening socket!
01-08 11:41:00.949 D/BT_DUN  (  405): Ignoring event PLATFORM_EVENT_ERROR in EMB_DATA_CALL_IDLE 
01-08 11:41:00.949 D/BT_DUN  (  405): Moved to state(EMB_DATA_CALL_IDLE) 
01-08 11:41:00.989 E/BT_DUN  (  405): Error while opening socket!
01-08 11:41:00.989 D/BT_DUN  (  405): Ignoring event PLATFORM_EVENT_ERROR in EMB_DATA_CALL_IDLE 
01-08 11:41:00.989 D/BT_DUN  (  405): Moved to state(EMB_DATA_CALL_IDLE) 
01-08 11:41:01.089 W/AudioService(  159): stream: 3 was already muted by this client
01-08 11:41:01.129 E/BT_DUN  (  405): Error while opening socket!
01-08 11:41:01.129 D/BT_DUN  (  405): Ignoring event PLATFORM_EVENT_ERROR in EMB_DATA_CALL_IDLE 
01-08 11:41:01.129 D/BT_DUN  (  405): Moved to state(EMB_DATA_CALL_IDLE) 
01-08 11:41:01.139 E/BT_DUN  (  405): Error while opening socket!
01-08 11:41:01.139 D/BT_DUN  (  405): Ignoring event PLATFORM_EVENT_ERROR in EMB_DATA_CALL_IDLE 
01-08 11:41:01.139 D/BT_DUN  (  405): Moved to state(EMB_DATA_CALL_IDLE) 
01-08 11:41:01.209 E/BT_DUN  (  405): Error while opening socket!
01-08 11:41:01.209 D/BT_DUN  (  405): Ignoring event PLATFORM_EVENT_ERROR in EMB_DATA_CALL_IDLE 
01-08 11:41:01.209 D/BT_DUN  (  405): Moved to state(EMB_DATA_CALL_IDLE) 
01-08 11:41:01.299 E/BT_DUN  (  405): Error while opening socket!
01-08 11:41:01.299 E/BT_DUN  (  405): Error while opening socket!
01-08 11:41:01.299 E/BT_DUN  (  405): Error while opening socket!
01-08 11:41:01.299 E/BT_DUN  (  405): Error while opening socket!
01-08 11:41:01.299 E/BT_DUN  (  405): Error while opening socket!
01-08 11:41:01.299 E/BT_DUN  (  405): Error while opening socket!
01-08 11:41:01.299 E/BT_DUN  (  405): Error while opening socket!
01-08 11:41:01.309 D/BT_DUN  (  405): Ignoring event PLATFORM_EVENT_ERROR in EMB_DATA_CALL_IDLE 
01-08 11:41:01.309 D/BT_DUN  (  405): Moved to state(EMB_DATA_CALL_IDLE) 
01-08 11:41:01.309 D/BT_DUN  (  405): Ignoring event PLATFORM_EVENT_ERROR in EMB_DATA_CALL_IDLE 
01-08 11:41:01.309 D/BT_DUN  (  405): Moved to state(EMB_DATA_CALL_IDLE) 
01-08 11:41:01.309 D/BT_DUN  (  405): Ignoring event PLATFORM_EVENT_ERROR in EMB_DATA_CALL_IDLE 
01-08 11:41:01.309 D/BT_DUN  (  405): Moved to state(EMB_DATA_CALL_IDLE) 
01-08 11:41:01.309 D/BT_DUN  (  405): Ignoring event PLATFORM_EVENT_ERROR in EMB_DATA_CALL_IDLE 
01-08 11:41:01.309 D/BT_DUN  (  405): Moved to state(EMB_DATA_CALL_IDLE) 
01-08 11:41:01.309 D/BT_DUN  (  405): Ignoring event PLATFORM_EVENT_ERROR in EMB_DATA_CALL_IDLE 
01-08 11:41:01.309 D/BT_DUN  (  405): Moved to state(EMB_DATA_CALL_IDLE) 
01-08 11:41:01.309 D/BT_DUN  (  405): Ignoring event PLATFORM_EVENT_ERROR in EMB_DATA_CALL_IDLE 
01-08 11:41:01.309 D/BT_DUN  (  405): Moved to state(EMB_DATA_CALL_IDLE) 
01-08 11:41:01.309 D/BT_DUN  (  405): Ignoring event PLATFORM_EVENT_ERROR in EMB_DATA_CALL_IDLE 
01-08 11:41:01.309 D/BT_DUN  (  405): Moved to state(EMB_DATA_CALL_IDLE) 
01-08 11:41:01.309 E/BT_DUN  (  405): Error while opening socket!
01-08 11:41:01.309 E/BT_DUN  (  405): Error while opening socket!
01-08 11:41:01.309 D/BT_DUN  (  405): Ignoring event PLATFORM_EVENT_ERROR in EMB_DATA_CALL_IDLE 
01-08 11:41:01.309 D/BT_DUN  (  405): Moved to state(EMB_DATA_CALL_IDLE) 
01-08 11:41:01.309 D/BT_DUN  (  405): Ignoring event PLATFORM_EVENT_ERROR in EMB_DATA_CALL_IDLE 
01-08 11:41:01.309 D/BT_DUN  (  405): Moved to state(EMB_DATA_CALL_IDLE) 
01-08 11:41:01.329 D/WifiStateTracker(  159): handleMessage msg: 5
01-08 11:41:02.089 W/AudioService(  159): stream: 3 was already muted by this client
01-08 11:41:02.239 I/TestinExternalLog(  826): Battery>>>> Temperature 0.0
01-08 11:41:03.109 W/AudioService(  159): stream: 3 was already muted by this client
01-08 11:41:03.789 W/ResourceType( 3126): No known package when getting name for resource number 0xffffffff
01-08 11:41:03.879 W/ResourceType( 3126): No known package when getting name for resource number 0xffffffff
01-08 11:41:03.909 W/ResourceType( 3126): No known package when getting name for resource number 0xffffffff
01-08 11:41:03.919 W/ResourceType( 3126): No known package when getting name for resource number 0xffffffff
01-08 11:41:03.919 W/ResourceType( 3126): No known package when getting name for resource number 0xffffffff
01-08 11:41:03.919 W/ResourceType( 3126): No known package when getting name for resource number 0xffffffff
01-08 11:41:04.129 W/AudioService(  159): stream: 3 was already muted by this client
01-08 11:41:04.389 I/TestinExternalLog(  826): CPU>>>> User 33%, System 26%, IOW 31%, IRQ 0%, com.giant.brizzle(3126):24%
01-08 11:41:04.739 I/TestinExternalLog(  826): NetFlow>>>> UpFlow 0, DownFlow 0, TotalFlow 0
01-08 11:41:05.209 W/AudioService(  159): stream: 3 was already muted by this client
01-08 11:41:05.309 I/TestinExternalLog(  826): <<<<<<< Capturing image (2) >>>>>>>
01-08 11:41:06.219 W/AudioService(  159): stream: 3 was already muted by this client
01-08 11:41:07.219 W/AudioService(  159): stream: 3 was already muted by this client
01-08 11:41:07.249 I/TestinExternalLog(  826): Battery>>>> Temperature 0.0
01-08 11:41:07.469 I/TestinExternalLog(  826): Mem>>>> Avalable:257008KB, com.giant.brizzle(3126) used:29008KB
01-08 11:41:08.249 W/AudioService(  159): stream: 3 was already muted by this client
01-08 11:41:09.249 W/AudioService(  159): stream: 3 was already muted by this client
01-08 11:41:09.939 I/TestinExternalLog(  826): NetFlow>>>> UpFlow 0, DownFlow 0, TotalFlow 0
01-08 11:41:10.259 W/AudioService(  159): stream: 3 was already muted by this client
01-08 11:41:10.689 I/TestinExternalLog(  826): CPU>>>> User 28%, System 22%, IOW 39%, IRQ 0%, com.giant.brizzle(3126):19%
01-08 11:41:11.219 W/ResourceType( 3126): No known package when getting name for resource number 0xffffffff
01-08 11:41:11.289 W/ResourceType( 3126): No known package when getting name for resource number 0xffffffff
01-08 11:41:11.299 W/AudioService(  159): stream: 3 was already muted by this client
01-08 11:41:11.319 W/ResourceType( 3126): No known package when getting name for resource number 0xffffffff
01-08 11:41:11.489 W/ResourceType( 3126): No known package when getting name for resource number 0xffffffff
01-08 11:41:11.499 W/ResourceType( 3126): No known package when getting name for resource number 0xffffffff
01-08 11:41:11.499 W/ResourceType( 3126): No known package when getting name for resource number 0xffffffff
01-08 11:41:11.519 W/KeyCharacterMap( 3126): No keyboard for id 0
01-08 11:41:11.519 W/KeyCharacterMap( 3126): Using default keymap: /system/usr/keychars/qwerty.kcm.bin
01-08 11:41:11.759 E/BT_DUN  (  405): Error while opening socket!
01-08 11:41:11.759 D/BT_DUN  (  405): Ignoring event PLATFORM_EVENT_ERROR in EMB_DATA_CALL_IDLE 
01-08 11:41:11.759 D/BT_DUN  (  405): Moved to state(EMB_DATA_CALL_IDLE) 
01-08 11:41:11.859 D/AudioSink(   99): flush
01-08 11:41:11.859 E/BT_DUN  (  405): Error while opening socket!
01-08 11:41:11.859 D/BT_DUN  (  405): Ignoring event PLATFORM_EVENT_ERROR in EMB_DATA_CALL_IDLE 
01-08 11:41:11.859 D/BT_DUN  (  405): Moved to state(EMB_DATA_CALL_IDLE) 
01-08 11:41:11.999 E/BT_DUN  (  405): Error while opening socket!
01-08 11:41:11.999 E/BT_DUN  (  405): Error while opening socket!
01-08 11:41:11.999 E/BT_DUN  (  405): Error while opening socket!
01-08 11:41:11.999 E/BT_DUN  (  405): Error while opening socket!
01-08 11:41:11.999 E/BT_DUN  (  405): Error while opening socket!
01-08 11:41:11.999 E/BT_DUN  (  405): Error while opening socket!
01-08 11:41:11.999 E/BT_DUN  (  405): Error while opening socket!
01-08 11:41:11.999 D/BT_DUN  (  405): Ignoring event PLATFORM_EVENT_ERROR in EMB_DATA_CALL_IDLE 
01-08 11:41:11.999 D/BT_DUN  (  405): Moved to state(EMB_DATA_CALL_IDLE) 
01-08 11:41:11.999 D/BT_DUN  (  405): Ignoring event PLATFORM_EVENT_ERROR in EMB_DATA_CALL_IDLE 
01-08 11:41:11.999 D/BT_DUN  (  405): Moved to state(EMB_DATA_CALL_IDLE) 
01-08 11:41:11.999 D/BT_DUN  (  405): Ignoring event PLATFORM_EVENT_ERROR in EMB_DATA_CALL_IDLE 
01-08 11:41:11.999 D/BT_DUN  (  405): Moved to state(EMB_DATA_CALL_IDLE) 
01-08 11:41:11.999 D/BT_DUN  (  405): Ignoring event PLATFORM_EVENT_ERROR in EMB_DATA_CALL_IDLE 
01-08 11:41:11.999 D/BT_DUN  (  405): Moved to state(EMB_DATA_CALL_IDLE) 
01-08 11:41:11.999 D/BT_DUN  (  405): Ignoring event PLATFORM_EVENT_ERROR in EMB_DATA_CALL_IDLE 
01-08 11:41:11.999 D/BT_DUN  (  405): Moved to state(EMB_DATA_CALL_IDLE) 
01-08 11:41:11.999 D/BT_DUN  (  405): Ignoring event PLATFORM_EVENT_ERROR in EMB_DATA_CALL_IDLE 
01-08 11:41:11.999 D/BT_DUN  (  405): Moved to state(EMB_DATA_CALL_IDLE) 
01-08 11:41:11.999 D/BT_DUN  (  405): Ignoring event PLATFORM_EVENT_ERROR in EMB_DATA_CALL_IDLE 
01-08 11:41:11.999 D/BT_DUN  (  405): Moved to state(EMB_DATA_CALL_IDLE) 
01-08 11:41:12.009 E/BT_DUN  (  405): Error while opening socket!
01-08 11:41:12.009 D/BT_DUN  (  405): Ignoring event PLATFORM_EVENT_ERROR in EMB_DATA_CALL_IDLE 
01-08 11:41:12.009 D/BT_DUN  (  405): Moved to state(EMB_DATA_CALL_IDLE) 
01-08 11:41:12.089 E/BT_DUN  (  405): Error while opening socket!
01-08 11:41:12.089 D/BT_DUN  (  405): Ignoring event PLATFORM_EVENT_ERROR in EMB_DATA_CALL_IDLE 
01-08 11:41:12.089 D/BT_DUN  (  405): Moved to state(EMB_DATA_CALL_IDLE) 
01-08 11:41:12.159 E/BT_DUN  (  405): Error while opening socket!
01-08 11:41:12.169 D/BT_DUN  (  405): Ignoring event PLATFORM_EVENT_ERROR in EMB_DATA_CALL_IDLE 
01-08 11:41:12.169 D/BT_DUN  (  405): Moved to state(EMB_DATA_CALL_IDLE) 
01-08 11:41:12.249 I/TestinExternalLog(  826): Battery>>>> Temperature 0.0
01-08 11:41:12.309 W/AudioService(  159): stream: 3 was already muted by this client
01-08 11:41:12.359 E/BT_DUN  (  405): Error while opening socket!
01-08 11:41:12.359 D/BT_DUN  (  405): Ignoring event PLATFORM_EVENT_ERROR in EMB_DATA_CALL_IDLE 
01-08 11:41:12.359 D/BT_DUN  (  405): Moved to state(EMB_DATA_CALL_IDLE) 
01-08 11:41:12.429 E/BT_DUN  (  405): Error while opening socket!
01-08 11:41:12.429 E/BT_DUN  (  405): Error while opening socket!
01-08 11:41:12.429 E/BT_DUN  (  405): Error while opening socket!
01-08 11:41:12.429 E/BT_DUN  (  405): Error while opening socket!
01-08 11:41:12.429 E/BT_DUN  (  405): Error while opening socket!
01-08 11:41:12.429 E/BT_DUN  (  405): Error while opening socket!
01-08 11:41:12.429 E/BT_DUN  (  405): Error while opening socket!
01-08 11:41:12.429 D/BT_DUN  (  405): Ignoring event PLATFORM_EVENT_ERROR in EMB_DATA_CALL_IDLE 
01-08 11:41:12.429 D/BT_DUN  (  405): Moved to state(EMB_DATA_CALL_IDLE) 
01-08 11:41:12.429 D/BT_DUN  (  405): Ignoring event PLATFORM_EVENT_ERROR in EMB_DATA_CALL_IDLE 
01-08 11:41:12.429 D/BT_DUN  (  405): Moved to state(EMB_DATA_CALL_IDLE) 
01-08 11:41:12.429 D/BT_DUN  (  405): Ignoring event PLATFORM_EVENT_ERROR in EMB_DATA_CALL_IDLE 
01-08 11:41:12.429 D/BT_DUN  (  405): Moved to state(EMB_DATA_CALL_IDLE) 
01-08 11:41:12.429 D/BT_DUN  (  405): Ignoring event PLATFORM_EVENT_ERROR in EMB_DATA_CALL_IDLE 
01-08 11:41:12.429 D/BT_DUN  (  405): Moved to state(EMB_DATA_CALL_IDLE) 
01-08 11:41:12.429 D/BT_DUN  (  405): Ignoring event PLATFORM_EVENT_ERROR in EMB_DATA_CALL_IDLE 
01-08 11:41:12.429 D/BT_DUN  (  405): Moved to state(EMB_DATA_CALL_IDLE) 
01-08 11:41:12.429 D/BT_DUN  (  405): Ignoring event PLATFORM_EVENT_ERROR in EMB_DATA_CALL_IDLE 
01-08 11:41:12.429 D/BT_DUN  (  405): Moved to state(EMB_DATA_CALL_IDLE) 
01-08 11:41:12.429 D/BT_DUN  (  405): Ignoring event PLATFORM_EVENT_ERROR in EMB_DATA_CALL_IDLE 
01-08 11:41:12.429 D/BT_DUN  (  405): Moved to state(EMB_DATA_CALL_IDLE) 
01-08 11:41:12.519 E/BT_DUN  (  405): Error while opening socket!
01-08 11:41:12.519 D/BT_DUN  (  405): Ignoring event PLATFORM_EVENT_ERROR in EMB_DATA_CALL_IDLE 
01-08 11:41:12.519 D/BT_DUN  (  405): Moved to state(EMB_DATA_CALL_IDLE) 
01-08 11:41:12.529 E/BT_DUN  (  405): Error while opening socket!
01-08 11:41:12.529 D/BT_DUN  (  405): Ignoring event PLATFORM_EVENT_ERROR in EMB_DATA_CALL_IDLE 
01-08 11:41:12.529 D/BT_DUN  (  405): Moved to state(EMB_DATA_CALL_IDLE) 
01-08 11:41:12.549 E/BT_DUN  (  405): Error while opening socket!
01-08 11:41:12.549 D/BT_DUN  (  405): Ignoring event PLATFORM_EVENT_ERROR in EMB_DATA_CALL_IDLE 
01-08 11:41:12.549 D/BT_DUN  (  405): Moved to state(EMB_DATA_CALL_IDLE) 
01-08 11:41:12.749 I/TestinExternalLog(  826): <<<<<<< Capturing image (3) >>>>>>>
01-08 11:41:12.809 E/BT_DUN  (  405): Error while opening socket!
01-08 11:41:12.809 D/BT_DUN  (  405): Ignoring event PLATFORM_EVENT_ERROR in EMB_DATA_CALL_IDLE 
01-08 11:41:12.809 D/BT_DUN  (  405): Moved to state(EMB_DATA_CALL_IDLE) 
01-08 11:41:12.859 E/BT_DUN  (  405): Error while opening socket!
01-08 11:41:12.859 D/BT_DUN  (  405): Ignoring event PLATFORM_EVENT_ERROR in EMB_DATA_CALL_IDLE 
01-08 11:41:12.859 D/BT_DUN  (  405): Moved to state(EMB_DATA_CALL_IDLE) 
01-08 11:41:12.859 E/BT_DUN  (  405): Error while opening socket!
01-08 11:41:12.859 D/BT_DUN  (  405): Ignoring event PLATFORM_EVENT_ERROR in EMB_DATA_CALL_IDLE 
01-08 11:41:12.859 D/BT_DUN  (  405): Moved to state(EMB_DATA_CALL_IDLE) 
01-08 11:41:12.859 E/BT_DUN  (  405): Error while opening socket!
01-08 11:41:12.859 D/BT_DUN  (  405): Ignoring event PLATFORM_EVENT_ERROR in EMB_DATA_CALL_IDLE 
01-08 11:41:12.859 D/BT_DUN  (  405): Moved to state(EMB_DATA_CALL_IDLE) 
01-08 11:41:12.859 E/BT_DUN  (  405): Error while opening socket!
01-08 11:41:12.859 D/BT_DUN  (  405): Ignoring event PLATFORM_EVENT_ERROR in EMB_DATA_CALL_IDLE 
01-08 11:41:12.859 D/BT_DUN  (  405): Moved to state(EMB_DATA_CALL_IDLE) 
01-08 11:41:12.859 E/BT_DUN  (  405): Error while opening socket!
01-08 11:41:12.859 D/BT_DUN  (  405): Ignoring event PLATFORM_EVENT_ERROR in EMB_DATA_CALL_IDLE 
01-08 11:41:12.859 D/BT_DUN  (  405): Moved to state(EMB_DATA_CALL_IDLE) 
01-08 11:41:12.859 E/BT_DUN  (  405): Error while opening socket!
01-08 11:41:12.859 D/BT_DUN  (  405): Ignoring event PLATFORM_EVENT_ERROR in EMB_DATA_CALL_IDLE 
01-08 11:41:12.859 D/BT_DUN  (  405): Moved to state(EMB_DATA_CALL_IDLE) 
01-08 11:41:12.859 E/BT_DUN  (  405): Error while opening socket!
01-08 11:41:12.859 D/BT_DUN  (  405): Ignoring event PLATFORM_EVENT_ERROR in EMB_DATA_CALL_IDLE 
01-08 11:41:12.859 D/BT_DUN  (  405): Moved to state(EMB_DATA_CALL_IDLE) 
01-08 11:41:12.949 E/BT_DUN  (  405): Error while opening socket!
01-08 11:41:12.949 D/BT_DUN  (  405): Ignoring event PLATFORM_EVENT_ERROR in EMB_DATA_CALL_IDLE 
01-08 11:41:12.949 D/BT_DUN  (  405): Moved to state(EMB_DATA_CALL_IDLE) 
01-08 11:41:12.969 E/BT_DUN  (  405): Error while opening socket!
01-08 11:41:12.979 D/BT_DUN  (  405): Ignoring event PLATFORM_EVENT_ERROR in EMB_DATA_CALL_IDLE 
01-08 11:41:12.979 D/BT_DUN  (  405): Moved to state(EMB_DATA_CALL_IDLE) 
01-08 11:41:12.979 E/BT_DUN  (  405): Error while opening socket!
01-08 11:41:12.979 D/BT_DUN  (  405): Ignoring event PLATFORM_EVENT_ERROR in EMB_DATA_CALL_IDLE 
01-08 11:41:12.979 D/BT_DUN  (  405): Moved to state(EMB_DATA_CALL_IDLE) 
01-08 11:41:12.989 D/WifiStateTracker(  159): handleMessage msg: 5
01-08 11:41:13.309 W/AudioService(  159): stream: 3 was already muted by this client
01-08 11:41:13.769 I/TestinExternalLog(  826): Mem>>>> Avalable:256264KB, com.giant.brizzle(3126) used:29996KB
01-08 11:41:14.319 W/AudioService(  159): stream: 3 was already muted by this client
01-08 11:41:15.319 W/AudioService(  159): stream: 3 was already muted by this client
01-08 11:41:15.489 I/TestinExternalLog(  826): NetFlow>>>> UpFlow 0, DownFlow 0, TotalFlow 0
01-08 11:41:16.329 W/AudioService(  159): stream: 3 was already muted by this client
01-08 11:41:16.559 I/TestinExternalLog(  826): <<<<<<< Capturing image (4) >>>>>>>
01-08 11:41:16.999 I/TestinExternalLog(  826): CPU>>>> User 40%, System 31%, IOW 26%, IRQ 0%, com.giant.brizzle(3126):20%
01-08 11:41:17.249 I/TestinExternalLog(  826): Battery>>>> Temperature 0.0
01-08 11:41:17.359 W/AudioService(  159): stream: 3 was already muted by this client
01-08 11:41:17.529 W/ResourceType( 3126): No known package when getting name for resource number 0xffffffff
01-08 11:41:17.579 W/ResourceType( 3126): No known package when getting name for resource number 0xffffffff
01-08 11:41:17.599 W/ResourceType( 3126): No known package when getting name for resource number 0xffffffff
01-08 11:41:17.659 W/ResourceType( 3126): No known package when getting name for resource number 0xffffffff
01-08 11:41:17.659 W/ResourceType( 3126): No known package when getting name for resource number 0xffffffff
01-08 11:41:17.669 W/ResourceType( 3126): No known package when getting name for resource number 0xffffffff
01-08 11:41:18.369 W/AudioService(  159): stream: 3 was already muted by this client
01-08 11:41:18.699 D/cocos2d-x debug info( 3126): touch mask layer
01-08 11:41:19.369 W/AudioService(  159): stream: 3 was already muted by this client
01-08 11:41:20.079 I/TestinExternalLog(  826): Mem>>>> Avalable:256520KB, com.giant.brizzle(3126) used:29912KB
01-08 11:41:20.369 W/AudioService(  159): stream: 3 was already muted by this client
01-08 11:41:20.669 I/TestinExternalLog(  826): NetFlow>>>> UpFlow 0, DownFlow 0, TotalFlow 0
01-08 11:41:21.369 W/AudioService(  159): stream: 3 was already muted by this client
01-08 11:41:22.259 I/TestinExternalLog(  826): Battery>>>> Temperature 0.0
01-08 11:41:22.379 W/AudioService(  159): stream: 3 was already muted by this client
01-08 11:41:23.389 W/AudioService(  159): stream: 3 was already muted by this client
01-08 11:41:23.499 E/BT_DUN  (  405): Error while opening socket!
01-08 11:41:23.499 E/BT_DUN  (  405): Error while opening socket!
01-08 11:41:23.499 E/BT_DUN  (  405): Error while opening socket!
01-08 11:41:23.499 E/BT_DUN  (  405): Error while opening socket!
01-08 11:41:23.499 E/BT_DUN  (  405): Error while opening socket!
01-08 11:41:23.499 E/BT_DUN  (  405): Error while opening socket!
01-08 11:41:23.499 E/BT_DUN  (  405): Error while opening socket!
01-08 11:41:23.499 D/BT_DUN  (  405): Ignoring event PLATFORM_EVENT_ERROR in EMB_DATA_CALL_IDLE 
01-08 11:41:23.499 D/BT_DUN  (  405): Moved to state(EMB_DATA_CALL_IDLE) 
01-08 11:41:23.499 D/BT_DUN  (  405): Ignoring event PLATFORM_EVENT_ERROR in EMB_DATA_CALL_IDLE 
01-08 11:41:23.499 D/BT_DUN  (  405): Moved to state(EMB_DATA_CALL_IDLE) 
01-08 11:41:23.499 D/BT_DUN  (  405): Ignoring event PLATFORM_EVENT_ERROR in EMB_DATA_CALL_IDLE 
01-08 11:41:23.499 D/BT_DUN  (  405): Moved to state(EMB_DATA_CALL_IDLE) 
01-08 11:41:23.499 D/BT_DUN  (  405): Ignoring event PLATFORM_EVENT_ERROR in EMB_DATA_CALL_IDLE 
01-08 11:41:23.499 D/BT_DUN  (  405): Moved to state(EMB_DATA_CALL_IDLE) 
01-08 11:41:23.499 D/BT_DUN  (  405): Ignoring event PLATFORM_EVENT_ERROR in EMB_DATA_CALL_IDLE 
01-08 11:41:23.499 D/BT_DUN  (  405): Moved to state(EMB_DATA_CALL_IDLE) 
01-08 11:41:23.499 D/BT_DUN  (  405): Ignoring event PLATFORM_EVENT_ERROR in EMB_DATA_CALL_IDLE 
01-08 11:41:23.499 D/BT_DUN  (  405): Moved to state(EMB_DATA_CALL_IDLE) 
01-08 11:41:23.499 D/BT_DUN  (  405): Ignoring event PLATFORM_EVENT_ERROR in EMB_DATA_CALL_IDLE 
01-08 11:41:23.499 D/BT_DUN  (  405): Moved to state(EMB_DATA_CALL_IDLE) 
01-08 11:41:23.499 E/BT_DUN  (  405): Error while opening socket!
01-08 11:41:23.499 D/BT_DUN  (  405): Ignoring event PLATFORM_EVENT_ERROR in EMB_DATA_CALL_IDLE 
01-08 11:41:23.499 D/BT_DUN  (  405): Moved to state(EMB_DATA_CALL_IDLE) 
01-08 11:41:23.519 E/BT_DUN  (  405): Error while opening socket!
01-08 11:41:23.519 D/BT_DUN  (  405): Ignoring event PLATFORM_EVENT_ERROR in EMB_DATA_CALL_IDLE 
01-08 11:41:23.519 D/BT_DUN  (  405): Moved to state(EMB_DATA_CALL_IDLE) 
01-08 11:41:23.549 I/TestinExternalLog(  826): CPU>>>> User 34%, System 21%, IOW 42%, IRQ 0%, com.giant.brizzle(3126):23%
01-08 11:41:23.709 E/BT_DUN  (  405): Error while opening socket!
01-08 11:41:23.709 D/BT_DUN  (  405): Ignoring event PLATFORM_EVENT_ERROR in EMB_DATA_CALL_IDLE 
01-08 11:41:23.709 D/BT_DUN  (  405): Moved to state(EMB_DATA_CALL_IDLE) 
01-08 11:41:23.739 E/BT_DUN  (  405): Error while opening socket!
01-08 11:41:23.749 D/BT_DUN  (  405): Ignoring event PLATFORM_EVENT_ERROR in EMB_DATA_CALL_IDLE 
01-08 11:41:23.749 D/BT_DUN  (  405): Moved to state(EMB_DATA_CALL_IDLE) 
01-08 11:41:23.759 E/BT_DUN  (  405): Error while opening socket!
01-08 11:41:23.759 D/BT_DUN  (  405): Ignoring event PLATFORM_EVENT_ERROR in EMB_DATA_CALL_IDLE 
01-08 11:41:23.759 D/BT_DUN  (  405): Moved to state(EMB_DATA_CALL_IDLE) 
01-08 11:41:23.849 E/BT_DUN  (  405): Error while opening socket!
01-08 11:41:23.849 D/BT_DUN  (  405): Ignoring event PLATFORM_EVENT_ERROR in EMB_DATA_CALL_IDLE 
01-08 11:41:23.849 D/BT_DUN  (  405): Moved to state(EMB_DATA_CALL_IDLE) 
01-08 11:41:23.889 E/BT_DUN  (  405): Error while opening socket!
01-08 11:41:23.889 E/BT_DUN  (  405): Error while opening socket!
01-08 11:41:23.889 E/BT_DUN  (  405): Error while opening socket!
01-08 11:41:23.889 E/BT_DUN  (  405): Error while opening socket!
01-08 11:41:23.889 E/BT_DUN  (  405): Error while opening socket!
01-08 11:41:23.889 E/BT_DUN  (  405): Error while opening socket!
01-08 11:41:23.889 E/BT_DUN  (  405): Error while opening socket!
01-08 11:41:23.899 D/BT_DUN  (  405): Ignoring event PLATFORM_EVENT_ERROR in EMB_DATA_CALL_IDLE 
01-08 11:41:23.899 D/BT_DUN  (  405): Moved to state(EMB_DATA_CALL_IDLE) 
01-08 11:41:23.899 D/BT_DUN  (  405): Ignoring event PLATFORM_EVENT_ERROR in EMB_DATA_CALL_IDLE 
01-08 11:41:23.899 D/BT_DUN  (  405): Moved to state(EMB_DATA_CALL_IDLE) 
01-08 11:41:23.899 D/BT_DUN  (  405): Ignoring event PLATFORM_EVENT_ERROR in EMB_DATA_CALL_IDLE 
01-08 11:41:23.899 D/BT_DUN  (  405): Moved to state(EMB_DATA_CALL_IDLE) 
01-08 11:41:23.899 D/BT_DUN  (  405): Ignoring event PLATFORM_EVENT_ERROR in EMB_DATA_CALL_IDLE 
01-08 11:41:23.899 D/BT_DUN  (  405): Moved to state(EMB_DATA_CALL_IDLE) 
01-08 11:41:23.899 D/BT_DUN  (  405): Ignoring event PLATFORM_EVENT_ERROR in EMB_DATA_CALL_IDLE 
01-08 11:41:23.899 D/BT_DUN  (  405): Moved to state(EMB_DATA_CALL_IDLE) 
01-08 11:41:23.899 D/BT_DUN  (  405): Ignoring event PLATFORM_EVENT_ERROR in EMB_DATA_CALL_IDLE 
01-08 11:41:23.899 D/BT_DUN  (  405): Moved to state(EMB_DATA_CALL_IDLE) 
01-08 11:41:23.899 D/BT_DUN  (  405): Ignoring event PLATFORM_EVENT_ERROR in EMB_DATA_CALL_IDLE 
01-08 11:41:23.899 D/BT_DUN  (  405): Moved to state(EMB_DATA_CALL_IDLE) 
01-08 11:41:23.899 E/BT_DUN  (  405): Error while opening socket!
01-08 11:41:23.899 D/BT_DUN  (  405): Ignoring event PLATFORM_EVENT_ERROR in EMB_DATA_CALL_IDLE 
01-08 11:41:23.899 D/BT_DUN  (  405): Moved to state(EMB_DATA_CALL_IDLE) 
01-08 11:41:24.009 E/BT_DUN  (  405): Error while opening socket!
01-08 11:41:24.009 D/BT_DUN  (  405): Ignoring event PLATFORM_EVENT_ERROR in EMB_DATA_CALL_IDLE 
01-08 11:41:24.009 D/BT_DUN  (  405): Moved to state(EMB_DATA_CALL_IDLE) 
01-08 11:41:24.189 E/BT_DUN  (  405): Error while opening socket!
01-08 11:41:24.189 D/BT_DUN  (  405): Ignoring event PLATFORM_EVENT_ERROR in EMB_DATA_CALL_IDLE 
01-08 11:41:24.189 D/BT_DUN  (  405): Moved to state(EMB_DATA_CALL_IDLE) 
01-08 11:41:24.209 E/BT_DUN  (  405): Error while opening socket!
01-08 11:41:24.209 D/BT_DUN  (  405): Ignoring event PLATFORM_EVENT_ERROR in EMB_DATA_CALL_IDLE 
01-08 11:41:24.209 D/BT_DUN  (  405): Moved to state(EMB_DATA_CALL_IDLE) 
01-08 11:41:24.219 E/BT_DUN  (  405): Error while opening socket!
01-08 11:41:24.219 D/BT_DUN  (  405): Ignoring event PLATFORM_EVENT_ERROR in EMB_DATA_CALL_IDLE 
01-08 11:41:24.219 D/BT_DUN  (  405): Moved to state(EMB_DATA_CALL_IDLE) 
01-08 11:41:24.229 E/BT_DUN  (  405): Error while opening socket!
01-08 11:41:24.229 D/BT_DUN  (  405): Ignoring event PLATFORM_EVENT_ERROR in EMB_DATA_CALL_IDLE 
01-08 11:41:24.229 D/BT_DUN  (  405): Moved to state(EMB_DATA_CALL_IDLE) 
01-08 11:41:24.279 E/BT_DUN  (  405): Error while opening socket!
01-08 11:41:24.279 D/BT_DUN  (  405): Ignoring event PLATFORM_EVENT_ERROR in EMB_DATA_CALL_IDLE 
01-08 11:41:24.279 D/BT_DUN  (  405): Moved to state(EMB_DATA_CALL_IDLE) 
01-08 11:41:24.309 E/BT_DUN  (  405): Error while opening socket!
01-08 11:41:24.309 E/BT_DUN  (  405): Error while opening socket!
01-08 11:41:24.309 E/BT_DUN  (  405): Error while opening socket!
01-08 11:41:24.309 E/BT_DUN  (  405): Error while opening socket!
01-08 11:41:24.309 E/BT_DUN  (  405): Error while opening socket!
01-08 11:41:24.309 E/BT_DUN  (  405): Error while opening socket!
01-08 11:41:24.309 E/BT_DUN  (  405): Error while opening socket!
01-08 11:41:24.309 D/BT_DUN  (  405): Ignoring event PLATFORM_EVENT_ERROR in EMB_DATA_CALL_IDLE 
01-08 11:41:24.309 D/BT_DUN  (  405): Moved to state(EMB_DATA_CALL_IDLE) 
01-08 11:41:24.309 D/BT_DUN  (  405): Ignoring event PLATFORM_EVENT_ERROR in EMB_DATA_CALL_IDLE 
01-08 11:41:24.309 D/BT_DUN  (  405): Moved to state(EMB_DATA_CALL_IDLE) 
01-08 11:41:24.309 D/BT_DUN  (  405): Ignoring event PLATFORM_EVENT_ERROR in EMB_DATA_CALL_IDLE 
01-08 11:41:24.309 D/BT_DUN  (  405): Moved to state(EMB_DATA_CALL_IDLE) 
01-08 11:41:24.309 D/BT_DUN  (  405): Ignoring event PLATFORM_EVENT_ERROR in EMB_DATA_CALL_IDLE 
01-08 11:41:24.309 D/BT_DUN  (  405): Moved to state(EMB_DATA_CALL_IDLE) 
01-08 11:41:24.309 D/BT_DUN  (  405): Ignoring event PLATFORM_EVENT_ERROR in EMB_DATA_CALL_IDLE 
01-08 11:41:24.309 D/BT_DUN  (  405): Moved to state(EMB_DATA_CALL_IDLE) 
01-08 11:41:24.309 D/BT_DUN  (  405): Ignoring event PLATFORM_EVENT_ERROR in EMB_DATA_CALL_IDLE 
01-08 11:41:24.309 D/BT_DUN  (  405): Moved to state(EMB_DATA_CALL_IDLE) 
01-08 11:41:24.309 D/BT_DUN  (  405): Ignoring event PLATFORM_EVENT_ERROR in EMB_DATA_CALL_IDLE 
01-08 11:41:24.309 D/BT_DUN  (  405): Moved to state(EMB_DATA_CALL_IDLE) 
01-08 11:41:24.409 W/AudioService(  159): stream: 3 was already muted by this client
01-08 11:41:24.459 I/TestinExternalLog(  826): <<<<<<< Capturing image (5) >>>>>>>
01-08 11:41:24.509 E/BT_DUN  (  405): Error while opening socket!
01-08 11:41:24.509 D/BT_DUN  (  405): Ignoring event PLATFORM_EVENT_ERROR in EMB_DATA_CALL_IDLE 
01-08 11:41:24.509 D/BT_DUN  (  405): Moved to state(EMB_DATA_CALL_IDLE) 
01-08 11:41:24.519 E/BT_DUN  (  405): Error while opening socket!
01-08 11:41:24.519 D/BT_DUN  (  405): Ignoring event PLATFORM_EVENT_ERROR in EMB_DATA_CALL_IDLE 
01-08 11:41:24.519 D/BT_DUN  (  405): Moved to state(EMB_DATA_CALL_IDLE) 
01-08 11:41:24.549 E/BT_DUN  (  405): Error while opening socket!
01-08 11:41:24.549 D/BT_DUN  (  405): Ignoring event PLATFORM_EVENT_ERROR in EMB_DATA_CALL_IDLE 
01-08 11:41:24.549 D/BT_DUN  (  405): Moved to state(EMB_DATA_CALL_IDLE) 
01-08 11:41:24.629 E/BT_DUN  (  405): Error while opening socket!
01-08 11:41:24.629 E/BT_DUN  (  405): Error while opening socket!
01-08 11:41:24.629 D/BT_DUN  (  405): Ignoring event PLATFORM_EVENT_ERROR in EMB_DATA_CALL_IDLE 
01-08 11:41:24.629 D/BT_DUN  (  405): Moved to state(EMB_DATA_CALL_IDLE) 
01-08 11:41:24.629 D/BT_DUN  (  405): Ignoring event PLATFORM_EVENT_ERROR in EMB_DATA_CALL_IDLE 
01-08 11:41:24.629 D/BT_DUN  (  405): Moved to state(EMB_DATA_CALL_IDLE) 
01-08 11:41:24.659 D/WifiStateTracker(  159): handleMessage msg: 5
01-08 11:41:24.799 W/ResourceType( 3126): No known package when getting name for resource number 0xffffffff
01-08 11:41:24.849 W/ResourceType( 3126): No known package when getting name for resource number 0xffffffff
01-08 11:41:24.869 W/ResourceType( 3126): No known package when getting name for resource number 0xffffffff
01-08 11:41:24.939 W/ResourceType( 3126): No known package when getting name for resource number 0xffffffff
01-08 11:41:24.939 W/ResourceType( 3126): No known package when getting name for resource number 0xffffffff
01-08 11:41:24.939 W/ResourceType( 3126): No known package when getting name for resource number 0xffffffff
01-08 11:41:24.949 W/KeyCharacterMap( 3126): No keyboard for id 0
01-08 11:41:24.949 W/KeyCharacterMap( 3126): Using default keymap: /system/usr/keychars/qwerty.kcm.bin
01-08 11:41:25.419 W/AudioService(  159): stream: 3 was already muted by this client
01-08 11:41:25.829 I/TestinExternalLog(  826): NetFlow>>>> UpFlow 0, DownFlow 0, TotalFlow 0
01-08 11:41:26.429 W/AudioService(  159): stream: 3 was already muted by this client
01-08 11:41:26.629 I/TestinExternalLog(  826): Mem>>>> Avalable:256636KB, com.giant.brizzle(3126) used:29912KB
01-08 11:41:26.669 D/AudioSink(   99): flush
01-08 11:41:27.269 I/TestinExternalLog(  826): Battery>>>> Temperature 0.0
01-08 11:41:27.439 W/AudioService(  159): stream: 3 was already muted by this client
01-08 11:41:28.449 W/AudioService(  159): stream: 3 was already muted by this client
01-08 11:41:29.449 W/AudioService(  159): stream: 3 was already muted by this client
01-08 11:41:29.869 I/TestinExternalLog(  826): CPU>>>> User 30%, System 19%, IOW 39%, IRQ 0%, com.giant.brizzle(3126):20%
01-08 11:41:30.449 W/AudioService(  159): stream: 3 was already muted by this client
01-08 11:41:30.959 W/ResourceType( 3126): No known package when getting name for resource number 0xffffffff
01-08 11:41:31.019 W/ResourceType( 3126): No known package when getting name for resource number 0xffffffff
01-08 11:41:31.019 W/ResourceType( 3126): No known package when getting name for resource number 0xffffffff
01-08 11:41:31.089 W/ResourceType( 3126): No known package when getting name for resource number 0xffffffff
01-08 11:41:31.089 W/ResourceType( 3126): No known package when getting name for resource number 0xffffffff
01-08 11:41:31.089 W/ResourceType( 3126): No known package when getting name for resource number 0xffffffff
01-08 11:41:31.219 I/TestinExternalLog(  826): NetFlow>>>> UpFlow 0, DownFlow 0, TotalFlow 0
01-08 11:41:31.459 W/AudioService(  159): stream: 3 was already muted by this client
01-08 11:41:31.999 I/TestinExternalLog(  826): <<<<<<< Capturing image (6) >>>>>>>
01-08 11:41:32.269 I/TestinExternalLog(  826): Battery>>>> Temperature 0.0
01-08 11:41:32.469 W/AudioService(  159): stream: 3 was already muted by this client
01-08 11:41:32.909 I/TestinExternalLog(  826): Mem>>>> Avalable:256272KB, com.giant.brizzle(3126) used:29904KB
01-08 11:41:33.479 W/AudioService(  159): stream: 3 was already muted by this client
01-08 11:41:34.479 W/AudioService(  159): stream: 3 was already muted by this client
01-08 11:41:35.019 E/BT_DUN  (  405): Error while opening socket!
01-08 11:41:35.019 E/BT_DUN  (  405): Error while opening socket!
01-08 11:41:35.019 E/BT_DUN  (  405): Error while opening socket!
01-08 11:41:35.019 E/BT_DUN  (  405): Error while opening socket!
01-08 11:41:35.019 E/BT_DUN  (  405): Error while opening socket!
01-08 11:41:35.019 E/BT_DUN  (  405): Error while opening socket!
01-08 11:41:35.019 E/BT_DUN  (  405): Error while opening socket!
01-08 11:41:35.019 D/BT_DUN  (  405): Ignoring event PLATFORM_EVENT_ERROR in EMB_DATA_CALL_IDLE 
01-08 11:41:35.019 D/BT_DUN  (  405): Moved to state(EMB_DATA_CALL_IDLE) 
01-08 11:41:35.019 D/BT_DUN  (  405): Ignoring event PLATFORM_EVENT_ERROR in EMB_DATA_CALL_IDLE 
01-08 11:41:35.019 D/BT_DUN  (  405): Moved to state(EMB_DATA_CALL_IDLE) 
01-08 11:41:35.019 D/BT_DUN  (  405): Ignoring event PLATFORM_EVENT_ERROR in EMB_DATA_CALL_IDLE 
01-08 11:41:35.019 D/BT_DUN  (  405): Moved to state(EMB_DATA_CALL_IDLE) 
01-08 11:41:35.019 D/BT_DUN  (  405): Ignoring event PLATFORM_EVENT_ERROR in EMB_DATA_CALL_IDLE 
01-08 11:41:35.019 D/BT_DUN  (  405): Moved to state(EMB_DATA_CALL_IDLE) 
01-08 11:41:35.019 D/BT_DUN  (  405): Ignoring event PLATFORM_EVENT_ERROR in EMB_DATA_CALL_IDLE 
01-08 11:41:35.019 D/BT_DUN  (  405): Moved to state(EMB_DATA_CALL_IDLE) 
01-08 11:41:35.019 D/BT_DUN  (  405): Ignoring event PLATFORM_EVENT_ERROR in EMB_DATA_CALL_IDLE 
01-08 11:41:35.019 D/BT_DUN  (  405): Moved to state(EMB_DATA_CALL_IDLE) 
01-08 11:41:35.019 D/BT_DUN  (  405): Ignoring event PLATFORM_EVENT_ERROR in EMB_DATA_CALL_IDLE 
01-08 11:41:35.019 D/BT_DUN  (  405): Moved to state(EMB_DATA_CALL_IDLE) 
01-08 11:41:35.029 E/BT_DUN  (  405): Error while opening socket!
01-08 11:41:35.029 D/BT_DUN  (  405): Ignoring event PLATFORM_EVENT_ERROR in EMB_DATA_CALL_IDLE 
01-08 11:41:35.029 D/BT_DUN  (  405): Moved to state(EMB_DATA_CALL_IDLE) 
01-08 11:41:35.029 E/BT_DUN  (  405): Error while opening socket!
01-08 11:41:35.029 D/BT_DUN  (  405): Ignoring event PLATFORM_EVENT_ERROR in EMB_DATA_CALL_IDLE 
01-08 11:41:35.029 D/BT_DUN  (  405): Moved to state(EMB_DATA_CALL_IDLE) 
01-08 11:41:35.089 E/BT_DUN  (  405): Error while opening socket!
01-08 11:41:35.089 D/BT_DUN  (  405): Ignoring event PLATFORM_EVENT_ERROR in EMB_DATA_CALL_IDLE 
01-08 11:41:35.089 D/BT_DUN  (  405): Moved to state(EMB_DATA_CALL_IDLE) 
01-08 11:41:35.139 E/BT_DUN  (  405): Error while opening socket!
01-08 11:41:35.139 D/BT_DUN  (  405): Ignoring event PLATFORM_EVENT_ERROR in EMB_DATA_CALL_IDLE 
01-08 11:41:35.139 D/BT_DUN  (  405): Moved to state(EMB_DATA_CALL_IDLE) 
01-08 11:41:35.239 E/BT_DUN  (  405): Error while opening socket!
01-08 11:41:35.239 D/BT_DUN  (  405): Ignoring event PLATFORM_EVENT_ERROR in EMB_DATA_CALL_IDLE 
01-08 11:41:35.239 D/BT_DUN  (  405): Moved to state(EMB_DATA_CALL_IDLE) 
01-08 11:41:35.429 E/BT_DUN  (  405): Error while opening socket!
01-08 11:41:35.429 D/BT_DUN  (  405): Ignoring event PLATFORM_EVENT_ERROR in EMB_DATA_CALL_IDLE 
01-08 11:41:35.429 D/BT_DUN  (  405): Moved to state(EMB_DATA_CALL_IDLE) 
01-08 11:41:35.439 E/BT_DUN  (  405): Error while opening socket!
01-08 11:41:35.439 E/BT_DUN  (  405): Error while opening socket!
01-08 11:41:35.439 E/BT_DUN  (  405): Error while opening socket!
01-08 11:41:35.439 E/BT_DUN  (  405): Error while opening socket!
01-08 11:41:35.439 E/BT_DUN  (  405): Error while opening socket!
01-08 11:41:35.439 E/BT_DUN  (  405): Error while opening socket!
01-08 11:41:35.439 E/BT_DUN  (  405): Error while opening socket!
01-08 11:41:35.439 D/BT_DUN  (  405): Ignoring event PLATFORM_EVENT_ERROR in EMB_DATA_CALL_IDLE 
01-08 11:41:35.439 D/BT_DUN  (  405): Moved to state(EMB_DATA_CALL_IDLE) 
01-08 11:41:35.439 D/BT_DUN  (  405): Ignoring event PLATFORM_EVENT_ERROR in EMB_DATA_CALL_IDLE 
01-08 11:41:35.439 D/BT_DUN  (  405): Moved to state(EMB_DATA_CALL_IDLE) 
01-08 11:41:35.439 D/BT_DUN  (  405): Ignoring event PLATFORM_EVENT_ERROR in EMB_DATA_CALL_IDLE 
01-08 11:41:35.439 D/BT_DUN  (  405): Moved to state(EMB_DATA_CALL_IDLE) 
01-08 11:41:35.439 D/BT_DUN  (  405): Ignoring event PLATFORM_EVENT_ERROR in EMB_DATA_CALL_IDLE 
01-08 11:41:35.439 D/BT_DUN  (  405): Moved to state(EMB_DATA_CALL_IDLE) 
01-08 11:41:35.439 D/BT_DUN  (  405): Ignoring event PLATFORM_EVENT_ERROR in EMB_DATA_CALL_IDLE 
01-08 11:41:35.439 D/BT_DUN  (  405): Moved to state(EMB_DATA_CALL_IDLE) 
01-08 11:41:35.439 D/BT_DUN  (  405): Ignoring event PLATFORM_EVENT_ERROR in EMB_DATA_CALL_IDLE 
01-08 11:41:35.439 D/BT_DUN  (  405): Moved to state(EMB_DATA_CALL_IDLE) 
01-08 11:41:35.439 D/BT_DUN  (  405): Ignoring event PLATFORM_EVENT_ERROR in EMB_DATA_CALL_IDLE 
01-08 11:41:35.439 D/BT_DUN  (  405): Moved to state(EMB_DATA_CALL_IDLE) 
01-08 11:41:35.449 E/BT_DUN  (  405): Error while opening socket!
01-08 11:41:35.449 D/BT_DUN  (  405): Ignoring event PLATFORM_EVENT_ERROR in EMB_DATA_CALL_IDLE 
01-08 11:41:35.449 D/BT_DUN  (  405): Moved to state(EMB_DATA_CALL_IDLE) 
01-08 11:41:35.489 W/AudioService(  159): stream: 3 was already muted by this client
01-08 11:41:35.489 E/BT_DUN  (  405): Error while opening socket!
01-08 11:41:35.489 D/BT_DUN  (  405): Ignoring event PLATFORM_EVENT_ERROR in EMB_DATA_CALL_IDLE 
01-08 11:41:35.489 D/BT_DUN  (  405): Moved to state(EMB_DATA_CALL_IDLE) 
01-08 11:41:35.489 E/BT_DUN  (  405): Error while opening socket!
01-08 11:41:35.489 D/BT_DUN  (  405): Ignoring event PLATFORM_EVENT_ERROR in EMB_DATA_CALL_IDLE 
01-08 11:41:35.489 D/BT_DUN  (  405): Moved to state(EMB_DATA_CALL_IDLE) 
01-08 11:41:35.549 E/BT_DUN  (  405): Error while opening socket!
01-08 11:41:35.549 D/BT_DUN  (  405): Ignoring event PLATFORM_EVENT_ERROR in EMB_DATA_CALL_IDLE 
01-08 11:41:35.549 D/BT_DUN  (  405): Moved to state(EMB_DATA_CALL_IDLE) 
01-08 11:41:35.559 E/BT_DUN  (  405): Error while opening socket!
01-08 11:41:35.559 D/BT_DUN  (  405): Ignoring event PLATFORM_EVENT_ERROR in EMB_DATA_CALL_IDLE 
01-08 11:41:35.559 D/BT_DUN  (  405): Moved to state(EMB_DATA_CALL_IDLE) 
01-08 11:41:35.699 E/BT_DUN  (  405): Error while opening socket!
01-08 11:41:35.699 D/BT_DUN  (  405): Ignoring event PLATFORM_EVENT_ERROR in EMB_DATA_CALL_IDLE 
01-08 11:41:35.699 D/BT_DUN  (  405): Moved to state(EMB_DATA_CALL_IDLE) 
01-08 11:41:35.869 E/BT_DUN  (  405): Error while opening socket!
01-08 11:41:35.869 D/BT_DUN  (  405): Ignoring event PLATFORM_EVENT_ERROR in EMB_DATA_CALL_IDLE 
01-08 11:41:35.869 D/BT_DUN  (  405): Moved to state(EMB_DATA_CALL_IDLE) 
01-08 11:41:35.869 E/BT_DUN  (  405): Error while opening socket!
01-08 11:41:35.869 D/BT_DUN  (  405): Ignoring event PLATFORM_EVENT_ERROR in EMB_DATA_CALL_IDLE 
01-08 11:41:35.869 D/BT_DUN  (  405): Moved to state(EMB_DATA_CALL_IDLE) 
01-08 11:41:35.869 E/BT_DUN  (  405): Error while opening socket!
01-08 11:41:35.869 D/BT_DUN  (  405): Ignoring event PLATFORM_EVENT_ERROR in EMB_DATA_CALL_IDLE 
01-08 11:41:35.869 D/BT_DUN  (  405): Moved to state(EMB_DATA_CALL_IDLE) 
01-08 11:41:35.869 E/BT_DUN  (  405): Error while opening socket!
01-08 11:41:35.869 D/BT_DUN  (  405): Ignoring event PLATFORM_EVENT_ERROR in EMB_DATA_CALL_IDLE 
01-08 11:41:35.869 D/BT_DUN  (  405): Moved to state(EMB_DATA_CALL_IDLE) 
01-08 11:41:35.869 E/BT_DUN  (  405): Error while opening socket!
01-08 11:41:35.869 D/BT_DUN  (  405): Ignoring event PLATFORM_EVENT_ERROR in EMB_DATA_CALL_IDLE 
01-08 11:41:35.869 D/BT_DUN  (  405): Moved to state(EMB_DATA_CALL_IDLE) 
01-08 11:41:35.869 E/BT_DUN  (  405): Error while opening socket!
01-08 11:41:35.869 D/BT_DUN  (  405): Ignoring event PLATFORM_EVENT_ERROR in EMB_DATA_CALL_IDLE 
01-08 11:41:35.869 D/BT_DUN  (  405): Moved to state(EMB_DATA_CALL_IDLE) 
01-08 11:41:35.869 E/BT_DUN  (  405): Error while opening socket!
01-08 11:41:35.869 D/BT_DUN  (  405): Ignoring event PLATFORM_EVENT_ERROR in EMB_DATA_CALL_IDLE 
01-08 11:41:35.869 D/BT_DUN  (  405): Moved to state(EMB_DATA_CALL_IDLE) 
01-08 11:41:36.169 E/BT_DUN  (  405): Error while opening socket!
01-08 11:41:36.169 D/BT_DUN  (  405): Ignoring event PLATFORM_EVENT_ERROR in EMB_DATA_CALL_IDLE 
01-08 11:41:36.169 D/BT_DUN  (  405): Moved to state(EMB_DATA_CALL_IDLE) 
01-08 11:41:36.199 E/BT_DUN  (  405): Error while opening socket!
01-08 11:41:36.199 D/BT_DUN  (  405): Ignoring event PLATFORM_EVENT_ERROR in EMB_DATA_CALL_IDLE 
01-08 11:41:36.199 D/BT_DUN  (  405): Moved to state(EMB_DATA_CALL_IDLE) 
01-08 11:41:36.289 E/BT_DUN  (  405): Error while opening socket!
01-08 11:41:36.289 E/BT_DUN  (  405): Error while opening socket!
01-08 11:41:36.289 D/BT_DUN  (  405): Ignoring event PLATFORM_EVENT_ERROR in EMB_DATA_CALL_IDLE 
01-08 11:41:36.289 D/BT_DUN  (  405): Moved to state(EMB_DATA_CALL_IDLE) 
01-08 11:41:36.289 D/BT_DUN  (  405): Ignoring event PLATFORM_EVENT_ERROR in EMB_DATA_CALL_IDLE 
01-08 11:41:36.289 D/BT_DUN  (  405): Moved to state(EMB_DATA_CALL_IDLE) 
01-08 11:41:36.299 D/WifiStateTracker(  159): handleMessage msg: 5
01-08 11:41:36.529 W/AudioService(  159): stream: 3 was already muted by this client
01-08 11:41:36.549 I/TestinExternalLog(  826): <<<<<<< Capturing image (7) >>>>>>>
01-08 11:41:36.799 I/TestinExternalLog(  826): NetFlow>>>> UpFlow 0, DownFlow 0, TotalFlow 0
01-08 11:41:36.819 I/TestinExternalLog(  826): CPU>>>> User 29%, System 24%, IOW 34%, IRQ 0%, com.giant.brizzle(3126):21%
01-08 11:41:37.279 I/TestinExternalLog(  826): Battery>>>> Temperature 0.0
01-08 11:41:37.559 W/AudioService(  159): stream: 3 was already muted by this client
01-08 11:41:37.709 W/ResourceType( 3126): No known package when getting name for resource number 0xffffffff
01-08 11:41:37.749 W/ResourceType( 3126): No known package when getting name for resource number 0xffffffff
01-08 11:41:37.819 W/ResourceType( 3126): No known package when getting name for resource number 0xffffffff
01-08 11:41:37.819 W/ResourceType( 3126): No known package when getting name for resource number 0xffffffff
01-08 11:41:37.819 W/ResourceType( 3126): No known package when getting name for resource number 0xffffffff
01-08 11:41:37.829 W/ResourceType( 3126): No known package when getting name for resource number 0xffffffff
01-08 11:41:37.829 W/KeyCharacterMap( 3126): No keyboard for id 0
01-08 11:41:37.829 W/KeyCharacterMap( 3126): Using default keymap: /system/usr/keychars/qwerty.kcm.bin
01-08 11:41:37.959 I/DEBUG   (   96): *** *** *** *** *** *** *** *** *** *** *** *** *** *** *** ***
01-08 11:41:37.959 I/DEBUG   (   96): Build fingerprint: 'Hisense/U8/U8:2.3.6/GRK39F/20120320.143711.svn12710:eng/test-keys'
01-08 11:41:37.959 I/DEBUG   (   96): pid: 3126, tid: 3137  >>> com.giant.brizzle <<<
01-08 11:41:37.959 I/DEBUG   (   96): signal 11 (SIGSEGV), code 1 (SEGV_MAPERR), fault addr fffffff4
01-08 11:41:37.959 I/DEBUG   (   96):  r0 00000000  r1 002e4f6c  r2 44a3e940  r3 00262610
01-08 11:41:37.959 I/DEBUG   (   96):  r4 0026271c  r5 80b40154  r6 002c04b0  r7 00000000
01-08 11:41:37.959 I/DEBUG   (   96):  r8 44a3eb50  r9 4008bf50  10 4008bf3c  fp 44a3e88c
01-08 11:41:37.959 I/DEBUG   (   96):  ip 00000070  sp 44a3e870  lr 809b41c4  pc 80d81108  cpsr 20000010
01-08 11:41:37.969 I/DEBUG   (   96):  d0  6e702e687375705f  d1  7365795f74697865
01-08 11:41:37.969 I/DEBUG   (   96):  d2  0000000000000061  d3  0000000000000067
01-08 11:41:37.969 I/DEBUG   (   96):  d4  000000ff00000000  d5  ffff000000000000
01-08 11:41:37.969 I/DEBUG   (   96):  d6  00000000ffff0000  d7  4370000043700000
01-08 11:41:37.969 I/DEBUG   (   96):  d8  0000000000000000  d9  0000000000000000
01-08 11:41:37.969 I/DEBUG   (   96):  d10 0000000000000000  d11 0000000000000000
01-08 11:41:37.969 I/DEBUG   (   96):  d12 0000000000000000  d13 0000000000000000
01-08 11:41:37.969 I/DEBUG   (   96):  d14 0000000000000000  d15 0000000000000000
01-08 11:41:37.969 I/DEBUG   (   96):  d16 43c80000c3c80000  d17 3effff003effff00
01-08 11:41:37.969 I/DEBUG   (   96):  d18 3f8000004113d70a  d19 3f80000041808889
01-08 11:41:37.969 I/DEBUG   (   96):  d20 070107010070079c  d21 0000000000001c07
01-08 11:41:37.969 I/DEBUG   (   96):  d22 0000043f00890000  d23 0000000000080008
01-08 11:41:37.969 I/DEBUG   (   96):  d24 3fe8e7e160000000  d25 3e5dd928e0000000
01-08 11:41:37.969 I/DEBUG   (   96):  d26 3e5dd928e0000000  d27 3ef99342e0ee5069
01-08 11:41:37.969 I/DEBUG   (   96):  d28 0000000000000000  d29 0000000000000000
01-08 11:41:37.969 I/DEBUG   (   96):  d30 0000000000000000  d31 0000000000000000
01-08 11:41:37.969 I/DEBUG   (   96):  scr 80000012
01-08 11:41:37.969 I/DEBUG   (   96): 
01-08 11:41:38.019 I/DEBUG   (   96):          #00  pc 00581108  /data/data/com.giant.brizzle/lib/libcocos2dcpp.so
01-08 11:41:38.019 I/DEBUG   (   96):          #01  pc 001b41c0  /data/data/com.giant.brizzle/lib/libcocos2dcpp.so
01-08 11:41:38.019 I/DEBUG   (   96):          #02  pc 001b3be8  /data/data/com.giant.brizzle/lib/libcocos2dcpp.so
01-08 11:41:38.019 I/DEBUG   (   96):          #03  pc 00344210  /data/data/com.giant.brizzle/lib/libcocos2dcpp.so
01-08 11:41:38.019 I/DEBUG   (   96):          #04  pc 00342924  /data/data/com.giant.brizzle/lib/libcocos2dcpp.so
01-08 11:41:38.019 I/DEBUG   (   96):          #05  pc 0034196c  /data/data/com.giant.brizzle/lib/libcocos2dcpp.so
01-08 11:41:38.019 I/DEBUG   (   96):          #06  pc 0034031c  /data/data/com.giant.brizzle/lib/libcocos2dcpp.so
01-08 11:41:38.019 I/DEBUG   (   96):          #07  pc 0038b1d8  /data/data/com.giant.brizzle/lib/libcocos2dcpp.so
01-08 11:41:38.019 I/DEBUG   (   96):          #08  pc 0035a304  /data/data/com.giant.brizzle/lib/libcocos2dcpp.so
01-08 11:41:38.019 I/DEBUG   (   96):          #09  pc 003599a0  /data/data/com.giant.brizzle/lib/libcocos2dcpp.so
01-08 11:41:38.019 I/DEBUG   (   96):          #10  pc 001a14f0  /data/data/com.giant.brizzle/lib/libcocos2dcpp.so
01-08 11:41:38.019 I/DEBUG   (   96): 
01-08 11:41:38.019 I/DEBUG   (   96): code around pc:
01-08 11:41:38.019 I/DEBUG   (   96): 80d810e8 e3500000 e1a0000c 1afffff8 e3e00000 
01-08 11:41:38.019 I/DEBUG   (   96): 80d810f8 e12fff1e e5900000 e5911000 e92d4038 
01-08 11:41:38.019 I/DEBUG   (   96): 80d81108 e510500c e511400c e1540005 31a02004 
01-08 11:41:38.019 I/DEBUG   (   96): 80d81118 21a02005 ebf076fe e3500000 00640005 
01-08 11:41:38.019 I/DEBUG   (   96): 80d81128 e8bd8038 e5900000 e92d4038 e510c00c 
01-08 11:41:38.019 I/DEBUG   (   96): 
01-08 11:41:38.019 I/DEBUG   (   96): code around lr:
01-08 11:41:38.019 I/DEBUG   (   96): 809b41a4 e92d4800 e28db004 e24dd008 e50b0008 
01-08 11:41:38.019 I/DEBUG   (   96): 809b41b4 e50b100c e51b0008 e51b100c eb0f33cd 
01-08 11:41:38.019 I/DEBUG   (   96): 809b41c4 e1a03000 e1a03fa3 e20330ff e1a00003 
01-08 11:41:38.019 I/DEBUG   (   96): 809b41d4 e24bd004 e8bd8800 e92d4810 e28db008 
01-08 11:41:38.019 I/DEBUG   (   96): 809b41e4 e24dd014 e50b0018 e50b101c e51b0018 
01-08 11:41:38.019 I/DEBUG   (   96): 
01-08 11:41:38.019 I/DEBUG   (   96): stack:
01-08 11:41:38.019 I/DEBUG   (   96):     44a3e830  00000006  
01-08 11:41:38.019 I/DEBUG   (   96):     44a3e834  80e8f6c8  
01-08 11:41:38.019 I/DEBUG   (   96):     44a3e838  00000001  
01-08 11:41:38.019 I/DEBUG   (   96):     44a3e83c  00000000  
01-08 11:41:38.019 I/DEBUG   (   96):     44a3e840  00296360  
01-08 11:41:38.019 I/DEBUG   (   96):     44a3e844  00000000  
01-08 11:41:38.019 I/DEBUG   (   96):     44a3e848  00000000  
01-08 11:41:38.019 I/DEBUG   (   96):     44a3e84c  00000006  
01-08 11:41:38.019 I/DEBUG   (   96):     44a3e850  00000000  
01-08 11:41:38.019 I/DEBUG   (   96):     44a3e854  00000000  
01-08 11:41:38.019 I/DEBUG   (   96):     44a3e858  80e8f6c8  
01-08 11:41:38.019 I/DEBUG   (   96):     44a3e85c  44a3e944  
01-08 11:41:38.019 I/DEBUG   (   96):     44a3e860  00000000  
01-08 11:41:38.019 I/DEBUG   (   96):     44a3e864  00000000  
01-08 11:41:38.019 I/DEBUG   (   96):     44a3e868  df002777  
01-08 11:41:38.019 I/DEBUG   (   96):     44a3e86c  e3a070ad  
01-08 11:41:38.019 I/DEBUG   (   96): #00 44a3e870  00262610  
01-08 11:41:38.019 I/DEBUG   (   96):     44a3e874  0026271c  
01-08 11:41:38.019 I/DEBUG   (   96):     44a3e878  80b40154  /data/data/com.giant.brizzle/lib/libcocos2dcpp.so
01-08 11:41:38.019 I/DEBUG   (   96):     44a3e87c  809b41c4  /data/data/com.giant.brizzle/lib/libcocos2dcpp.so
01-08 11:41:38.019 I/DEBUG   (   96): #01 44a3e880  44a3e940  
01-08 11:41:38.019 I/DEBUG   (   96):     44a3e884  00262610  
01-08 11:41:38.019 I/DEBUG   (   96):     44a3e888  44a3e8a4  
01-08 11:41:38.019 I/DEBUG   (   96):     44a3e88c  809b3bec  /data/data/com.giant.brizzle/lib/libcocos2dcpp.so
01-08 11:41:38.509 I/BootReceiver(  159): Copying /data/tombstones/tombstone_01 to DropBox (SYSTEM_TOMBSTONE)
01-08 11:41:38.519 D/AudioSink(   99): stop
01-08 11:41:38.519 D/AudioTrack(   99): stop 0x807f0
01-08 11:41:38.519 D/AudioFlinger(   99): stop(4097), calling thread 99
01-08 11:41:38.519 D/AudioTrack(   99): stop 0x807f0
01-08 11:41:38.519 D/AudioFlinger(   99): remove track (4097) and delete from mixer
01-08 11:41:38.519 E/InputDispatcher(  159): channel '40b0cdb0 com.giant.brizzle/com.giant.brizzle.Brizzle (server)' ~ Consumer closed input channel or an error occurred.  events=0x8
01-08 11:41:38.519 E/InputDispatcher(  159): channel '40b0cdb0 com.giant.brizzle/com.giant.brizzle.Brizzle (server)' ~ Channel is unrecoverably broken and will be disposed!
01-08 11:41:38.609 I/ActivityManager(  159): Process com.giant.brizzle (pid 3126) has died.
01-08 11:41:38.609 I/WindowManager(  159): WIN DEATH: Window{40ab3b08 SurfaceView paused=false}
01-08 11:41:38.719 W/AudioService(  159): stream: 3 was already muted by this client
01-08 11:41:38.719 I/WindowManager(  159): WIN DEATH: Window{40b0cdb0 com.giant.brizzle/com.giant.brizzle.Brizzle paused=false}
01-08 11:41:38.769 E/JavaBinder(  159): Transact on 0x3058d0 in Java object 0x40b0cbe8 with code 5 failed
01-08 11:41:38.769 W/ActivityManager(  159): Crash of app com.giant.brizzle running instrumentation ComponentInfo{cn.itestin.tester/cn.itestin.tester.TestRunner}
01-08 11:41:38.769 I/ActivityManager(  159): Force stopping package com.giant.brizzle uid=10052
01-08 11:41:38.809 I/Launcher(15726): onResume!
01-08 11:41:38.859 E/JavaBinder(  159): Transact on 0x384250 in Java object 0x40b0c900 with code 3 failed
