----------------------------------------------------
[ro.build.id]:[GRK39F]
[ro.build.display.id]:[U8-eng 2.3.6 GRK39F 20120320.143711.svn12710 test-keys]
[ro.build.version.incremental]:[20120320.143711.svn12710]
[ro.build.version.sdk]:[10]
[ro.build.version.codename]:[REL]
[ro.build.version.release]:[2.3.6]
[ro.build.date]:[Tue Mar 20 14:39:45 CST 2012]
[ro.build.date.utc]:[1332225585]
[ro.build.type]:[eng]
[ro.build.user]:[hmct]
[ro.build.host]:[hmct]
[ro.build.tags]:[test-keys]
[ro.product.model]:[HS-U8]
[ro.product.brand]:[Hisense]
[ro.product.manufacturer]:[Hisense]
[ro.product.locale.language]:[zh]
[ro.build.product]:[U8]
[ro.build.description]:[U8-eng 2.3.6 GRK39F 20120320.143711.svn12710 test-keys]
[ro.build.fingerprint]:[Hisense/U8/U8:2.3.6/GRK39F/20120320.143711.svn12710:eng/test-keys]
----------------------------------------------------
--------- tester 1
01-08 11:40:15.739 I/TestinExternalLog(  826): <<<<<<< 046689173f24e9d6cd5f8b7b5d4ef27a >>>>>>>
01-08 11:40:16.679 W/AudioService(  159): stream: 3 was already muted by this client
01-08 11:40:17.119 I/TestinExternalLog(  826): <<<<<<< DateTime 2014-01-08 11:40:17.132 >>>>>>>
01-08 11:40:17.119 I/TestinExternalLog(1): <<<<<<< Begin installing package com.giant.brizzle >>>>>>>
01-08 11:40:17.679 W/AudioService(  159): stream: 3 was already muted by this client
01-08 11:40:18.679 I/SendKeyEvent( 2551): 3
01-08 11:40:18.689 D/xiaohong(  265):  handwritingwhideInputMethodMenu();
01-08 11:40:18.689 I/Launcher(15726): onPause!
01-08 11:40:18.689 I/Launcher(15726): onResume!
--------- beginning of /dev/log/system
01-08 11:40:18.689 I/ActivityManager(  159): Starting: Intent { act=android.intent.action.MAIN cat=[android.intent.category.HOME] flg=0x10200000 cmp=com.android.launcher/.Launcher } from pid 159
01-08 11:40:18.699 W/AudioService(  159): stream: 3 was already muted by this client
01-08 11:40:19.699 W/AudioService(  159): stream: 3 was already muted by this client
01-08 11:40:20.709 W/AudioService(  159): stream: 3 was already muted by this client
01-08 11:40:21.709 W/AudioService(  159): stream: 3 was already muted by this client
01-08 11:40:22.719 W/AudioService(  159): stream: 3 was already muted by this client
01-08 11:40:23.719 W/AudioService(  159): stream: 3 was already muted by this client
01-08 11:40:24.489 W/ActivityManager(  159): No content provider found for: 
01-08 11:40:24.729 W/AudioService(  159): stream: 3 was already muted by this client
01-08 11:40:24.989 E/BT_DUN  (  405): Error while opening socket!
01-08 11:40:24.989 E/BT_DUN  (  405): Error while opening socket!
01-08 11:40:24.989 E/BT_DUN  (  405): Error while opening socket!
01-08 11:40:24.989 E/BT_DUN  (  405): Error while opening socket!
01-08 11:40:24.989 E/BT_DUN  (  405): Error while opening socket!
01-08 11:40:24.989 E/BT_DUN  (  405): Error while opening socket!
01-08 11:40:24.989 E/BT_DUN  (  405): Error while opening socket!
01-08 11:40:24.989 D/BT_DUN  (  405): Ignoring event PLATFORM_EVENT_ERROR in EMB_DATA_CALL_IDLE 
01-08 11:40:24.989 D/BT_DUN  (  405): Moved to state(EMB_DATA_CALL_IDLE) 
01-08 11:40:24.989 D/BT_DUN  (  405): Ignoring event PLATFORM_EVENT_ERROR in EMB_DATA_CALL_IDLE 
01-08 11:40:24.989 D/BT_DUN  (  405): Moved to state(EMB_DATA_CALL_IDLE) 
01-08 11:40:24.989 D/BT_DUN  (  405): Ignoring event PLATFORM_EVENT_ERROR in EMB_DATA_CALL_IDLE 
01-08 11:40:24.989 D/BT_DUN  (  405): Moved to state(EMB_DATA_CALL_IDLE) 
01-08 11:40:24.989 D/BT_DUN  (  405): Ignoring event PLATFORM_EVENT_ERROR in EMB_DATA_CALL_IDLE 
01-08 11:40:24.989 D/BT_DUN  (  405): Moved to state(EMB_DATA_CALL_IDLE) 
01-08 11:40:24.989 D/BT_DUN  (  405): Ignoring event PLATFORM_EVENT_ERROR in EMB_DATA_CALL_IDLE 
01-08 11:40:24.989 D/BT_DUN  (  405): Moved to state(EMB_DATA_CALL_IDLE) 
01-08 11:40:24.989 D/BT_DUN  (  405): Ignoring event PLATFORM_EVENT_ERROR in EMB_DATA_CALL_IDLE 
01-08 11:40:24.989 D/BT_DUN  (  405): Moved to state(EMB_DATA_CALL_IDLE) 
01-08 11:40:24.989 D/BT_DUN  (  405): Ignoring event PLATFORM_EVENT_ERROR in EMB_DATA_CALL_IDLE 
01-08 11:40:24.989 D/BT_DUN  (  405): Moved to state(EMB_DATA_CALL_IDLE) 
01-08 11:40:25.099 E/BT_DUN  (  405): Error while opening socket!
01-08 11:40:25.099 D/BT_DUN  (  405): Ignoring event PLATFORM_EVENT_ERROR in EMB_DATA_CALL_IDLE 
01-08 11:40:25.099 D/BT_DUN  (  405): Moved to state(EMB_DATA_CALL_IDLE) 
01-08 11:40:25.159 I/SendKeyEvent( 2573): 3
01-08 11:40:25.169 D/xiaohong(  265):  handwritingwhideInputMethodMenu();
01-08 11:40:25.169 I/Launcher(15726): onPause!
01-08 11:40:25.169 I/Launcher(15726): onResume!
01-08 11:40:25.169 I/ActivityManager(  159): Starting: Intent { act=android.intent.action.MAIN cat=[android.intent.category.HOME] flg=0x10200000 cmp=com.android.launcher/.Launcher } from pid 159
01-08 11:40:25.349 E/BT_DUN  (  405): Error while opening socket!
01-08 11:40:25.349 D/BT_DUN  (  405): Ignoring event PLATFORM_EVENT_ERROR in EMB_DATA_CALL_IDLE 
01-08 11:40:25.349 D/BT_DUN  (  405): Moved to state(EMB_DATA_CALL_IDLE) 
01-08 11:40:25.409 E/BT_DUN  (  405): Error while opening socket!
01-08 11:40:25.409 E/BT_DUN  (  405): Error while opening socket!
01-08 11:40:25.409 E/BT_DUN  (  405): Error while opening socket!
01-08 11:40:25.409 E/BT_DUN  (  405): Error while opening socket!
01-08 11:40:25.409 E/BT_DUN  (  405): Error while opening socket!
01-08 11:40:25.409 E/BT_DUN  (  405): Error while opening socket!
01-08 11:40:25.409 E/BT_DUN  (  405): Error while opening socket!
01-08 11:40:25.419 D/BT_DUN  (  405): Ignoring event PLATFORM_EVENT_ERROR in EMB_DATA_CALL_IDLE 
01-08 11:40:25.419 D/BT_DUN  (  405): Moved to state(EMB_DATA_CALL_IDLE) 
01-08 11:40:25.419 D/BT_DUN  (  405): Ignoring event PLATFORM_EVENT_ERROR in EMB_DATA_CALL_IDLE 
01-08 11:40:25.419 D/BT_DUN  (  405): Moved to state(EMB_DATA_CALL_IDLE) 
01-08 11:40:25.419 D/BT_DUN  (  405): Ignoring event PLATFORM_EVENT_ERROR in EMB_DATA_CALL_IDLE 
01-08 11:40:25.419 D/BT_DUN  (  405): Moved to state(EMB_DATA_CALL_IDLE) 
01-08 11:40:25.419 D/BT_DUN  (  405): Ignoring event PLATFORM_EVENT_ERROR in EMB_DATA_CALL_IDLE 
01-08 11:40:25.419 D/BT_DUN  (  405): Moved to state(EMB_DATA_CALL_IDLE) 
01-08 11:40:25.419 D/BT_DUN  (  405): Ignoring event PLATFORM_EVENT_ERROR in EMB_DATA_CALL_IDLE 
01-08 11:40:25.419 D/BT_DUN  (  405): Moved to state(EMB_DATA_CALL_IDLE) 
01-08 11:40:25.419 D/BT_DUN  (  405): Ignoring event PLATFORM_EVENT_ERROR in EMB_DATA_CALL_IDLE 
01-08 11:40:25.419 D/BT_DUN  (  405): Moved to state(EMB_DATA_CALL_IDLE) 
01-08 11:40:25.419 D/BT_DUN  (  405): Ignoring event PLATFORM_EVENT_ERROR in EMB_DATA_CALL_IDLE 
01-08 11:40:25.419 D/BT_DUN  (  405): Moved to state(EMB_DATA_CALL_IDLE) 
01-08 11:40:25.559 E/BT_DUN  (  405): Error while opening socket!
01-08 11:40:25.559 D/BT_DUN  (  405): Ignoring event PLATFORM_EVENT_ERROR in EMB_DATA_CALL_IDLE 
01-08 11:40:25.559 D/BT_DUN  (  405): Moved to state(EMB_DATA_CALL_IDLE) 
01-08 11:40:25.589 E/BT_DUN  (  405): Error while opening socket!
01-08 11:40:25.589 D/BT_DUN  (  405): Ignoring event PLATFORM_EVENT_ERROR in EMB_DATA_CALL_IDLE 
01-08 11:40:25.589 D/BT_DUN  (  405): Moved to state(EMB_DATA_CALL_IDLE) 
01-08 11:40:25.639 E/BT_DUN  (  405): Error while opening socket!
01-08 11:40:25.639 D/BT_DUN  (  405): Ignoring event PLATFORM_EVENT_ERROR in EMB_DATA_CALL_IDLE 
01-08 11:40:25.639 D/BT_DUN  (  405): Moved to state(EMB_DATA_CALL_IDLE) 
01-08 11:40:25.729 W/AudioService(  159): stream: 3 was already muted by this client
01-08 11:40:25.859 E/BT_DUN  (  405): Error while opening socket!
01-08 11:40:25.859 D/BT_DUN  (  405): Ignoring event PLATFORM_EVENT_ERROR in EMB_DATA_CALL_IDLE 
01-08 11:40:25.859 D/BT_DUN  (  405): Moved to state(EMB_DATA_CALL_IDLE) 
01-08 11:40:25.859 E/BT_DUN  (  405): Error while opening socket!
01-08 11:40:25.859 D/BT_DUN  (  405): Ignoring event PLATFORM_EVENT_ERROR in EMB_DATA_CALL_IDLE 
01-08 11:40:25.859 D/BT_DUN  (  405): Moved to state(EMB_DATA_CALL_IDLE) 
01-08 11:40:25.859 E/BT_DUN  (  405): Error while opening socket!
01-08 11:40:25.859 D/BT_DUN  (  405): Ignoring event PLATFORM_EVENT_ERROR in EMB_DATA_CALL_IDLE 
01-08 11:40:25.859 D/BT_DUN  (  405): Moved to state(EMB_DATA_CALL_IDLE) 
01-08 11:40:25.859 E/BT_DUN  (  405): Error while opening socket!
01-08 11:40:25.859 D/BT_DUN  (  405): Ignoring event PLATFORM_EVENT_ERROR in EMB_DATA_CALL_IDLE 
01-08 11:40:25.859 D/BT_DUN  (  405): Moved to state(EMB_DATA_CALL_IDLE) 
01-08 11:40:25.859 E/BT_DUN  (  405): Error while opening socket!
01-08 11:40:25.859 D/BT_DUN  (  405): Ignoring event PLATFORM_EVENT_ERROR in EMB_DATA_CALL_IDLE 
01-08 11:40:25.859 D/BT_DUN  (  405): Moved to state(EMB_DATA_CALL_IDLE) 
01-08 11:40:25.859 E/BT_DUN  (  405): Error while opening socket!
01-08 11:40:25.859 D/BT_DUN  (  405): Ignoring event PLATFORM_EVENT_ERROR in EMB_DATA_CALL_IDLE 
01-08 11:40:25.859 D/BT_DUN  (  405): Moved to state(EMB_DATA_CALL_IDLE) 
01-08 11:40:25.859 E/BT_DUN  (  405): Error while opening socket!
01-08 11:40:25.859 D/BT_DUN  (  405): Ignoring event PLATFORM_EVENT_ERROR in EMB_DATA_CALL_IDLE 
01-08 11:40:25.859 D/BT_DUN  (  405): Moved to state(EMB_DATA_CALL_IDLE) 
01-08 11:40:26.159 D/SntpClient(  159): request time failed: java.net.UnknownHostException: xtra1.gpsonextra.net
01-08 11:40:26.169 D/NetdConnector(  159): SND -> {interface readrxcounter rmnet0} {null}
01-08 11:40:26.179 D/NetdConnector(  159): RCV <- {216 0}
01-08 11:40:26.179 D/NetdConnector(  159): RSP <- {216 0}
01-08 11:40:26.179 D/NetdConnector(  159): SND -> {interface readtxcounter rmnet0} {null}
01-08 11:40:26.179 D/NetdConnector(  159): RCV <- {217 0}
01-08 11:40:26.189 D/NetdConnector(  159): RSP <- {217 0}
01-08 11:40:26.209 E/BT_DUN  (  405): Error while opening socket!
01-08 11:40:26.209 D/BT_DUN  (  405): Ignoring event PLATFORM_EVENT_ERROR in EMB_DATA_CALL_IDLE 
01-08 11:40:26.209 D/BT_DUN  (  405): Moved to state(EMB_DATA_CALL_IDLE) 
01-08 11:40:26.219 D/SntpClient(  159): request time failed: java.net.UnknownHostException: xtra1.gpsonextra.net
01-08 11:40:26.219 D/SntpClient(  159): request time failed: java.net.UnknownHostException: xtra1.gpsonextra.net
01-08 11:40:26.269 E/BT_DUN  (  405): Error while opening socket!
01-08 11:40:26.269 D/BT_DUN  (  405): Ignoring event PLATFORM_EVENT_ERROR in EMB_DATA_CALL_IDLE 
01-08 11:40:26.269 D/BT_DUN  (  405): Moved to state(EMB_DATA_CALL_IDLE) 
01-08 11:40:26.359 E/BT_DUN  (  405): Error while opening socket!
01-08 11:40:26.369 D/BT_DUN  (  405): Ignoring event PLATFORM_EVENT_ERROR in EMB_DATA_CALL_IDLE 
01-08 11:40:26.369 D/BT_DUN  (  405): Moved to state(EMB_DATA_CALL_IDLE) 
01-08 11:40:26.369 E/BT_DUN  (  405): Error while opening socket!
01-08 11:40:26.369 E/BT_DUN  (  405): Error while opening socket!
01-08 11:40:26.369 E/BT_DUN  (  405): Error while opening socket!
01-08 11:40:26.369 E/BT_DUN  (  405): Error while opening socket!
01-08 11:40:26.369 E/BT_DUN  (  405): Error while opening socket!
01-08 11:40:26.369 E/BT_DUN  (  405): Error while opening socket!
01-08 11:40:26.369 E/BT_DUN  (  405): Error while opening socket!
01-08 11:40:26.369 E/BT_DUN  (  405): Error while opening socket!
01-08 11:40:26.369 D/BT_DUN  (  405): Ignoring event PLATFORM_EVENT_ERROR in EMB_DATA_CALL_IDLE 
01-08 11:40:26.369 D/BT_DUN  (  405): Moved to state(EMB_DATA_CALL_IDLE) 
01-08 11:40:26.369 D/BT_DUN  (  405): Ignoring event PLATFORM_EVENT_ERROR in EMB_DATA_CALL_IDLE 
01-08 11:40:26.369 D/BT_DUN  (  405): Moved to state(EMB_DATA_CALL_IDLE) 
01-08 11:40:26.369 D/BT_DUN  (  405): Ignoring event PLATFORM_EVENT_ERROR in EMB_DATA_CALL_IDLE 
01-08 11:40:26.369 D/BT_DUN  (  405): Moved to state(EMB_DATA_CALL_IDLE) 
01-08 11:40:26.369 D/BT_DUN  (  405): Ignoring event PLATFORM_EVENT_ERROR in EMB_DATA_CALL_IDLE 
01-08 11:40:26.369 D/BT_DUN  (  405): Moved to state(EMB_DATA_CALL_IDLE) 
01-08 11:40:26.369 D/BT_DUN  (  405): Ignoring event PLATFORM_EVENT_ERROR in EMB_DATA_CALL_IDLE 
01-08 11:40:26.369 D/BT_DUN  (  405): Moved to state(EMB_DATA_CALL_IDLE) 
01-08 11:40:26.369 D/BT_DUN  (  405): Ignoring event PLATFORM_EVENT_ERROR in EMB_DATA_CALL_IDLE 
01-08 11:40:26.369 D/BT_DUN  (  405): Moved to state(EMB_DATA_CALL_IDLE) 
01-08 11:40:26.369 D/BT_DUN  (  405): Ignoring event PLATFORM_EVENT_ERROR in EMB_DATA_CALL_IDLE 
01-08 11:40:26.369 D/BT_DUN  (  405): Moved to state(EMB_DATA_CALL_IDLE) 
01-08 11:40:26.369 D/BT_DUN  (  405): Ignoring event PLATFORM_EVENT_ERROR in EMB_DATA_CALL_IDLE 
01-08 11:40:26.369 D/BT_DUN  (  405): Moved to state(EMB_DATA_CALL_IDLE) 
01-08 11:40:26.379 D/WifiStateTracker(  159): handleMessage msg: 5
01-08 11:40:26.729 W/AudioService(  159): stream: 3 was already muted by this client
01-08 11:40:27.739 W/AudioService(  159): stream: 3 was already muted by this client
01-08 11:40:28.739 W/AudioService(  159): stream: 3 was already muted by this client
01-08 11:40:29.739 W/AudioService(  159): stream: 3 was already muted by this client
01-08 11:40:30.749 W/AudioService(  159): stream: 3 was already muted by this client
01-08 11:40:30.769 W/ActivityManager(  159): No content provider found for: 
01-08 11:40:30.789 D/PackageParser(  159): Scanning package: /data/app/vmdl-1071079543.tmp
01-08 11:40:31.559 I/SendKeyEvent( 2734): 3
01-08 11:40:31.569 I/Launcher(15726): onPause!
01-08 11:40:31.569 D/xiaohong(  265):  handwritingwhideInputMethodMenu();
01-08 11:40:31.569 I/Launcher(15726): onResume!
01-08 11:40:31.569 I/ActivityManager(  159): Starting: Intent { act=android.intent.action.MAIN cat=[android.intent.category.HOME] flg=0x10200000 cmp=com.android.launcher/.Launcher } from pid 159
01-08 11:40:31.749 W/AudioService(  159): stream: 3 was already muted by this client
01-08 11:40:32.599 D/PackageManager(  159): Scanning package com.giant.brizzle
01-08 11:40:32.599 I/PackageManager(  159): Unpacking native libraries for /data/app/com.giant.brizzle-1.apk
01-08 11:40:32.749 W/AudioService(  159): stream: 3 was already muted by this client
01-08 11:40:33.759 W/AudioService(  159): stream: 3 was already muted by this client
01-08 11:40:34.759 W/AudioService(  159): stream: 3 was already muted by this client
01-08 11:40:35.759 W/AudioService(  159): stream: 3 was already muted by this client
01-08 11:40:35.819 D/PackageManager(  159):   Activities: com.giant.brizzle.Brizzle com.google.ads.AdActivity
01-08 11:40:35.819 I/ActivityManager(  159): Force stopping package com.giant.brizzle uid=10052
01-08 11:40:35.869 D/PackageManager(  159): New package installed in /data/app/com.giant.brizzle-1.apk
01-08 11:40:35.919 D/PackageIntentReceiver(26244): onReceive Intent { act=android.intent.action.PACKAGE_ADDED dat=package:com.giant.brizzle flg=0x10000000 (has extras) }
01-08 11:40:36.129 W/RecognitionManagerService(  159): no available voice recognition services found
01-08 11:40:36.359 D/Launcher.Gridspace(15726): rectify 1 group Apps Adapter List!
01-08 11:40:36.759 W/AudioService(  159): stream: 3 was already muted by this client
01-08 11:40:36.769 E/BT_DUN  (  405): Error while opening socket!
01-08 11:40:36.769 D/BT_DUN  (  405): Ignoring event PLATFORM_EVENT_ERROR in EMB_DATA_CALL_IDLE 
01-08 11:40:36.769 D/BT_DUN  (  405): Moved to state(EMB_DATA_CALL_IDLE) 
01-08 11:40:36.829 E/BT_DUN  (  405): Error while opening socket!
01-08 11:40:36.829 D/BT_DUN  (  405): Ignoring event PLATFORM_EVENT_ERROR in EMB_DATA_CALL_IDLE 
01-08 11:40:36.829 D/BT_DUN  (  405): Moved to state(EMB_DATA_CALL_IDLE) 
01-08 11:40:36.859 E/BT_DUN  (  405): Error while opening socket!
01-08 11:40:36.859 D/BT_DUN  (  405): Ignoring event PLATFORM_EVENT_ERROR in EMB_DATA_CALL_IDLE 
01-08 11:40:36.859 D/BT_DUN  (  405): Moved to state(EMB_DATA_CALL_IDLE) 
01-08 11:40:36.919 E/BT_DUN  (  405): Error while opening socket!
01-08 11:40:36.919 D/BT_DUN  (  405): Ignoring event PLATFORM_EVENT_ERROR in EMB_DATA_CALL_IDLE 
01-08 11:40:36.919 D/BT_DUN  (  405): Moved to state(EMB_DATA_CALL_IDLE) 
01-08 11:40:36.959 E/BT_DUN  (  405): Error while opening socket!
01-08 11:40:36.959 E/BT_DUN  (  405): Error while opening socket!
01-08 11:40:36.959 E/BT_DUN  (  405): Error while opening socket!
01-08 11:40:36.959 E/BT_DUN  (  405): Error while opening socket!
01-08 11:40:36.959 E/BT_DUN  (  405): Error while opening socket!
01-08 11:40:36.959 E/BT_DUN  (  405): Error while opening socket!
01-08 11:40:36.959 E/BT_DUN  (  405): Error while opening socket!
01-08 11:40:36.959 D/BT_DUN  (  405): Ignoring event PLATFORM_EVENT_ERROR in EMB_DATA_CALL_IDLE 
01-08 11:40:36.959 D/BT_DUN  (  405): Moved to state(EMB_DATA_CALL_IDLE) 
01-08 11:40:36.959 D/BT_DUN  (  405): Ignoring event PLATFORM_EVENT_ERROR in EMB_DATA_CALL_IDLE 
01-08 11:40:36.959 D/BT_DUN  (  405): Moved to state(EMB_DATA_CALL_IDLE) 
01-08 11:40:36.959 D/BT_DUN  (  405): Ignoring event PLATFORM_EVENT_ERROR in EMB_DATA_CALL_IDLE 
01-08 11:40:36.959 D/BT_DUN  (  405): Moved to state(EMB_DATA_CALL_IDLE) 
01-08 11:40:36.959 D/BT_DUN  (  405): Ignoring event PLATFORM_EVENT_ERROR in EMB_DATA_CALL_IDLE 
01-08 11:40:36.959 D/BT_DUN  (  405): Moved to state(EMB_DATA_CALL_IDLE) 
01-08 11:40:36.959 D/BT_DUN  (  405): Ignoring event PLATFORM_EVENT_ERROR in EMB_DATA_CALL_IDLE 
01-08 11:40:36.959 D/BT_DUN  (  405): Moved to state(EMB_DATA_CALL_IDLE) 
01-08 11:40:36.959 D/BT_DUN  (  405): Ignoring event PLATFORM_EVENT_ERROR in EMB_DATA_CALL_IDLE 
01-08 11:40:36.959 D/BT_DUN  (  405): Moved to state(EMB_DATA_CALL_IDLE) 
01-08 11:40:36.959 D/BT_DUN  (  405): Ignoring event PLATFORM_EVENT_ERROR in EMB_DATA_CALL_IDLE 
01-08 11:40:36.959 D/BT_DUN  (  405): Moved to state(EMB_DATA_CALL_IDLE) 
01-08 11:40:37.059 E/BT_DUN  (  405): Error while opening socket!
01-08 11:40:37.059 D/BT_DUN  (  405): Ignoring event PLATFORM_EVENT_ERROR in EMB_DATA_CALL_IDLE 
01-08 11:40:37.059 D/BT_DUN  (  405): Moved to state(EMB_DATA_CALL_IDLE) 
01-08 11:40:37.169 E/BT_DUN  (  405): Error while opening socket!
01-08 11:40:37.169 D/BT_DUN  (  405): Ignoring event PLATFORM_EVENT_ERROR in EMB_DATA_CALL_IDLE 
01-08 11:40:37.169 D/BT_DUN  (  405): Moved to state(EMB_DATA_CALL_IDLE) 
01-08 11:40:37.219 E/BT_DUN  (  405): Error while opening socket!
01-08 11:40:37.219 D/BT_DUN  (  405): Ignoring event PLATFORM_EVENT_ERROR in EMB_DATA_CALL_IDLE 
01-08 11:40:37.219 D/BT_DUN  (  405): Moved to state(EMB_DATA_CALL_IDLE) 
01-08 11:40:37.379 E/BT_DUN  (  405): Error while opening socket!
01-08 11:40:37.379 D/BT_DUN  (  405): Ignoring event PLATFORM_EVENT_ERROR in EMB_DATA_CALL_IDLE 
01-08 11:40:37.379 D/BT_DUN  (  405): Moved to state(EMB_DATA_CALL_IDLE) 
01-08 11:40:37.379 E/BT_DUN  (  405): Error while opening socket!
01-08 11:40:37.379 D/BT_DUN  (  405): Ignoring event PLATFORM_EVENT_ERROR in EMB_DATA_CALL_IDLE 
01-08 11:40:37.379 D/BT_DUN  (  405): Moved to state(EMB_DATA_CALL_IDLE) 
01-08 11:40:37.379 E/BT_DUN  (  405): Error while opening socket!
01-08 11:40:37.379 D/BT_DUN  (  405): Ignoring event PLATFORM_EVENT_ERROR in EMB_DATA_CALL_IDLE 
01-08 11:40:37.379 D/BT_DUN  (  405): Moved to state(EMB_DATA_CALL_IDLE) 
01-08 11:40:37.379 E/BT_DUN  (  405): Error while opening socket!
01-08 11:40:37.379 D/BT_DUN  (  405): Ignoring event PLATFORM_EVENT_ERROR in EMB_DATA_CALL_IDLE 
01-08 11:40:37.379 D/BT_DUN  (  405): Moved to state(EMB_DATA_CALL_IDLE) 
01-08 11:40:37.379 E/BT_DUN  (  405): Error while opening socket!
01-08 11:40:37.379 D/BT_DUN  (  405): Ignoring event PLATFORM_EVENT_ERROR in EMB_DATA_CALL_IDLE 
01-08 11:40:37.379 D/BT_DUN  (  405): Moved to state(EMB_DATA_CALL_IDLE) 
01-08 11:40:37.379 E/BT_DUN  (  405): Error while opening socket!
01-08 11:40:37.379 D/BT_DUN  (  405): Ignoring event PLATFORM_EVENT_ERROR in EMB_DATA_CALL_IDLE 
01-08 11:40:37.379 D/BT_DUN  (  405): Moved to state(EMB_DATA_CALL_IDLE) 
01-08 11:40:37.379 E/BT_DUN  (  405): Error while opening socket!
01-08 11:40:37.379 D/BT_DUN  (  405): Ignoring event PLATFORM_EVENT_ERROR in EMB_DATA_CALL_IDLE 
01-08 11:40:37.379 D/BT_DUN  (  405): Moved to state(EMB_DATA_CALL_IDLE) 
01-08 11:40:37.439 E/BT_DUN  (  405): Error while opening socket!
01-08 11:40:37.439 D/BT_DUN  (  405): Ignoring event PLATFORM_EVENT_ERROR in EMB_DATA_CALL_IDLE 
01-08 11:40:37.439 D/BT_DUN  (  405): Moved to state(EMB_DATA_CALL_IDLE) 
01-08 11:40:37.499 E/BT_DUN  (  405): Error while opening socket!
01-08 11:40:37.499 D/BT_DUN  (  405): Ignoring event PLATFORM_EVENT_ERROR in EMB_DATA_CALL_IDLE 
01-08 11:40:37.499 D/BT_DUN  (  405): Moved to state(EMB_DATA_CALL_IDLE) 
01-08 11:40:37.759 W/AudioService(  159): stream: 3 was already muted by this client
01-08 11:40:37.899 E/BT_DUN  (  405): Error while opening socket!
01-08 11:40:37.899 D/BT_DUN  (  405): Ignoring event PLATFORM_EVENT_ERROR in EMB_DATA_CALL_IDLE 
01-08 11:40:37.899 D/BT_DUN  (  405): Moved to state(EMB_DATA_CALL_IDLE) 
01-08 11:40:37.909 E/BT_DUN  (  405): Error while opening socket!
01-08 11:40:37.909 E/BT_DUN  (  405): Error while opening socket!
01-08 11:40:37.909 E/BT_DUN  (  405): Error while opening socket!
01-08 11:40:37.909 E/BT_DUN  (  405): Error while opening socket!
01-08 11:40:37.909 E/BT_DUN  (  405): Error while opening socket!
01-08 11:40:37.909 E/BT_DUN  (  405): Error while opening socket!
01-08 11:40:37.909 E/BT_DUN  (  405): Error while opening socket!
01-08 11:40:37.909 D/BT_DUN  (  405): Ignoring event PLATFORM_EVENT_ERROR in EMB_DATA_CALL_IDLE 
01-08 11:40:37.909 D/BT_DUN  (  405): Moved to state(EMB_DATA_CALL_IDLE) 
01-08 11:40:37.909 D/BT_DUN  (  405): Ignoring event PLATFORM_EVENT_ERROR in EMB_DATA_CALL_IDLE 
01-08 11:40:37.909 D/BT_DUN  (  405): Moved to state(EMB_DATA_CALL_IDLE) 
01-08 11:40:37.909 D/BT_DUN  (  405): Ignoring event PLATFORM_EVENT_ERROR in EMB_DATA_CALL_IDLE 
01-08 11:40:37.909 D/BT_DUN  (  405): Moved to state(EMB_DATA_CALL_IDLE) 
01-08 11:40:37.909 D/BT_DUN  (  405): Ignoring event PLATFORM_EVENT_ERROR in EMB_DATA_CALL_IDLE 
01-08 11:40:37.909 D/BT_DUN  (  405): Moved to state(EMB_DATA_CALL_IDLE) 
01-08 11:40:37.909 D/BT_DUN  (  405): Ignoring event PLATFORM_EVENT_ERROR in EMB_DATA_CALL_IDLE 
01-08 11:40:37.909 D/BT_DUN  (  405): Moved to state(EMB_DATA_CALL_IDLE) 
01-08 11:40:37.909 D/BT_DUN  (  405): Ignoring event PLATFORM_EVENT_ERROR in EMB_DATA_CALL_IDLE 
01-08 11:40:37.909 D/BT_DUN  (  405): Moved to state(EMB_DATA_CALL_IDLE) 
01-08 11:40:37.909 D/BT_DUN  (  405): Ignoring event PLATFORM_EVENT_ERROR in EMB_DATA_CALL_IDLE 
01-08 11:40:37.909 D/BT_DUN  (  405): Moved to state(EMB_DATA_CALL_IDLE) 
01-08 11:40:37.929 E/BT_DUN  (  405): Error while opening socket!
01-08 11:40:37.929 D/BT_DUN  (  405): Ignoring event PLATFORM_EVENT_ERROR in EMB_DATA_CALL_IDLE 
01-08 11:40:37.929 D/BT_DUN  (  405): Moved to state(EMB_DATA_CALL_IDLE) 
01-08 11:40:38.019 E/BT_DUN  (  405): Error while opening socket!
01-08 11:40:38.019 E/BT_DUN  (  405): Error while opening socket!
01-08 11:40:38.019 D/BT_DUN  (  405): Ignoring event PLATFORM_EVENT_ERROR in EMB_DATA_CALL_IDLE 
01-08 11:40:38.019 D/BT_DUN  (  405): Moved to state(EMB_DATA_CALL_IDLE) 
01-08 11:40:38.019 D/BT_DUN  (  405): Ignoring event PLATFORM_EVENT_ERROR in EMB_DATA_CALL_IDLE 
01-08 11:40:38.019 D/BT_DUN  (  405): Moved to state(EMB_DATA_CALL_IDLE) 
01-08 11:40:38.019 D/WifiStateTracker(  159): handleMessage msg: 5
01-08 11:40:38.769 W/AudioService(  159): stream: 3 was already muted by this client
01-08 11:40:39.769 W/AudioService(  159): stream: 3 was already muted by this client
01-08 11:40:40.769 W/AudioService(  159): stream: 3 was already muted by this client
01-08 11:40:41.769 W/AudioService(  159): stream: 3 was already muted by this client
01-08 11:40:42.769 W/AudioService(  159): stream: 3 was already muted by this client
01-08 11:40:42.809 I/TestinExternalLog(  826): <<<<<<< Process com.giant.brizzle >>>>>>>
01-08 11:40:42.809 I/TestinExternalLog(1): <<<<<<< Package com.giant.brizzle installed >>>>>>>
01-08 11:40:43.779 W/AudioService(  159): stream: 3 was already muted by this client
01-08 11:40:44.779 W/AudioService(  159): stream: 3 was already muted by this client
01-08 11:40:45.779 W/AudioService(  159): stream: 3 was already muted by this client
01-08 11:40:46.789 W/AudioService(  159): stream: 3 was already muted by this client
01-08 11:40:47.289 I/TestinExternalLog(1): <<<<<<< Starting Package com.giant.brizzle >>>>>>>
01-08 11:40:47.789 W/AudioService(  159): stream: 3 was already muted by this client
01-08 11:40:48.229 I/TestinExternalLog(  826): NetFlow>>>> UpFlow 0, DownFlow 0, TotalFlow 0
01-08 11:40:48.429 E/BT_DUN  (  405): Error while opening socket!
01-08 11:40:48.429 D/BT_DUN  (  405): Ignoring event PLATFORM_EVENT_ERROR in EMB_DATA_CALL_IDLE 
01-08 11:40:48.429 D/BT_DUN  (  405): Moved to state(EMB_DATA_CALL_IDLE) 
01-08 11:40:48.449 E/BT_DUN  (  405): Error while opening socket!
01-08 11:40:48.449 D/BT_DUN  (  405): Ignoring event PLATFORM_EVENT_ERROR in EMB_DATA_CALL_IDLE 
01-08 11:40:48.449 D/BT_DUN  (  405): Moved to state(EMB_DATA_CALL_IDLE) 
01-08 11:40:48.489 E/BT_DUN  (  405): Error while opening socket!
01-08 11:40:48.489 E/BT_DUN  (  405): Error while opening socket!
01-08 11:40:48.489 E/BT_DUN  (  405): Error while opening socket!
01-08 11:40:48.489 E/BT_DUN  (  405): Error while opening socket!
01-08 11:40:48.489 E/BT_DUN  (  405): Error while opening socket!
01-08 11:40:48.489 E/BT_DUN  (  405): Error while opening socket!
01-08 11:40:48.489 E/BT_DUN  (  405): Error while opening socket!
01-08 11:40:48.489 D/BT_DUN  (  405): Ignoring event PLATFORM_EVENT_ERROR in EMB_DATA_CALL_IDLE 
01-08 11:40:48.489 D/BT_DUN  (  405): Moved to state(EMB_DATA_CALL_IDLE) 
01-08 11:40:48.489 D/BT_DUN  (  405): Ignoring event PLATFORM_EVENT_ERROR in EMB_DATA_CALL_IDLE 
01-08 11:40:48.489 D/BT_DUN  (  405): Moved to state(EMB_DATA_CALL_IDLE) 
01-08 11:40:48.489 D/BT_DUN  (  405): Ignoring event PLATFORM_EVENT_ERROR in EMB_DATA_CALL_IDLE 
01-08 11:40:48.489 D/BT_DUN  (  405): Moved to state(EMB_DATA_CALL_IDLE) 
01-08 11:40:48.489 D/BT_DUN  (  405): Ignoring event PLATFORM_EVENT_ERROR in EMB_DATA_CALL_IDLE 
01-08 11:40:48.489 D/BT_DUN  (  405): Moved to state(EMB_DATA_CALL_IDLE) 
01-08 11:40:48.489 D/BT_DUN  (  405): Ignoring event PLATFORM_EVENT_ERROR in EMB_DATA_CALL_IDLE 
01-08 11:40:48.489 D/BT_DUN  (  405): Moved to state(EMB_DATA_CALL_IDLE) 
01-08 11:40:48.489 D/BT_DUN  (  405): Ignoring event PLATFORM_EVENT_ERROR in EMB_DATA_CALL_IDLE 
01-08 11:40:48.489 D/BT_DUN  (  405): Moved to state(EMB_DATA_CALL_IDLE) 
01-08 11:40:48.489 D/BT_DUN  (  405): Ignoring event PLATFORM_EVENT_ERROR in EMB_DATA_CALL_IDLE 
01-08 11:40:48.489 D/BT_DUN  (  405): Moved to state(EMB_DATA_CALL_IDLE) 
01-08 11:40:48.589 E/BT_DUN  (  405): Error while opening socket!
01-08 11:40:48.589 D/BT_DUN  (  405): Ignoring event PLATFORM_EVENT_ERROR in EMB_DATA_CALL_IDLE 
01-08 11:40:48.589 D/BT_DUN  (  405): Moved to state(EMB_DATA_CALL_IDLE) 
01-08 11:40:48.719 E/BT_DUN  (  405): Error while opening socket!
01-08 11:40:48.719 D/BT_DUN  (  405): Ignoring event PLATFORM_EVENT_ERROR in EMB_DATA_CALL_IDLE 
01-08 11:40:48.719 D/BT_DUN  (  405): Moved to state(EMB_DATA_CALL_IDLE) 
01-08 11:40:48.799 W/AudioService(  159): stream: 3 was already muted by this client
01-08 11:40:48.899 E/BT_DUN  (  405): Error while opening socket!
01-08 11:40:48.899 D/BT_DUN  (  405): Ignoring event PLATFORM_EVENT_ERROR in EMB_DATA_CALL_IDLE 
01-08 11:40:48.899 D/BT_DUN  (  405): Moved to state(EMB_DATA_CALL_IDLE) 
01-08 11:40:48.909 I/ActivityManager(  159): Starting: Intent { act=android.intent.action.MAIN flg=0x10000000 cmp=com.giant.brizzle/.Brizzle } from pid 2991
01-08 11:40:48.929 I/Launcher(15726): onPause!
01-08 11:40:48.959 I/ActivityManager(  159): Start proc com.giant.brizzle for activity com.giant.brizzle/.Brizzle: pid=3008 uid=10052 gids={3003}
01-08 11:40:48.969 E/BT_DUN  (  405): Error while opening socket!
01-08 11:40:48.969 E/BT_DUN  (  405): Error while opening socket!
01-08 11:40:48.969 E/BT_DUN  (  405): Error while opening socket!
01-08 11:40:48.969 E/BT_DUN  (  405): Error while opening socket!
01-08 11:40:48.969 E/BT_DUN  (  405): Error while opening socket!
01-08 11:40:48.969 E/BT_DUN  (  405): Error while opening socket!
01-08 11:40:48.969 E/BT_DUN  (  405): Error while opening socket!
01-08 11:40:48.969 D/BT_DUN  (  405): Ignoring event PLATFORM_EVENT_ERROR in EMB_DATA_CALL_IDLE 
01-08 11:40:48.969 D/BT_DUN  (  405): Moved to state(EMB_DATA_CALL_IDLE) 
01-08 11:40:48.969 D/BT_DUN  (  405): Ignoring event PLATFORM_EVENT_ERROR in EMB_DATA_CALL_IDLE 
01-08 11:40:48.969 D/BT_DUN  (  405): Moved to state(EMB_DATA_CALL_IDLE) 
01-08 11:40:48.969 D/BT_DUN  (  405): Ignoring event PLATFORM_EVENT_ERROR in EMB_DATA_CALL_IDLE 
01-08 11:40:48.969 D/BT_DUN  (  405): Moved to state(EMB_DATA_CALL_IDLE) 
01-08 11:40:48.969 D/BT_DUN  (  405): Ignoring event PLATFORM_EVENT_ERROR in EMB_DATA_CALL_IDLE 
01-08 11:40:48.969 D/BT_DUN  (  405): Moved to state(EMB_DATA_CALL_IDLE) 
01-08 11:40:48.969 D/BT_DUN  (  405): Ignoring event PLATFORM_EVENT_ERROR in EMB_DATA_CALL_IDLE 
01-08 11:40:48.969 D/BT_DUN  (  405): Moved to state(EMB_DATA_CALL_IDLE) 
01-08 11:40:48.969 D/BT_DUN  (  405): Ignoring event PLATFORM_EVENT_ERROR in EMB_DATA_CALL_IDLE 
01-08 11:40:48.969 D/BT_DUN  (  405): Moved to state(EMB_DATA_CALL_IDLE) 
01-08 11:40:48.969 D/BT_DUN  (  405): Ignoring event PLATFORM_EVENT_ERROR in EMB_DATA_CALL_IDLE 
01-08 11:40:48.969 D/BT_DUN  (  405): Moved to state(EMB_DATA_CALL_IDLE) 
01-08 11:40:48.969 E/BT_DUN  (  405): Error while opening socket!
01-08 11:40:48.969 D/BT_DUN  (  405): Ignoring event PLATFORM_EVENT_ERROR in EMB_DATA_CALL_IDLE 
01-08 11:40:48.969 D/BT_DUN  (  405): Moved to state(EMB_DATA_CALL_IDLE) 
01-08 11:40:48.999 E/BT_DUN  (  405): Error while opening socket!
01-08 11:40:48.999 D/BT_DUN  (  405): Ignoring event PLATFORM_EVENT_ERROR in EMB_DATA_CALL_IDLE 
01-08 11:40:48.999 D/BT_DUN  (  405): Moved to state(EMB_DATA_CALL_IDLE) 
01-08 11:40:49.159 D/Cocos2dxActivity( 3008): model=HS-U8
01-08 11:40:49.159 D/Cocos2dxActivity( 3008): product=U8
01-08 11:40:49.159 D/Cocos2dxActivity( 3008): isEmulator=false
01-08 11:40:49.169 E/BT_DUN  (  405): Error while opening socket!
01-08 11:40:49.169 D/BT_DUN  (  405): Ignoring event PLATFORM_EVENT_ERROR in EMB_DATA_CALL_IDLE 
01-08 11:40:49.169 D/BT_DUN  (  405): Moved to state(EMB_DATA_CALL_IDLE) 
01-08 11:40:49.189 E/BT_DUN  (  405): Error while opening socket!
01-08 11:40:49.189 D/BT_DUN  (  405): Ignoring event PLATFORM_EVENT_ERROR in EMB_DATA_CALL_IDLE 
01-08 11:40:49.189 D/BT_DUN  (  405): Moved to state(EMB_DATA_CALL_IDLE) 
01-08 11:40:49.259 E/BT_DUN  (  405): Error while opening socket!
01-08 11:40:49.259 D/BT_DUN  (  405): Ignoring event PLATFORM_EVENT_ERROR in EMB_DATA_CALL_IDLE 
01-08 11:40:49.259 D/BT_DUN  (  405): Moved to state(EMB_DATA_CALL_IDLE) 
01-08 11:40:49.309 E/BT_DUN  (  405): Error while opening socket!
01-08 11:40:49.309 D/BT_DUN  (  405): Ignoring event PLATFORM_EVENT_ERROR in EMB_DATA_CALL_IDLE 
01-08 11:40:49.309 D/BT_DUN  (  405): Moved to state(EMB_DATA_CALL_IDLE) 
01-08 11:40:49.409 I/ActivityManager(  159): Displayed com.giant.brizzle/.Brizzle: +461ms
01-08 11:40:49.449 E/BT_DUN  (  405): Error while opening socket!
01-08 11:40:49.449 E/BT_DUN  (  405): Error while opening socket!
01-08 11:40:49.449 E/BT_DUN  (  405): Error while opening socket!
01-08 11:40:49.449 E/BT_DUN  (  405): Error while opening socket!
01-08 11:40:49.449 E/BT_DUN  (  405): Error while opening socket!
01-08 11:40:49.449 E/BT_DUN  (  405): Error while opening socket!
01-08 11:40:49.449 E/BT_DUN  (  405): Error while opening socket!
01-08 11:40:49.449 D/BT_DUN  (  405): Ignoring event PLATFORM_EVENT_ERROR in EMB_DATA_CALL_IDLE 
01-08 11:40:49.449 D/BT_DUN  (  405): Moved to state(EMB_DATA_CALL_IDLE) 
01-08 11:40:49.449 D/BT_DUN  (  405): Ignoring event PLATFORM_EVENT_ERROR in EMB_DATA_CALL_IDLE 
01-08 11:40:49.449 D/BT_DUN  (  405): Moved to state(EMB_DATA_CALL_IDLE) 
01-08 11:40:49.449 D/BT_DUN  (  405): Ignoring event PLATFORM_EVENT_ERROR in EMB_DATA_CALL_IDLE 
01-08 11:40:49.449 D/BT_DUN  (  405): Moved to state(EMB_DATA_CALL_IDLE) 
01-08 11:40:49.449 D/BT_DUN  (  405): Ignoring event PLATFORM_EVENT_ERROR in EMB_DATA_CALL_IDLE 
01-08 11:40:49.449 D/BT_DUN  (  405): Moved to state(EMB_DATA_CALL_IDLE) 
01-08 11:40:49.449 D/BT_DUN  (  405): Ignoring event PLATFORM_EVENT_ERROR in EMB_DATA_CALL_IDLE 
01-08 11:40:49.449 D/BT_DUN  (  405): Moved to state(EMB_DATA_CALL_IDLE) 
01-08 11:40:49.449 D/BT_DUN  (  405): Ignoring event PLATFORM_EVENT_ERROR in EMB_DATA_CALL_IDLE 
01-08 11:40:49.449 D/BT_DUN  (  405): Moved to state(EMB_DATA_CALL_IDLE) 
01-08 11:40:49.449 D/BT_DUN  (  405): Ignoring event PLATFORM_EVENT_ERROR in EMB_DATA_CALL_IDLE 
01-08 11:40:49.449 D/BT_DUN  (  405): Moved to state(EMB_DATA_CALL_IDLE) 
01-08 11:40:49.599 D/cocos2d-x debug info( 3008): 
01-08 11:40:49.599 D/cocos2d-x debug info( 3008): <dict>
01-08 11:40:49.599 D/cocos2d-x debug info( 3008): 	cocos2d.x.version: 2.2.1
01-08 11:40:49.599 D/cocos2d-x debug info( 3008): 	cocos2d.x.compiled_with_profiler: false
01-08 11:40:49.599 D/cocos2d-x debug info( 3008): 	cocos2d.x.compiled_with_gl_state_cache: true
01-08 11:40:49.599 D/cocos2d-x debug info( 3008): 	gl.vendor: Qualcomm
01-08 11:40:49.599 D/cocos2d-x debug info( 3008): 	gl.renderer: Adreno (TM) 200
01-08 11:40:49.599 D/cocos2d-x debug info( 3008): 	gl.version: OpenGL ES 2.0 1849878
01-08 11:40:49.599 D/cocos2d-x debug info( 3008): 	gl.max_texture_size: 4096
01-08 11:40:49.599 D/cocos2d-x debug info( 3008): 	gl.max_texture_units: 20
01-08 11:40:49.599 D/cocos2d-x debug info( 3008): 	gl.supports_PVRTC: false
01-08 11:40:49.599 D/cocos2d-x debug info( 3008): 	gl.supports_NPOT: true
01-08 11:40:49.599 D/cocos2d-x debug info( 3008): 	gl.supports_BGRA8888: false
01-08 11:40:49.599 D/cocos2d-x debug info( 3008): 	gl.supports_discard_framebuffer: false
01-08 11:40:49.599 D/cocos2d-x debug info( 3008): 	gl.supports_vertex_array_object: false
01-08 11:40:49.599 D/cocos2d-x debug info( 3008): </dict>
01-08 11:40:49.609 E/BT_DUN  (  405): Error while opening socket!
01-08 11:40:49.609 D/BT_DUN  (  405): Ignoring event PLATFORM_EVENT_ERROR in EMB_DATA_CALL_IDLE 
01-08 11:40:49.609 D/BT_DUN  (  405): Moved to state(EMB_DATA_CALL_IDLE) 
01-08 11:40:49.659 E/BT_DUN  (  405): Error while opening socket!
01-08 11:40:49.659 E/BT_DUN  (  405): Error while opening socket!
01-08 11:40:49.659 D/BT_DUN  (  405): Ignoring event PLATFORM_EVENT_ERROR in EMB_DATA_CALL_IDLE 
01-08 11:40:49.659 D/BT_DUN  (  405): Moved to state(EMB_DATA_CALL_IDLE) 
01-08 11:40:49.659 D/BT_DUN  (  405): Ignoring event PLATFORM_EVENT_ERROR in EMB_DATA_CALL_IDLE 
01-08 11:40:49.659 D/BT_DUN  (  405): Moved to state(EMB_DATA_CALL_IDLE) 
01-08 11:40:49.679 D/WifiStateTracker(  159): handleMessage msg: 5
01-08 11:40:49.809 W/AudioService(  159): stream: 3 was already muted by this client
01-08 11:40:49.889 D/cocos2d-x debug info( 3008): cocos2d: CCTextureCache: texture: cc_fps_images
01-08 11:40:49.889 I/TestinExternalLog(1): Displayed com.giant.brizzle/com.giant.brizzle.Brizzle: +461ms
01-08 11:40:50.809 W/AudioService(  159): stream: 3 was already muted by this client
01-08 11:40:50.899 I/TestinExternalLog(  826): CPU>>>> User 42%, System 25%, IOW 5%, IRQ 0%, com.giant.brizzle(3008):0%
01-08 11:40:51.579 D/cocos2d-x debug info( 3008): cocos2d: CCTextureCache: texture: cc_fps_images
01-08 11:40:51.579 D/cocos2d-x debug info( 3008): cocos2d: CCTextureCache: texture: assets/images/loading/splash.png
01-08 11:40:51.599 D/cocos2d-x debug info( 3008): cocos2d: CCSpriteFrameCache: Trying to use file images/main_menu/main_bg_a_RETINA.png as texture
01-08 11:40:51.819 W/AudioService(  159): stream: 3 was already muted by this client
01-08 11:40:52.119 I/ActivityManager(  159): Force stopping package com.giant.brizzle uid=10052
01-08 11:40:52.149 I/Launcher(15726): onResume!
01-08 11:40:52.149 I/ActivityManager(  159): Start proc com.giant.brizzle for added application com.giant.brizzle: pid=3126 uid=10052 gids={3003}
01-08 11:40:52.179 E/InputDispatcher(  159): channel '409bbf88 com.giant.brizzle/com.giant.brizzle.Brizzle (server)' ~ Consumer closed input channel or an error occurred.  events=0x8
01-08 11:40:52.179 E/InputDispatcher(  159): channel '409bbf88 com.giant.brizzle/com.giant.brizzle.Brizzle (server)' ~ Channel is unrecoverably broken and will be disposed!
01-08 11:40:52.179 I/WindowManager(  159): WINDOW DIED Window{409bbf88 com.giant.brizzle/com.giant.brizzle.Brizzle paused=false}
01-08 11:40:52.189 E/JavaBinder(  159): Transact on 0x28c050 in Java object 0x409bbb38 with code 3 failed
01-08 11:40:52.189 E/JavaBinder(  159): Transact on 0x28c050 in Java object 0x409bbb38 with code 4 failed
01-08 11:40:52.189 I/WindowManager(  159): WIN DEATH: Window{409bd2c0 SurfaceView paused=false}
01-08 11:40:52.189 W/InputManagerService(  159): Got RemoteException sending setActive(false) notification to pid 3008 uid 10052
01-08 11:40:52.229 I/TestinExternalLog(  826): Battery>>>> Temperature 0.0
01-08 11:40:52.439 I/TestRunner( 3126): started: test1(a.ApiTestCase)
01-08 11:40:52.449 I/ActivityManager(  159): Starting: Intent { act=android.intent.action.MAIN flg=0x10000000 cmp=com.giant.brizzle/.Brizzle } from pid 3126
01-08 11:40:52.569 I/Launcher(15726): onPause!
01-08 11:40:52.649 D/Cocos2dxActivity( 3126): model=HS-U8
01-08 11:40:52.649 D/Cocos2dxActivity( 3126): product=U8
01-08 11:40:52.649 D/Cocos2dxActivity( 3126): isEmulator=false
01-08 11:40:52.879 W/AudioService(  159): stream: 3 was already muted by this client
01-08 11:40:53.069 I/ActivityManager(  159): Displayed com.giant.brizzle/.Brizzle: +482ms
01-08 11:40:53.239 D/cocos2d-x debug info( 3126): 
01-08 11:40:53.239 D/cocos2d-x debug info( 3126): <dict>
01-08 11:40:53.239 D/cocos2d-x debug info( 3126): 	cocos2d.x.version: 2.2.1
01-08 11:40:53.239 D/cocos2d-x debug info( 3126): 	cocos2d.x.compiled_with_profiler: false
01-08 11:40:53.239 D/cocos2d-x debug info( 3126): 	cocos2d.x.compiled_with_gl_state_cache: true
01-08 11:40:53.239 D/cocos2d-x debug info( 3126): 	gl.vendor: Qualcomm
01-08 11:40:53.239 D/cocos2d-x debug info( 3126): 	gl.renderer: Adreno (TM) 200
01-08 11:40:53.239 D/cocos2d-x debug info( 3126): 	gl.version: OpenGL ES 2.0 1849878
01-08 11:40:53.239 D/cocos2d-x debug info( 3126): 	gl.max_texture_size: 4096
01-08 11:40:53.239 D/cocos2d-x debug info( 3126): 	gl.max_texture_units: 20
01-08 11:40:53.239 D/cocos2d-x debug info( 3126): 	gl.supports_PVRTC: false
01-08 11:40:53.239 D/cocos2d-x debug info( 3126): 	gl.supports_NPOT: true
01-08 11:40:53.239 D/cocos2d-x debug info( 3126): 	gl.supports_BGRA8888: false
01-08 11:40:53.239 D/cocos2d-x debug info( 3126): 	gl.supports_discard_framebuffer: false
01-08 11:40:53.239 D/cocos2d-x debug info( 3126): 	gl.supports_vertex_array_object: false
01-08 11:40:53.239 D/cocos2d-x debug info( 3126): </dict>
01-08 11:40:53.729 D/cocos2d-x debug info( 3126): cocos2d: CCTextureCache: texture: cc_fps_images
01-08 11:40:53.939 W/AudioService(  159): stream: 3 was already muted by this client
01-08 11:40:54.139 I/TestinExternalLog(  826): Mem>>>> Avalable:268292KB, com.giant.brizzle(3126) used:14529KB
01-08 11:40:54.269 I/TestinExternalLog(  826): <<<<<<< StartApp >>>>>>>
01-08 11:40:54.279 I/TestinExternalLog(  826): <<<<<<< com.giant.brizzle(3126) >>>>>>>
01-08 11:40:54.399 I/TestinExternalLog(  826): NetFlow>>>> UpFlow 0, DownFlow 0, TotalFlow 0
01-08 11:40:54.959 W/AudioService(  159): stream: 3 was already muted by this client
01-08 11:40:55.639 D/cocos2d-x debug info( 3126): cocos2d: CCTextureCache: texture: cc_fps_images
01-08 11:40:55.639 D/cocos2d-x debug info( 3126): cocos2d: CCTextureCache: texture: assets/images/loading/splash.png
01-08 11:40:55.649 D/cocos2d-x debug info( 3126): cocos2d: CCSpriteFrameCache: Trying to use file images/main_menu/main_bg_a_RETINA.png as texture
01-08 11:40:55.979 W/AudioService(  159): stream: 3 was already muted by this client
01-08 11:40:56.019 D/cocos2d-x debug info( 3126): cocos2d: CCSpriteFrameCache: Trying to use file images/main_menu/main_bg_b_RETINA.png as texture
01-08 11:40:56.209 D/cocos2d-x debug info( 3126): cocos2d: CCSpriteFrameCache: Trying to use file images/main_menu/mainmenu_a_RETINA.png as texture
01-08 11:40:56.519 W/ResourceType( 3126): No known package when getting name for resource number 0xffffffff
01-08 11:40:56.709 W/ResourceType( 3126): No known package when getting name for resource number 0xffffffff
01-08 11:40:56.719 W/ResourceType( 3126): No known package when getting name for resource number 0xffffffff
01-08 11:40:56.739 W/ResourceType( 3126): No known package when getting name for resource number 0xffffffff
01-08 11:40:56.739 W/ResourceType( 3126): No known package when getting name for resource number 0xffffffff
01-08 11:40:56.739 W/ResourceType( 3126): No known package when getting name for resource number 0xffffffff
01-08 11:40:56.909 D/cocos2d-x debug info( 3126): cocos2d: CCSpriteFrameCache: Trying to use file images/main_menu/mainmenu_b_CN_RETINA.png as texture
01-08 11:40:56.989 W/AudioService(  159): stream: 3 was already muted by this client
01-08 11:40:57.199 D/cocos2d-x debug info( 3126): cocos2d: CCSpriteFrameCache: Trying to use file images/main_menu/mainmenu_a_CN_RETINA.png as texture
01-08 11:40:57.239 I/TestinExternalLog(  826): Battery>>>> Temperature 0.0
01-08 11:40:57.369 D/Device Model( 3126): HS-U8
01-08 11:40:57.369 D/MediaPlayer( 3126): setDataSource(58, 13281517, 244915)
01-08 11:40:57.369 D/MediaPlayerService(   99): setDataSource fd=17, offset=13281517, length=244915
01-08 11:40:57.389 D/MediaPlayer( 3126): stop state 8
01-08 11:40:57.389 D/MediaPlayerService(   99): [17] stop
01-08 11:40:57.389 D/MediaPlayer( 3126): seekTo 0 state 8
01-08 11:40:57.389 D/MediaPlayerService(   99): [17] seekTo(0)
01-08 11:40:57.389 D/MediaPlayer( 3126): start state 8
01-08 11:40:57.389 E/AwesomePlayer(   99): AudioPlayer created, Non-LPA mode mime audio/vorbis duration 0
01-08 11:40:57.389 D/AudioSink(   99): flush
01-08 11:40:57.389 D/AudioTrack(   99): Request AudioFlinger to create track
01-08 11:40:57.389 D/AudioFlinger(   99): createTrack() lSessionId: 31
01-08 11:40:57.389 D/AudioFlinger(   99): Track constructor name 4097, calling thread 3126
01-08 11:40:57.389 D/AudioSink(   99): start
01-08 11:40:57.389 D/AudioTrack(   99): start 0x807f0
01-08 11:40:57.389 D/AudioFlinger(   99): start(4097), calling thread 3126 session 31
01-08 11:40:57.389 E/AudioPolicyManagerBase(   99): zouyanfei for bluetoothsco
01-08 11:40:57.599 W/AudioFlinger(   99): write blocked for 172 msecs, 7 delayed writes, thread 0xcc50
01-08 11:40:57.609 I/TestinExternalLog(  826): <<<<<<< Capturing image (1) >>>>>>>
01-08 11:40:57.719 I/TestinExternalLog(  826): CPU>>>> User 59%, System 16%, IOW 9%, IRQ 0%, com.giant.brizzle(3126):52%
01-08 11:40:57.999 W/AudioService(  159): stream: 3 was already muted by this client
01-08 11:40:58.999 W/AudioService(  159): stream: 3 was already muted by this client
01-08 11:40:59.569 I/TestinExternalLog(  826): NetFlow>>>> UpFlow 0, DownFlow 0, TotalFlow 0
01-08 11:41:00.039 E/BT_DUN  (  405): Error while opening socket!
01-08 11:41:00.039 E/BT_DUN  (  405): Error while opening socket!
01-08 11:41:00.039 E/BT_DUN  (  405): Error while opening socket!
01-08 11:41:00.039 E/BT_DUN  (  405): Error while opening socket!
01-08 11:41:00.039 E/BT_DUN  (  405): Error while opening socket!
01-08 11:41:00.039 E/BT_DUN  (  405): Error while opening socket!
01-08 11:41:00.039 E/BT_DUN  (  405): Error while opening socket!
01-08 11:41:00.039 D/BT_DUN  (  405): Ignoring event PLATFORM_EVENT_ERROR in EMB_DATA_CALL_IDLE 
01-08 11:41:00.039 D/BT_DUN  (  405): Moved to state(EMB_DATA_CALL_IDLE) 
01-08 11:41:00.039 D/BT_DUN  (  405): Ignoring event PLATFORM_EVENT_ERROR in EMB_DATA_CALL_IDLE 
01-08 11:41:00.039 D/BT_DUN  (  405): Moved to state(EMB_DATA_CALL_IDLE) 
01-08 11:41:00.039 D/BT_DUN  (  405): Ignoring event PLATFORM_EVENT_ERROR in EMB_DATA_CALL_IDLE 
01-08 11:41:00.039 D/BT_DUN  (  405): Moved to state(EMB_DATA_CALL_IDLE) 
01-08 11:41:00.039 D/BT_DUN  (  405): Ignoring event PLATFORM_EVENT_ERROR in EMB_DATA_CALL_IDLE 
01-08 11:41:00.039 D/BT_DUN  (  405): Moved to state(EMB_DATA_CALL_IDLE) 
01-08 11:41:00.039 D/BT_DUN  (  405): Ignoring event PLATFORM_EVENT_ERROR in EMB_DATA_CALL_IDLE 
01-08 11:41:00.039 D/BT_DUN  (  405): Moved to state(EMB_DATA_CALL_IDLE) 
01-08 11:41:00.039 D/BT_DUN  (  405): Ignoring event PLATFORM_EVENT_ERROR in EMB_DATA_CALL_IDLE 
01-08 11:41:00.039 D/BT_DUN  (  405): Moved to state(EMB_DATA_CALL_IDLE) 
01-08 11:41:00.039 D/BT_DUN  (  405): Ignoring event PLATFORM_EVENT_ERROR in EMB_DATA_CALL_IDLE 
01-08 11:41:00.039 D/BT_DUN  (  405): Moved to state(EMB_DATA_CALL_IDLE) 
01-08 11:41:00.069 W/AudioService(  159): stream: 3 was already muted by this client
01-08 11:41:00.109 E/BT_DUN  (  405): Error while opening socket!
01-08 11:41:00.109 D/BT_DUN  (  405): Ignoring event PLATFORM_EVENT_ERROR in EMB_DATA_CALL_IDLE 
01-08 11:41:00.109 D/BT_DUN  (  405): Moved to state(EMB_DATA_CALL_IDLE) 
01-08 11:41:00.119 E/BT_DUN  (  405): Error while opening socket!
01-08 11:41:00.119 D/BT_DUN  (  405): Ignoring event PLATFORM_EVENT_ERROR in EMB_DATA_CALL_IDLE 
01-08 11:41:00.119 D/BT_DUN  (  405): Moved to state(EMB_DATA_CALL_IDLE) 
01-08 11:41:00.159 E/BT_DUN  (  405): Error while opening socket!
01-08 11:41:00.159 D/BT_DUN  (  405): Ignoring event PLATFORM_EVENT_ERROR in EMB_DATA_CALL_IDLE 
01-08 11:41:00.159 D/BT_DUN  (  405): Moved to state(EMB_DATA_CALL_IDLE) 
01-08 11:41:00.179 E/BT_DUN  (  405): Error while opening socket!
01-08 11:41:00.179 D/BT_DUN  (  405): Ignoring event PLATFORM_EVENT_ERROR in EMB_DATA_CALL_IDLE 
01-08 11:41:00.179 D/BT_DUN  (  405): Moved to state(EMB_DATA_CALL_IDLE) 
01-08 11:41:00.349 E/BT_DUN  (  405): Error while opening socket!
01-08 11:41:00.349 D/BT_DUN  (  405): Ignoring event PLATFORM_EVENT_ERROR in EMB_DATA_CALL_IDLE 
01-08 11:41:00.349 D/BT_DUN  (  405): Moved to state(EMB_DATA_CALL_IDLE) 
01-08 11:41:00.359 E/BT_DUN  (  405): Error while opening socket!
01-08 11:41:00.359 D/BT_DUN  (  405): Ignoring event PLATFORM_EVENT_ERROR in EMB_DATA_CALL_IDLE 
01-08 11:41:00.359 D/BT_DUN  (  405): Moved to state(EMB_DATA_CALL_IDLE) 
01-08 11:41:00.399 E/BT_DUN  (  405): Error while opening socket!
01-08 11:41:00.399 D/BT_DUN  (  405): Ignoring event PLATFORM_EVENT_ERROR in EMB_DATA_CALL_IDLE 
01-08 11:41:00.399 D/BT_DUN  (  405): Moved to state(EMB_DATA_CALL_IDLE) 
01-08 11:41:00.409 E/BT_DUN  (  405): Error while opening socket!
01-08 11:41:00.409 D/BT_DUN  (  405): Ignoring event PLATFORM_EVENT_ERROR in EMB_DATA_CALL_IDLE 
01-08 11:41:00.409 D/BT_DUN  (  405): Moved to state(EMB_DATA_CALL_IDLE) 
01-08 11:41:00.459 E/BT_DUN  (  405): Error while opening socket!
01-08 11:41:00.459 E/BT_DUN  (  405): Error while opening socket!
01-08 11:41:00.459 E/BT_DUN  (  405): Error while opening socket!
01-08 11:41:00.459 E/BT_DUN  (  405): Error while opening socket!
01-08 11:41:00.459 E/BT_DUN  (  405): Error while opening socket!
01-08 11:41:00.459 E/BT_DUN  (  405): Error while opening socket!
01-08 11:41:00.459 E/BT_DUN  (  405): Error while opening socket!
01-08 11:41:00.459 D/BT_DUN  (  405): Ignoring event PLATFORM_EVENT_ERROR in EMB_DATA_CALL_IDLE 
01-08 11:41:00.459 D/BT_DUN  (  405): Moved to state(EMB_DATA_CALL_IDLE) 
01-08 11:41:00.459 D/BT_DUN  (  405): Ignoring event PLATFORM_EVENT_ERROR in EMB_DATA_CALL_IDLE 
01-08 11:41:00.459 D/BT_DUN  (  405): Moved to state(EMB_DATA_CALL_IDLE) 
01-08 11:41:00.459 D/BT_DUN  (  405): Ignoring event PLATFORM_EVENT_ERROR in EMB_DATA_CALL_IDLE 
01-08 11:41:00.459 D/BT_DUN  (  405): Moved to state(EMB_DATA_CALL_IDLE) 
01-08 11:41:00.459 D/BT_DUN  (  405): Ignoring event PLATFORM_EVENT_ERROR in EMB_DATA_CALL_IDLE 
01-08 11:41:00.459 D/BT_DUN  (  405): Moved to state(EMB_DATA_CALL_IDLE) 
01-08 11:41:00.459 D/BT_DUN  (  405): Ignoring event PLATFORM_EVENT_ERROR in EMB_DATA_CALL_IDLE 
01-08 11:41:00.459 D/BT_DUN  (  405): Moved to state(EMB_DATA_CALL_IDLE) 
01-08 11:41:00.459 D/BT_DUN  (  405): Ignoring event PLATFORM_EVENT_ERROR in EMB_DATA_CALL_IDLE 
01-08 11:41:00.459 D/BT_DUN  (  405): Moved to state(EMB_DATA_CALL_IDLE) 
01-08 11:41:00.459 D/BT_DUN  (  405): Ignoring event PLATFORM_EVENT_ERROR in EMB_DATA_CALL_IDLE 
01-08 11:41:00.459 D/BT_DUN  (  405): Moved to state(EMB_DATA_CALL_IDLE) 
01-08 11:41:00.499 E/BT_DUN  (  405): Error while opening socket!
01-08 11:41:00.499 D/BT_DUN  (  405): Ignoring event PLATFORM_EVENT_ERROR in EMB_DATA_CALL_IDLE 
01-08 11:41:00.499 D/BT_DUN  (  405): Moved to state(EMB_DATA_CALL_IDLE) 
01-08 11:41:00.619 E/BT_DUN  (  405): Error while opening socket!
01-08 11:41:00.619 D/BT_DUN  (  405): Ignoring event PLATFORM_EVENT_ERROR in EMB_DATA_CALL_IDLE 
01-08 11:41:00.619 D/BT_DUN  (  405): Moved to state(EMB_DATA_CALL_IDLE) 
01-08 11:41:00.649 E/BT_DUN  (  405): Error while opening socket!
01-08 11:41:00.649 D/BT_DUN  (  405): Ignoring event PLATFORM_EVENT_ERROR in EMB_DATA_CALL_IDLE 
01-08 11:41:00.649 D/BT_DUN  (  405): Moved to state(EMB_DATA_CALL_IDLE) 
01-08 11:41:00.649 E/BT_DUN  (  405): Error while opening socket!
01-08 11:41:00.659 D/BT_DUN  (  405): Ignoring event PLATFORM_EVENT_ERROR in EMB_DATA_CALL_IDLE 
01-08 11:41:00.659 D/BT_DUN  (  405): Moved to state(EMB_DATA_CALL_IDLE) 
01-08 11:41:00.769 E/BT_DUN  (  405): Error while opening socket!
01-08 11:41:00.769 D/BT_DUN  (  405): Ignoring event PLATFORM_EVENT_ERROR in EMB_DATA_CALL_IDLE 
01-08 11:41:00.769 D/BT_DUN  (  405): Moved to state(EMB_DATA_CALL_IDLE) 
01-08 11:41:00.789 I/TestinExternalLog(  826): Mem>>>> Avalable:256768KB, com.giant.brizzle(3126) used:29193KB
01-08 11:41:00.849 E/BT_DUN  (  405): Error while opening socket!
01-08 11:41:00.849 D/BT_DUN  (  405): Ignoring event PLATFORM_EVENT_ERROR in EMB_DATA_CALL_IDLE 
01-08 11:41:00.849 D/BT_DUN  (  405): Moved to state(EMB_DATA_CALL_IDLE) 
01-08 11:41:00.849 E/BT_DUN  (  405): Error while opening socket!
01-08 11:41:00.849 D/BT_DUN  (  405): Ignoring event PLATFORM_EVENT_ERROR in EMB_DATA_CALL_IDLE 
01-08 11:41:00.849 D/BT_DUN  (  405): Moved to state(EMB_DATA_CALL_IDLE) 
