01-08 11:41:38.859 E/JavaBinder(  159): Transact on 0x384250 in Java object 0x40b0c900 with code 4 failed
01-08 11:41:38.859 W/InputManagerService(  159): Got RemoteException sending setActive(false) notification to pid 3126 uid 10052
01-08 11:41:38.859 I/ActivityManager(  159): Starting: Intent { act=android.intent.action.MAIN flg=0x10000000 cmp=com.giant.brizzle/.Brizzle } from pid 826
01-08 11:41:38.949 I/Launcher(15726): onPause!
01-08 11:41:38.969 I/ActivityManager(  159): Start proc com.giant.brizzle for activity com.giant.brizzle/.Brizzle: pid=3911 uid=10052 gids={3003}
01-08 11:41:39.229 D/Cocos2dxActivity( 3911): model=HS-U8
01-08 11:41:39.239 D/Cocos2dxActivity( 3911): product=U8
01-08 11:41:39.239 D/Cocos2dxActivity( 3911): isEmulator=false
01-08 11:41:39.519 I/ActivityManager(  159): Displayed com.giant.brizzle/.Brizzle: +559ms
01-08 11:41:39.739 D/cocos2d-x debug info( 3911): 
01-08 11:41:39.739 D/cocos2d-x debug info( 3911): <dict>
01-08 11:41:39.739 D/cocos2d-x debug info( 3911): 	cocos2d.x.version: 2.2.1
01-08 11:41:39.739 D/cocos2d-x debug info( 3911): 	cocos2d.x.compiled_with_profiler: false
01-08 11:41:39.739 D/cocos2d-x debug info( 3911): 	cocos2d.x.compiled_with_gl_state_cache: true
01-08 11:41:39.739 D/cocos2d-x debug info( 3911): 	gl.vendor: Qualcomm
01-08 11:41:39.739 D/cocos2d-x debug info( 3911): 	gl.renderer: Adreno (TM) 200
01-08 11:41:39.739 D/cocos2d-x debug info( 3911): 	gl.version: OpenGL ES 2.0 1849878
01-08 11:41:39.739 D/cocos2d-x debug info( 3911): 	gl.max_texture_size: 4096
01-08 11:41:39.739 D/cocos2d-x debug info( 3911): 	gl.max_texture_units: 20
01-08 11:41:39.739 D/cocos2d-x debug info( 3911): 	gl.supports_PVRTC: false
01-08 11:41:39.739 D/cocos2d-x debug info( 3911): 	gl.supports_NPOT: true
01-08 11:41:39.739 D/cocos2d-x debug info( 3911): 	gl.supports_BGRA8888: false
01-08 11:41:39.739 D/cocos2d-x debug info( 3911): 	gl.supports_discard_framebuffer: false
01-08 11:41:39.739 D/cocos2d-x debug info( 3911): 	gl.supports_vertex_array_object: false
01-08 11:41:39.739 D/cocos2d-x debug info( 3911): </dict>
01-08 11:41:39.889 W/AudioService(  159): stream: 3 was already muted by this client
01-08 11:41:39.929 I/TestinExternalLog(  826): <<<<<<< StartApp >>>>>>>
01-08 11:41:39.959 I/TestinExternalLog(  826): <<<<<<< com.giant.brizzle(3911) >>>>>>>
01-08 11:41:39.969 I/TestinExternalLog(  826): Mem>>>> Avalable:277720KB, com.giant.brizzle(3911) used:10750KB
01-08 11:41:40.089 D/cocos2d-x debug info( 3911): cocos2d: CCTextureCache: texture: cc_fps_images
01-08 11:41:40.959 W/AudioService(  159): stream: 3 was already muted by this client
01-08 11:41:41.899 D/cocos2d-x debug info( 3911): cocos2d: CCTextureCache: texture: cc_fps_images
01-08 11:41:41.899 D/cocos2d-x debug info( 3911): cocos2d: CCTextureCache: texture: assets/images/loading/splash.png
01-08 11:41:41.899 D/cocos2d-x debug info( 3911): cocos2d: CCSpriteFrameCache: Trying to use file images/main_menu/main_bg_a_RETINA.png as texture
01-08 11:41:41.999 W/AudioService(  159): stream: 3 was already muted by this client
01-08 11:41:42.299 I/TestinExternalLog(  826): Battery>>>> Temperature 0.0
01-08 11:41:42.719 D/PhoneWindow( 3911): couldn't save which view has focus because the focused view org.cocos2dx.lib.Cocos2dxGLSurfaceView@4071f3b0 has no id.
01-08 11:41:42.719 I/ActivityManager(  159): Starting: Intent { act=android.intent.action.MAIN cat=[android.intent.category.LAUNCHER] flg=0x10000000 cmp=com.giant.brizzle/.Brizzle } from pid 3936
01-08 11:41:42.729 D/Cocos2dxActivity( 3911): model=HS-U8
01-08 11:41:42.729 D/Cocos2dxActivity( 3911): product=U8
01-08 11:41:42.729 D/Cocos2dxActivity( 3911): isEmulator=false
01-08 11:41:42.739 D/Device Model( 3911): HS-U8
01-08 11:41:42.939 D/HandwritingIME(  265): _______+++onFinishInput+++_______
01-08 11:41:42.949 D/FsHandViewContainer(  265): +++closing+++
01-08 11:41:43.059 W/AudioService(  159): stream: 3 was already muted by this client
01-08 11:41:43.109 I/ActivityManager(  159): Displayed com.giant.brizzle/.Brizzle: +385ms
01-08 11:41:43.169 D/cocos2d-x debug info( 3911): cocos2d: CCSpriteFrameCache: Trying to use file images/main_menu/main_bg_b_RETINA.png as texture
01-08 11:41:43.389 D/cocos2d-x debug info( 3911): reload all texture
01-08 11:41:43.539 I/TestinExternalLog(  826): <<<<<<< Capturing image (8) >>>>>>>
01-08 11:41:43.739 D/cocos2d-x debug info( 3911): cocos2d: CCSpriteFrameCache: Trying to use file images/main_menu/mainmenu_a_RETINA.png as texture
01-08 11:41:43.839 I/DEBUG   (   96): *** *** *** *** *** *** *** *** *** *** *** *** *** *** *** ***
01-08 11:41:43.839 I/DEBUG   (   96): Build fingerprint: 'Hisense/U8/U8:2.3.6/GRK39F/20120320.143711.svn12710:eng/test-keys'
01-08 11:41:43.839 I/DEBUG   (   96): pid: 3911, tid: 3947  >>> com.giant.brizzle <<<
01-08 11:41:43.839 I/DEBUG   (   96): signal 11 (SIGSEGV), code 1 (SEGV_MAPERR), fault addr 00004003
01-08 11:41:43.839 I/DEBUG   (   96):  r0 00000018  r1 00004003  r2 00004003  r3 00004018
01-08 11:41:43.839 I/DEBUG   (   96):  r4 000e5032  r5 00000000  r6 80b4b218  r7 00000320
01-08 11:41:43.839 I/DEBUG   (   96):  r8 48d7cb50  r9 400c1f3c  10 400c1f28  fp 48d7ca04
01-08 11:41:43.839 I/DEBUG   (   96):  ip 00004000  sp 48d7c9a0  lr 80b7f488  pc 80b7f410  cpsr 20000010
01-08 11:41:43.839 I/DEBUG   (   96):  d0  940003e002dc4680  d1  016e17ddc00107ea
01-08 11:41:43.839 I/DEBUG   (   96):  d2  81c91e00030009d0  d3  16d98f25c2e48f86
01-08 11:41:43.839 I/DEBUG   (   96):  d4  a00040013a0019ba  d5  21613001260002b9
01-08 11:41:43.839 I/DEBUG   (   96):  d6  c31d46f880092d5c  d7  5846ffd3478debe2
01-08 11:41:43.839 I/DEBUG   (   96):  d8  0000000000000000  d9  0000000000000000
01-08 11:41:43.839 I/DEBUG   (   96):  d10 0000000000000000  d11 0000000000000000
01-08 11:41:43.839 I/DEBUG   (   96):  d12 0000000000000000  d13 0000000000000000
01-08 11:41:43.839 I/DEBUG   (   96):  d14 0000000000000000  d15 0000000000000000
01-08 11:41:43.839 I/DEBUG   (   96):  d16 b84b0eccf1b345e2  d17 62c30745fc5878e8
01-08 11:41:43.839 I/DEBUG   (   96):  d18 cf823a833a8cda2f  d19 fcc403a5e018198f
01-08 11:41:43.839 I/DEBUG   (   96):  d20 399674024940faf3  d21 1d1baf4009390d02
01-08 11:41:43.839 I/DEBUG   (   96):  d22 7713f423d46b4b0c  d23 dafd742ba15d0ae8
01-08 11:41:43.839 I/DEBUG   (   96):  d24 0000000000000000  d25 0000000000000000
01-08 11:41:43.839 I/DEBUG   (   96):  d26 0000000000000000  d27 0000000000000000
01-08 11:41:43.839 I/DEBUG   (   96):  d28 0100010001000100  d29 3ff0000000000000
01-08 11:41:43.839 I/DEBUG   (   96):  d30 0000000000000000  d31 3ff0000000000000
01-08 11:41:43.839 I/DEBUG   (   96):  scr 60000012
01-08 11:41:43.839 I/DEBUG   (   96): 
01-08 11:41:43.899 I/DEBUG   (   96):          #00  pc 0037f410  /data/data/com.giant.brizzle/lib/libcocos2dcpp.so
01-08 11:41:43.899 I/DEBUG   (   96):          #01  pc 00379194  /data/data/com.giant.brizzle/lib/libcocos2dcpp.so
01-08 11:41:43.899 I/DEBUG   (   96):          #02  pc 00378fec  /data/data/com.giant.brizzle/lib/libcocos2dcpp.so
01-08 11:41:43.899 I/DEBUG   (   96):          #03  pc 0034b434  /data/data/com.giant.brizzle/lib/libcocos2dcpp.so
01-08 11:41:43.899 I/DEBUG   (   96):          #04  pc 0034b24c  /data/data/com.giant.brizzle/lib/libcocos2dcpp.so
01-08 11:41:43.899 I/DEBUG   (   96):          #05  pc 0038d14c  /data/data/com.giant.brizzle/lib/libcocos2dcpp.so
01-08 11:41:43.899 I/DEBUG   (   96):          #06  pc 0038c4d8  /data/data/com.giant.brizzle/lib/libcocos2dcpp.so
01-08 11:41:43.899 I/DEBUG   (   96): 
01-08 11:41:43.899 I/DEBUG   (   96): code around pc:
01-08 11:41:43.899 I/DEBUG   (   96): 80b7f3f0 e51b3030 e5932010 e51b3038 e0823003 
01-08 11:41:43.909 I/DEBUG   (   96): 80b7f400 e51b2030 e5921004 e51b2038 e0812002 
01-08 11:41:43.909 I/DEBUG   (   96): 80b7f410 e5d22000 e5c32000 e51b3038 e2833001 
01-08 11:41:43.909 I/DEBUG   (   96): 80b7f420 e50b3038 e51b2038 e51b303c e1520003 
01-08 11:41:43.909 I/DEBUG   (   96): 80b7f430 23a03000 33a03001 e20330ff e3530000 
01-08 11:41:43.909 I/DEBUG   (   96): 
01-08 11:41:43.909 I/DEBUG   (   96): code around lr:
01-08 11:41:43.909 I/DEBUG   (   96): 80b7f468 e51b3030 e5932070 e51b3030 e5933010 
01-08 11:41:43.909 I/DEBUG   (   96): 80b7f478 e1a00002 e1a01003 e51b203c ebf88007 
01-08 11:41:43.909 I/DEBUG   (   96): 80b7f488 e1a02000 e51b3030 e5832070 e51b3030 
01-08 11:41:43.909 I/DEBUG   (   96): 80b7f498 e1c308d0 e51bc03c e1a0200c e3a03000 
01-08 11:41:43.909 I/DEBUG   (   96): 80b7f4a8 e0502002 e0c13003 e51b1030 e1c128f0 
01-08 11:41:43.909 I/DEBUG   (   96): 
01-08 11:41:43.909 I/DEBUG   (   96): stack:
01-08 11:41:43.909 I/DEBUG   (   96):     48d7c960  000e5032  
01-08 11:41:43.909 I/DEBUG   (   96):     48d7c964  00000000  
01-08 11:41:43.909 I/DEBUG   (   96):     48d7c968  80b4b218  /data/data/com.giant.brizzle/lib/libcocos2dcpp.so
01-08 11:41:43.909 I/DEBUG   (   96):     48d7c96c  00000320  
01-08 11:41:43.909 I/DEBUG   (   96):     48d7c970  48d7cb50  
01-08 11:41:43.909 I/DEBUG   (   96):     48d7c974  4891d008  
01-08 11:41:43.909 I/DEBUG   (   96):     48d7c978  400c1f28  
01-08 11:41:43.909 I/DEBUG   (   96):     48d7c97c  00000001  
01-08 11:41:43.909 I/DEBUG   (   96):     48d7c980  000e5032  
01-08 11:41:43.909 I/DEBUG   (   96):     48d7c984  00000000  
01-08 11:41:43.909 I/DEBUG   (   96):     48d7c988  80b4b218  /data/data/com.giant.brizzle/lib/libcocos2dcpp.so
01-08 11:41:43.909 I/DEBUG   (   96):     48d7c98c  00000320  
01-08 11:41:43.909 I/DEBUG   (   96):     48d7c990  48d7cb50  
01-08 11:41:43.909 I/DEBUG   (   96):     48d7c994  400c1f3c  
01-08 11:41:43.909 I/DEBUG   (   96):     48d7c998  df002777  
01-08 11:41:43.909 I/DEBUG   (   96):     48d7c99c  e3a070ad  
01-08 11:41:43.909 I/DEBUG   (   96): #00 48d7c9a0  00000000  
01-08 11:41:43.909 I/DEBUG   (   96):     48d7c9a4  000e5038  
01-08 11:41:43.909 I/DEBUG   (   96):     48d7c9a8  000e5038  
01-08 11:41:43.909 I/DEBUG   (   96):     48d7c9ac  000e5032  
01-08 11:41:43.909 I/DEBUG   (   96):     48d7c9b0  488ad008  
01-08 11:41:43.909 I/DEBUG   (   96):     48d7c9b4  00258a50  
01-08 11:41:43.909 I/DEBUG   (   96):     48d7c9b8  80b4b218  /data/data/com.giant.brizzle/lib/libcocos2dcpp.so
01-08 11:41:43.909 I/DEBUG   (   96):     48d7c9bc  00000000  
01-08 11:41:43.909 I/DEBUG   (   96):     48d7c9c0  00074000  
01-08 11:41:43.909 I/DEBUG   (   96):     48d7c9c4  00004000  
01-08 11:41:43.909 I/DEBUG   (   96):     48d7c9c8  ffffc000  
01-08 11:41:43.909 I/DEBUG   (   96):     48d7c9cc  00000000  
01-08 11:41:43.909 I/DEBUG   (   96):     48d7c9d0  00258a50  
01-08 11:41:43.909 I/DEBUG   (   96):     48d7c9d4  0033c448  
01-08 11:41:43.909 I/DEBUG   (   96):     48d7c9d8  80b4b218  /data/data/com.giant.brizzle/lib/libcocos2dcpp.so
01-08 11:41:43.909 I/DEBUG   (   96):     48d7c9dc  00000320  
01-08 11:41:43.909 I/DEBUG   (   96):     48d7c9e0  48d7cb50  
01-08 11:41:43.909 I/DEBUG   (   96):     48d7c9e4  afd145d1  /system/lib/libc.so
01-08 11:41:43.909 I/DEBUG   (   96):     48d7c9e8  000e5032  
01-08 11:41:43.909 I/DEBUG   (   96):     48d7c9ec  80d97424  /data/data/com.giant.brizzle/lib/libcocos2dcpp.so
01-08 11:41:43.909 I/DEBUG   (   96):     48d7c9f0  00257420  
01-08 11:41:43.909 I/DEBUG   (   96):     48d7c9f4  0033f31c  
01-08 11:41:43.909 I/DEBUG   (   96):     48d7c9f8  00257420  
01-08 11:41:43.909 I/DEBUG   (   96):     48d7c9fc  0033f31c  
01-08 11:41:43.909 I/DEBUG   (   96):     48d7ca00  48d7ca4c  
01-08 11:41:43.909 I/DEBUG   (   96):     48d7ca04  80b79198  /data/data/com.giant.brizzle/lib/libcocos2dcpp.so
01-08 11:41:43.909 I/DEBUG   (   96): #01 48d7ca08  00000039  
01-08 11:41:43.909 I/DEBUG   (   96):     48d7ca0c  80d97424  /data/data/com.giant.brizzle/lib/libcocos2dcpp.so
01-08 11:41:43.909 I/DEBUG   (   96):     48d7ca10  00257430  
01-08 11:41:43.909 I/DEBUG   (   96):     48d7ca14  48d7caf4  
01-08 11:41:43.909 I/DEBUG   (   96):     48d7ca18  48d7ca8c  
01-08 11:41:43.909 I/DEBUG   (   96):     48d7ca1c  00257420  
01-08 11:41:43.909 I/DEBUG   (   96):     48d7ca20  0025aba0  
01-08 11:41:43.909 I/DEBUG   (   96):     48d7ca24  0025aba0  
01-08 11:41:43.909 I/DEBUG   (   96):     48d7ca28  00257438  
01-08 11:41:43.909 I/DEBUG   (   96):     48d7ca2c  00257438  
01-08 11:41:43.909 I/DEBUG   (   96):     48d7ca30  488ad008  
01-08 11:41:43.909 I/DEBUG   (   96):     48d7ca34  00000000  
01-08 11:41:43.909 I/DEBUG   (   96):     48d7ca38  0033fdc8  
01-08 11:41:43.919 I/DEBUG   (   96):     48d7ca3c  01310de1  
01-08 11:41:43.919 I/DEBUG   (   96):     48d7ca40  00000029  
01-08 11:41:43.919 I/DEBUG   (   96):     48d7ca44  000e5032  
01-08 11:41:43.919 I/DEBUG   (   96):     48d7ca48  48d7ca64  
01-08 11:41:43.919 I/DEBUG   (   96):     48d7ca4c  80b78ff0  /data/data/com.giant.brizzle/lib/libcocos2dcpp.so
01-08 11:41:44.099 W/AudioService(  159): stream: 3 was already muted by this client
01-08 11:41:44.459 I/DEBUG   (   96): debuggerd committing suicide to free the zombie!
01-08 11:41:44.469 E/InputDispatcher(  159): channel '40a09ca0 com.giant.brizzle/com.giant.brizzle.Brizzle (server)' ~ Consumer closed input channel or an error occurred.  events=0x8
01-08 11:41:44.469 E/InputDispatcher(  159): channel '40a09ca0 com.giant.brizzle/com.giant.brizzle.Brizzle (server)' ~ Channel is unrecoverably broken and will be disposed!
01-08 11:41:44.469 I/WindowManager(  159): WINDOW DIED Window{40a09ca0 com.giant.brizzle/com.giant.brizzle.Brizzle paused=false}
01-08 11:41:44.469 I/BootReceiver(  159): Copying /data/tombstones/tombstone_01 to DropBox (SYSTEM_TOMBSTONE)
01-08 11:41:44.479 E/InputDispatcher(  159): channel '40b0b058 com.giant.brizzle/com.giant.brizzle.Brizzle (server)' ~ Consumer closed input channel or an error occurred.  events=0x8
01-08 11:41:44.479 E/InputDispatcher(  159): channel '40b0b058 com.giant.brizzle/com.giant.brizzle.Brizzle (server)' ~ Channel is unrecoverably broken and will be disposed!
01-08 11:41:44.479 I/WindowManager(  159): WINDOW DIED Window{40b0b058 com.giant.brizzle/com.giant.brizzle.Brizzle paused=false}
01-08 11:41:44.479 I/WindowManager(  159): WIN DEATH: Window{40a36390 SurfaceView paused=false}
01-08 11:41:44.489 E/JavaBinder(  159): Transact on 0x342390 in Java object 0x408d1ec0 with code 5 failed
01-08 11:41:44.489 I/ActivityManager(  159): Process com.giant.brizzle (pid 3911) has died.
01-08 11:41:44.489 W/WindowManager(  159): Failed looking up window
01-08 11:41:44.489 W/WindowManager(  159): java.lang.IllegalArgumentException: Requested window android.os.BinderProxy@408d1ec0 does not exist
01-08 11:41:44.489 W/WindowManager(  159): 	at com.android.server.WindowManagerService.windowForClientLocked(WindowManagerService.java:8191)
01-08 11:41:44.489 W/WindowManager(  159): 	at com.android.server.WindowManagerService.windowForClientLocked(WindowManagerService.java:8182)
01-08 11:41:44.489 W/WindowManager(  159): 	at com.android.server.WindowManagerService$WindowState$DeathRecipient.binderDied(WindowManagerService.java:7041)
01-08 11:41:44.489 W/WindowManager(  159): 	at android.os.BinderProxy.sendDeathNotice(Binder.java:392)
01-08 11:41:44.489 W/WindowManager(  159): 	at dalvik.system.NativeStart.run(Native Method)
01-08 11:41:44.489 I/WindowManager(  159): WIN DEATH: null
01-08 11:41:44.489 I/WindowManager(  159): WIN DEATH: Window{40905e88 SurfaceView paused=false}
01-08 11:41:44.499 I/ActivityManager(  159): Start proc com.giant.brizzle for activity com.giant.brizzle/.Brizzle: pid=3961 uid=10052 gids={3003}
01-08 11:41:44.509 W/WindowManager(  159): Input event injection failed.
01-08 11:41:44.509 I/DEBUG   ( 3960): debuggerd: Mar 18 2012 15:25:25
01-08 11:41:44.629 D/Cocos2dxActivity( 3961): model=HS-U8
01-08 11:41:44.629 D/Cocos2dxActivity( 3961): product=U8
01-08 11:41:44.629 D/Cocos2dxActivity( 3961): isEmulator=false
01-08 11:41:44.819 I/ActivityManager(  159): Displayed com.giant.brizzle/.Brizzle: +329ms
01-08 11:41:44.829 E/JavaBinder(  159): Transact on 0x2f12e0 in Java object 0x4090b060 with code 3 failed
01-08 11:41:44.829 E/JavaBinder(  159): Transact on 0x2f12e0 in Java object 0x4090b060 with code 4 failed
01-08 11:41:44.829 W/InputManagerService(  159): Got RemoteException sending setActive(false) notification to pid 3911 uid 10052
01-08 11:41:44.929 D/cocos2d-x debug info( 3961): 
01-08 11:41:44.929 D/cocos2d-x debug info( 3961): <dict>
01-08 11:41:44.929 D/cocos2d-x debug info( 3961): 	cocos2d.x.version: 2.2.1
01-08 11:41:44.929 D/cocos2d-x debug info( 3961): 	cocos2d.x.compiled_with_profiler: false
01-08 11:41:44.929 D/cocos2d-x debug info( 3961): 	cocos2d.x.compiled_with_gl_state_cache: true
01-08 11:41:44.929 D/cocos2d-x debug info( 3961): 	gl.vendor: Qualcomm
01-08 11:41:44.929 D/cocos2d-x debug info( 3961): 	gl.renderer: Adreno (TM) 200
01-08 11:41:44.929 D/cocos2d-x debug info( 3961): 	gl.version: OpenGL ES 2.0 1849878
01-08 11:41:44.929 D/cocos2d-x debug info( 3961): 	gl.max_texture_size: 4096
01-08 11:41:44.929 D/cocos2d-x debug info( 3961): 	gl.max_texture_units: 20
01-08 11:41:44.929 D/cocos2d-x debug info( 3961): 	gl.supports_PVRTC: false
01-08 11:41:44.929 D/cocos2d-x debug info( 3961): 	gl.supports_NPOT: true
01-08 11:41:44.929 D/cocos2d-x debug info( 3961): 	gl.supports_BGRA8888: false
01-08 11:41:44.929 D/cocos2d-x debug info( 3961): 	gl.supports_discard_framebuffer: false
01-08 11:41:44.929 D/cocos2d-x debug info( 3961): 	gl.supports_vertex_array_object: false
01-08 11:41:44.929 D/cocos2d-x debug info( 3961): </dict>
01-08 11:41:45.049 W/KeyCharacterMap( 3961): No keyboard for id 0
01-08 11:41:45.049 W/KeyCharacterMap( 3961): Using default keymap: /system/usr/keychars/qwerty.kcm.bin
01-08 11:41:45.149 W/AudioService(  159): stream: 3 was already muted by this client
01-08 11:41:45.189 I/TestinExternalLog(  826): NetFlow>>>> UpFlow 0, DownFlow 0, TotalFlow 0
01-08 11:41:45.279 D/cocos2d-x debug info( 3961): cocos2d: CCTextureCache: texture: cc_fps_images
01-08 11:41:45.499 I/TestinExternalLog(  826): CPU>>>> User 60%, System 19%, IOW 8%, IRQ 0%, com.giant.brizzle(3961):0%
01-08 11:41:46.169 W/AudioService(  159): stream: 3 was already muted by this client
01-08 11:41:46.549 E/BT_DUN  (  405): Error while opening socket!
01-08 11:41:46.549 E/BT_DUN  (  405): Error while opening socket!
01-08 11:41:46.549 E/BT_DUN  (  405): Error while opening socket!
01-08 11:41:46.549 E/BT_DUN  (  405): Error while opening socket!
01-08 11:41:46.549 E/BT_DUN  (  405): Error while opening socket!
01-08 11:41:46.549 E/BT_DUN  (  405): Error while opening socket!
01-08 11:41:46.549 E/BT_DUN  (  405): Error while opening socket!
01-08 11:41:46.549 D/BT_DUN  (  405): Ignoring event PLATFORM_EVENT_ERROR in EMB_DATA_CALL_IDLE 
01-08 11:41:46.549 D/BT_DUN  (  405): Moved to state(EMB_DATA_CALL_IDLE) 
01-08 11:41:46.549 D/BT_DUN  (  405): Ignoring event PLATFORM_EVENT_ERROR in EMB_DATA_CALL_IDLE 
01-08 11:41:46.549 D/BT_DUN  (  405): Moved to state(EMB_DATA_CALL_IDLE) 
01-08 11:41:46.549 D/BT_DUN  (  405): Ignoring event PLATFORM_EVENT_ERROR in EMB_DATA_CALL_IDLE 
01-08 11:41:46.549 D/BT_DUN  (  405): Moved to state(EMB_DATA_CALL_IDLE) 
01-08 11:41:46.549 D/BT_DUN  (  405): Ignoring event PLATFORM_EVENT_ERROR in EMB_DATA_CALL_IDLE 
01-08 11:41:46.549 D/BT_DUN  (  405): Moved to state(EMB_DATA_CALL_IDLE) 
01-08 11:41:46.549 D/BT_DUN  (  405): Ignoring event PLATFORM_EVENT_ERROR in EMB_DATA_CALL_IDLE 
01-08 11:41:46.549 D/BT_DUN  (  405): Moved to state(EMB_DATA_CALL_IDLE) 
01-08 11:41:46.549 D/BT_DUN  (  405): Ignoring event PLATFORM_EVENT_ERROR in EMB_DATA_CALL_IDLE 
01-08 11:41:46.549 D/BT_DUN  (  405): Moved to state(EMB_DATA_CALL_IDLE) 
01-08 11:41:46.549 D/BT_DUN  (  405): Ignoring event PLATFORM_EVENT_ERROR in EMB_DATA_CALL_IDLE 
01-08 11:41:46.549 D/BT_DUN  (  405): Moved to state(EMB_DATA_CALL_IDLE) 
01-08 11:41:46.759 E/BT_DUN  (  405): Error while opening socket!
01-08 11:41:46.759 D/BT_DUN  (  405): Ignoring event PLATFORM_EVENT_ERROR in EMB_DATA_CALL_IDLE 
01-08 11:41:46.759 D/BT_DUN  (  405): Moved to state(EMB_DATA_CALL_IDLE) 
01-08 11:41:46.779 E/BT_DUN  (  405): Error while opening socket!
01-08 11:41:46.779 D/BT_DUN  (  405): Ignoring event PLATFORM_EVENT_ERROR in EMB_DATA_CALL_IDLE 
01-08 11:41:46.779 D/BT_DUN  (  405): Moved to state(EMB_DATA_CALL_IDLE) 
01-08 11:41:46.849 E/BT_DUN  (  405): Error while opening socket!
01-08 11:41:46.849 D/BT_DUN  (  405): Ignoring event PLATFORM_EVENT_ERROR in EMB_DATA_CALL_IDLE 
01-08 11:41:46.849 D/BT_DUN  (  405): Moved to state(EMB_DATA_CALL_IDLE) 
01-08 11:41:46.899 E/BT_DUN  (  405): Error while opening socket!
01-08 11:41:46.899 D/BT_DUN  (  405): Ignoring event PLATFORM_EVENT_ERROR in EMB_DATA_CALL_IDLE 
01-08 11:41:46.899 D/BT_DUN  (  405): Moved to state(EMB_DATA_CALL_IDLE) 
01-08 11:41:46.929 D/cocos2d-x debug info( 3961): cocos2d: CCTextureCache: texture: cc_fps_images
01-08 11:41:46.929 D/cocos2d-x debug info( 3961): cocos2d: CCTextureCache: texture: assets/images/loading/splash.png
01-08 11:41:46.939 D/cocos2d-x debug info( 3961): cocos2d: CCSpriteFrameCache: Trying to use file images/main_menu/main_bg_a_RETINA.png as texture
01-08 11:41:46.969 E/BT_DUN  (  405): Error while opening socket!
01-08 11:41:46.969 E/BT_DUN  (  405): Error while opening socket!
01-08 11:41:46.969 E/BT_DUN  (  405): Error while opening socket!
01-08 11:41:46.969 E/BT_DUN  (  405): Error while opening socket!
01-08 11:41:46.969 E/BT_DUN  (  405): Error while opening socket!
01-08 11:41:46.969 E/BT_DUN  (  405): Error while opening socket!
01-08 11:41:46.969 E/BT_DUN  (  405): Error while opening socket!
01-08 11:41:46.979 D/BT_DUN  (  405): Ignoring event PLATFORM_EVENT_ERROR in EMB_DATA_CALL_IDLE 
01-08 11:41:46.979 D/BT_DUN  (  405): Moved to state(EMB_DATA_CALL_IDLE) 
01-08 11:41:46.979 D/BT_DUN  (  405): Ignoring event PLATFORM_EVENT_ERROR in EMB_DATA_CALL_IDLE 
01-08 11:41:46.979 D/BT_DUN  (  405): Moved to state(EMB_DATA_CALL_IDLE) 
01-08 11:41:46.979 D/BT_DUN  (  405): Ignoring event PLATFORM_EVENT_ERROR in EMB_DATA_CALL_IDLE 
01-08 11:41:46.979 D/BT_DUN  (  405): Moved to state(EMB_DATA_CALL_IDLE) 
01-08 11:41:46.979 D/BT_DUN  (  405): Ignoring event PLATFORM_EVENT_ERROR in EMB_DATA_CALL_IDLE 
01-08 11:41:46.979 D/BT_DUN  (  405): Moved to state(EMB_DATA_CALL_IDLE) 
01-08 11:41:46.979 D/BT_DUN  (  405): Ignoring event PLATFORM_EVENT_ERROR in EMB_DATA_CALL_IDLE 
01-08 11:41:46.979 D/BT_DUN  (  405): Moved to state(EMB_DATA_CALL_IDLE) 
01-08 11:41:46.979 D/BT_DUN  (  405): Ignoring event PLATFORM_EVENT_ERROR in EMB_DATA_CALL_IDLE 
01-08 11:41:46.979 D/BT_DUN  (  405): Moved to state(EMB_DATA_CALL_IDLE) 
01-08 11:41:46.979 D/BT_DUN  (  405): Ignoring event PLATFORM_EVENT_ERROR in EMB_DATA_CALL_IDLE 
01-08 11:41:46.979 D/BT_DUN  (  405): Moved to state(EMB_DATA_CALL_IDLE) 
01-08 11:41:46.979 E/BT_DUN  (  405): Error while opening socket!
01-08 11:41:46.979 D/BT_DUN  (  405): Ignoring event PLATFORM_EVENT_ERROR in EMB_DATA_CALL_IDLE 
01-08 11:41:46.979 D/BT_DUN  (  405): Moved to state(EMB_DATA_CALL_IDLE) 
01-08 11:41:46.999 E/BT_DUN  (  405): Error while opening socket!
01-08 11:41:46.999 D/BT_DUN  (  405): Ignoring event PLATFORM_EVENT_ERROR in EMB_DATA_CALL_IDLE 
01-08 11:41:46.999 D/BT_DUN  (  405): Moved to state(EMB_DATA_CALL_IDLE) 
01-08 11:41:47.099 E/BT_DUN  (  405): Error while opening socket!
01-08 11:41:47.099 D/BT_DUN  (  405): Ignoring event PLATFORM_EVENT_ERROR in EMB_DATA_CALL_IDLE 
01-08 11:41:47.099 D/BT_DUN  (  405): Moved to state(EMB_DATA_CALL_IDLE) 
01-08 11:41:47.129 E/BT_DUN  (  405): Error while opening socket!
01-08 11:41:47.129 D/BT_DUN  (  405): Ignoring event PLATFORM_EVENT_ERROR in EMB_DATA_CALL_IDLE 
01-08 11:41:47.129 D/BT_DUN  (  405): Moved to state(EMB_DATA_CALL_IDLE) 
01-08 11:41:47.159 E/BT_DUN  (  405): Error while opening socket!
01-08 11:41:47.159 D/BT_DUN  (  405): Ignoring event PLATFORM_EVENT_ERROR in EMB_DATA_CALL_IDLE 
01-08 11:41:47.159 D/BT_DUN  (  405): Moved to state(EMB_DATA_CALL_IDLE) 
01-08 11:41:47.169 W/AudioService(  159): stream: 3 was already muted by this client
01-08 11:41:47.229 E/BT_DUN  (  405): Error while opening socket!
01-08 11:41:47.229 D/BT_DUN  (  405): Ignoring event PLATFORM_EVENT_ERROR in EMB_DATA_CALL_IDLE 
01-08 11:41:47.229 D/BT_DUN  (  405): Moved to state(EMB_DATA_CALL_IDLE) 
01-08 11:41:47.239 E/BT_DUN  (  405): Error while opening socket!
01-08 11:41:47.239 D/BT_DUN  (  405): Ignoring event PLATFORM_EVENT_ERROR in EMB_DATA_CALL_IDLE 
01-08 11:41:47.239 D/BT_DUN  (  405): Moved to state(EMB_DATA_CALL_IDLE) 
01-08 11:41:47.319 I/TestinExternalLog(  826): Battery>>>> Temperature 0.0
01-08 11:41:47.349 D/cocos2d-x debug info( 3961): cocos2d: CCSpriteFrameCache: Trying to use file images/main_menu/main_bg_b_RETINA.png as texture
01-08 11:41:47.359 E/BT_DUN  (  405): Error while opening socket!
01-08 11:41:47.359 D/BT_DUN  (  405): Ignoring event PLATFORM_EVENT_ERROR in EMB_DATA_CALL_IDLE 
01-08 11:41:47.359 D/BT_DUN  (  405): Moved to state(EMB_DATA_CALL_IDLE) 
01-08 11:41:47.359 E/BT_DUN  (  405): Error while opening socket!
01-08 11:41:47.359 D/BT_DUN  (  405): Ignoring event PLATFORM_EVENT_ERROR in EMB_DATA_CALL_IDLE 
01-08 11:41:47.359 D/BT_DUN  (  405): Moved to state(EMB_DATA_CALL_IDLE) 
01-08 11:41:47.359 E/BT_DUN  (  405): Error while opening socket!
01-08 11:41:47.359 D/BT_DUN  (  405): Ignoring event PLATFORM_EVENT_ERROR in EMB_DATA_CALL_IDLE 
01-08 11:41:47.359 D/BT_DUN  (  405): Moved to state(EMB_DATA_CALL_IDLE) 
01-08 11:41:47.359 E/BT_DUN  (  405): Error while opening socket!
01-08 11:41:47.359 D/BT_DUN  (  405): Ignoring event PLATFORM_EVENT_ERROR in EMB_DATA_CALL_IDLE 
01-08 11:41:47.359 D/BT_DUN  (  405): Moved to state(EMB_DATA_CALL_IDLE) 
01-08 11:41:47.359 E/BT_DUN  (  405): Error while opening socket!
01-08 11:41:47.359 D/BT_DUN  (  405): Ignoring event PLATFORM_EVENT_ERROR in EMB_DATA_CALL_IDLE 
01-08 11:41:47.359 D/BT_DUN  (  405): Moved to state(EMB_DATA_CALL_IDLE) 
01-08 11:41:47.359 E/BT_DUN  (  405): Error while opening socket!
01-08 11:41:47.359 D/BT_DUN  (  405): Ignoring event PLATFORM_EVENT_ERROR in EMB_DATA_CALL_IDLE 
01-08 11:41:47.359 D/BT_DUN  (  405): Moved to state(EMB_DATA_CALL_IDLE) 
01-08 11:41:47.359 E/BT_DUN  (  405): Error while opening socket!
01-08 11:41:47.359 D/BT_DUN  (  405): Ignoring event PLATFORM_EVENT_ERROR in EMB_DATA_CALL_IDLE 
01-08 11:41:47.359 D/BT_DUN  (  405): Moved to state(EMB_DATA_CALL_IDLE) 
01-08 11:41:47.359 E/BT_DUN  (  405): Error while opening socket!
01-08 11:41:47.359 D/BT_DUN  (  405): Ignoring event PLATFORM_EVENT_ERROR in EMB_DATA_CALL_IDLE 
01-08 11:41:47.359 D/BT_DUN  (  405): Moved to state(EMB_DATA_CALL_IDLE) 
01-08 11:41:47.449 E/BT_DUN  (  405): Error while opening socket!
01-08 11:41:47.449 D/BT_DUN  (  405): Ignoring event PLATFORM_EVENT_ERROR in EMB_DATA_CALL_IDLE 
01-08 11:41:47.449 D/BT_DUN  (  405): Moved to state(EMB_DATA_CALL_IDLE) 
01-08 11:41:47.479 E/BT_DUN  (  405): Error while opening socket!
01-08 11:41:47.479 D/BT_DUN  (  405): Ignoring event PLATFORM_EVENT_ERROR in EMB_DATA_CALL_IDLE 
01-08 11:41:47.479 D/BT_DUN  (  405): Moved to state(EMB_DATA_CALL_IDLE) 
01-08 11:41:47.519 E/BT_DUN  (  405): Error while opening socket!
01-08 11:41:47.519 D/BT_DUN  (  405): Ignoring event PLATFORM_EVENT_ERROR in EMB_DATA_CALL_IDLE 
01-08 11:41:47.519 D/BT_DUN  (  405): Moved to state(EMB_DATA_CALL_IDLE) 
01-08 11:41:47.559 D/cocos2d-x debug info( 3961): cocos2d: CCSpriteFrameCache: Trying to use file images/main_menu/mainmenu_a_RETINA.png as texture
01-08 11:41:47.569 E/BT_DUN  (  405): Error while opening socket!
01-08 11:41:47.569 D/BT_DUN  (  405): Ignoring event PLATFORM_EVENT_ERROR in EMB_DATA_CALL_IDLE 
01-08 11:41:47.569 D/BT_DUN  (  405): Moved to state(EMB_DATA_CALL_IDLE) 
01-08 11:41:47.659 E/BT_DUN  (  405): Error while opening socket!
01-08 11:41:47.659 D/BT_DUN  (  405): Ignoring event PLATFORM_EVENT_ERROR in EMB_DATA_CALL_IDLE 
01-08 11:41:47.659 D/BT_DUN  (  405): Moved to state(EMB_DATA_CALL_IDLE) 
01-08 11:41:47.659 E/BT_DUN  (  405): Error while opening socket!
01-08 11:41:47.659 D/BT_DUN  (  405): Ignoring event PLATFORM_EVENT_ERROR in EMB_DATA_CALL_IDLE 
01-08 11:41:47.659 D/BT_DUN  (  405): Moved to state(EMB_DATA_CALL_IDLE) 
01-08 11:41:47.669 E/BT_DUN  (  405): Error while opening socket!
01-08 11:41:47.669 D/BT_DUN  (  405): Ignoring event PLATFORM_EVENT_ERROR in EMB_DATA_CALL_IDLE 
01-08 11:41:47.669 D/BT_DUN  (  405): Moved to state(EMB_DATA_CALL_IDLE) 
01-08 11:41:47.719 E/BT_DUN  (  405): Error while opening socket!
01-08 11:41:47.719 E/BT_DUN  (  405): Error while opening socket!
01-08 11:41:47.719 E/BT_DUN  (  405): Error while opening socket!
01-08 11:41:47.719 E/BT_DUN  (  405): Error while opening socket!
01-08 11:41:47.719 E/BT_DUN  (  405): Error while opening socket!
01-08 11:41:47.719 E/BT_DUN  (  405): Error while opening socket!
01-08 11:41:47.719 E/BT_DUN  (  405): Error while opening socket!
01-08 11:41:47.719 D/BT_DUN  (  405): Ignoring event PLATFORM_EVENT_ERROR in EMB_DATA_CALL_IDLE 
01-08 11:41:47.719 D/BT_DUN  (  405): Moved to state(EMB_DATA_CALL_IDLE) 
01-08 11:41:47.719 D/BT_DUN  (  405): Ignoring event PLATFORM_EVENT_ERROR in EMB_DATA_CALL_IDLE 
01-08 11:41:47.719 D/BT_DUN  (  405): Moved to state(EMB_DATA_CALL_IDLE) 
01-08 11:41:47.719 D/BT_DUN  (  405): Ignoring event PLATFORM_EVENT_ERROR in EMB_DATA_CALL_IDLE 
01-08 11:41:47.719 D/BT_DUN  (  405): Moved to state(EMB_DATA_CALL_IDLE) 
01-08 11:41:47.719 D/BT_DUN  (  405): Ignoring event PLATFORM_EVENT_ERROR in EMB_DATA_CALL_IDLE 
01-08 11:41:47.719 D/BT_DUN  (  405): Moved to state(EMB_DATA_CALL_IDLE) 
01-08 11:41:47.719 D/BT_DUN  (  405): Ignoring event PLATFORM_EVENT_ERROR in EMB_DATA_CALL_IDLE 
01-08 11:41:47.719 D/BT_DUN  (  405): Moved to state(EMB_DATA_CALL_IDLE) 
01-08 11:41:47.719 D/BT_DUN  (  405): Ignoring event PLATFORM_EVENT_ERROR in EMB_DATA_CALL_IDLE 
01-08 11:41:47.719 D/BT_DUN  (  405): Moved to state(EMB_DATA_CALL_IDLE) 
01-08 11:41:47.719 D/BT_DUN  (  405): Ignoring event PLATFORM_EVENT_ERROR in EMB_DATA_CALL_IDLE 
01-08 11:41:47.719 D/BT_DUN  (  405): Moved to state(EMB_DATA_CALL_IDLE) 
01-08 11:41:47.739 E/BT_DUN  (  405): Error while opening socket!
01-08 11:41:47.739 D/BT_DUN  (  405): Ignoring event PLATFORM_EVENT_ERROR in EMB_DATA_CALL_IDLE 
01-08 11:41:47.739 D/BT_DUN  (  405): Moved to state(EMB_DATA_CALL_IDLE) 
01-08 11:41:47.859 E/BT_DUN  (  405): Error while opening socket!
01-08 11:41:47.859 D/BT_DUN  (  405): Ignoring event PLATFORM_EVENT_ERROR in EMB_DATA_CALL_IDLE 
01-08 11:41:47.859 D/BT_DUN  (  405): Moved to state(EMB_DATA_CALL_IDLE) 
01-08 11:41:47.869 E/BT_DUN  (  405): Error while opening socket!
01-08 11:41:47.869 D/BT_DUN  (  405): Ignoring event PLATFORM_EVENT_ERROR in EMB_DATA_CALL_IDLE 
01-08 11:41:47.869 D/BT_DUN  (  405): Moved to state(EMB_DATA_CALL_IDLE) 
01-08 11:41:47.929 E/BT_DUN  (  405): Error while opening socket!
01-08 11:41:47.929 E/BT_DUN  (  405): Error while opening socket!
01-08 11:41:47.929 D/BT_DUN  (  405): Ignoring event PLATFORM_EVENT_ERROR in EMB_DATA_CALL_IDLE 
01-08 11:41:47.929 D/BT_DUN  (  405): Moved to state(EMB_DATA_CALL_IDLE) 
01-08 11:41:47.929 D/BT_DUN  (  405): Ignoring event PLATFORM_EVENT_ERROR in EMB_DATA_CALL_IDLE 
01-08 11:41:47.929 D/BT_DUN  (  405): Moved to state(EMB_DATA_CALL_IDLE) 
01-08 11:41:47.929 D/WifiStateTracker(  159): handleMessage msg: 5
01-08 11:41:47.949 D/cocos2d-x debug info( 3961): cocos2d: CCSpriteFrameCache: Trying to use file images/main_menu/mainmenu_b_CN_RETINA.png as texture
01-08 11:41:48.139 D/cocos2d-x debug info( 3961): cocos2d: CCSpriteFrameCache: Trying to use file images/main_menu/mainmenu_a_CN_RETINA.png as texture
01-08 11:41:48.179 W/AudioService(  159): stream: 3 was already muted by this client
01-08 11:41:48.229 D/Device Model( 3961): HS-U8
01-08 11:41:48.229 D/MediaPlayer( 3961): setDataSource(53, 13281517, 244915)
01-08 11:41:48.229 D/MediaPlayerService(   99): setDataSource fd=17, offset=13281517, length=244915
01-08 11:41:48.239 D/MediaPlayer( 3961): stop state 8
01-08 11:41:48.239 D/MediaPlayerService(   99): [18] stop
01-08 11:41:48.239 D/MediaPlayer( 3961): seekTo 0 state 8
01-08 11:41:48.239 D/MediaPlayerService(   99): [18] seekTo(0)
01-08 11:41:48.239 D/MediaPlayer( 3961): start state 8
01-08 11:41:48.239 E/AwesomePlayer(   99): AudioPlayer created, Non-LPA mode mime audio/vorbis duration 0
01-08 11:41:48.239 D/AudioSink(   99): flush
01-08 11:41:48.239 D/AudioTrack(   99): Request AudioFlinger to create track
01-08 11:41:48.239 D/AudioFlinger(   99): createTrack() lSessionId: 32
01-08 11:41:48.239 D/AudioFlinger(   99): Track constructor name 4097, calling thread 3961
01-08 11:41:48.239 D/AudioSink(   99): start
01-08 11:41:48.239 D/AudioTrack(   99): start 0x15e08
01-08 11:41:48.239 D/AudioFlinger(   99): start(4097), calling thread 3961 session 32
01-08 11:41:48.239 E/AudioPolicyManagerBase(   99): zouyanfei for bluetoothsco
01-08 11:41:48.449 W/AudioFlinger(   99): write blocked for 167 msecs, 8 delayed writes, thread 0xcc50
01-08 11:41:48.569 I/TestinExternalLog(  826): Mem>>>> Avalable:256144KB, com.giant.brizzle(3961) used:27578KB
01-08 11:41:49.189 W/AudioService(  159): stream: 3 was already muted by this client
01-08 11:41:50.249 W/AudioService(  159): stream: 3 was already muted by this client
01-08 11:41:50.619 I/TestinExternalLog(  826): <<<<<<< Capturing image (9) >>>>>>>
01-08 11:41:50.789 I/TestinExternalLog(  826): NetFlow>>>> UpFlow 0, DownFlow 0, TotalFlow 0
01-08 11:41:51.319 W/AudioService(  159): stream: 3 was already muted by this client
01-08 11:41:51.879 I/TestinExternalLog(  826): CPU>>>> User 41%, System 26%, IOW 24%, IRQ 0%, com.giant.brizzle(3961):16%
01-08 11:41:52.319 I/TestinExternalLog(  826): Battery>>>> Temperature 0.0
01-08 11:41:52.359 W/AudioService(  159): stream: 3 was already muted by this client
01-08 11:41:53.359 W/AudioService(  159): stream: 3 was already muted by this client
01-08 11:41:54.369 W/AudioService(  159): stream: 3 was already muted by this client
01-08 11:41:54.929 I/TestinExternalLog(  826): Mem>>>> Avalable:257152KB, com.giant.brizzle(3961) used:27735KB
01-08 11:41:55.369 W/AudioService(  159): stream: 3 was already muted by this client
01-08 11:41:56.249 I/TestinExternalLog(  826): NetFlow>>>> UpFlow 0, DownFlow 0, TotalFlow 0
01-08 11:41:56.369 W/AudioService(  159): stream: 3 was already muted by this client
01-08 11:41:57.199 I/TestinExternalLog(  826): <<<<<<< Capturing image (10) >>>>>>>
01-08 11:41:57.319 I/TestinExternalLog(  826): Battery>>>> Temperature 0.0
01-08 11:41:57.379 W/AudioService(  159): stream: 3 was already muted by this client
01-08 11:41:58.199 I/TestinExternalLog(  826): CPU>>>> User 41%, System 24%, IOW 27%, IRQ 0%, com.giant.brizzle(3961):17%
01-08 11:41:58.389 W/AudioService(  159): stream: 3 was already muted by this client
01-08 11:41:58.399 E/BT_DUN  (  405): Error while opening socket!
01-08 11:41:58.399 E/BT_DUN  (  405): Error while opening socket!
01-08 11:41:58.399 E/BT_DUN  (  405): Error while opening socket!
01-08 11:41:58.399 E/BT_DUN  (  405): Error while opening socket!
01-08 11:41:58.399 E/BT_DUN  (  405): Error while opening socket!
01-08 11:41:58.399 E/BT_DUN  (  405): Error while opening socket!
01-08 11:41:58.399 E/BT_DUN  (  405): Error while opening socket!
01-08 11:41:58.399 D/BT_DUN  (  405): Ignoring event PLATFORM_EVENT_ERROR in EMB_DATA_CALL_IDLE 
01-08 11:41:58.399 D/BT_DUN  (  405): Moved to state(EMB_DATA_CALL_IDLE) 
01-08 11:41:58.399 D/BT_DUN  (  405): Ignoring event PLATFORM_EVENT_ERROR in EMB_DATA_CALL_IDLE 
01-08 11:41:58.399 D/BT_DUN  (  405): Moved to state(EMB_DATA_CALL_IDLE) 
01-08 11:41:58.399 D/BT_DUN  (  405): Ignoring event PLATFORM_EVENT_ERROR in EMB_DATA_CALL_IDLE 
01-08 11:41:58.399 D/BT_DUN  (  405): Moved to state(EMB_DATA_CALL_IDLE) 
01-08 11:41:58.399 D/BT_DUN  (  405): Ignoring event PLATFORM_EVENT_ERROR in EMB_DATA_CALL_IDLE 
01-08 11:41:58.399 D/BT_DUN  (  405): Moved to state(EMB_DATA_CALL_IDLE) 
01-08 11:41:58.399 D/BT_DUN  (  405): Ignoring event PLATFORM_EVENT_ERROR in EMB_DATA_CALL_IDLE 
01-08 11:41:58.399 D/BT_DUN  (  405): Moved to state(EMB_DATA_CALL_IDLE) 
01-08 11:41:58.399 D/BT_DUN  (  405): Ignoring event PLATFORM_EVENT_ERROR in EMB_DATA_CALL_IDLE 
01-08 11:41:58.399 D/BT_DUN  (  405): Moved to state(EMB_DATA_CALL_IDLE) 
01-08 11:41:58.399 D/BT_DUN  (  405): Ignoring event PLATFORM_EVENT_ERROR in EMB_DATA_CALL_IDLE 
01-08 11:41:58.399 D/BT_DUN  (  405): Moved to state(EMB_DATA_CALL_IDLE) 
01-08 11:41:58.409 E/BT_DUN  (  405): Error while opening socket!
01-08 11:41:58.409 D/BT_DUN  (  405): Ignoring event PLATFORM_EVENT_ERROR in EMB_DATA_CALL_IDLE 
01-08 11:41:58.409 D/BT_DUN  (  405): Moved to state(EMB_DATA_CALL_IDLE) 
01-08 11:41:58.409 E/BT_DUN  (  405): Error while opening socket!
01-08 11:41:58.409 D/BT_DUN  (  405): Ignoring event PLATFORM_EVENT_ERROR in EMB_DATA_CALL_IDLE 
01-08 11:41:58.409 D/BT_DUN  (  405): Moved to state(EMB_DATA_CALL_IDLE) 
01-08 11:41:58.639 E/BT_DUN  (  405): Error while opening socket!
01-08 11:41:58.639 D/BT_DUN  (  405): Ignoring event PLATFORM_EVENT_ERROR in EMB_DATA_CALL_IDLE 
01-08 11:41:58.639 D/BT_DUN  (  405): Moved to state(EMB_DATA_CALL_IDLE) 
01-08 11:41:58.659 E/BT_DUN  (  405): Error while opening socket!
01-08 11:41:58.659 D/BT_DUN  (  405): Ignoring event PLATFORM_EVENT_ERROR in EMB_DATA_CALL_IDLE 
01-08 11:41:58.659 D/BT_DUN  (  405): Moved to state(EMB_DATA_CALL_IDLE) 
01-08 11:41:58.669 E/BT_DUN  (  405): Error while opening socket!
01-08 11:41:58.669 D/BT_DUN  (  405): Ignoring event PLATFORM_EVENT_ERROR in EMB_DATA_CALL_IDLE 
01-08 11:41:58.669 D/BT_DUN  (  405): Moved to state(EMB_DATA_CALL_IDLE) 
01-08 11:41:58.679 E/BT_DUN  (  405): Error while opening socket!
01-08 11:41:58.679 D/BT_DUN  (  405): Ignoring event PLATFORM_EVENT_ERROR in EMB_DATA_CALL_IDLE 
01-08 11:41:58.679 D/BT_DUN  (  405): Moved to state(EMB_DATA_CALL_IDLE) 
01-08 11:41:58.709 E/BT_DUN  (  405): Error while opening socket!
01-08 11:41:58.709 D/BT_DUN  (  405): Ignoring event PLATFORM_EVENT_ERROR in EMB_DATA_CALL_IDLE 
01-08 11:41:58.709 D/BT_DUN  (  405): Moved to state(EMB_DATA_CALL_IDLE) 
01-08 11:41:58.739 E/BT_DUN  (  405): Error while opening socket!
01-08 11:41:58.739 D/BT_DUN  (  405): Ignoring event PLATFORM_EVENT_ERROR in EMB_DATA_CALL_IDLE 
01-08 11:41:58.739 D/BT_DUN  (  405): Moved to state(EMB_DATA_CALL_IDLE) 
01-08 11:41:58.759 E/BT_DUN  (  405): Error while opening socket!
01-08 11:41:58.769 D/BT_DUN  (  405): Ignoring event PLATFORM_EVENT_ERROR in EMB_DATA_CALL_IDLE 
01-08 11:41:58.769 D/BT_DUN  (  405): Moved to state(EMB_DATA_CALL_IDLE) 
01-08 11:41:58.819 E/BT_DUN  (  405): Error while opening socket!
01-08 11:41:58.819 E/BT_DUN  (  405): Error while opening socket!
01-08 11:41:58.819 E/BT_DUN  (  405): Error while opening socket!
01-08 11:41:58.819 E/BT_DUN  (  405): Error while opening socket!
01-08 11:41:58.819 E/BT_DUN  (  405): Error while opening socket!
01-08 11:41:58.819 E/BT_DUN  (  405): Error while opening socket!
01-08 11:41:58.829 D/BT_DUN  (  405): Ignoring event PLATFORM_EVENT_ERROR in EMB_DATA_CALL_IDLE 
01-08 11:41:58.829 D/BT_DUN  (  405): Moved to state(EMB_DATA_CALL_IDLE) 
01-08 11:41:58.829 D/BT_DUN  (  405): Ignoring event PLATFORM_EVENT_ERROR in EMB_DATA_CALL_IDLE 
01-08 11:41:58.829 D/BT_DUN  (  405): Moved to state(EMB_DATA_CALL_IDLE) 
01-08 11:41:58.829 D/BT_DUN  (  405): Ignoring event PLATFORM_EVENT_ERROR in EMB_DATA_CALL_IDLE 
01-08 11:41:58.829 D/BT_DUN  (  405): Moved to state(EMB_DATA_CALL_IDLE) 
01-08 11:41:58.829 D/BT_DUN  (  405): Ignoring event PLATFORM_EVENT_ERROR in EMB_DATA_CALL_IDLE 
01-08 11:41:58.829 D/BT_DUN  (  405): Moved to state(EMB_DATA_CALL_IDLE) 
01-08 11:41:58.829 D/BT_DUN  (  405): Ignoring event PLATFORM_EVENT_ERROR in EMB_DATA_CALL_IDLE 
01-08 11:41:58.829 D/BT_DUN  (  405): Moved to state(EMB_DATA_CALL_IDLE) 
01-08 11:41:58.829 D/BT_DUN  (  405): Ignoring event PLATFORM_EVENT_ERROR in EMB_DATA_CALL_IDLE 
01-08 11:41:58.829 D/BT_DUN  (  405): Moved to state(EMB_DATA_CALL_IDLE) 
01-08 11:41:58.829 E/BT_DUN  (  405): Error while opening socket!
01-08 11:41:58.829 D/BT_DUN  (  405): Ignoring event PLATFORM_EVENT_ERROR in EMB_DATA_CALL_IDLE 
01-08 11:41:58.829 D/BT_DUN  (  405): Moved to state(EMB_DATA_CALL_IDLE) 
01-08 11:41:58.899 E/BT_DUN  (  405): Error while opening socket!
01-08 11:41:58.899 D/BT_DUN  (  405): Ignoring event PLATFORM_EVENT_ERROR in EMB_DATA_CALL_IDLE 
01-08 11:41:58.899 D/BT_DUN  (  405): Moved to state(EMB_DATA_CALL_IDLE) 
01-08 11:41:58.909 E/BT_DUN  (  405): Error while opening socket!
01-08 11:41:58.909 D/BT_DUN  (  405): Ignoring event PLATFORM_EVENT_ERROR in EMB_DATA_CALL_IDLE 
01-08 11:41:58.909 D/BT_DUN  (  405): Moved to state(EMB_DATA_CALL_IDLE) 
01-08 11:41:58.919 E/BT_DUN  (  405): Error while opening socket!
01-08 11:41:58.919 D/BT_DUN  (  405): Ignoring event PLATFORM_EVENT_ERROR in EMB_DATA_CALL_IDLE 
01-08 11:41:58.919 D/BT_DUN  (  405): Moved to state(EMB_DATA_CALL_IDLE) 
01-08 11:41:59.109 E/BT_DUN  (  405): Error while opening socket!
01-08 11:41:59.109 D/BT_DUN  (  405): Ignoring event PLATFORM_EVENT_ERROR in EMB_DATA_CALL_IDLE 
01-08 11:41:59.109 D/BT_DUN  (  405): Moved to state(EMB_DATA_CALL_IDLE) 
01-08 11:41:59.119 E/BT_DUN  (  405): Error while opening socket!
01-08 11:41:59.119 D/BT_DUN  (  405): Ignoring event PLATFORM_EVENT_ERROR in EMB_DATA_CALL_IDLE 
01-08 11:41:59.119 D/BT_DUN  (  405): Moved to state(EMB_DATA_CALL_IDLE) 
01-08 11:41:59.199 E/BT_DUN  (  405): Error while opening socket!
01-08 11:41:59.199 D/BT_DUN  (  405): Ignoring event PLATFORM_EVENT_ERROR in EMB_DATA_CALL_IDLE 
01-08 11:41:59.199 D/BT_DUN  (  405): Moved to state(EMB_DATA_CALL_IDLE) 
01-08 11:41:59.249 E/BT_DUN  (  405): Error while opening socket!
01-08 11:41:59.249 E/BT_DUN  (  405): Error while opening socket!
01-08 11:41:59.249 E/BT_DUN  (  405): Error while opening socket!
01-08 11:41:59.249 E/BT_DUN  (  405): Error while opening socket!
01-08 11:41:59.249 E/BT_DUN  (  405): Error while opening socket!
01-08 11:41:59.249 E/BT_DUN  (  405): Error while opening socket!
01-08 11:41:59.249 E/BT_DUN  (  405): Error while opening socket!
01-08 11:41:59.249 D/BT_DUN  (  405): Ignoring event PLATFORM_EVENT_ERROR in EMB_DATA_CALL_IDLE 
01-08 11:41:59.249 D/BT_DUN  (  405): Moved to state(EMB_DATA_CALL_IDLE) 
01-08 11:41:59.249 D/BT_DUN  (  405): Ignoring event PLATFORM_EVENT_ERROR in EMB_DATA_CALL_IDLE 
01-08 11:41:59.249 D/BT_DUN  (  405): Moved to state(EMB_DATA_CALL_IDLE) 
01-08 11:41:59.249 D/BT_DUN  (  405): Ignoring event PLATFORM_EVENT_ERROR in EMB_DATA_CALL_IDLE 
01-08 11:41:59.249 D/BT_DUN  (  405): Moved to state(EMB_DATA_CALL_IDLE) 
01-08 11:41:59.249 D/BT_DUN  (  405): Ignoring event PLATFORM_EVENT_ERROR in EMB_DATA_CALL_IDLE 
01-08 11:41:59.249 D/BT_DUN  (  405): Moved to state(EMB_DATA_CALL_IDLE) 
01-08 11:41:59.249 D/BT_DUN  (  405): Ignoring event PLATFORM_EVENT_ERROR in EMB_DATA_CALL_IDLE 
01-08 11:41:59.249 D/BT_DUN  (  405): Moved to state(EMB_DATA_CALL_IDLE) 
01-08 11:41:59.249 D/BT_DUN  (  405): Ignoring event PLATFORM_EVENT_ERROR in EMB_DATA_CALL_IDLE 
01-08 11:41:59.249 D/BT_DUN  (  405): Moved to state(EMB_DATA_CALL_IDLE) 
01-08 11:41:59.249 D/BT_DUN  (  405): Ignoring event PLATFORM_EVENT_ERROR in EMB_DATA_CALL_IDLE 
01-08 11:41:59.249 D/BT_DUN  (  405): Moved to state(EMB_DATA_CALL_IDLE) 
01-08 11:41:59.299 E/BT_DUN  (  405): Error while opening socket!
01-08 11:41:59.299 D/BT_DUN  (  405): Ignoring event PLATFORM_EVENT_ERROR in EMB_DATA_CALL_IDLE 
01-08 11:41:59.299 D/BT_DUN  (  405): Moved to state(EMB_DATA_CALL_IDLE) 
01-08 11:41:59.349 E/BT_DUN  (  405): Error while opening socket!
01-08 11:41:59.349 D/BT_DUN  (  405): Ignoring event PLATFORM_EVENT_ERROR in EMB_DATA_CALL_IDLE 
01-08 11:41:59.349 D/BT_DUN  (  405): Moved to state(EMB_DATA_CALL_IDLE) 
01-08 11:41:59.389 W/AudioService(  159): stream: 3 was already muted by this client
01-08 11:41:59.469 E/BT_DUN  (  405): Error while opening socket!
01-08 11:41:59.469 D/BT_DUN  (  405): Ignoring event PLATFORM_EVENT_ERROR in EMB_DATA_CALL_IDLE 
01-08 11:41:59.469 D/BT_DUN  (  405): Moved to state(EMB_DATA_CALL_IDLE) 
01-08 11:41:59.549 E/BT_DUN  (  405): Error while opening socket!
01-08 11:41:59.549 D/BT_DUN  (  405): Ignoring event PLATFORM_EVENT_ERROR in EMB_DATA_CALL_IDLE 
01-08 11:41:59.549 D/BT_DUN  (  405): Moved to state(EMB_DATA_CALL_IDLE) 
01-08 11:41:59.559 E/BT_DUN  (  405): Error while opening socket!
01-08 11:41:59.559 E/BT_DUN  (  405): Error while opening socket!
01-08 11:41:59.569 D/BT_DUN  (  405): Ignoring event PLATFORM_EVENT_ERROR in EMB_DATA_CALL_IDLE 
01-08 11:41:59.569 D/BT_DUN  (  405): Moved to state(EMB_DATA_CALL_IDLE) 
01-08 11:41:59.569 D/BT_DUN  (  405): Ignoring event PLATFORM_EVENT_ERROR in EMB_DATA_CALL_IDLE 
01-08 11:41:59.569 D/BT_DUN  (  405): Moved to state(EMB_DATA_CALL_IDLE) 
01-08 11:41:59.589 D/WifiStateTracker(  159): handleMessage msg: 5
01-08 11:41:59.729 E/AwesomePlayer(   99): AudioPlayer created, Non-LPA mode mime audio/vorbis duration 490763
01-08 11:41:59.749 D/AudioTrack( 3961): Request AudioFlinger to create track
01-08 11:41:59.749 D/AudioFlinger(   99): createTrack() lSessionId: 33
01-08 11:41:59.749 D/AudioFlinger(   99): Track constructor name 4098, calling thread 3961
01-08 11:41:59.749 D/AudioTrack( 3961): start 0x2d4a78
01-08 11:41:59.749 D/AudioFlinger(   99): start(4098), calling thread 3961 session 33
01-08 11:41:59.749 E/AudioPolicyManagerBase(   99): zouyanfei for bluetoothsco
01-08 11:41:59.749 D/cocos2d-x debug info( 3961): cocos2d: CCSpriteFrameCache: removing unused frame: main_bg_c@2x.png
01-08 11:41:59.749 D/cocos2d-x debug info( 3961): cocos2d: CCSpriteFrameCache: removing unused frame: main_trees_a@2x.png
01-08 11:41:59.749 D/cocos2d-x debug info( 3961): cocos2d: CCSpriteFrameCache: removing unused frame: main_trees_b@2x.png
01-08 11:41:59.749 D/cocos2d-x debug info( 3961): cocos2d: CCSpriteFrameCache: removing unused frame: main_bg_a@2x.png
01-08 11:41:59.749 D/cocos2d-x debug info( 3961): cocos2d: CCSpriteFrameCache: removing unused frame: main_bg_b@2x.png
01-08 11:41:59.749 D/cocos2d-x debug info( 3961): cocos2d: CCSpriteFrameCache: removing unused frame: main_bg_light@2x.png
01-08 11:41:59.749 D/cocos2d-x debug info( 3961): cocos2d: CCSpriteFrameCache: removing unused frame: main_cha_blue@2x.png
01-08 11:41:59.749 D/cocos2d-x debug info( 3961): cocos2d: CCSpriteFrameCache: removing unused frame: main_cha_green@2x.png
01-08 11:41:59.749 D/cocos2d-x debug info( 3961): cocos2d: CCSpriteFrameCache: removing unused frame: main_cha_orange@2x.png
01-08 11:41:59.749 D/cocos2d-x debug info( 3961): cocos2d: CCSpriteFrameCache: removing unused frame: main_cha_pink@2x.png
01-08 11:41:59.749 D/cocos2d-x debug info( 3961): cocos2d: CCSpriteFrameCache: removing unused frame: main_cha_purple@2x.png
01-08 11:41:59.749 D/cocos2d-x debug info( 3961): cocos2d: CCSpriteFrameCache: removing unused frame: main_cha_red@2x.png
01-08 11:41:59.749 D/cocos2d-x debug info( 3961): cocos2d: CCSpriteFrameCache: removing unused frame: main_cha_white@2x.png
01-08 11:41:59.749 D/cocos2d-x debug info( 3961): cocos2d: CCSpriteFrameCache: removing unused frame: main_cha_yellow@2x.png
01-08 11:41:59.749 D/cocos2d-x debug info( 3961): cocos2d: CCSpriteFrameCache: removing unused frame: main_menu_bg@2x.png
01-08 11:41:59.749 D/cocos2d-x debug info( 3961): cocos2d: CCSpriteFrameCache: removing unused frame: main_rank_push@2x.png
01-08 11:41:59.749 D/cocos2d-x debug info( 3961): cocos2d: CCSpriteFrameCache: removing unused frame: main_rank@2x.png
01-08 11:41:59.749 D/cocos2d-x debug info( 3961): cocos2d: CCSpriteFrameCache: removing unused frame: main_title@2x.png
01-08 11:41:59.749 D/cocos2d-x debug info( 3961): cocos2d: CCSpriteFrameCache: removing unused frame: main_option_push@2x.png
01-08 11:41:59.749 D/cocos2d-x debug info( 3961): cocos2d: CCSpriteFrameCache: removing unused frame: main_option@2x.png
01-08 11:41:59.749 D/cocos2d-x debug info( 3961): cocos2d: CCSpriteFrameCache: removing unused frame: main_menu_cancel_normal_china@2x.png
01-08 11:41:59.749 D/cocos2d-x debug info( 3961): cocos2d: CCSpriteFrameCache: removing unused frame: main_menu_cancel_push_china@2x.png
01-08 11:41:59.749 D/cocos2d-x debug info( 3961): cocos2d: CCSpriteFrameCache: removing unused frame: main_menu_classic_china@2x.png
01-08 11:41:59.749 D/cocos2d-x debug info( 3961): cocos2d: CCSpriteFrameCache: removing unused frame: main_menu_classic_push_china@2x.png
01-08 11:41:59.749 D/cocos2d-x debug info( 3961): cocos2d: CCSpriteFrameCache: removing unused frame: main_menu_continue_normal_china@2x.png
01-08 11:41:59.749 D/cocos2d-x debug info( 3961): cocos2d: CCSpriteFrameCache: removing unused frame: main_menu_continue_push_china@2x.png
01-08 11:41:59.749 D/cocos2d-x debug info( 3961): cocos2d: CCSpriteFrameCache: removing unused frame: main_menu_icebreak_china@2x.png
01-08 11:41:59.749 D/cocos2d-x debug info( 3961): cocos2d: CCSpriteFrameCache: removing unused frame: main_menu_icebreak_push_china@2x.png
01-08 11:41:59.749 D/cocos2d-x debug info( 3961): cocos2d: CCSpriteFrameCache: removing unused frame: main_menu_newgame_normal_china@2x.png
01-08 11:41:59.749 D/cocos2d-x debug info( 3961): cocos2d: CCSpriteFrameCache: removing unused frame: main_menu_newgame_push_china@2x.png
01-08 11:41:59.749 D/cocos2d-x debug info( 3961): cocos2d: CCSpriteFrameCache: removing unused frame: main_menu_pandora_china@2x.png
01-08 11:41:59.749 D/cocos2d-x debug info( 3961): cocos2d: CCSpriteFrameCache: removing unused frame: main_menu_pandora_push_china@2x.png
01-08 11:41:59.749 D/cocos2d-x debug info( 3961): cocos2d: CCSpriteFrameCache: removing unused frame: main_option_china@2x.png
01-08 11:41:59.749 D/cocos2d-x debug info( 3961): cocos2d: CCSpriteFrameCache: removing unused frame: main_option_push_china@2x.png
01-08 11:41:59.749 D/cocos2d-x debug info( 3961): cocos2d: CCSpriteFrameCache: removing unused frame: main_rank_china@2x.png
