01-08 11:41:59.749 D/cocos2d-x debug info( 3961): cocos2d: CCSpriteFrameCache: removing unused frame: main_rank_push_china@2x.png
01-08 11:41:59.749 D/cocos2d-x debug info( 3961): cocos2d: CCTextureCache: texture: cc_fps_images
01-08 11:41:59.749 D/cocos2d-x debug info( 3961): cocos2d: CCTextureCache: texture: assets/images/loading/splash.png
01-08 11:41:59.749 D/cocos2d-x debug info( 3961): cocos2d: CCTextureCache: texture: assets/images/main_menu/main_bg_a_RETINA.png
01-08 11:41:59.749 D/cocos2d-x debug info( 3961): cocos2d: CCTextureCache: texture: assets/images/main_menu/main_bg_b_RETINA.png
01-08 11:41:59.749 D/cocos2d-x debug info( 3961): cocos2d: CCTextureCache: texture: assets/images/main_menu/mainmenu_a_RETINA.png
01-08 11:41:59.749 D/cocos2d-x debug info( 3961): cocos2d: CCTextureCache: texture: assets/images/main_menu/mainmenu_b_CN_RETINA.png
01-08 11:41:59.749 D/cocos2d-x debug info( 3961): cocos2d: CCTextureCache: texture: assets/images/main_menu/mainmenu_a_CN_RETINA.png
01-08 11:41:59.749 D/cocos2d-x debug info( 3961): cocos2d: CCTextureCache: removing unused texture: assets/images/loading/splash.png
01-08 11:41:59.769 D/cocos2d-x debug info( 3961): cocos2d: CCSpriteFrameCache: Trying to use file images/character/Character_RETINA.png as texture
01-08 11:42:00.089 D/cocos2d-x debug info( 3961): cocos2d: CCSpriteFrameCache: Trying to use file images/stage_classic/stage_RETINA.png as texture
01-08 11:42:00.089 D/AudioTrack( 3961): stop 0x2d4a78
01-08 11:42:00.089 D/AudioFlinger(   99): stop(4098), calling thread 3961
01-08 11:42:00.249 D/cocos2d-x debug info( 3961): cocos2d: CCSpriteFrameCache: Trying to use file images/item/itemblackhole_RETINA.png as texture
01-08 11:42:00.399 W/AudioService(  159): stream: 3 was already muted by this client
01-08 11:42:00.419 D/cocos2d-x debug info( 3961): cocos2d: CCSpriteFrameCache: Trying to use file images/item/itembomb_RETINA.png as texture
01-08 11:42:00.519 D/cocos2d-x debug info( 3961): cocos2d: CCSpriteFrameCache: Trying to use file images/item/itemfirebird_RETINA.png as texture
01-08 11:42:00.699 D/cocos2d-x debug info( 3961): cocos2d: CCSpriteFrameCache: Trying to use file images/item/itemlightning_RETINA.png as texture
01-08 11:42:00.799 D/cocos2d-x debug info( 3961): cocos2d: CCSpriteFrameCache: Trying to use file images/item_effect/effectblackhole_RETINA.png as texture
01-08 11:42:01.279 D/cocos2d-x debug info( 3961): cocos2d: CCSpriteFrameCache: Trying to use file images/item_effect/effectbomb_RETINA.png as texture
01-08 11:42:01.309 I/TestinExternalLog(  826): Mem>>>> Avalable:241820KB, com.giant.brizzle(3961) used:41794KB
01-08 11:42:01.449 W/AudioService(  159): stream: 3 was already muted by this client
01-08 11:42:01.499 D/cocos2d-x debug info( 3961): cocos2d: CCSpriteFrameCache: Trying to use file images/item_effect/effectfirebird_RETINA.png as texture
01-08 11:42:01.709 D/cocos2d-x debug info( 3961): cocos2d: CCSpriteFrameCache: Trying to use file images/item_effect/cloud_RETINA.png as texture
01-08 11:42:02.319 I/TestinExternalLog(  826): Battery>>>> Temperature 0.0
01-08 11:42:02.469 W/AudioService(  159): stream: 3 was already muted by this client
01-08 11:42:02.599 D/AudioSink(   99): stop
01-08 11:42:02.599 D/AudioTrack(   99): stop 0x15e08
01-08 11:42:02.599 D/AudioFlinger(   99): stop(4097), calling thread 3961
01-08 11:42:02.599 D/AudioTrack(   99): stop 0x15e08
01-08 11:42:02.599 D/MediaPlayer( 3961): setDataSource(61, 14266248, 769336)
01-08 11:42:02.599 D/MediaPlayerService(   99): setDataSource fd=25, offset=14266248, length=769336
01-08 11:42:02.629 D/MediaPlayer( 3961): stop state 8
01-08 11:42:02.629 D/MediaPlayerService(   99): [19] stop
01-08 11:42:02.629 D/MediaPlayer( 3961): seekTo 0 state 8
01-08 11:42:02.629 D/MediaPlayerService(   99): [19] seekTo(0)
01-08 11:42:02.629 D/MediaPlayer( 3961): start state 8
01-08 11:42:02.629 E/AwesomePlayer(   99): AudioPlayer created, Non-LPA mode mime audio/vorbis duration 0
01-08 11:42:02.629 D/AudioSink(   99): flush
01-08 11:42:02.629 D/AudioTrack(   99): Request AudioFlinger to create track
01-08 11:42:02.629 D/AudioFlinger(   99): createTrack() lSessionId: 34
01-08 11:42:02.629 D/AudioFlinger(   99): Track constructor name 4099, calling thread 3961
01-08 11:42:02.629 D/AudioSink(   99): start
01-08 11:42:02.629 D/AudioTrack(   99): start 0x86df0
01-08 11:42:02.629 D/AudioFlinger(   99): start(4099), calling thread 3961 session 34
01-08 11:42:02.629 E/AudioPolicyManagerBase(   99): zouyanfei for bluetoothsco
01-08 11:42:02.649 D/AudioFlinger(   99): remove track (4097) and delete from mixer
01-08 11:42:02.829 I/TestinExternalLog(  826): NetFlow>>>> UpFlow 0, DownFlow 0, TotalFlow 0
01-08 11:42:03.449 I/TestinExternalLog(  826): <<<<<<< Capturing image (11) >>>>>>>
01-08 11:42:03.489 W/AudioService(  159): stream: 3 was already muted by this client
01-08 11:42:04.159 D/cocos2d-x debug info( 3961): cocos2d: CCSpriteBatchNode: resizing TextureAtlas capacity from [29] to [40].
01-08 11:42:04.159 D/cocos2d-x debug info( 3961): cocos2d: CCSpriteBatchNode: resizing TextureAtlas capacity from [40] to [54].
01-08 11:42:04.159 D/cocos2d-x debug info( 3961): cocos2d: CCSpriteBatchNode: resizing TextureAtlas capacity from [54] to [73].
01-08 11:42:04.509 W/AudioService(  159): stream: 3 was already muted by this client
01-08 11:42:05.229 D/xiaohong(  265):  handwritingwhideInputMethodMenu();
01-08 11:42:05.229 I/ActivityManager(  159): Starting: Intent { act=android.intent.action.MAIN cat=[android.intent.category.HOME] flg=0x10200000 cmp=com.android.launcher/.Launcher } from pid 159
01-08 11:42:05.509 W/AudioService(  159): stream: 3 was already muted by this client
01-08 11:42:05.669 D/PluginFactory( 3961): Java class name of plugin AdsAdmob is : org/cocos2dx/plugin/AdsAdmob
01-08 11:42:05.679 I/PluginWrapper( 3961): class name : ----org/cocos2dx/plugin/AdsAdmob----
01-08 11:42:05.689 D/PluginFactory( 3961): The type of plugin AdsAdmob is : 1
01-08 11:42:05.689 D/ProtocolAds( 3961): Class name : org/cocos2dx/plugin/AdsAdmob
01-08 11:42:06.089 E/msm7k.gralloc(  159): [unregister] handle 0x20ece0 still locked (state=40000001)
01-08 11:42:06.519 W/AudioService(  159): stream: 3 was already muted by this client
01-08 11:42:06.659 I/TestinExternalLog(  826): CPU>>>> User 47%, System 31%, IOW 19%, IRQ 0%, com.giant.brizzle(3961):29%
01-08 11:42:06.799 D/ADDRESS_CACHE_MONITOR( 3961): Address cache monitor created and armed
01-08 11:42:06.959 E/ActivityThread( 3961): Failed to find provider info for com.google.plus.platform
01-08 11:42:06.999 I/Ads     ( 3961): To get test ads on this device, call adRequest.addTestDevice("174A651AC224BB11A9FC908CBD5A3B36");
01-08 11:42:07.029 I/ADDRESS_CACHE_MONITOR( 3961): No permission to access connection info? - java.lang.SecurityException: WifiService: Neither user 10052 nor current process has android.permission.ACCESS_WIFI_STATE.
01-08 11:42:07.029 D/ADDRESS_CACHE_MONITOR( 3961): network (WIFI) is disconnected
01-08 11:42:07.129 I/Ads     ( 3961): adRequestUrlHtml: <html><head><script src="http://media.admob.com/sdk-core-v40.js"></script><script>AFMA_getSdkConstants();AFMA_buildAdURL({"preqs":0,"session_id":"14970175495990145721","u_sd":1.5,"seq_num":"1","slotname":"a152c0e2117dbe6","u_w":320,"msid":"com.giant.brizzle","cap":"m,a","js":"afma-sdk-a-v6.3.1","ms":"5edmRW2-USHUq6V0A0k75oqJvAAk49LQbxo4qYhcdJNJRGrYdabEK-fksmYnc_fMK7vEKMwYDwlwCQiE1H9U7Jxy_oUm8BHEZpIuPR1MMUixvNDm5nCuw0kqgtdRfNY4UtjpQ8cZbizGbWv2Xf6z_BFzN3adq53neLK2OJ59mZoaAEk1AdsOndHFO3CFp19X5ah_VySBSHS6kZWhhhJe1dsQT9iHDCIDA7BA20YMIUXC9yFtxwCsLze-IuzhUmcFxliXl59FugzqPyoYrJxY3MoC__mvKDPVGQT-7xUEkHaGyhumx-QVnikMaAc2fGZhPZ30PoWUeQAIYHsqoZPfcw","isu":"174A651AC224BB11A9FC908CBD5A3B36","bas_off":0,"format":"320x50_mb","oar":0,"net":"null","app_name":"2.android.com.giant.brizzle","hl":"zh","ad_pos":{"height":0,"visible":0,"y":0,"x":0,"width":0},"gnt":0,"u_h":533,"pt":1,"carrier":"null","bas_on":0,"ptime":0,"u_audio":3});</script></head><body></body></html>
01-08 11:42:07.329 I/TestinExternalLog(  826): Battery>>>> Temperature 0.0
01-08 11:42:07.529 W/AudioService(  159): stream: 3 was already muted by this client
01-08 11:42:07.569 W/webcore ( 3961): Can't get the viewWidth after the first layout
01-08 11:42:07.609 W/KeyCharacterMap( 3961): No keyboard for id 0
01-08 11:42:07.609 W/KeyCharacterMap( 3961): Using default keymap: /system/usr/keychars/qwerty.kcm.bin
01-08 11:42:08.069 I/TestinExternalLog(  826): NetFlow>>>> UpFlow 0, DownFlow 0, TotalFlow 0
01-08 11:42:08.529 W/AudioService(  159): stream: 3 was already muted by this client
01-08 11:42:09.559 W/AudioService(  159): stream: 3 was already muted by this client
01-08 11:42:09.719 E/AwesomePlayer(   99): AudioPlayer created, Non-LPA mode mime audio/vorbis duration 308302
01-08 11:42:09.789 D/AudioTrack( 3961): Request AudioFlinger to create track
01-08 11:42:09.789 D/AudioFlinger(   99): createTrack() lSessionId: 35
01-08 11:42:09.789 D/AudioFlinger(   99): Track constructor name 4097, calling thread 3961
01-08 11:42:09.789 D/AudioTrack( 3961): start 0x3f80d8
01-08 11:42:09.789 D/AudioFlinger(   99): start(4097), calling thread 3961 session 35
01-08 11:42:09.789 E/AudioPolicyManagerBase(   99): zouyanfei for bluetoothsco
01-08 11:42:09.789 D/AudioTrack( 3961): stop 0x2d4a78
01-08 11:42:09.789 D/AudioFlinger(   99): remove track (4098) and delete from mixer
01-08 11:42:09.869 E/BT_DUN  (  405): Error while opening socket!
01-08 11:42:09.869 D/BT_DUN  (  405): Ignoring event PLATFORM_EVENT_ERROR in EMB_DATA_CALL_IDLE 
01-08 11:42:09.869 D/BT_DUN  (  405): Moved to state(EMB_DATA_CALL_IDLE) 
01-08 11:42:09.869 E/BT_DUN  (  405): Error while opening socket!
01-08 11:42:09.869 D/BT_DUN  (  405): Ignoring event PLATFORM_EVENT_ERROR in EMB_DATA_CALL_IDLE 
01-08 11:42:09.869 D/BT_DUN  (  405): Moved to state(EMB_DATA_CALL_IDLE) 
01-08 11:42:09.869 E/BT_DUN  (  405): Error while opening socket!
01-08 11:42:09.869 D/BT_DUN  (  405): Ignoring event PLATFORM_EVENT_ERROR in EMB_DATA_CALL_IDLE 
01-08 11:42:09.869 D/BT_DUN  (  405): Moved to state(EMB_DATA_CALL_IDLE) 
01-08 11:42:09.869 E/BT_DUN  (  405): Error while opening socket!
01-08 11:42:09.869 D/BT_DUN  (  405): Ignoring event PLATFORM_EVENT_ERROR in EMB_DATA_CALL_IDLE 
01-08 11:42:09.869 D/BT_DUN  (  405): Moved to state(EMB_DATA_CALL_IDLE) 
01-08 11:42:09.869 E/BT_DUN  (  405): Error while opening socket!
01-08 11:42:09.869 D/BT_DUN  (  405): Ignoring event PLATFORM_EVENT_ERROR in EMB_DATA_CALL_IDLE 
01-08 11:42:09.869 D/BT_DUN  (  405): Moved to state(EMB_DATA_CALL_IDLE) 
01-08 11:42:09.869 E/BT_DUN  (  405): Error while opening socket!
01-08 11:42:09.869 D/BT_DUN  (  405): Ignoring event PLATFORM_EVENT_ERROR in EMB_DATA_CALL_IDLE 
01-08 11:42:09.869 D/BT_DUN  (  405): Moved to state(EMB_DATA_CALL_IDLE) 
01-08 11:42:09.869 E/BT_DUN  (  405): Error while opening socket!
01-08 11:42:09.869 D/BT_DUN  (  405): Ignoring event PLATFORM_EVENT_ERROR in EMB_DATA_CALL_IDLE 
01-08 11:42:09.869 D/BT_DUN  (  405): Moved to state(EMB_DATA_CALL_IDLE) 
01-08 11:42:09.919 I/TestinExternalLog(  826): Mem>>>> Avalable:228296KB, com.giant.brizzle(3961) used:59570KB
01-08 11:42:09.989 E/BT_DUN  (  405): Error while opening socket!
01-08 11:42:09.989 D/BT_DUN  (  405): Ignoring event PLATFORM_EVENT_ERROR in EMB_DATA_CALL_IDLE 
01-08 11:42:09.989 D/BT_DUN  (  405): Moved to state(EMB_DATA_CALL_IDLE) 
01-08 11:42:09.999 D/AudioTrack( 3961): stop 0x3f80d8
01-08 11:42:09.999 D/AudioFlinger(   99): stop(4097), calling thread 3961
01-08 11:42:10.049 E/BT_DUN  (  405): Error while opening socket!
01-08 11:42:10.049 D/BT_DUN  (  405): Ignoring event PLATFORM_EVENT_ERROR in EMB_DATA_CALL_IDLE 
01-08 11:42:10.049 D/BT_DUN  (  405): Moved to state(EMB_DATA_CALL_IDLE) 
01-08 11:42:10.049 E/BT_DUN  (  405): Error while opening socket!
01-08 11:42:10.049 D/BT_DUN  (  405): Ignoring event PLATFORM_EVENT_ERROR in EMB_DATA_CALL_IDLE 
01-08 11:42:10.049 D/BT_DUN  (  405): Moved to state(EMB_DATA_CALL_IDLE) 
01-08 11:42:10.079 E/BT_DUN  (  405): Error while opening socket!
01-08 11:42:10.079 D/BT_DUN  (  405): Ignoring event PLATFORM_EVENT_ERROR in EMB_DATA_CALL_IDLE 
01-08 11:42:10.079 D/BT_DUN  (  405): Moved to state(EMB_DATA_CALL_IDLE) 
01-08 11:42:10.089 E/BT_DUN  (  405): Error while opening socket!
01-08 11:42:10.089 D/BT_DUN  (  405): Ignoring event PLATFORM_EVENT_ERROR in EMB_DATA_CALL_IDLE 
01-08 11:42:10.089 D/BT_DUN  (  405): Moved to state(EMB_DATA_CALL_IDLE) 
01-08 11:42:10.199 I/ActivityManager(  159): Starting: Intent { act=android.intent.action.MAIN cat=[android.intent.category.HOME] flg=0x10200000 cmp=com.android.launcher/.Launcher } from pid 159
01-08 11:42:10.219 D/xiaohong(  265):  handwritingwhideInputMethodMenu();
01-08 11:42:10.239 I/TestinExternalLog(  826): <<<<<<< Capturing image (12) >>>>>>>
01-08 11:42:10.269 E/BT_DUN  (  405): Error while opening socket!
01-08 11:42:10.269 E/BT_DUN  (  405): Error while opening socket!
01-08 11:42:10.269 E/BT_DUN  (  405): Error while opening socket!
01-08 11:42:10.269 E/BT_DUN  (  405): Error while opening socket!
01-08 11:42:10.269 E/BT_DUN  (  405): Error while opening socket!
01-08 11:42:10.269 E/BT_DUN  (  405): Error while opening socket!
01-08 11:42:10.269 E/BT_DUN  (  405): Error while opening socket!
01-08 11:42:10.269 D/BT_DUN  (  405): Ignoring event PLATFORM_EVENT_ERROR in EMB_DATA_CALL_IDLE 
01-08 11:42:10.269 D/BT_DUN  (  405): Moved to state(EMB_DATA_CALL_IDLE) 
01-08 11:42:10.269 D/BT_DUN  (  405): Ignoring event PLATFORM_EVENT_ERROR in EMB_DATA_CALL_IDLE 
01-08 11:42:10.269 D/BT_DUN  (  405): Moved to state(EMB_DATA_CALL_IDLE) 
01-08 11:42:10.269 D/BT_DUN  (  405): Ignoring event PLATFORM_EVENT_ERROR in EMB_DATA_CALL_IDLE 
01-08 11:42:10.269 D/BT_DUN  (  405): Moved to state(EMB_DATA_CALL_IDLE) 
01-08 11:42:10.269 D/BT_DUN  (  405): Ignoring event PLATFORM_EVENT_ERROR in EMB_DATA_CALL_IDLE 
01-08 11:42:10.269 D/BT_DUN  (  405): Moved to state(EMB_DATA_CALL_IDLE) 
01-08 11:42:10.269 D/BT_DUN  (  405): Ignoring event PLATFORM_EVENT_ERROR in EMB_DATA_CALL_IDLE 
01-08 11:42:10.269 D/BT_DUN  (  405): Moved to state(EMB_DATA_CALL_IDLE) 
01-08 11:42:10.269 D/BT_DUN  (  405): Ignoring event PLATFORM_EVENT_ERROR in EMB_DATA_CALL_IDLE 
01-08 11:42:10.269 D/BT_DUN  (  405): Moved to state(EMB_DATA_CALL_IDLE) 
01-08 11:42:10.269 D/BT_DUN  (  405): Ignoring event PLATFORM_EVENT_ERROR in EMB_DATA_CALL_IDLE 
01-08 11:42:10.269 D/BT_DUN  (  405): Moved to state(EMB_DATA_CALL_IDLE) 
01-08 11:42:10.349 E/BT_DUN  (  405): Error while opening socket!
01-08 11:42:10.349 D/BT_DUN  (  405): Ignoring event PLATFORM_EVENT_ERROR in EMB_DATA_CALL_IDLE 
01-08 11:42:10.349 D/BT_DUN  (  405): Moved to state(EMB_DATA_CALL_IDLE) 
01-08 11:42:10.349 E/BT_DUN  (  405): Error while opening socket!
01-08 11:42:10.349 D/BT_DUN  (  405): Ignoring event PLATFORM_EVENT_ERROR in EMB_DATA_CALL_IDLE 
01-08 11:42:10.349 D/BT_DUN  (  405): Moved to state(EMB_DATA_CALL_IDLE) 
01-08 11:42:10.409 E/BT_DUN  (  405): Error while opening socket!
01-08 11:42:10.409 D/BT_DUN  (  405): Ignoring event PLATFORM_EVENT_ERROR in EMB_DATA_CALL_IDLE 
01-08 11:42:10.419 D/BT_DUN  (  405): Moved to state(EMB_DATA_CALL_IDLE) 
01-08 11:42:10.419 E/BT_DUN  (  405): Error while opening socket!
01-08 11:42:10.419 D/BT_DUN  (  405): Ignoring event PLATFORM_EVENT_ERROR in EMB_DATA_CALL_IDLE 
01-08 11:42:10.419 D/BT_DUN  (  405): Moved to state(EMB_DATA_CALL_IDLE) 
01-08 11:42:10.499 E/BT_DUN  (  405): Error while opening socket!
01-08 11:42:10.499 D/BT_DUN  (  405): Ignoring event PLATFORM_EVENT_ERROR in EMB_DATA_CALL_IDLE 
01-08 11:42:10.499 D/BT_DUN  (  405): Moved to state(EMB_DATA_CALL_IDLE) 
01-08 11:42:10.569 W/AudioService(  159): stream: 3 was already muted by this client
01-08 11:42:10.579 E/BT_DUN  (  405): Error while opening socket!
01-08 11:42:10.579 D/BT_DUN  (  405): Ignoring event PLATFORM_EVENT_ERROR in EMB_DATA_CALL_IDLE 
01-08 11:42:10.579 D/BT_DUN  (  405): Moved to state(EMB_DATA_CALL_IDLE) 
01-08 11:42:10.579 E/BT_DUN  (  405): Error while opening socket!
01-08 11:42:10.579 D/BT_DUN  (  405): Ignoring event PLATFORM_EVENT_ERROR in EMB_DATA_CALL_IDLE 
01-08 11:42:10.579 D/BT_DUN  (  405): Moved to state(EMB_DATA_CALL_IDLE) 
01-08 11:42:10.599 E/BT_DUN  (  405): Error while opening socket!
01-08 11:42:10.599 D/BT_DUN  (  405): Ignoring event PLATFORM_EVENT_ERROR in EMB_DATA_CALL_IDLE 
01-08 11:42:10.599 D/BT_DUN  (  405): Moved to state(EMB_DATA_CALL_IDLE) 
01-08 11:42:10.659 E/BT_DUN  (  405): Error while opening socket!
01-08 11:42:10.659 D/BT_DUN  (  405): Ignoring event PLATFORM_EVENT_ERROR in EMB_DATA_CALL_IDLE 
01-08 11:42:10.659 D/BT_DUN  (  405): Moved to state(EMB_DATA_CALL_IDLE) 
01-08 11:42:10.689 E/BT_DUN  (  405): Error while opening socket!
01-08 11:42:10.689 E/BT_DUN  (  405): Error while opening socket!
01-08 11:42:10.689 E/BT_DUN  (  405): Error while opening socket!
01-08 11:42:10.689 E/BT_DUN  (  405): Error while opening socket!
01-08 11:42:10.689 E/BT_DUN  (  405): Error while opening socket!
01-08 11:42:10.689 E/BT_DUN  (  405): Error while opening socket!
01-08 11:42:10.689 E/BT_DUN  (  405): Error while opening socket!
01-08 11:42:10.689 D/BT_DUN  (  405): Ignoring event PLATFORM_EVENT_ERROR in EMB_DATA_CALL_IDLE 
01-08 11:42:10.689 D/BT_DUN  (  405): Moved to state(EMB_DATA_CALL_IDLE) 
01-08 11:42:10.689 D/BT_DUN  (  405): Ignoring event PLATFORM_EVENT_ERROR in EMB_DATA_CALL_IDLE 
01-08 11:42:10.689 D/BT_DUN  (  405): Moved to state(EMB_DATA_CALL_IDLE) 
01-08 11:42:10.689 D/BT_DUN  (  405): Ignoring event PLATFORM_EVENT_ERROR in EMB_DATA_CALL_IDLE 
01-08 11:42:10.689 D/BT_DUN  (  405): Moved to state(EMB_DATA_CALL_IDLE) 
01-08 11:42:10.689 D/BT_DUN  (  405): Ignoring event PLATFORM_EVENT_ERROR in EMB_DATA_CALL_IDLE 
01-08 11:42:10.689 D/BT_DUN  (  405): Moved to state(EMB_DATA_CALL_IDLE) 
01-08 11:42:10.689 D/BT_DUN  (  405): Ignoring event PLATFORM_EVENT_ERROR in EMB_DATA_CALL_IDLE 
01-08 11:42:10.689 D/BT_DUN  (  405): Moved to state(EMB_DATA_CALL_IDLE) 
01-08 11:42:10.689 D/BT_DUN  (  405): Ignoring event PLATFORM_EVENT_ERROR in EMB_DATA_CALL_IDLE 
01-08 11:42:10.689 D/BT_DUN  (  405): Moved to state(EMB_DATA_CALL_IDLE) 
01-08 11:42:10.689 D/BT_DUN  (  405): Ignoring event PLATFORM_EVENT_ERROR in EMB_DATA_CALL_IDLE 
01-08 11:42:10.689 D/BT_DUN  (  405): Moved to state(EMB_DATA_CALL_IDLE) 
01-08 11:42:10.699 E/BT_DUN  (  405): Error while opening socket!
01-08 11:42:10.699 D/BT_DUN  (  405): Ignoring event PLATFORM_EVENT_ERROR in EMB_DATA_CALL_IDLE 
01-08 11:42:10.699 D/BT_DUN  (  405): Moved to state(EMB_DATA_CALL_IDLE) 
01-08 11:42:10.789 E/BT_DUN  (  405): Error while opening socket!
01-08 11:42:10.789 D/BT_DUN  (  405): Ignoring event PLATFORM_EVENT_ERROR in EMB_DATA_CALL_IDLE 
01-08 11:42:10.789 D/BT_DUN  (  405): Moved to state(EMB_DATA_CALL_IDLE) 
01-08 11:42:10.799 E/BT_DUN  (  405): Error while opening socket!
01-08 11:42:10.799 D/BT_DUN  (  405): Ignoring event PLATFORM_EVENT_ERROR in EMB_DATA_CALL_IDLE 
01-08 11:42:10.799 D/BT_DUN  (  405): Moved to state(EMB_DATA_CALL_IDLE) 
01-08 11:42:10.819 E/BT_DUN  (  405): Error while opening socket!
01-08 11:42:10.819 D/BT_DUN  (  405): Ignoring event PLATFORM_EVENT_ERROR in EMB_DATA_CALL_IDLE 
01-08 11:42:10.819 D/BT_DUN  (  405): Moved to state(EMB_DATA_CALL_IDLE) 
01-08 11:42:10.819 E/BT_DUN  (  405): Error while opening socket!
01-08 11:42:10.819 D/BT_DUN  (  405): Ignoring event PLATFORM_EVENT_ERROR in EMB_DATA_CALL_IDLE 
01-08 11:42:10.819 D/BT_DUN  (  405): Moved to state(EMB_DATA_CALL_IDLE) 
01-08 11:42:10.909 E/BT_DUN  (  405): Error while opening socket!
01-08 11:42:10.909 D/BT_DUN  (  405): Ignoring event PLATFORM_EVENT_ERROR in EMB_DATA_CALL_IDLE 
01-08 11:42:10.909 D/BT_DUN  (  405): Moved to state(EMB_DATA_CALL_IDLE) 
01-08 11:42:11.049 E/BT_DUN  (  405): Error while opening socket!
01-08 11:42:11.049 D/BT_DUN  (  405): Ignoring event PLATFORM_EVENT_ERROR in EMB_DATA_CALL_IDLE 
01-08 11:42:11.049 D/BT_DUN  (  405): Moved to state(EMB_DATA_CALL_IDLE) 
01-08 11:42:11.079 E/BT_DUN  (  405): Error while opening socket!
01-08 11:42:11.079 E/BT_DUN  (  405): Error while opening socket!
01-08 11:42:11.079 E/BT_DUN  (  405): Error while opening socket!
01-08 11:42:11.079 E/BT_DUN  (  405): Error while opening socket!
01-08 11:42:11.079 E/BT_DUN  (  405): Error while opening socket!
01-08 11:42:11.079 E/BT_DUN  (  405): Error while opening socket!
01-08 11:42:11.079 E/BT_DUN  (  405): Error while opening socket!
01-08 11:42:11.089 D/BT_DUN  (  405): Ignoring event PLATFORM_EVENT_ERROR in EMB_DATA_CALL_IDLE 
01-08 11:42:11.089 D/BT_DUN  (  405): Moved to state(EMB_DATA_CALL_IDLE) 
01-08 11:42:11.089 D/BT_DUN  (  405): Ignoring event PLATFORM_EVENT_ERROR in EMB_DATA_CALL_IDLE 
01-08 11:42:11.089 D/BT_DUN  (  405): Moved to state(EMB_DATA_CALL_IDLE) 
01-08 11:42:11.089 D/BT_DUN  (  405): Ignoring event PLATFORM_EVENT_ERROR in EMB_DATA_CALL_IDLE 
01-08 11:42:11.089 D/BT_DUN  (  405): Moved to state(EMB_DATA_CALL_IDLE) 
01-08 11:42:11.089 D/BT_DUN  (  405): Ignoring event PLATFORM_EVENT_ERROR in EMB_DATA_CALL_IDLE 
01-08 11:42:11.089 D/BT_DUN  (  405): Moved to state(EMB_DATA_CALL_IDLE) 
01-08 11:42:11.089 D/BT_DUN  (  405): Ignoring event PLATFORM_EVENT_ERROR in EMB_DATA_CALL_IDLE 
01-08 11:42:11.089 D/BT_DUN  (  405): Moved to state(EMB_DATA_CALL_IDLE) 
01-08 11:42:11.089 D/BT_DUN  (  405): Ignoring event PLATFORM_EVENT_ERROR in EMB_DATA_CALL_IDLE 
01-08 11:42:11.089 D/BT_DUN  (  405): Moved to state(EMB_DATA_CALL_IDLE) 
01-08 11:42:11.089 D/BT_DUN  (  405): Ignoring event PLATFORM_EVENT_ERROR in EMB_DATA_CALL_IDLE 
01-08 11:42:11.089 D/BT_DUN  (  405): Moved to state(EMB_DATA_CALL_IDLE) 
01-08 11:42:11.099 E/BT_DUN  (  405): Error while opening socket!
01-08 11:42:11.099 E/BT_DUN  (  405): Error while opening socket!
01-08 11:42:11.099 D/BT_DUN  (  405): Ignoring event PLATFORM_EVENT_ERROR in EMB_DATA_CALL_IDLE 
01-08 11:42:11.099 D/BT_DUN  (  405): Moved to state(EMB_DATA_CALL_IDLE) 
01-08 11:42:11.099 D/BT_DUN  (  405): Ignoring event PLATFORM_EVENT_ERROR in EMB_DATA_CALL_IDLE 
01-08 11:42:11.099 D/BT_DUN  (  405): Moved to state(EMB_DATA_CALL_IDLE) 
01-08 11:42:11.119 E/BT_DUN  (  405): Error while opening socket!
01-08 11:42:11.119 D/BT_DUN  (  405): Ignoring event PLATFORM_EVENT_ERROR in EMB_DATA_CALL_IDLE 
01-08 11:42:11.119 D/BT_DUN  (  405): Moved to state(EMB_DATA_CALL_IDLE) 
01-08 11:42:11.219 E/BT_DUN  (  405): Error while opening socket!
01-08 11:42:11.219 E/BT_DUN  (  405): Error while opening socket!
01-08 11:42:11.219 D/BT_DUN  (  405): Ignoring event PLATFORM_EVENT_ERROR in EMB_DATA_CALL_IDLE 
01-08 11:42:11.219 D/BT_DUN  (  405): Moved to state(EMB_DATA_CALL_IDLE) 
01-08 11:42:11.229 D/BT_DUN  (  405): Ignoring event PLATFORM_EVENT_ERROR in EMB_DATA_CALL_IDLE 
01-08 11:42:11.229 D/BT_DUN  (  405): Moved to state(EMB_DATA_CALL_IDLE) 
01-08 11:42:11.249 D/WifiStateTracker(  159): handleMessage msg: 5
01-08 11:42:11.579 W/AudioService(  159): stream: 3 was already muted by this client
01-08 11:42:12.329 I/TestinExternalLog(  826): Battery>>>> Temperature 0.0
01-08 11:42:12.589 W/AudioService(  159): stream: 3 was already muted by this client
01-08 11:42:13.299 I/TestinExternalLog(  826): NetFlow>>>> UpFlow 0, DownFlow 0, TotalFlow 0
01-08 11:42:13.579 I/TestinExternalLog(  826): CPU>>>> User 38%, System 26%, IOW 35%, IRQ 0%, com.giant.brizzle(3961):22%
01-08 11:42:13.599 W/AudioService(  159): stream: 3 was already muted by this client
01-08 11:42:14.599 W/AudioService(  159): stream: 3 was already muted by this client
01-08 11:42:15.609 W/AudioService(  159): stream: 3 was already muted by this client
01-08 11:42:16.649 W/AudioService(  159): stream: 3 was already muted by this client
01-08 11:42:16.669 I/TestinExternalLog(  826): Mem>>>> Avalable:233688KB, com.giant.brizzle(3961) used:59509KB
01-08 11:42:17.329 I/TestinExternalLog(  826): Battery>>>> Temperature 0.0
01-08 11:42:17.649 W/AudioService(  159): stream: 3 was already muted by this client
01-08 11:42:17.649 I/TestinExternalLog(1): <<<<<<< Begin uninstalling package com.giant.brizzle >>>>>>>
01-08 11:42:18.529 I/TestinExternalLog(  826): NetFlow>>>> UpFlow 0, DownFlow 0, TotalFlow 0
01-08 11:42:18.679 W/AudioService(  159): stream: 3 was already muted by this client
01-08 11:42:19.529 I/PackageManager(  159): Removing non-system package:com.giant.brizzle
01-08 11:42:19.529 I/ActivityManager(  159): Force stopping package com.giant.brizzle uid=10052
01-08 11:42:19.539 D/PackageManager(  159): Removing package com.giant.brizzle
01-08 11:42:19.549 I/Launcher(15726): onResume!
01-08 11:42:19.749 W/AudioService(  159): stream: 3 was already muted by this client
01-08 11:42:19.999 D/PackageManager(  159):   Activities: com.giant.brizzle.Brizzle com.google.ads.AdActivity
01-08 11:42:20.089 D/AudioSink(   99): stop
01-08 11:42:20.089 D/AudioTrack(   99): stop 0x86df0
01-08 11:42:20.089 D/AudioFlinger(   99): stop(4099), calling thread 99
01-08 11:42:20.089 D/AudioTrack(   99): stop 0x86df0
01-08 11:42:20.089 I/WindowManager(  159): WIN DEATH: Window{4092c948 SurfaceView paused=false}
01-08 11:42:20.099 I/WindowManager(  159): WIN DEATH: Window{4090cba0 com.giant.brizzle/com.giant.brizzle.Brizzle paused=false}
01-08 11:42:20.109 I/WindowManager(  159): WIN DEATH: Window{40b0c5b8 Panel:com.giant.brizzle/com.giant.brizzle.Brizzle paused=false}
01-08 11:42:20.119 D/AudioFlinger(   99): remove track (4099) and delete from mixer
01-08 11:42:20.119 D/AudioFlinger(   99): remove track (4097) and delete from mixer
01-08 11:42:20.199 I/ActivityManager(  159): Force stopping package com.giant.brizzle uid=10052
01-08 11:42:20.369 D/PackageIntentReceiver(26244): onReceive Intent { act=android.intent.action.PACKAGE_REMOVED dat=package:com.giant.brizzle flg=0x10000000 (has extras) }
01-08 11:42:20.609 D/Launcher.Gridspace(15726): rectify 1 group Apps Adapter List!
01-08 11:42:20.759 W/AudioService(  159): stream: 3 was already muted by this client
01-08 11:42:20.759 I/TestinExternalLog(1): <<<<<<< Package com.giant.brizzle uninstalled >>>>>>>
<<<<<<< StartFileTag monkey >>>>>>>
:Monkey: seed=90 count=150
:AllowPackage: com.giant.brizzle
:IncludeCategory: android.intent.category.LAUNCHER
// Event percentages:
//   0: 34.88372%
//   1: 23.255814%
//   2: -0.0%
//   3: -0.0%
//   4: 34.88372%
//   5: 4.6511626%
//   6: -0.0%
//   7: 2.3255813%
//   8: -0.0%
:Switch: #Intent;action=android.intent.action.MAIN;category=android.intent.category.LAUNCHER;launchFlags=0x10000000;component=com.giant.brizzle/.Brizzle;end
    // Allowing start of Intent { act=android.intent.action.MAIN cat=[android.intent.category.LAUNCHER] cmp=com.giant.brizzle/.Brizzle } in package com.giant.brizzle
:Sending Pointer ACTION_DOWN x=185.0 y=543.0
:Sending Pointer ACTION_UP x=179.0 y=547.0
:Sending Pointer ACTION_DOWN x=179.0 y=703.0
:Sending Pointer ACTION_UP x=179.0 y=703.0
:Sending Pointer ACTION_DOWN x=300.0 y=148.0
:Sending Pointer ACTION_UP x=293.0 y=138.0
:Sending Pointer ACTION_DOWN x=79.0 y=81.0
:Sending Pointer ACTION_UP x=79.0 y=81.0
:Sending Pointer ACTION_DOWN x=373.0 y=606.0
:Sending Pointer ACTION_UP x=373.0 y=606.0
:Sending Pointer ACTION_DOWN x=374.0 y=94.0
:Sending Pointer ACTION_UP x=374.0 y=94.0
:Sending Pointer ACTION_DOWN x=65.0 y=260.0
:Sending Pointer ACTION_UP x=51.0 y=267.0
:Sending Pointer ACTION_DOWN x=398.0 y=182.0
:Sending Pointer ACTION_UP x=398.0 y=182.0
:Sending Pointer ACTION_DOWN x=408.0 y=622.0
:Sending Pointer ACTION_UP x=430.0 y=626.0
:Sending Pointer ACTION_DOWN x=468.0 y=732.0
:Sending Pointer ACTION_UP x=457.0 y=723.0
:Sending Pointer ACTION_DOWN x=7.0 y=150.0
:Sending Pointer ACTION_UP x=7.0 y=150.0
:Sending Pointer ACTION_DOWN x=159.0 y=615.0
:Sending Pointer ACTION_UP x=157.0 y=617.0
:Sending Pointer ACTION_DOWN x=388.0 y=430.0
:Sending Pointer ACTION_UP x=388.0 y=430.0
:Sending Pointer ACTION_DOWN x=357.0 y=27.0
:Sending Pointer ACTION_UP x=357.0 y=27.0
:Sending Pointer ACTION_DOWN x=55.0 y=54.0
:Sending Pointer ACTION_UP x=76.0 y=64.0
:Sending Pointer ACTION_DOWN x=271.0 y=455.0
:Sending Pointer ACTION_UP x=271.0 y=455.0
:Sending Pointer ACTION_DOWN x=135.0 y=291.0
:Sending Pointer ACTION_UP x=135.0 y=291.0
:Sending Pointer ACTION_DOWN x=415.0 y=510.0
:Sending Pointer ACTION_UP x=415.0 y=510.0
:Sending Pointer ACTION_DOWN x=38.0 y=632.0
    //[calendar_time:2014-01-08 11:42:01.926  system_uptime:2000050]
    // Sending event #100
:Sending Pointer ACTION_UP x=38.0 y=632.0
:Sending Pointer ACTION_DOWN x=367.0 y=273.0
:Sending Pointer ACTION_UP x=348.0 y=273.0
:Sending Pointer ACTION_DOWN x=268.0 y=468.0
:Sending Pointer ACTION_UP x=277.0 y=464.0
:Sending Pointer ACTION_DOWN x=210.0 y=328.0
:Sending Pointer ACTION_UP x=210.0 y=328.0
:Sending Pointer ACTION_DOWN x=57.0 y=72.0
:Sending Pointer ACTION_UP x=57.0 y=72.0
    // Rejecting start of Intent { act=android.intent.action.MAIN cat=[android.intent.category.HOME] cmp=com.android.launcher/.Launcher } in package com.android.launcher
:Sending Pointer ACTION_DOWN x=190.0 y=586.0
:Sending Pointer ACTION_UP x=215.0 y=595.0
:Sending Pointer ACTION_DOWN x=61.0 y=282.0
:Sending Pointer ACTION_UP x=62.0 y=288.0
    // Rejecting start of Intent { act=android.intent.action.MAIN cat=[android.intent.category.HOME] cmp=com.android.launcher/.Launcher } in package com.android.launcher
Events injected: 150
:Dropped: keys=1 pointers=0 trackballs=0 flips=0
## Network stats: elapsed time=28014ms (0ms mobile, 0ms wifi, 28014ms not connected)
// Monkey finished

<<<<<<< EndFileTag >>>>>>>
